[LOG] 后端日志文件：C:\Users\18252\Desktop\zhuang\packing-workspace\runtime\packing-realtime\logs\backend_20261005_225018.log
[LOG] 本次结果将输出到：C:\Users\18252\Desktop\zhuang\packing-workspace\runtime\packing-realtime\exports\ui_packing_plan_20261005_225018.json
[CMD] D:\anaconda\envs\packing-zhuang\python.exe C:\Users\18252\Desktop\zhuang\packing-system\packing\run_packing.py --config C:\Users\18252\Desktop\zhuang\packing-workspace\runtime\packing-realtime\temp\ui_config_normal_20261005_225018.yaml --out C:\Users\18252\Desktop\zhuang\packing-workspace\runtime\packing-realtime\exports\ui_packing_plan_20261005_225018.json
已加载约束配置：C:\Users\18252\Desktop\zhuang\packing-workspace\runtime\packing-realtime\temp\ui_config_normal_20261005_225018.yaml
load D:\anaconda\envs\packing-zhuang\Lib\site-packages\ortools\.libs\zlib1.dll...
load D:\anaconda\envs\packing-zhuang\Lib\site-packages\ortools\.libs\abseil_dll.dll...
load D:\anaconda\envs\packing-zhuang\Lib\site-packages\ortools\.libs\utf8_validity.dll...
load D:\anaconda\envs\packing-zhuang\Lib\site-packages\ortools\.libs\re2.dll...
load D:\anaconda\envs\packing-zhuang\Lib\site-packages\ortools\.libs\libprotobuf.dll...
load D:\anaconda\envs\packing-zhuang\Lib\site-packages\ortools\.libs\highs.dll...
load D:\anaconda\envs\packing-zhuang\Lib\site-packages\ortools\.libs\ortools.dll...
已加载配置数据集：C:\Users\18252\Desktop\zhuang\packing-workspace\data\ui_inputs\20261005_224929_668.xlsx
数据预处理和箱子分组完成（按托盘类型+销售订单号）。
----------------------------------------
  - 正常订单（全规则箱）判定：1 个订单须平顶不缺角。
正在处理托盘类型：MH423C，销售订单号：ANALYSIS_001
  - 主算法：全局列式装箱 + 柱级组合优化（GCP）。
  - 失败托盘互借修复：4 盘(平均填充 56%) 合并重装为 6 盘(平均填充 37%)，新增达标 2，耗时 15.1s。
  - 失败盘装满压实：合并/吸收 3 次（纯减盘数）。
  - 指数再分配诊断：未接受（no_planned_gain）。
托盘类型 MH423C（销售订单号：ANALYSIS_001）处理完成：总托盘 14，指数达标 13，未达标 1，平均缺口 0.33，最大缺口 0.33，失败托盘互借修复成功 2。
  - KPI：near/mid/deep=1/0/0，救回率=200.00%，pair效率=0.00%。
  - 耗时拆解：packing=385.66s，main_topup=0.00s，retry=0.00s，failed_pool=0.00s，repack=25.58s，total=411.25s。
========================================
统计汇总：总托盘 14，指数达标 13，未达标 1，未知 0，平均缺口 114.00，最大缺口 114.00，失败托盘互借修复成功 2
KPI汇总：near/mid/deep=0/0/1，pair尝试=0，pair改进=0，pair效率=0.00%
耗时汇总：packing=385.66s，main_topup=0.00s，retry=0.00s，repack=25.58s，end_to_end=441.45s
========================================
========================================
[success] 装箱方案：C:\Users\18252\Desktop\zhuang\packing-workspace\output\success\packing_plan_20261005_225740.json
[success] 托盘统计：C:\Users\18252\Desktop\zhuang\packing-workspace\output\success\packing_plan_summary_20261005_225740.xlsx
========================================
算法总运行时间：441.45 秒
========================================
方案另存为: C:\Users\18252\Desktop\zhuang\packing-workspace\runtime\packing-realtime\exports\ui_packing_plan_20261005_225018.json
[执行规划] 产物目录：C:\Users\18252\Desktop\zhuang\packing-workspace\output\success（success）
[执行规划] 开始：D:\anaconda\envs\packing-zhuang\python.exe C:\Users\18252\Desktop\zhuang\packing-system\run_execution_planning.py C:\Users\18252\Desktop\zhuang\packing-workspace\runtime\packing-realtime\exports\ui_packing_plan_20261005_225018.json --config C:\Users\18252\Desktop\zhuang\packing-workspace\runtime\packing-realtime\temp\ui_config_normal_20261005_225018.yaml --output C:\Users\18252\Desktop\zhuang\packing-workspace\output\success\ui_packing_plan_20261005_225018_execution.json --wcs-output C:\Users\18252\Desktop\zhuang\packing-workspace\output\success\ui_packing_plan_20261005_225018_execution_wcs.json --wcs-map-output C:\Users\18252\Desktop\zhuang\packing-workspace\output\success\ui_packing_plan_20261005_225018_execution_wcs_map.json
[WCS-DB] wcs_success_box：Excel/缺码已随机补 622 个内部 product_code
[WCS-DB] wcs_success_box 写入失败（不影响装箱结果）：(0, '')
[WCS-DB] wcs_box_orientation 写入失败（不影响装箱结果）：(2003, "Can't connect to MySQL server on 'localhost' ([WinError 10061] 由于目标计算机积极拒绝，无法连接。)")
[现场会话] 新计算结果已入库，当前没有未完成托盘
execution plan written: pallets=14 boxes=668 reordered_pallets=14 path=C:\Users\18252\Desktop\zhuang\packing-workspace\output\success\ui_packing_plan_20261005_225018_execution.json
WCS execution cases written: C:\Users\18252\Desktop\zhuang\packing-workspace\output\success\ui_packing_plan_20261005_225018_execution_wcs.json
WCS execution plan map written: C:\Users\18252\Desktop\zhuang\packing-workspace\output\success\ui_packing_plan_20261005_225018_execution_wcs_map.json
execution scan deviations pallet='MH423C-ANALYSIS_001-1' count=5: expected=151 selected=13 box=151 after=13 reason=open_direction lookahead=true; expected=152 selected=150 box=152 after=150 reason=open_direction lookahead=true; expected=154 selected=14 box=154 after=14 reason=open_direction lookahead=true; expected=3 selected=158 box=3 after=158 reason=open_direction lookahead=true; expected=5 selected=141 box=5 after=141 reason=open_direction lookahead=true
execution scan deviations pallet='MH423C-ANALYSIS_001-2' count=5: expected=254 selected=16 box=254 after=16 reason=open_direction lookahead=true; expected=253 selected=255 box=253 after=255 reason=open_direction lookahead=true; expected=251 selected=17 box=251 after=17 reason=open_direction lookahead=true; expected=115 selected=161 box=115 after=161 reason=open_direction lookahead=true; expected=113 selected=512 box=113 after=512 reason=open_direction lookahead=true
execution scan deviations pallet='MH423C-ANALYSIS_001-3' count=5: expected=325 selected=19 box=325 after=19 reason=open_direction lookahead=true; expected=263 selected=326 box=263 after=326 reason=open_direction lookahead=true; expected=261 selected=20 box=261 after=20 reason=open_direction lookahead=true; expected=125 selected=257 box=125 after=257 reason=open_direction lookahead=true; expected=123 selected=518 box=123 after=518 reason=open_direction lookahead=true
execution scan deviations pallet='MH423C-ANALYSIS_001-4' count=5: expected=97 selected=22 box=97 after=22 reason=open_direction lookahead=true; expected=95 selected=99 box=95 after=99 reason=open_direction lookahead=true; expected=667 selected=23 box=667 after=23 reason=open_direction lookahead=true; expected=591 selected=94 box=591 after=94 reason=open_direction lookahead=true; expected=133 selected=568 box=133 after=568 reason=open_direction lookahead=true
execution scan deviations pallet='MH423C-ANALYSIS_001-5' count=5: expected=174 selected=25 box=174 after=25 reason=open_direction lookahead=true; expected=172 selected=176 box=172 after=176 reason=open_direction lookahead=true; expected=166 selected=26 box=166 after=26 reason=open_direction lookahead=true; expected=173 selected=103 box=173 after=103 reason=open_direction lookahead=true; expected=167 selected=574 box=167 after=574 reason=open_direction lookahead=true
execution scan deviations pallet='MH423C-ANALYSIS_001-6' count=3: expected=593 selected=33 box=593 after=33 reason=open_direction lookahead=true; expected=597 selected=31 box=597 after=31 reason=open_direction lookahead=true; expected=598 selected=32 box=598 after=32 reason=open_direction lookahead=true
execution scan deviations pallet='MH423C-ANALYSIS_001-8' count=3: expected=333 selected=49 box=333 after=49 reason=open_direction lookahead=true; expected=334 selected=50 box=334 after=50 reason=open_direction lookahead=true; expected=335 selected=91 box=335 after=91 reason=open_direction lookahead=true
execution scan deviations pallet='MH423C-ANALYSIS_001-9' count=6: expected=546 selected=204 box=546 after=204 reason=open_direction lookahead=true; expected=540 selected=58 box=540 after=58 reason=open_direction lookahead=true; expected=547 selected=205 box=547 after=205 reason=open_direction lookahead=true; expected=541 selected=59 box=541 after=59 reason=open_direction lookahead=true; expected=584 selected=206 box=584 after=206 reason=open_direction lookahead=true; expected=542 selected=200 box=542 after=200 reason=open_direction lookahead=true
execution scan deviations pallet='MH423C-ANALYSIS_001-10' count=6: expected=635 selected=219 box=635 after=219 reason=open_direction lookahead=true; expected=641 selected=280 box=641 after=280 reason=open_direction lookahead=true; expected=636 selected=220 box=636 after=220 reason=open_direction lookahead=true; expected=642 selected=281 box=642 after=281 reason=open_direction lookahead=true; expected=637 selected=221 box=637 after=221 reason=open_direction lookahead=true; expected=643 selected=227 box=643 after=227 reason=open_direction lookahead=true
execution scan deviations pallet='MH423C-ANALYSIS_001-11' count=6: expected=659 selected=291 box=659 after=291 reason=open_direction lookahead=true; expected=665 selected=307 box=665 after=307 reason=open_direction lookahead=true; expected=660 selected=292 box=660 after=292 reason=open_direction lookahead=true; expected=666 selected=79 box=666 after=79 reason=open_direction lookahead=true; expected=661 selected=293 box=661 after=293 reason=open_direction lookahead=true; expected=76 selected=80 box=76 after=80 reason=open_direction lookahead=true
execution scan deviations pallet='MH423C-ANALYSIS_001-14' count=3: expected=563 selected=600 box=563 after=600 reason=open_direction lookahead=true; expected=564 selected=169 box=564 after=169 reason=open_direction lookahead=true; expected=565 selected=70 box=565 after=70 reason=open_direction lookahead=true
[现场码垛] 清空旧队列失败：(2003, "Can't connect to MySQL server on 'localhost' ([WinError 10061] 由于目标计算机积极拒绝，无法连接。)")
[执行规划] 已删除原方案（仅保留 execution）：ui_packing_plan_20261005_225018.json
[执行规划] 完成；统一使用：C:\Users\18252\Desktop\zhuang\packing-workspace\output\success\ui_packing_plan_20261005_225018_execution.json
[UI] 可视化将加载执行方案：C:\Users\18252\Desktop\zhuang\packing-workspace\output\success\ui_packing_plan_20261005_225018_execution.json
