[LOG] 后端日志文件：C:\Users\18252\Desktop\zhuang\packing-workspace\runtime\packing-realtime\logs\backend_20261008_145426.log
[LOG] 接口模式：读取所选历史接口 JSON，写入数据库并计算一次。
[CMD] D:\anaconda\envs\packing-zhuang\python.exe C:\Users\18252\Desktop\zhuang\packing-system\packing\run_wcs_service.py --config C:\Users\18252\Desktop\zhuang\packing-workspace\runtime\packing-realtime\temp\ui_config_api_20261008_145426.yaml --run-mode local-once --input-json C:\Users\18252\Desktop\zhuang\packing-workspace\input\raw\20260720_164739.json
[WCS] 已加载 BMS 参考表：C:\Users\18252\Desktop\zhuang\packing-workspace\data\selected_5000_boxes_9_1_concentrated_3orders.xlsx
[WCS-本地] 已剔除 case_type≠MH423C 的品类 67 条（类型：['WR246']），保留 2040 条。
[WCS-DB] wcs_stock_box product_code 集合未变（2040 个），跳过替换
[WCS-DB] wcs_stock_box_all product_code 已存在、跳过 2040 条
[WCS-本地] 已载入历史接口数据：C:\Users\18252\Desktop\zhuang\packing-workspace\input\raw\20260720_164739.json（有效品类 2040）
[WCS] 已加载 BMS 参考表：C:\Users\18252\Desktop\zhuang\packing-workspace\data\selected_5000_boxes_9_1_concentrated_3orders.xlsx
============================================================
[WCS-装] 20261008_145436：库存行 2040 条，开始装箱 …
[WCS-装] 展开为 2040 个箱子。
load D:\anaconda\envs\packing-zhuang\Lib\site-packages\ortools\.libs\zlib1.dll...
load D:\anaconda\envs\packing-zhuang\Lib\site-packages\ortools\.libs\abseil_dll.dll...
load D:\anaconda\envs\packing-zhuang\Lib\site-packages\ortools\.libs\utf8_validity.dll...
load D:\anaconda\envs\packing-zhuang\Lib\site-packages\ortools\.libs\re2.dll...
load D:\anaconda\envs\packing-zhuang\Lib\site-packages\ortools\.libs\libprotobuf.dll...
load D:\anaconda\envs\packing-zhuang\Lib\site-packages\ortools\.libs\highs.dll...
load D:\anaconda\envs\packing-zhuang\Lib\site-packages\ortools\.libs\ortools.dll...
数据预处理和箱子分组完成（按托盘类型+销售订单号）。
----------------------------------------
  - 正常订单（全规则箱）判定：46 个订单须平顶不缺角。
  - 组内子聚类：17 个混合订单拆出规则子集走 GCP、杂箱走 baseline。
正在处理托盘类型：MH423C，销售订单号：LAID16286DN02S
  - 该分组不适合列式（多非满柱）→ 回退 beam + 配方优先。
  - 配方优先[fast]：规划 0 实例，实装成功 0，配方路径不可用 → 采用基线方案。
  - 指数诊断：箱子 1 个，总指数 0.0023962，目标 0.85，理论最多达标托盘 0 个，剩余指数 0.0023962。
  - 几何诊断：典型整层堆叠单盘参考上限 0.0023962/0.85。 当前目标可能受托盘高度/箱型组合限制。
  - 几何诊断提示：典型整层参考值 0.0023962 < 目标 0.85；该值不是不可达证明，继续执行指数救援。
  - 失败托盘互借诊断：未合并（no_target_or_single_plan）。
托盘类型 MH423C（销售订单号：LAID16286DN02S）处理完成：总托盘 1，指数达标 0，未达标 1，平均缺口 0.85，最大缺口 0.85，失败托盘互借修复成功 0。
  - KPI：near/mid/deep=1/0/0，救回率=0.00%，pair效率=0.00%。
  - 耗时拆解：packing=0.00s，main_topup=0.00s，retry=0.00s，failed_pool=0.00s，repack=0.00s，total=0.00s。
正在处理托盘类型：MH423C，销售订单号：PAIN26280MN08S
  - 该分组不适合列式（多非满柱）→ 回退 beam + 配方优先。
  - 配方优先[fast]：规划 0 实例，实装成功 0，配方路径不可用 → 采用基线方案。
  - 指数诊断：箱子 22 个，总指数 0.400165，目标 0.85，理论最多达标托盘 0 个，剩余指数 0.400165。
  - 几何诊断：典型整层堆叠单盘参考上限 0.400165/0.85。 当前目标可能受托盘高度/箱型组合限制。
  - 几何诊断提示：典型整层参考值 0.400165 < 目标 0.85；该值不是不可达证明，继续执行指数救援。
  - 失败托盘互借诊断：未合并（no_target_or_single_plan）。
托盘类型 MH423C（销售订单号：PAIN26280MN08S）处理完成：总托盘 1，指数达标 0，未达标 1，平均缺口 0.45，最大缺口 0.45，失败托盘互借修复成功 0。
  - KPI：near/mid/deep=1/0/0，救回率=0.00%，pair效率=0.00%。
  - 耗时拆解：packing=0.01s，main_topup=0.00s，retry=0.00s，failed_pool=0.00s，repack=0.00s，total=0.01s。
正在处理托盘类型：MH423C，销售订单号：PAIN26280MN01S
  - 该分组不适合列式（多非满柱）→ 回退 beam + 配方优先。
  - 配方优先[fast]：规划 0 实例，实装成功 0，配方路径不可用 → 采用基线方案。
  - 指数诊断：箱子 3 个，总指数 0.0274109，目标 0.85，理论最多达标托盘 0 个，剩余指数 0.0274109。
  - 几何诊断：典型整层堆叠单盘参考上限 0.0274109/0.85。 当前目标可能受托盘高度/箱型组合限制。
  - 几何诊断提示：典型整层参考值 0.0274109 < 目标 0.85；该值不是不可达证明，继续执行指数救援。
  - 失败托盘互借诊断：未合并（no_target_or_single_plan）。
托盘类型 MH423C（销售订单号：PAIN26280MN01S）处理完成：总托盘 1，指数达标 0，未达标 1，平均缺口 0.82，最大缺口 0.82，失败托盘互借修复成功 0。
  - KPI：near/mid/deep=1/0/0，救回率=0.00%，pair效率=0.00%。
  - 耗时拆解：packing=0.00s，main_topup=0.00s，retry=0.00s，failed_pool=0.00s，repack=0.00s，total=0.01s。
正在处理托盘类型：MH423C，销售订单号：LAID16306DN01S
  - 主算法：全局列式装箱 + 柱级组合优化（GCP）。
  - 失败托盘互借诊断：未合并（less_than_2_consolidatable）。
托盘类型 MH423C（销售订单号：LAID16306DN01S）处理完成：总托盘 2，指数达标 1，未达标 1，平均缺口 0.73，最大缺口 0.73，失败托盘互借修复成功 0。
  - KPI：near/mid/deep=1/0/0，救回率=0.00%，pair效率=0.00%。
  - 耗时拆解：packing=1.07s，main_topup=0.00s，retry=0.00s，failed_pool=0.00s，repack=0.00s，total=1.07s。
正在处理托盘类型：MH423C，销售订单号：LAID16306DN01S__SPLITREST__
  - 该分组不适合列式（多非满柱）→ 回退 beam + 配方优先。
  - 托盘 MH423C-LAID16306DN01S__SPLITREST__-1 未找到可行装箱方案，启用剩余箱子守恒兜底。
  - 配方优先[fast]：规划 0 实例，实装成功 0，配方路径不可用 → 采用基线方案。
  - 指数诊断：箱子 5 个，总指数 0.0263581，目标 0.85，理论最多达标托盘 0 个，剩余指数 0.0263581。
  - 几何诊断：典型整层堆叠单盘参考上限 0.0263581/0.85。 当前目标可能受托盘高度/箱型组合限制。
  - 几何诊断提示：典型整层参考值 0.0263581 < 目标 0.85；该值不是不可达证明，继续执行指数救援。
  - 失败盘装满压实：合并/吸收 1 次（纯减盘数）。
  - 失败托盘互借诊断：未合并（aborted_no_improvement_possible）。
托盘类型 MH423C（销售订单号：LAID16306DN01S__SPLITREST__）处理完成：总托盘 1，指数达标 0，未达标 1，平均缺口 0.82，最大缺口 0.82，失败托盘互借修复成功 0。
  - KPI：near/mid/deep=1/0/0，救回率=0.00%，pair效率=0.00%。
  - 耗时拆解：packing=0.01s，main_topup=0.00s，retry=0.00s，failed_pool=0.00s，repack=0.04s，total=0.09s。
正在处理托盘类型：MH423C，销售订单号：LAID16296DN01S
  - 主算法：全局列式装箱 + 柱级组合优化（GCP）。
  - 失败托盘互借诊断：未合并（aborted_no_improvement_possible）。
托盘类型 MH423C（销售订单号：LAID16296DN01S）处理完成：总托盘 2，指数达标 0，未达标 2，平均缺口 0.72，最大缺口 0.83，失败托盘互借修复成功 0。
  - KPI：near/mid/deep=2/0/0，救回率=0.00%，pair效率=0.00%。
  - 耗时拆解：packing=0.14s，main_topup=0.00s，retry=0.00s，failed_pool=0.00s，repack=0.12s，total=0.26s。
正在处理托盘类型：MH423C，销售订单号：LAID16296DN01S__SPLITREST__
  - 该分组不适合列式（多非满柱）→ 回退 beam + 配方优先。
  - 配方优先[fast]：规划 0 实例，实装成功 0，配方路径不可用 → 采用基线方案。
  - 指数诊断：箱子 4 个，总指数 0.0373143，目标 0.85，理论最多达标托盘 0 个，剩余指数 0.0373143。
  - 几何诊断：典型整层堆叠单盘参考上限 0.0373143/0.85。 当前目标可能受托盘高度/箱型组合限制。
  - 几何诊断提示：典型整层参考值 0.0373143 < 目标 0.85；该值不是不可达证明，继续执行指数救援。
  - 失败托盘互借诊断：未合并（no_target_or_single_plan）。
托盘类型 MH423C（销售订单号：LAID16296DN01S__SPLITREST__）处理完成：总托盘 1，指数达标 0，未达标 1，平均缺口 0.81，最大缺口 0.81，失败托盘互借修复成功 0。
  - KPI：near/mid/deep=1/0/0，救回率=0.00%，pair效率=0.00%。
  - 耗时拆解：packing=0.00s，main_topup=0.00s，retry=0.00s，failed_pool=0.00s，repack=0.00s，total=0.02s。
正在处理托盘类型：MH423C，销售订单号：LAID16296DN02S
  - 主算法：全局列式装箱 + 柱级组合优化（GCP）。
  - GCP 盘数远超理论（CP-SAT 装不满）→ 回退 baseline beam + 配方优先。
  - 配方优先[fast]：规划 0 实例，实装成功 0，配方路径不可用 → 采用基线方案。
  - 指数诊断：箱子 34 个，总指数 0.559112，目标 0.85，理论最多达标托盘 0 个，剩余指数 0.559112。
  - 几何诊断：典型整层堆叠单盘参考上限 0.464862/0.85。 当前目标可能受托盘高度/箱型组合限制。
  - 几何诊断提示：典型整层参考值 0.464862 < 目标 0.85；该值不是不可达证明，继续执行指数救援。
  - 失败托盘互借诊断：未合并（no_target_or_single_plan）。
托盘类型 MH423C（销售订单号：LAID16296DN02S）处理完成：总托盘 1，指数达标 0，未达标 1，平均缺口 0.29，最大缺口 0.29，失败托盘互借修复成功 0。
  - KPI：near/mid/deep=1/0/0，救回率=0.00%，pair效率=0.00%。
  - 耗时拆解：packing=0.15s，main_topup=0.00s，retry=0.00s，failed_pool=0.00s，repack=0.00s，total=0.92s。
正在处理托盘类型：MH423C，销售订单号：LAID16296DN02S__SPLITREST__
  - 该分组不适合列式（多非满柱）→ 回退 beam + 配方优先。
  - 配方优先[fast]：规划 0 实例，实装成功 0，配方路径不可用 → 采用基线方案。
  - 指数诊断：箱子 3 个，总指数 0.023962，目标 0.85，理论最多达标托盘 0 个，剩余指数 0.023962。
  - 几何诊断：典型整层堆叠单盘参考上限 0.023962/0.85。 当前目标可能受托盘高度/箱型组合限制。
  - 几何诊断提示：典型整层参考值 0.023962 < 目标 0.85；该值不是不可达证明，继续执行指数救援。
  - 失败托盘互借诊断：未合并（no_target_or_single_plan）。
托盘类型 MH423C（销售订单号：LAID16296DN02S__SPLITREST__）处理完成：总托盘 1，指数达标 0，未达标 1，平均缺口 0.83，最大缺口 0.83，失败托盘互借修复成功 0。
  - KPI：near/mid/deep=1/0/0，救回率=0.00%，pair效率=0.00%。
  - 耗时拆解：packing=0.00s，main_topup=0.00s，retry=0.00s，failed_pool=0.00s，repack=0.00s，total=0.01s。
正在处理托盘类型：MH423C，销售订单号：LAID16296DN03S
  - 主算法：全局列式装箱 + 柱级组合优化（GCP）。
  - 失败托盘互借诊断：未合并（no_target_or_single_plan）。
托盘类型 MH423C（销售订单号：LAID16296DN03S）处理完成：总托盘 1，指数达标 0，未达标 1，平均缺口 0.63，最大缺口 0.63，失败托盘互借修复成功 0。
  - KPI：near/mid/deep=1/0/0，救回率=0.00%，pair效率=0.00%。
  - 耗时拆解：packing=0.48s，main_topup=0.00s，retry=0.00s，failed_pool=0.00s，repack=0.00s，total=0.48s。
正在处理托盘类型：MH423C，销售订单号：PAIN26286EN01S
  - 主算法：全局列式装箱 + 柱级组合优化（GCP）。
  - 失败托盘互借诊断：未合并（no_target_or_single_plan）。
托盘类型 MH423C（销售订单号：PAIN26286EN01S）处理完成：总托盘 1，指数达标 0，未达标 1，平均缺口 0.33，最大缺口 0.33，失败托盘互借修复成功 0。
  - KPI：near/mid/deep=1/0/0，救回率=0.00%，pair效率=0.00%。
  - 耗时拆解：packing=0.11s，main_topup=0.00s，retry=0.00s，failed_pool=0.00s，repack=0.00s，total=0.11s。
正在处理托盘类型：MH423C，销售订单号：PAIN26286EN01S__SPLITREST__
  - 该分组不适合列式（多非满柱）→ 回退 beam + 配方优先。
  - 配方优先[fast]：规划 0 实例，实装成功 0，配方路径不可用 → 采用基线方案。
  - 指数诊断：箱子 2 个，总指数 0.0383391，目标 0.85，理论最多达标托盘 0 个，剩余指数 0.0383391。
  - 几何诊断：典型整层堆叠单盘参考上限 0.0383391/0.85。 当前目标可能受托盘高度/箱型组合限制。
  - 几何诊断提示：典型整层参考值 0.0383391 < 目标 0.85；该值不是不可达证明，继续执行指数救援。
  - 失败托盘互借诊断：未合并（no_target_or_single_plan）。
托盘类型 MH423C（销售订单号：PAIN26286EN01S__SPLITREST__）处理完成：总托盘 1，指数达标 0，未达标 1，平均缺口 0.81，最大缺口 0.81，失败托盘互借修复成功 0。
  - KPI：near/mid/deep=1/0/0，救回率=0.00%，pair效率=0.00%。
  - 耗时拆解：packing=0.00s，main_topup=0.00s，retry=0.00s，failed_pool=0.00s，repack=0.00s，total=0.00s。
正在处理托盘类型：MH423C，销售订单号：LFEG16290IN02S
  - 该分组不适合列式（多非满柱）→ 回退 beam + 配方优先。
  - 配方优先[fast]：规划 0 实例，实装成功 0，配方路径不可用 → 采用基线方案。
  - 指数诊断：箱子 63 个，总指数 0.522814，目标 0.85，理论最多达标托盘 0 个，剩余指数 0.522814。
  - 几何诊断：典型整层堆叠单盘参考上限 0.397768/0.85。 当前目标可能受托盘高度/箱型组合限制。
  - 几何诊断提示：典型整层参考值 0.397768 < 目标 0.85；该值不是不可达证明，继续执行指数救援。
  - 失败托盘互借诊断：未合并（aborted_no_improvement_possible）。
托盘类型 MH423C（销售订单号：LFEG16290IN02S）处理完成：总托盘 2，指数达标 0，未达标 2，平均缺口 0.59，最大缺口 0.84，失败托盘互借修复成功 0。
  - KPI：near/mid/deep=2/0/0，救回率=0.00%，pair效率=0.00%。
  - 耗时拆解：packing=0.66s，main_topup=0.01s，retry=0.00s，failed_pool=0.00s，repack=0.95s，total=3.78s。
正在处理托盘类型：MH423C，销售订单号：LAID16295BN02S
  - 主算法：全局列式装箱 + 柱级组合优化（GCP）。
  - 失败托盘互借诊断：未合并（aborted_no_improvement_possible）。
托盘类型 MH423C（销售订单号：LAID16295BN02S）处理完成：总托盘 2，指数达标 0，未达标 2，平均缺口 0.68，最大缺口 0.81，失败托盘互借修复成功 0。
  - KPI：near/mid/deep=2/0/0，救回率=0.00%，pair效率=0.00%。
  - 耗时拆解：packing=0.67s，main_topup=0.00s，retry=0.00s，failed_pool=0.00s，repack=0.58s，total=1.25s。
正在处理托盘类型：MH423C，销售订单号：LFEG16290IN03S
  - 主算法：全局列式装箱 + 柱级组合优化（GCP）。
  - 失败托盘互借诊断：未合并（aborted_no_improvement_possible）。
托盘类型 MH423C（销售订单号：LFEG16290IN03S）处理完成：总托盘 2，指数达标 0，未达标 2，平均缺口 0.47，最大缺口 0.69，失败托盘互借修复成功 0。
  - KPI：near/mid/deep=2/0/0，救回率=0.00%，pair效率=0.00%。
  - 耗时拆解：packing=2.22s，main_topup=0.00s，retry=0.00s，failed_pool=0.00s，repack=1.72s，total=3.94s。
正在处理托盘类型：MH423C，销售订单号：LFEG16290IN03S__SPLITREST__
  - 该分组不适合列式（多非满柱）→ 回退 beam + 配方优先。
  - 配方优先[fast]：规划 0 实例，实装成功 0，配方路径不可用 → 采用基线方案。
  - 指数诊断：箱子 19 个，总指数 0.123941，目标 0.85，理论最多达标托盘 0 个，剩余指数 0.123941。
  - 几何诊断：典型整层堆叠单盘参考上限 0.123941/0.85。 当前目标可能受托盘高度/箱型组合限制。
  - 几何诊断提示：典型整层参考值 0.123941 < 目标 0.85；该值不是不可达证明，继续执行指数救援。
  - 失败托盘互借诊断：未合并（no_target_or_single_plan）。
托盘类型 MH423C（销售订单号：LFEG16290IN03S__SPLITREST__）处理完成：总托盘 1，指数达标 0，未达标 1，平均缺口 0.73，最大缺口 0.73，失败托盘互借修复成功 0。
  - KPI：near/mid/deep=1/0/0，救回率=0.00%，pair效率=0.00%。
  - 耗时拆解：packing=0.13s，main_topup=0.00s，retry=0.00s，failed_pool=0.00s，repack=0.00s，total=0.13s。
正在处理托盘类型：MH423C，销售订单号：LAMY16295FN01S
  - 该分组不适合列式（多非满柱）→ 回退 beam + 配方优先。
  - 配方优先[fast]：规划 0 实例，实装成功 0，配方路径不可用 → 采用基线方案。
  - 指数诊断：箱子 26 个，总指数 0.3649，目标 0.85，理论最多达标托盘 0 个，剩余指数 0.3649。
  - 几何诊断：典型整层堆叠单盘参考上限 0.285825/0.85。 当前目标可能受托盘高度/箱型组合限制。
  - 几何诊断提示：典型整层参考值 0.285825 < 目标 0.85；该值不是不可达证明，继续执行指数救援。
  - 失败托盘互借诊断：未合并（aborted_no_improvement_possible）。
托盘类型 MH423C（销售订单号：LAMY16295FN01S）处理完成：总托盘 2，指数达标 0，未达标 2，平均缺口 0.67，最大缺口 0.85，失败托盘互借修复成功 0。
  - KPI：near/mid/deep=2/0/0，救回率=0.00%，pair效率=0.00%。
  - 耗时拆解：packing=0.07s，main_topup=0.00s，retry=0.00s，failed_pool=0.00s，repack=0.17s，total=0.43s。
正在处理托盘类型：MH423C，销售订单号：LFEG16300IN02S
  - 该分组不适合列式（多非满柱）→ 回退 beam + 配方优先。
  - 配方优先[fast]：规划 0 实例，实装成功 0，配方路径不可用 → 采用基线方案。
  - 指数诊断：箱子 4 个，总指数 0.0383391，目标 0.85，理论最多达标托盘 0 个，剩余指数 0.0383391。
  - 几何诊断：典型整层堆叠单盘参考上限 0.0383391/0.85。 当前目标可能受托盘高度/箱型组合限制。
  - 几何诊断提示：典型整层参考值 0.0383391 < 目标 0.85；该值不是不可达证明，继续执行指数救援。
  - 失败托盘互借诊断：未合并（no_target_or_single_plan）。
托盘类型 MH423C（销售订单号：LFEG16300IN02S）处理完成：总托盘 1，指数达标 0，未达标 1，平均缺口 0.81，最大缺口 0.81，失败托盘互借修复成功 0。
  - KPI：near/mid/deep=1/0/0，救回率=0.00%，pair效率=0.00%。
  - 耗时拆解：packing=0.00s，main_topup=0.00s，retry=0.00s，failed_pool=0.00s，repack=0.00s，total=0.02s。
正在处理托盘类型：MH423C，销售订单号：PAIN26290BN01S
  - 主算法：全局列式装箱 + 柱级组合优化（GCP）。
  - 失败托盘互借诊断：未合并（no_target_or_single_plan）。
托盘类型 MH423C（销售订单号：PAIN26290BN01S）处理完成：总托盘 1，指数达标 0，未达标 1，平均缺口 0.48，最大缺口 0.48，失败托盘互借修复成功 0。
  - KPI：near/mid/deep=1/0/0，救回率=0.00%，pair效率=0.00%。
  - 耗时拆解：packing=2.20s，main_topup=0.00s，retry=0.00s，failed_pool=0.00s，repack=0.00s，total=2.20s。
正在处理托盘类型：MH423C，销售订单号：PAIN26290BN01S__SPLITREST__
  - 该分组不适合列式（多非满柱）→ 回退 beam + 配方优先。
  - 配方优先[fast]：规划 0 实例，实装成功 0，配方路径不可用 → 采用基线方案。
  - 指数诊断：箱子 9 个，总指数 0.0538039，目标 0.85，理论最多达标托盘 0 个，剩余指数 0.0538039。
  - 几何诊断：典型整层堆叠单盘参考上限 0.0538039/0.85。 当前目标可能受托盘高度/箱型组合限制。
  - 几何诊断提示：典型整层参考值 0.0538039 < 目标 0.85；该值不是不可达证明，继续执行指数救援。
  - 失败托盘互借诊断：未合并（no_target_or_single_plan）。
托盘类型 MH423C（销售订单号：PAIN26290BN01S__SPLITREST__）处理完成：总托盘 1，指数达标 0，未达标 1，平均缺口 0.80，最大缺口 0.80，失败托盘互借修复成功 0。
  - KPI：near/mid/deep=1/0/0，救回率=0.00%，pair效率=0.00%。
  - 耗时拆解：packing=0.03s，main_topup=0.00s，retry=0.00s，failed_pool=0.00s，repack=0.00s，total=0.03s。
正在处理托盘类型：MH423C，销售订单号：PAIN26290BC02S
  - 主算法：全局列式装箱 + 柱级组合优化（GCP）。
  - 失败盘装满压实：合并/吸收 1 次（纯减盘数）。
  - 失败托盘互借诊断：未合并（aborted_no_improvement_possible）。
托盘类型 MH423C（销售订单号：PAIN26290BC02S）处理完成：总托盘 1，指数达标 0，未达标 1，平均缺口 0.31，最大缺口 0.31，失败托盘互借修复成功 0。
  - KPI：near/mid/deep=1/0/0，救回率=0.00%，pair效率=0.00%。
  - 耗时拆解：packing=0.58s，main_topup=0.00s，retry=0.00s，failed_pool=0.00s，repack=0.22s，total=0.80s。
正在处理托盘类型：MH423C，销售订单号：PAIN26290BC02S__SPLITREST__
  - 该分组不适合列式（多非满柱）→ 回退 beam + 配方优先。
  - 配方优先[fast]：规划 0 实例，实装成功 0，配方路径不可用 → 采用基线方案。
  - 指数诊断：箱子 2 个，总指数 0.00479239，目标 0.85，理论最多达标托盘 0 个，剩余指数 0.00479239。
  - 几何诊断：典型整层堆叠单盘参考上限 0.00479239/0.85。 当前目标可能受托盘高度/箱型组合限制。
  - 几何诊断提示：典型整层参考值 0.00479239 < 目标 0.85；该值不是不可达证明，继续执行指数救援。
  - 失败托盘互借诊断：未合并（no_target_or_single_plan）。
托盘类型 MH423C（销售订单号：PAIN26290BC02S__SPLITREST__）处理完成：总托盘 1，指数达标 0，未达标 1，平均缺口 0.85，最大缺口 0.85，失败托盘互借修复成功 0。
  - KPI：near/mid/deep=1/0/0，救回率=0.00%，pair效率=0.00%。
  - 耗时拆解：packing=0.00s，main_topup=0.00s，retry=0.00s，failed_pool=0.00s，repack=0.00s，total=0.00s。
正在处理托盘类型：MH423C，销售订单号：PAIN26290GN01S
  - 该分组不适合列式（多非满柱）→ 回退 beam + 配方优先。
  - 配方优先[fast]：规划 0 实例，实装成功 0，配方路径不可用 → 采用基线方案。
  - 指数诊断：箱子 51 个，总指数 0.360997，目标 0.85，理论最多达标托盘 0 个，剩余指数 0.360997。
  - 几何诊断：典型整层堆叠单盘参考上限 0.265259/0.85。 当前目标可能受托盘高度/箱型组合限制。
  - 几何诊断提示：典型整层参考值 0.265259 < 目标 0.85；该值不是不可达证明，继续执行指数救援。
  - 失败托盘互借诊断：未合并（aborted_no_improvement_possible）。
托盘类型 MH423C（销售订单号：PAIN26290GN01S）处理完成：总托盘 2，指数达标 0，未达标 2，平均缺口 0.67，最大缺口 0.84，失败托盘互借修复成功 0。
  - KPI：near/mid/deep=2/0/0，救回率=0.00%，pair效率=0.00%。
  - 耗时拆解：packing=0.46s，main_topup=0.01s，retry=0.00s，failed_pool=0.00s，repack=0.87s，total=2.72s。
正在处理托盘类型：MH423C，销售订单号：PEG126290LN01S
  - 主算法：全局列式装箱 + 柱级组合优化（GCP）。
  - 失败托盘互借诊断：未合并（no_target_or_single_plan）。
托盘类型 MH423C（销售订单号：PEG126290LN01S）处理完成：总托盘 1，指数达标 0，未达标 1，平均缺口 0.54，最大缺口 0.54，失败托盘互借修复成功 0。
  - KPI：near/mid/deep=1/0/0，救回率=0.00%，pair效率=0.00%。
  - 耗时拆解：packing=0.85s，main_topup=0.00s，retry=0.00s，failed_pool=0.00s，repack=0.00s，total=0.85s。
正在处理托盘类型：MH423C，销售订单号：PAIN26280GN01S
  - 该分组不适合列式（多非满柱）→ 回退 beam + 配方优先。
  - 配方优先[fast]：规划 0 实例，实装成功 0，配方路径不可用 → 采用基线方案。
  - 指数诊断：箱子 1 个，总指数 0.0191696，目标 0.85，理论最多达标托盘 0 个，剩余指数 0.0191696。
  - 几何诊断：典型整层堆叠单盘参考上限 0.0191696/0.85。 当前目标可能受托盘高度/箱型组合限制。
  - 几何诊断提示：典型整层参考值 0.0191696 < 目标 0.85；该值不是不可达证明，继续执行指数救援。
  - 失败托盘互借诊断：未合并（no_target_or_single_plan）。
托盘类型 MH423C（销售订单号：PAIN26280GN01S）处理完成：总托盘 1，指数达标 0，未达标 1，平均缺口 0.83，最大缺口 0.83，失败托盘互借修复成功 0。
  - KPI：near/mid/deep=1/0/0，救回率=0.00%，pair效率=0.00%。
  - 耗时拆解：packing=0.00s，main_topup=0.00s，retry=0.00s，failed_pool=0.00s，repack=0.00s，total=0.00s。
正在处理托盘类型：MH423C，销售订单号：LAID16295EN02S
  - 主算法：全局列式装箱 + 柱级组合优化（GCP）。
  - GCP 盘数远超理论（CP-SAT 装不满）→ 回退 baseline beam + 配方优先。
  - 配方优先[fast]：规划 0 实例，实装成功 0，配方路径不可用 → 采用基线方案。
  - 指数诊断：箱子 86 个，总指数 0.790744，目标 0.85，理论最多达标托盘 0 个，剩余指数 0.790744。
  - 几何诊断：典型整层堆叠单盘参考上限 0.546332/0.85。 当前目标可能受托盘高度/箱型组合限制。
  - 几何诊断提示：典型整层参考值 0.546332 < 目标 0.85；该值不是不可达证明，继续执行指数救援。
  - 失败托盘互借诊断：未合并（no_target_or_single_plan）。
托盘类型 MH423C（销售订单号：LAID16295EN02S）处理完成：总托盘 1，指数达标 0，未达标 1，平均缺口 0.06，最大缺口 0.06，失败托盘互借修复成功 0。
  - KPI：near/mid/deep=1/0/0，救回率=0.00%，pair效率=0.00%。
  - 耗时拆解：packing=3.81s，main_topup=0.00s，retry=0.00s，failed_pool=0.00s，repack=0.00s，total=6.38s。
正在处理托盘类型：MH423C，销售订单号：LAID16295EN02S__SPLITREST__
  - 该分组不适合列式（多非满柱）→ 回退 beam + 配方优先。
  - 配方优先[fast]：规划 0 实例，实装成功 0，配方路径不可用 → 采用基线方案。
  - 指数诊断：箱子 9 个，总指数 0.164552，目标 0.85，理论最多达标托盘 0 个，剩余指数 0.164552。
  - 几何诊断：典型整层堆叠单盘参考上限 0.164552/0.85。 当前目标可能受托盘高度/箱型组合限制。
  - 几何诊断提示：典型整层参考值 0.164552 < 目标 0.85；该值不是不可达证明，继续执行指数救援。
  - 失败托盘互借诊断：未合并（no_target_or_single_plan）。
托盘类型 MH423C（销售订单号：LAID16295EN02S__SPLITREST__）处理完成：总托盘 1，指数达标 0，未达标 1，平均缺口 0.69，最大缺口 0.69，失败托盘互借修复成功 0。
  - KPI：near/mid/deep=1/0/0，救回率=0.00%，pair效率=0.00%。
  - 耗时拆解：packing=0.04s，main_topup=0.00s，retry=0.00s，failed_pool=0.00s，repack=0.00s，total=0.04s。
正在处理托盘类型：MH423C，销售订单号：PAIN26280MN07S
  - 主算法：全局列式装箱 + 柱级组合优化（GCP）。
  - 失败托盘互借诊断：未合并（no_target_or_single_plan）。
托盘类型 MH423C（销售订单号：PAIN26280MN07S）处理完成：总托盘 1，指数达标 0，未达标 1，平均缺口 0.45，最大缺口 0.45，失败托盘互借修复成功 0。
  - KPI：near/mid/deep=1/0/0，救回率=0.00%，pair效率=0.00%。
  - 耗时拆解：packing=0.05s，main_topup=0.00s，retry=0.00s，failed_pool=0.00s，repack=0.00s，total=0.05s。
正在处理托盘类型：MH423C，销售订单号：PEG086250LN01S
  - 该分组不适合列式（多非满柱）→ 回退 beam + 配方优先。
  - 配方优先[fast]：规划 0 实例，实装成功 0，配方路径不可用 → 采用基线方案。
  - 指数诊断：箱子 1 个，总指数 0.0191696，目标 0.85，理论最多达标托盘 0 个，剩余指数 0.0191696。
  - 几何诊断：典型整层堆叠单盘参考上限 0.0191696/0.85。 当前目标可能受托盘高度/箱型组合限制。
  - 几何诊断提示：典型整层参考值 0.0191696 < 目标 0.85；该值不是不可达证明，继续执行指数救援。
  - 失败托盘互借诊断：未合并（no_target_or_single_plan）。
托盘类型 MH423C（销售订单号：PEG086250LN01S）处理完成：总托盘 1，指数达标 0，未达标 1，平均缺口 0.83，最大缺口 0.83，失败托盘互借修复成功 0。
  - KPI：near/mid/deep=1/0/0，救回率=0.00%，pair效率=0.00%。
  - 耗时拆解：packing=0.00s，main_topup=0.00s，retry=0.00s，failed_pool=0.00s，repack=0.00s，total=0.00s。
正在处理托盘类型：MH423C，销售订单号：LFEG16290IN01S
  - 主算法：全局列式装箱 + 柱级组合优化（GCP）。
  - GCP 盘数远超理论（CP-SAT 装不满）→ 回退 baseline beam + 配方优先。
  - 配方优先[fast]：规划 0 实例，实装成功 0，配方路径不可用 → 采用基线方案。
  - 指数诊断：箱子 41 个，总指数 0.599049，目标 0.85，理论最多达标托盘 0 个，剩余指数 0.599049。
  - 几何诊断：典型整层堆叠单盘参考上限 0.330675/0.85。 当前目标可能受托盘高度/箱型组合限制。
  - 几何诊断提示：典型整层参考值 0.330675 < 目标 0.85；该值不是不可达证明，继续执行指数救援。
  - 失败盘装满压实：合并/吸收 1 次（纯减盘数）。
  - 失败托盘互借诊断：未合并（aborted_no_improvement_possible）。
托盘类型 MH423C（销售订单号：LFEG16290IN01S）处理完成：总托盘 1，指数达标 0，未达标 1，平均缺口 0.25，最大缺口 0.25，失败托盘互借修复成功 0。
  - KPI：near/mid/deep=1/0/0，救回率=0.00%，pair效率=0.00%。
  - 耗时拆解：packing=0.25s，main_topup=0.00s，retry=0.00s，failed_pool=0.00s，repack=0.23s，total=1.46s。
正在处理托盘类型：MH423C，销售订单号：LFEG16290IN01S__SPLITREST__
  - 该分组不适合列式（多非满柱）→ 回退 beam + 配方优先。
  - 配方优先[fast]：规划 0 实例，实装成功 0，配方路径不可用 → 采用基线方案。
  - 指数诊断：箱子 3 个，总指数 0.0407353，目标 0.85，理论最多达标托盘 0 个，剩余指数 0.0407353。
  - 几何诊断：典型整层堆叠单盘参考上限 0.0407353/0.85。 当前目标可能受托盘高度/箱型组合限制。
  - 几何诊断提示：典型整层参考值 0.0407353 < 目标 0.85；该值不是不可达证明，继续执行指数救援。
  - 失败托盘互借诊断：未合并（no_target_or_single_plan）。
托盘类型 MH423C（销售订单号：LFEG16290IN01S__SPLITREST__）处理完成：总托盘 1，指数达标 0，未达标 1，平均缺口 0.81，最大缺口 0.81，失败托盘互借修复成功 0。
  - KPI：near/mid/deep=1/0/0，救回率=0.00%，pair效率=0.00%。
  - 耗时拆解：packing=0.00s，main_topup=0.00s，retry=0.00s，failed_pool=0.00s，repack=0.00s，total=0.01s。
正在处理托盘类型：MH423C，销售订单号：LAID16295EN01S
  - 主算法：全局列式装箱 + 柱级组合优化（GCP）。
  - 失败托盘互借诊断：未合并（aborted_no_improvement_possible）。
托盘类型 MH423C（销售订单号：LAID16295EN01S）处理完成：总托盘 2，指数达标 0，未达标 2，平均缺口 0.52，最大缺口 0.68，失败托盘互借修复成功 0。
  - KPI：near/mid/deep=2/0/0，救回率=0.00%，pair效率=0.00%。
  - 耗时拆解：packing=1.39s，main_topup=0.00s，retry=0.00s，failed_pool=0.00s，repack=1.05s，total=2.45s。
正在处理托盘类型：MH423C，销售订单号：LAID16295EN01S__SPLITREST__
  - 该分组不适合列式（多非满柱）→ 回退 beam + 配方优先。
  - 配方优先[fast]：规划 0 实例，实装成功 0，配方路径不可用 → 采用基线方案。
  - 指数诊断：箱子 8 个，总指数 0.120164，目标 0.85，理论最多达标托盘 0 个，剩余指数 0.120164。
  - 几何诊断：典型整层堆叠单盘参考上限 0.120164/0.85。 当前目标可能受托盘高度/箱型组合限制。
  - 几何诊断提示：典型整层参考值 0.120164 < 目标 0.85；该值不是不可达证明，继续执行指数救援。
  - 失败托盘互借诊断：未合并（no_target_or_single_plan）。
托盘类型 MH423C（销售订单号：LAID16295EN01S__SPLITREST__）处理完成：总托盘 1，指数达标 0，未达标 1，平均缺口 0.73，最大缺口 0.73，失败托盘互借修复成功 0。
  - KPI：near/mid/deep=1/0/0，救回率=0.00%，pair效率=0.00%。
  - 耗时拆解：packing=0.03s，main_topup=0.00s，retry=0.00s，failed_pool=0.00s，repack=0.00s，total=0.03s。
正在处理托盘类型：MH423C，销售订单号：LAID16295BN01S
  - 主算法：全局列式装箱 + 柱级组合优化（GCP）。
  - 失败托盘互借诊断：未合并（no_target_or_single_plan）。
托盘类型 MH423C（销售订单号：LAID16295BN01S）处理完成：总托盘 1，指数达标 0，未达标 1，平均缺口 0.54，最大缺口 0.54，失败托盘互借修复成功 0。
  - KPI：near/mid/deep=1/0/0，救回率=0.00%，pair效率=0.00%。
  - 耗时拆解：packing=0.16s，main_topup=0.00s，retry=0.00s，failed_pool=0.00s，repack=0.00s，total=0.16s。
正在处理托盘类型：MH423C，销售订单号：LFEG16310IN02S
  - 该分组不适合列式（多非满柱）→ 回退 beam + 配方优先。
  - 配方优先[fast]：规划 0 实例，实装成功 0，配方路径不可用 → 采用基线方案。
  - 指数诊断：箱子 1 个，总指数 0.00479239，目标 0.85，理论最多达标托盘 0 个，剩余指数 0.00479239。
  - 几何诊断：典型整层堆叠单盘参考上限 0.00479239/0.85。 当前目标可能受托盘高度/箱型组合限制。
  - 几何诊断提示：典型整层参考值 0.00479239 < 目标 0.85；该值不是不可达证明，继续执行指数救援。
  - 失败托盘互借诊断：未合并（no_target_or_single_plan）。
托盘类型 MH423C（销售订单号：LFEG16310IN02S）处理完成：总托盘 1，指数达标 0，未达标 1，平均缺口 0.85，最大缺口 0.85，失败托盘互借修复成功 0。
  - KPI：near/mid/deep=1/0/0，救回率=0.00%，pair效率=0.00%。
  - 耗时拆解：packing=0.00s，main_topup=0.00s，retry=0.00s，failed_pool=0.00s，repack=0.00s，total=0.00s。
正在处理托盘类型：MH423C，销售订单号：LFEG16310IN01S
  - 该分组不适合列式（多非满柱）→ 回退 beam + 配方优先。
  - 配方优先[fast]：规划 0 实例，实装成功 0，配方路径不可用 → 采用基线方案。
  - 指数诊断：箱子 1 个，总指数 0.00479239，目标 0.85，理论最多达标托盘 0 个，剩余指数 0.00479239。
  - 几何诊断：典型整层堆叠单盘参考上限 0.00479239/0.85。 当前目标可能受托盘高度/箱型组合限制。
  - 几何诊断提示：典型整层参考值 0.00479239 < 目标 0.85；该值不是不可达证明，继续执行指数救援。
  - 失败托盘互借诊断：未合并（no_target_or_single_plan）。
托盘类型 MH423C（销售订单号：LFEG16310IN01S）处理完成：总托盘 1，指数达标 0，未达标 1，平均缺口 0.85，最大缺口 0.85，失败托盘互借修复成功 0。
  - KPI：near/mid/deep=1/0/0，救回率=0.00%，pair效率=0.00%。
  - 耗时拆解：packing=0.00s，main_topup=0.00s，retry=0.00s，failed_pool=0.00s，repack=0.00s，total=0.00s。
正在处理托盘类型：MH423C，销售订单号：PEG086300LN01S
  - 主算法：全局列式装箱 + 柱级组合优化（GCP）。
  - 失败托盘互借诊断：未合并（no_target_or_single_plan）。
托盘类型 MH423C（销售订单号：PEG086300LN01S）处理完成：总托盘 1，指数达标 0，未达标 1，平均缺口 0.29，最大缺口 0.29，失败托盘互借修复成功 0。
  - KPI：near/mid/deep=1/0/0，救回率=0.00%，pair效率=0.00%。
  - 耗时拆解：packing=0.83s，main_topup=0.00s，retry=0.00s，failed_pool=0.00s，repack=0.00s，total=0.83s。
正在处理托盘类型：MH423C，销售订单号：PAID162808N01S
  - 该分组不适合列式（多非满柱）→ 回退 beam + 配方优先。
  - 配方优先[fast]：规划 0 实例，实装成功 0，配方路径不可用 → 采用基线方案。
  - 指数诊断：箱子 12 个，总指数 0.098244，目标 0.85，理论最多达标托盘 0 个，剩余指数 0.098244。
  - 几何诊断：典型整层堆叠单盘参考上限 0.098244/0.85。 当前目标可能受托盘高度/箱型组合限制。
  - 几何诊断提示：典型整层参考值 0.098244 < 目标 0.85；该值不是不可达证明，继续执行指数救援。
  - 失败托盘互借诊断：未合并（no_target_or_single_plan）。
托盘类型 MH423C（销售订单号：PAID162808N01S）处理完成：总托盘 1，指数达标 0，未达标 1，平均缺口 0.75，最大缺口 0.75，失败托盘互借修复成功 0。
  - KPI：near/mid/deep=1/0/0，救回率=0.00%，pair效率=0.00%。
  - 耗时拆解：packing=0.02s，main_topup=0.00s，retry=0.00s，failed_pool=0.00s，repack=0.01s，total=0.09s。
正在处理托盘类型：MH423C，销售订单号：PAID16290FN01S
  - 主算法：全局列式装箱 + 柱级组合优化（GCP）。
  - GCP 盘数远超理论（CP-SAT 装不满）→ 回退 baseline beam + 配方优先。
  - 配方优先[fast]：规划 0 实例，实装成功 0，配方路径不可用 → 采用基线方案。
  - 指数诊断：箱子 7 个，总指数 0.0910554，目标 0.85，理论最多达标托盘 0 个，剩余指数 0.0910554。
  - 几何诊断：典型整层堆叠单盘参考上限 0.086263/0.85。 当前目标可能受托盘高度/箱型组合限制。
  - 几何诊断提示：典型整层参考值 0.086263 < 目标 0.85；该值不是不可达证明，继续执行指数救援。
  - 失败托盘互借诊断：未合并（no_target_or_single_plan）。
托盘类型 MH423C（销售订单号：PAID16290FN01S）处理完成：总托盘 1，指数达标 0，未达标 1，平均缺口 0.76，最大缺口 0.76，失败托盘互借修复成功 0。
  - KPI：near/mid/deep=1/0/0，救回率=0.00%，pair效率=0.00%。
  - 耗时拆解：packing=0.01s，main_topup=0.00s，retry=0.00s，failed_pool=0.00s，repack=0.00s，total=0.07s。
正在处理托盘类型：MH423C，销售订单号：PAID16290FN01S__SPLITREST__
  - 该分组不适合列式（多非满柱）→ 回退 beam + 配方优先。
  - 配方优先[fast]：规划 0 实例，实装成功 0，配方路径不可用 → 采用基线方案。
  - 指数诊断：箱子 1 个，总指数 0.0023962，目标 0.85，理论最多达标托盘 0 个，剩余指数 0.0023962。
  - 几何诊断：典型整层堆叠单盘参考上限 0.0023962/0.85。 当前目标可能受托盘高度/箱型组合限制。
  - 几何诊断提示：典型整层参考值 0.0023962 < 目标 0.85；该值不是不可达证明，继续执行指数救援。
  - 失败托盘互借诊断：未合并（no_target_or_single_plan）。
托盘类型 MH423C（销售订单号：PAID16290FN01S__SPLITREST__）处理完成：总托盘 1，指数达标 0，未达标 1，平均缺口 0.85，最大缺口 0.85，失败托盘互借修复成功 0。
  - KPI：near/mid/deep=1/0/0，救回率=0.00%，pair效率=0.00%。
  - 耗时拆解：packing=0.00s，main_topup=0.00s，retry=0.00s，failed_pool=0.00s，repack=0.00s，total=0.00s。
正在处理托盘类型：MH423C，销售订单号：PAIN26290MN10S
  - 该分组不适合列式（多非满柱）→ 回退 beam + 配方优先。
  - 配方优先[fast]：规划 0 实例，实装成功 0，配方路径不可用 → 采用基线方案。
  - 指数诊断：箱子 65 个，总指数 1.16934，目标 0.85，理论最多达标托盘 1 个，剩余指数 0.319343。
  - 几何诊断：典型整层堆叠单盘参考上限 0.805122/0.85。 当前目标可能受托盘高度/箱型组合限制。
  - 几何诊断提示：典型整层参考值 0.805122 < 目标 0.85；该值不是不可达证明，继续执行指数救援。
  - 失败托盘互借诊断：未合并（aborted_no_improvement_possible）。
托盘类型 MH423C（销售订单号：PAIN26290MN10S）处理完成：总托盘 2，指数达标 0，未达标 2，平均缺口 0.27，最大缺口 0.52，失败托盘互借修复成功 0。
  - KPI：near/mid/deep=2/0/0，救回率=0.00%，pair效率=0.00%。
  - 耗时拆解：packing=0.67s，main_topup=0.00s，retry=0.00s，failed_pool=5.09s，repack=7.83s，total=8.51s。
正在处理托盘类型：MH423C，销售订单号：LAID16296DN03S__CASEGROUP__1
  - 主算法：全局列式装箱 + 柱级组合优化（GCP）。
  - 失败托盘互借诊断：未合并（no_target_or_single_plan）。
托盘类型 MH423C（销售订单号：LAID16296DN03S__CASEGROUP__1）处理完成：总托盘 1，指数达标 0，未达标 1，平均缺口 0.36，最大缺口 0.36，失败托盘互借修复成功 0。
  - KPI：near/mid/deep=1/0/0，救回率=0.00%，pair效率=0.00%。
  - 耗时拆解：packing=0.33s，main_topup=0.00s，retry=0.00s，failed_pool=0.00s，repack=0.00s，total=0.33s。
正在处理托盘类型：MH423C，销售订单号：LAID16296DN03S__CASEGROUP__1__SPLITREST__
  - 该分组不适合列式（多非满柱）→ 回退 beam + 配方优先。
  - 配方优先[fast]：规划 0 实例，实装成功 0，配方路径不可用 → 采用基线方案。
  - 指数诊断：箱子 4 个，总指数 0.00958478，目标 0.85，理论最多达标托盘 0 个，剩余指数 0.00958478。
  - 几何诊断：典型整层堆叠单盘参考上限 0.00958478/0.85。 当前目标可能受托盘高度/箱型组合限制。
  - 几何诊断提示：典型整层参考值 0.00958478 < 目标 0.85；该值不是不可达证明，继续执行指数救援。
  - 失败托盘互借诊断：未合并（no_target_or_single_plan）。
托盘类型 MH423C（销售订单号：LAID16296DN03S__CASEGROUP__1__SPLITREST__）处理完成：总托盘 1，指数达标 0，未达标 1，平均缺口 0.84，最大缺口 0.84，失败托盘互借修复成功 0。
  - KPI：near/mid/deep=1/0/0，救回率=0.00%，pair效率=0.00%。
  - 耗时拆解：packing=0.00s，main_topup=0.00s，retry=0.00s，failed_pool=0.00s，repack=0.00s，total=0.02s。
正在处理托盘类型：MH423C，销售订单号：PAID16295EN06S
  - 该分组不适合列式（多非满柱）→ 回退 beam + 配方优先。
  - 配方优先[fast]：规划 0 实例，实装成功 0，配方路径不可用 → 采用基线方案。
  - 指数诊断：箱子 15 个，总指数 0.098244，目标 0.85，理论最多达标托盘 0 个，剩余指数 0.098244。
  - 几何诊断：典型整层堆叠单盘参考上限 0.0766782/0.85。 当前目标可能受托盘高度/箱型组合限制。
  - 几何诊断提示：典型整层参考值 0.0766782 < 目标 0.85；该值不是不可达证明，继续执行指数救援。
  - 失败托盘互借诊断：未合并（no_target_or_single_plan）。
托盘类型 MH423C（销售订单号：PAID16295EN06S）处理完成：总托盘 1，指数达标 0，未达标 1，平均缺口 0.75，最大缺口 0.75，失败托盘互借修复成功 0。
  - KPI：near/mid/deep=1/0/0，救回率=0.00%，pair效率=0.00%。
  - 耗时拆解：packing=0.08s，main_topup=0.00s，retry=0.00s，failed_pool=0.00s，repack=0.00s，total=0.08s。
正在处理托盘类型：MH423C，销售订单号：PAID162808C02S
  - 主算法：全局列式装箱 + 柱级组合优化（GCP）。
  - GCP 盘数远超理论（CP-SAT 装不满）→ 回退 baseline beam + 配方优先。
  - 配方优先[fast]：规划 0 实例，实装成功 0，配方路径不可用 → 采用基线方案。
  - 指数诊断：箱子 6 个，总指数 0.0575087，目标 0.85，理论最多达标托盘 0 个，剩余指数 0.0575087。
  - 几何诊断：典型整层堆叠单盘参考上限 0.0575087/0.85。 当前目标可能受托盘高度/箱型组合限制。
  - 几何诊断提示：典型整层参考值 0.0575087 < 目标 0.85；该值不是不可达证明，继续执行指数救援。
  - 失败托盘互借诊断：未合并（no_target_or_single_plan）。
托盘类型 MH423C（销售订单号：PAID162808C02S）处理完成：总托盘 1，指数达标 0，未达标 1，平均缺口 0.79，最大缺口 0.79，失败托盘互借修复成功 0。
  - KPI：near/mid/deep=1/0/0，救回率=0.00%，pair效率=0.00%。
  - 耗时拆解：packing=0.01s，main_topup=0.00s，retry=0.00s，failed_pool=0.00s，repack=0.00s，total=0.05s。
正在处理托盘类型：MH423C，销售订单号：LFEG16300IN01S
  - 该分组不适合列式（多非满柱）→ 回退 beam + 配方优先。
  - 配方优先[fast]：规划 0 实例，实装成功 0，配方路径不可用 → 采用基线方案。
  - 指数诊断：箱子 3 个，总指数 0.0479239，目标 0.85，理论最多达标托盘 0 个，剩余指数 0.0479239。
  - 几何诊断：典型整层堆叠单盘参考上限 0.0479239/0.85。 当前目标可能受托盘高度/箱型组合限制。
  - 几何诊断提示：典型整层参考值 0.0479239 < 目标 0.85；该值不是不可达证明，继续执行指数救援。
  - 失败托盘互借诊断：未合并（no_target_or_single_plan）。
托盘类型 MH423C（销售订单号：LFEG16300IN01S）处理完成：总托盘 1，指数达标 0，未达标 1，平均缺口 0.80，最大缺口 0.80，失败托盘互借修复成功 0。
  - KPI：near/mid/deep=1/0/0，救回率=0.00%，pair效率=0.00%。
  - 耗时拆解：packing=0.00s，main_topup=0.00s，retry=0.00s，failed_pool=0.00s，repack=0.00s，total=0.01s。
正在处理托盘类型：MH423C，销售订单号：LAMY16315FN01S
  - 主算法：全局列式装箱 + 柱级组合优化（GCP）。
  - 失败托盘互借诊断：未合并（no_target_or_single_plan）。
托盘类型 MH423C（销售订单号：LAMY16315FN01S）处理完成：总托盘 1，指数达标 0，未达标 1，平均缺口 0.50，最大缺口 0.50，失败托盘互借修复成功 0。
  - KPI：near/mid/deep=1/0/0，救回率=0.00%，pair效率=0.00%。
  - 耗时拆解：packing=0.21s，main_topup=0.00s，retry=0.00s，failed_pool=0.00s，repack=0.00s，total=0.21s。
正在处理托盘类型：MH423C，销售订单号：LAMY16315FN01S__SPLITREST__
  - 该分组不适合列式（多非满柱）→ 回退 beam + 配方优先。
  - 配方优先[fast]：规划 0 实例，实装成功 0，配方路径不可用 → 采用基线方案。
  - 指数诊断：箱子 2 个，总指数 0.0191696，目标 0.85，理论最多达标托盘 0 个，剩余指数 0.0191696。
  - 几何诊断：典型整层堆叠单盘参考上限 0.0191696/0.85。 当前目标可能受托盘高度/箱型组合限制。
  - 几何诊断提示：典型整层参考值 0.0191696 < 目标 0.85；该值不是不可达证明，继续执行指数救援。
  - 失败托盘互借诊断：未合并（no_target_or_single_plan）。
托盘类型 MH423C（销售订单号：LAMY16315FN01S__SPLITREST__）处理完成：总托盘 1，指数达标 0，未达标 1，平均缺口 0.83，最大缺口 0.83，失败托盘互借修复成功 0。
  - KPI：near/mid/deep=1/0/0，救回率=0.00%，pair效率=0.00%。
  - 耗时拆解：packing=0.00s，main_topup=0.00s，retry=0.00s，failed_pool=0.00s，repack=0.00s，total=0.00s。
正在处理托盘类型：MH423C，销售订单号：LAID16305BN02S
  - 主算法：全局列式装箱 + 柱级组合优化（GCP）。
  - 失败托盘互借诊断：未合并（no_target_or_single_plan）。
托盘类型 MH423C（销售订单号：LAID16305BN02S）处理完成：总托盘 1，指数达标 0，未达标 1，平均缺口 0.35，最大缺口 0.35，失败托盘互借修复成功 0。
  - KPI：near/mid/deep=1/0/0，救回率=0.00%，pair效率=0.00%。
  - 耗时拆解：packing=0.65s，main_topup=0.00s，retry=0.00s，failed_pool=0.00s，repack=0.00s，total=0.65s。
正在处理托盘类型：MH423C，销售订单号：LFEG16300IN03S
  - 该分组不适合列式（多非满柱）→ 回退 beam + 配方优先。
  - 配方优先[fast]：规划 0 实例，实装成功 0，配方路径不可用 → 采用基线方案。
  - 指数诊断：箱子 1 个，总指数 0.00958478，目标 0.85，理论最多达标托盘 0 个，剩余指数 0.00958478。
  - 几何诊断：典型整层堆叠单盘参考上限 0.00958478/0.85。 当前目标可能受托盘高度/箱型组合限制。
  - 几何诊断提示：典型整层参考值 0.00958478 < 目标 0.85；该值不是不可达证明，继续执行指数救援。
  - 失败托盘互借诊断：未合并（no_target_or_single_plan）。
托盘类型 MH423C（销售订单号：LFEG16300IN03S）处理完成：总托盘 1，指数达标 0，未达标 1，平均缺口 0.84，最大缺口 0.84，失败托盘互借修复成功 0。
  - KPI：near/mid/deep=1/0/0，救回率=0.00%，pair效率=0.00%。
  - 耗时拆解：packing=0.00s，main_topup=0.00s，retry=0.00s，failed_pool=0.00s，repack=0.00s，total=0.00s。
正在处理托盘类型：MH423C，销售订单号：LAID16305BN01S
  - 主算法：全局列式装箱 + 柱级组合优化（GCP）。
  - 失败托盘互借诊断：未合并（no_target_or_single_plan）。
托盘类型 MH423C（销售订单号：LAID16305BN01S）处理完成：总托盘 1，指数达标 0，未达标 1，平均缺口 0.69，最大缺口 0.69，失败托盘互借修复成功 0。
  - KPI：near/mid/deep=1/0/0，救回率=0.00%，pair效率=0.00%。
  - 耗时拆解：packing=0.12s，main_topup=0.00s，retry=0.00s，failed_pool=0.00s，repack=0.00s，total=0.12s。
正在处理托盘类型：MH423C，销售订单号：LAID16305EN01S
  - 该分组不适合列式（多非满柱）→ 回退 beam + 配方优先。
  - 配方优先[fast]：规划 0 实例，实装成功 0，配方路径不可用 → 采用基线方案。
  - 指数诊断：箱子 29 个，总指数 0.586123，目标 0.85，理论最多达标托盘 0 个，剩余指数 0.586123。
  - 几何诊断：典型整层堆叠单盘参考上限 0.336465/0.85。 当前目标可能受托盘高度/箱型组合限制。
  - 几何诊断提示：典型整层参考值 0.336465 < 目标 0.85；该值不是不可达证明，继续执行指数救援。
  - 失败托盘互借修复：3 盘(平均填充 20%) 合并重装为 2 盘(平均填充 30%)，新增达标 0，耗时 0.1s。
托盘类型 MH423C（销售订单号：LAID16305EN01S）处理完成：总托盘 2，指数达标 0，未达标 2，平均缺口 0.56，最大缺口 0.71，失败托盘互借修复成功 0。
  - KPI：near/mid/deep=2/0/0，救回率=0.00%，pair效率=0.00%。
  - 耗时拆解：packing=0.12s，main_topup=0.00s，retry=0.00s，failed_pool=0.00s，repack=0.37s，total=0.78s。
正在处理托盘类型：MH423C，销售订单号：PAIN26290GC02S
  - 主算法：全局列式装箱 + 柱级组合优化（GCP）。
  - GCP 盘数远超理论（CP-SAT 装不满）→ 回退 baseline beam + 配方优先。
  - 托盘 MH423C-PAIN26290GC02S-2 未找到可行装箱方案，启用剩余箱子守恒兜底。
  - 配方优先[fast]：规划 0 实例，实装成功 0，配方路径不可用 → 采用基线方案。
  - 指数诊断：箱子 41 个，总指数 0.853045，目标 0.85，理论最多达标托盘 1 个，剩余指数 0.00304543。
  - 几何诊断：典型整层堆叠单盘参考上限 0.651765/0.85。 当前目标可能受托盘高度/箱型组合限制。
  - 几何诊断提示：典型整层参考值 0.651765 < 目标 0.85；该值不是不可达证明，继续执行指数救援。
  - 失败盘装满压实：合并/吸收 1 次（纯减盘数）。
  - 失败托盘互借诊断：未合并（aborted_no_improvement_possible）。
托盘类型 MH423C（销售订单号：PAIN26290GC02S）处理完成：总托盘 2，指数达标 0，未达标 2，平均缺口 0.42，最大缺口 0.49，失败托盘互借修复成功 0。
  - KPI：near/mid/deep=2/0/0，救回率=0.00%，pair效率=0.00%。
  - 耗时拆解：packing=0.25s，main_topup=0.01s，retry=0.00s，failed_pool=2.12s，repack=5.13s，total=5.87s。
正在处理托盘类型：MH423C，销售订单号：PAID16280FC02S
  - 主算法：全局列式装箱 + 柱级组合优化（GCP）。
  - GCP 盘数远超理论（CP-SAT 装不满）→ 回退 baseline beam + 配方优先。
  - 配方优先[fast]：规划 0 实例，实装成功 0，配方路径不可用 → 采用基线方案。
  - 指数诊断：箱子 4 个，总指数 0.0766782，目标 0.85，理论最多达标托盘 0 个，剩余指数 0.0766782。
  - 几何诊断：典型整层堆叠单盘参考上限 0.0766782/0.85。 当前目标可能受托盘高度/箱型组合限制。
  - 几何诊断提示：典型整层参考值 0.0766782 < 目标 0.85；该值不是不可达证明，继续执行指数救援。
  - 失败托盘互借诊断：未合并（no_target_or_single_plan）。
托盘类型 MH423C（销售订单号：PAID16280FC02S）处理完成：总托盘 1，指数达标 0，未达标 1，平均缺口 0.77，最大缺口 0.77，失败托盘互借修复成功 0。
  - KPI：near/mid/deep=1/0/0，救回率=0.00%，pair效率=0.00%。
  - 耗时拆解：packing=0.00s，main_topup=0.00s，retry=0.00s，failed_pool=0.00s，repack=0.00s，total=0.02s。
正在处理托盘类型：MH423C，销售订单号：PAIN26296EC02S
  - 主算法：全局列式装箱 + 柱级组合优化（GCP）。
  - 失败托盘互借诊断：未合并（no_target_or_single_plan）。
托盘类型 MH423C（销售订单号：PAIN26296EC02S）处理完成：总托盘 1，指数达标 0，未达标 1，平均缺口 0.31，最大缺口 0.31，失败托盘互借修复成功 0。
  - KPI：near/mid/deep=1/0/0，救回率=0.00%，pair效率=0.00%。
  - 耗时拆解：packing=1.85s，main_topup=0.00s，retry=0.00s，failed_pool=0.00s，repack=0.00s，total=1.85s。
正在处理托盘类型：MH423C，销售订单号：PAIN26296EC02S__SPLITREST__
  - 该分组不适合列式（多非满柱）→ 回退 beam + 配方优先。
  - 配方优先[fast]：规划 0 实例，实装成功 0，配方路径不可用 → 采用基线方案。
  - 指数诊断：箱子 1 个，总指数 0.00958478，目标 0.85，理论最多达标托盘 0 个，剩余指数 0.00958478。
  - 几何诊断：典型整层堆叠单盘参考上限 0.00958478/0.85。 当前目标可能受托盘高度/箱型组合限制。
  - 几何诊断提示：典型整层参考值 0.00958478 < 目标 0.85；该值不是不可达证明，继续执行指数救援。
  - 失败托盘互借诊断：未合并（no_target_or_single_plan）。
托盘类型 MH423C（销售订单号：PAIN26296EC02S__SPLITREST__）处理完成：总托盘 1，指数达标 0，未达标 1，平均缺口 0.84，最大缺口 0.84，失败托盘互借修复成功 0。
  - KPI：near/mid/deep=1/0/0，救回率=0.00%，pair效率=0.00%。
  - 耗时拆解：packing=0.00s，main_topup=0.00s，retry=0.00s，failed_pool=0.00s，repack=0.00s，total=0.00s。
正在处理托盘类型：MH423C，销售订单号：PAID16290FC02S
  - 该分组不适合列式（多非满柱）→ 回退 beam + 配方优先。
  - 配方优先[fast]：规划 0 实例，实装成功 0，配方路径不可用 → 采用基线方案。
  - 指数诊断：箱子 6 个，总指数 0.0670935，目标 0.85，理论最多达标托盘 0 个，剩余指数 0.0670935。
  - 几何诊断：典型整层堆叠单盘参考上限 0.0670935/0.85。 当前目标可能受托盘高度/箱型组合限制。
  - 几何诊断提示：典型整层参考值 0.0670935 < 目标 0.85；该值不是不可达证明，继续执行指数救援。
  - 失败托盘互借诊断：未合并（no_target_or_single_plan）。
托盘类型 MH423C（销售订单号：PAID16290FC02S）处理完成：总托盘 1，指数达标 0，未达标 1，平均缺口 0.78，最大缺口 0.78，失败托盘互借修复成功 0。
  - KPI：near/mid/deep=1/0/0，救回率=0.00%，pair效率=0.00%。
  - 耗时拆解：packing=0.01s，main_topup=0.00s，retry=0.00s，failed_pool=0.00s，repack=0.00s，total=0.05s。
正在处理托盘类型：MH423C，销售订单号：LAID16295EN01S__CASEGROUP__1
  - 主算法：全局列式装箱 + 柱级组合优化（GCP）。
  - GCP 盘数远超理论（CP-SAT 装不满）→ 回退 baseline beam + 配方优先。
  - 配方优先[fast]：规划 0 实例，实装成功 0，配方路径不可用 → 采用基线方案。
  - 指数诊断：箱子 78 个，总指数 0.670935，目标 0.85，理论最多达标托盘 0 个，剩余指数 0.670935。
  - 几何诊断：典型整层堆叠单盘参考上限 0.613426/0.85。 当前目标可能受托盘高度/箱型组合限制。
  - 几何诊断提示：典型整层参考值 0.613426 < 目标 0.85；该值不是不可达证明，继续执行指数救援。
  - 失败托盘互借诊断：未合并（no_target_or_single_plan）。
托盘类型 MH423C（销售订单号：LAID16295EN01S__CASEGROUP__1）处理完成：总托盘 1，指数达标 0，未达标 1，平均缺口 0.18，最大缺口 0.18，失败托盘互借修复成功 0。
  - KPI：near/mid/deep=1/0/0，救回率=0.00%，pair效率=0.00%。
  - 耗时拆解：packing=3.18s，main_topup=0.00s，retry=0.00s，failed_pool=0.00s，repack=0.00s，total=5.19s。
正在处理托盘类型：MH423C，销售订单号：LAID16295EN01S__CASEGROUP__1__SPLITREST__
  - 该分组不适合列式（多非满柱）→ 回退 beam + 配方优先。
  - 配方优先[fast]：规划 0 实例，实装成功 0，配方路径不可用 → 采用基线方案。
  - 指数诊断：箱子 5 个，总指数 0.0766782，目标 0.85，理论最多达标托盘 0 个，剩余指数 0.0766782。
  - 几何诊断：典型整层堆叠单盘参考上限 0.0766782/0.85。 当前目标可能受托盘高度/箱型组合限制。
  - 几何诊断提示：典型整层参考值 0.0766782 < 目标 0.85；该值不是不可达证明，继续执行指数救援。
  - 失败托盘互借诊断：未合并（no_target_or_single_plan）。
托盘类型 MH423C（销售订单号：LAID16295EN01S__CASEGROUP__1__SPLITREST__）处理完成：总托盘 1，指数达标 0，未达标 1，平均缺口 0.77，最大缺口 0.77，失败托盘互借修复成功 0。
  - KPI：near/mid/deep=1/0/0，救回率=0.00%，pair效率=0.00%。
  - 耗时拆解：packing=0.01s，main_topup=0.00s，retry=0.00s，failed_pool=0.00s，repack=0.00s，total=0.01s。
正在处理托盘类型：MH423C，销售订单号：PAIN26296EN01S
  - 主算法：全局列式装箱 + 柱级组合优化（GCP）。
  - 失败托盘互借诊断：未合并（aborted_no_improvement_possible）。
托盘类型 MH423C（销售订单号：PAIN26296EN01S）处理完成：总托盘 2，指数达标 0，未达标 2，平均缺口 0.36，最大缺口 0.59，失败托盘互借修复成功 0。
  - KPI：near/mid/deep=2/0/0，救回率=0.00%，pair效率=0.00%。
  - 耗时拆解：packing=31.00s，main_topup=0.00s，retry=0.00s，failed_pool=0.00s，repack=1.11s，total=32.12s。
  - 条件双路径棘轮：替代完整路径未严格改善，保留 GCP。
正在处理托盘类型：MH423C，销售订单号：PEG146296CN01S
  - 主算法：全局列式装箱 + 柱级组合优化（GCP）。
  - 失败托盘互借诊断：未合并（no_target_or_single_plan）。
托盘类型 MH423C（销售订单号：PEG146296CN01S）处理完成：总托盘 1，指数达标 0，未达标 1，平均缺口 0.26，最大缺口 0.26，失败托盘互借修复成功 0。
  - KPI：near/mid/deep=1/0/0，救回率=0.00%，pair效率=0.00%。
  - 耗时拆解：packing=0.33s，main_topup=0.00s，retry=0.00s，failed_pool=0.00s，repack=0.00s，total=0.33s。
正在处理托盘类型：MH423C，销售订单号：LAID16284AN02S
  - 主算法：全局列式装箱 + 柱级组合优化（GCP）。
  - GCP 盘数远超理论（CP-SAT 装不满）→ 回退 baseline beam + 配方优先。
  - 配方优先[fast]：规划 0 实例，实装成功 0，配方路径不可用 → 采用基线方案。
  - 指数诊断：箱子 7 个，总指数 0.105433，目标 0.85，理论最多达标托盘 0 个，剩余指数 0.105433。
  - 几何诊断：典型整层堆叠单盘参考上限 0.105433/0.85。 当前目标可能受托盘高度/箱型组合限制。
  - 几何诊断提示：典型整层参考值 0.105433 < 目标 0.85；该值不是不可达证明，继续执行指数救援。
  - 失败托盘互借诊断：未合并（no_target_or_single_plan）。
托盘类型 MH423C（销售订单号：LAID16284AN02S）处理完成：总托盘 1，指数达标 0，未达标 1，平均缺口 0.74，最大缺口 0.74，失败托盘互借修复成功 0。
  - KPI：near/mid/deep=1/0/0，救回率=0.00%，pair效率=0.00%。
  - 耗时拆解：packing=0.01s，main_topup=0.00s，retry=0.00s，failed_pool=0.00s，repack=0.00s，total=0.05s。
正在处理托盘类型：MH423C，销售订单号：PAIN26290MN09S
  - 主算法：全局列式装箱 + 柱级组合优化（GCP）。
  - 失败托盘互借诊断：未合并（aborted_no_improvement_possible）。
托盘类型 MH423C（销售订单号：PAIN26290MN09S）处理完成：总托盘 2，指数达标 0，未达标 2，平均缺口 0.59，最大缺口 0.71，失败托盘互借修复成功 0。
  - KPI：near/mid/deep=2/0/0，救回率=0.00%，pair效率=0.00%。
  - 耗时拆解：packing=4.10s，main_topup=0.00s，retry=0.00s，failed_pool=0.00s，repack=3.06s，total=7.17s。
正在处理托盘类型：MH423C，销售订单号：LAID16294AN01S
  - 该分组不适合列式（多非满柱）→ 回退 beam + 配方优先。
  - 配方优先[fast]：规划 0 实例，实装成功 0，配方路径不可用 → 采用基线方案。
  - 指数诊断：箱子 9 个，总指数 0.110225，目标 0.85，理论最多达标托盘 0 个，剩余指数 0.110225。
  - 几何诊断：典型整层堆叠单盘参考上限 0.0958478/0.85。 当前目标可能受托盘高度/箱型组合限制。
  - 几何诊断提示：典型整层参考值 0.0958478 < 目标 0.85；该值不是不可达证明，继续执行指数救援。
  - 失败托盘互借诊断：未合并（no_target_or_single_plan）。
托盘类型 MH423C（销售订单号：LAID16294AN01S）处理完成：总托盘 1，指数达标 0，未达标 1，平均缺口 0.74，最大缺口 0.74，失败托盘互借修复成功 0。
  - KPI：near/mid/deep=1/0/0，救回率=0.00%，pair效率=0.00%。
  - 耗时拆解：packing=0.03s，main_topup=0.00s，retry=0.00s，failed_pool=0.00s，repack=0.00s，total=0.03s。
正在处理托盘类型：MH423C，销售订单号：LAMY16305FN01S
  - 主算法：全局列式装箱 + 柱级组合优化（GCP）。
  - 失败托盘互借诊断：未合并（no_target_or_single_plan）。
托盘类型 MH423C（销售订单号：LAMY16305FN01S）处理完成：总托盘 1，指数达标 0，未达标 1，平均缺口 0.74，最大缺口 0.74，失败托盘互借修复成功 0。
  - KPI：near/mid/deep=1/0/0，救回率=0.00%，pair效率=0.00%。
  - 耗时拆解：packing=0.03s，main_topup=0.00s，retry=0.00s，failed_pool=0.00s，repack=0.00s，total=0.03s。
正在处理托盘类型：MH423C，销售订单号：PAID16295BN01S
  - 主算法：全局列式装箱 + 柱级组合优化（GCP）。
  - 失败托盘互借诊断：未合并（no_target_or_single_plan）。
托盘类型 MH423C（销售订单号：PAID16295BN01S）处理完成：总托盘 1，指数达标 0，未达标 1，平均缺口 0.52，最大缺口 0.52，失败托盘互借修复成功 0。
  - KPI：near/mid/deep=1/0/0，救回率=0.00%，pair效率=0.00%。
  - 耗时拆解：packing=0.43s，main_topup=0.00s，retry=0.00s，failed_pool=0.00s，repack=0.00s，total=0.43s。
正在处理托盘类型：MH423C，销售订单号：PAID16296DN01S
  - 主算法：全局列式装箱 + 柱级组合优化（GCP）。
  - GCP 盘数远超理论（CP-SAT 装不满）→ 回退 baseline beam + 配方优先。
  - 配方优先[fast]：规划 0 实例，实装成功 0，配方路径不可用 → 采用基线方案。
  - 指数诊断：箱子 10 个，总指数 0.0958478，目标 0.85，理论最多达标托盘 0 个，剩余指数 0.0958478。
  - 几何诊断：典型整层堆叠单盘参考上限 0.0958478/0.85。 当前目标可能受托盘高度/箱型组合限制。
  - 几何诊断提示：典型整层参考值 0.0958478 < 目标 0.85；该值不是不可达证明，继续执行指数救援。
  - 失败托盘互借诊断：未合并（no_target_or_single_plan）。
托盘类型 MH423C（销售订单号：PAID16296DN01S）处理完成：总托盘 1，指数达标 0，未达标 1，平均缺口 0.75，最大缺口 0.75，失败托盘互借修复成功 0。
  - KPI：near/mid/deep=1/0/0，救回率=0.00%，pair效率=0.00%。
  - 耗时拆解：packing=0.01s，main_topup=0.00s，retry=0.00s，failed_pool=0.00s，repack=0.00s，total=0.09s。
正在处理托盘类型：MH423C，销售订单号：PAID16295EL05S
  - 该分组不适合列式（多非满柱）→ 回退 beam + 配方优先。
  - 配方优先[fast]：规划 0 实例，实装成功 0，配方路径不可用 → 采用基线方案。
  - 指数诊断：箱子 1 个，总指数 0.00958478，目标 0.85，理论最多达标托盘 0 个，剩余指数 0.00958478。
  - 几何诊断：典型整层堆叠单盘参考上限 0.00958478/0.85。 当前目标可能受托盘高度/箱型组合限制。
  - 几何诊断提示：典型整层参考值 0.00958478 < 目标 0.85；该值不是不可达证明，继续执行指数救援。
  - 失败托盘互借诊断：未合并（no_target_or_single_plan）。
托盘类型 MH423C（销售订单号：PAID16295EL05S）处理完成：总托盘 1，指数达标 0，未达标 1，平均缺口 0.84，最大缺口 0.84，失败托盘互借修复成功 0。
  - KPI：near/mid/deep=1/0/0，救回率=0.00%，pair效率=0.00%。
  - 耗时拆解：packing=0.00s，main_topup=0.00s，retry=0.00s，failed_pool=0.00s，repack=0.00s，total=0.00s。
正在处理托盘类型：MH423C，销售订单号：PAID16290FL03S
  - 该分组不适合列式（多非满柱）→ 回退 beam + 配方优先。
  - 配方优先[fast]：规划 0 实例，实装成功 0，配方路径不可用 → 采用基线方案。
  - 指数诊断：箱子 3 个，总指数 0.0287543，目标 0.85，理论最多达标托盘 0 个，剩余指数 0.0287543。
  - 几何诊断：典型整层堆叠单盘参考上限 0.0287543/0.85。 当前目标可能受托盘高度/箱型组合限制。
  - 几何诊断提示：典型整层参考值 0.0287543 < 目标 0.85；该值不是不可达证明，继续执行指数救援。
  - 失败托盘互借诊断：未合并（no_target_or_single_plan）。
托盘类型 MH423C（销售订单号：PAID16290FL03S）处理完成：总托盘 1，指数达标 0，未达标 1，平均缺口 0.82，最大缺口 0.82，失败托盘互借修复成功 0。
  - KPI：near/mid/deep=1/0/0，救回率=0.00%，pair效率=0.00%。
  - 耗时拆解：packing=0.00s，main_topup=0.00s，retry=0.00s，failed_pool=0.00s，repack=0.00s，total=0.01s。
正在处理托盘类型：MH423C，销售订单号：PAIN26290MN02S
  - 该分组不适合列式（多非满柱）→ 回退 beam + 配方优先。
  - 配方优先[fast]：规划 0 实例，实装成功 0，配方路径不可用 → 采用基线方案。
  - 指数诊断：箱子 56 个，总指数 0.422273，目标 0.85，理论最多达标托盘 0 个，剩余指数 0.422273。
  - 几何诊断：典型整层堆叠单盘参考上限 0.407896/0.85。 当前目标可能受托盘高度/箱型组合限制。
  - 几何诊断提示：典型整层参考值 0.407896 < 目标 0.85；该值不是不可达证明，继续执行指数救援。
  - 失败托盘互借诊断：未合并（no_target_or_single_plan）。
托盘类型 MH423C（销售订单号：PAIN26290MN02S）处理完成：总托盘 1，指数达标 0，未达标 1，平均缺口 0.43，最大缺口 0.43，失败托盘互借修复成功 0。
  - KPI：near/mid/deep=1/0/0，救回率=0.00%，pair效率=0.00%。
  - 耗时拆解：packing=0.48s，main_topup=0.00s，retry=0.00s，failed_pool=0.00s，repack=0.00s，total=1.88s。
正在处理托盘类型：MH423C，销售订单号：PAIN26290MZ07S
  - 该分组不适合列式（多非满柱）→ 回退 beam + 配方优先。
  - 配方优先[fast]：规划 0 实例，实装成功 0，配方路径不可用 → 采用基线方案。
  - 指数诊断：箱子 72 个，总指数 1.06051，目标 0.85，理论最多达标托盘 1 个，剩余指数 0.210512。
  - 几何诊断：典型整层堆叠单盘参考上限 0.639348/0.85。 当前目标可能受托盘高度/箱型组合限制。
  - 几何诊断提示：典型整层参考值 0.639348 < 目标 0.85；该值不是不可达证明，继续执行指数救援。
  - 失败托盘互借诊断：未合并（aborted_no_improvement_possible）。
托盘类型 MH423C（销售订单号：PAIN26290MZ07S）处理完成：总托盘 2，指数达标 0，未达标 2，平均缺口 0.32，最大缺口 0.50，失败托盘互借修复成功 0。
  - KPI：near/mid/deep=2/0/0，救回率=0.00%，pair效率=0.00%。
  - 耗时拆解：packing=0.80s，main_topup=0.01s，retry=0.00s，failed_pool=6.29s，repack=8.36s，total=9.17s。
正在处理托盘类型：MH423C，销售订单号：PEG106290LN01S
  - 主算法：全局列式装箱 + 柱级组合优化（GCP）。
  - 失败托盘互借诊断：未合并（no_target_or_single_plan）。
托盘类型 MH423C（销售订单号：PEG106290LN01S）处理完成：总托盘 1，指数达标 0，未达标 1，平均缺口 0.29，最大缺口 0.29，失败托盘互借修复成功 0。
  - KPI：near/mid/deep=1/0/0，救回率=0.00%，pair效率=0.00%。
  - 耗时拆解：packing=0.31s，main_topup=0.00s，retry=0.00s，failed_pool=0.00s，repack=0.00s，total=0.31s。
正在处理托盘类型：MH423C，销售订单号：LAID16306DN03S
  - 主算法：全局列式装箱 + 柱级组合优化（GCP）。
  - 失败托盘互借诊断：未合并（no_target_or_single_plan）。
托盘类型 MH423C（销售订单号：LAID16306DN03S）处理完成：总托盘 1，指数达标 0，未达标 1，平均缺口 0.56，最大缺口 0.56，失败托盘互借修复成功 0。
  - KPI：near/mid/deep=1/0/0，救回率=0.00%，pair效率=0.00%。
  - 耗时拆解：packing=0.05s，main_topup=0.00s，retry=0.00s，failed_pool=0.00s，repack=0.00s，total=0.05s。
正在处理托盘类型：MH423C，销售订单号：LAID16306DN03S__SPLITREST__
  - 该分组不适合列式（多非满柱）→ 回退 beam + 配方优先。
  - 配方优先[fast]：规划 0 实例，实装成功 0，配方路径不可用 → 采用基线方案。
  - 指数诊断：箱子 2 个，总指数 0.0191696，目标 0.85，理论最多达标托盘 0 个，剩余指数 0.0191696。
  - 几何诊断：典型整层堆叠单盘参考上限 0.0191696/0.85。 当前目标可能受托盘高度/箱型组合限制。
  - 几何诊断提示：典型整层参考值 0.0191696 < 目标 0.85；该值不是不可达证明，继续执行指数救援。
  - 失败托盘互借诊断：未合并（no_target_or_single_plan）。
托盘类型 MH423C（销售订单号：LAID16306DN03S__SPLITREST__）处理完成：总托盘 1，指数达标 0，未达标 1，平均缺口 0.83，最大缺口 0.83，失败托盘互借修复成功 0。
  - KPI：near/mid/deep=1/0/0，救回率=0.00%，pair效率=0.00%。
  - 耗时拆解：packing=0.00s，main_topup=0.00s，retry=0.00s，failed_pool=0.00s，repack=0.00s，total=0.00s。
正在处理托盘类型：MH423C，销售订单号：LAID16306DN02S
  - 主算法：全局列式装箱 + 柱级组合优化（GCP）。
  - 失败托盘互借诊断：未合并（no_target_or_single_plan）。
托盘类型 MH423C（销售订单号：LAID16306DN02S）处理完成：总托盘 1，指数达标 0，未达标 1，平均缺口 0.49，最大缺口 0.49，失败托盘互借修复成功 0。
  - KPI：near/mid/deep=1/0/0，救回率=0.00%，pair效率=0.00%。
  - 耗时拆解：packing=0.12s，main_topup=0.00s，retry=0.00s，failed_pool=0.00s，repack=0.00s，total=0.12s。
正在处理托盘类型：MH423C，销售订单号：LAID16306DN02S__SPLITREST__
  - 该分组不适合列式（多非满柱）→ 回退 beam + 配方优先。
  - 配方优先[fast]：规划 0 实例，实装成功 0，配方路径不可用 → 采用基线方案。
  - 指数诊断：箱子 2 个，总指数 0.0191696，目标 0.85，理论最多达标托盘 0 个，剩余指数 0.0191696。
  - 几何诊断：典型整层堆叠单盘参考上限 0.0191696/0.85。 当前目标可能受托盘高度/箱型组合限制。
  - 几何诊断提示：典型整层参考值 0.0191696 < 目标 0.85；该值不是不可达证明，继续执行指数救援。
  - 失败托盘互借诊断：未合并（no_target_or_single_plan）。
托盘类型 MH423C（销售订单号：LAID16306DN02S__SPLITREST__）处理完成：总托盘 1，指数达标 0，未达标 1，平均缺口 0.83，最大缺口 0.83，失败托盘互借修复成功 0。
  - KPI：near/mid/deep=1/0/0，救回率=0.00%，pair效率=0.00%。
  - 耗时拆解：packing=0.00s，main_topup=0.00s，retry=0.00s，failed_pool=0.00s，repack=0.00s，total=0.00s。
正在处理托盘类型：MH423C，销售订单号：PAIN26280MZ06S
  - 主算法：全局列式装箱 + 柱级组合优化（GCP）。
  - 失败托盘互借诊断：未合并（no_target_or_single_plan）。
托盘类型 MH423C（销售订单号：PAIN26280MZ06S）处理完成：总托盘 1，指数达标 0，未达标 1，平均缺口 0.29，最大缺口 0.29，失败托盘互借修复成功 0。
  - KPI：near/mid/deep=1/0/0，救回率=0.00%，pair效率=0.00%。
  - 耗时拆解：packing=0.47s，main_topup=0.00s，retry=0.00s，failed_pool=0.00s，repack=0.00s，total=0.47s。
正在处理托盘类型：MH423C，销售订单号：PAID16306DN01S
  - 主算法：全局列式装箱 + 柱级组合优化（GCP）。
  - 失败托盘互借诊断：未合并（no_target_or_single_plan）。
托盘类型 MH423C（销售订单号：PAID16306DN01S）处理完成：总托盘 1，指数达标 0，未达标 1，平均缺口 0.68，最大缺口 0.68，失败托盘互借修复成功 0。
  - KPI：near/mid/deep=1/0/0，救回率=0.00%，pair效率=0.00%。
  - 耗时拆解：packing=0.16s，main_topup=0.00s，retry=0.00s，failed_pool=0.00s，repack=0.00s，total=0.16s。
正在处理托盘类型：MH423C，销售订单号：PAIN26280BN01S
  - 主算法：全局列式装箱 + 柱级组合优化（GCP）。
  - 失败托盘互借诊断：未合并（no_target_or_single_plan）。
托盘类型 MH423C（销售订单号：PAIN26280BN01S）处理完成：总托盘 1，指数达标 0，未达标 1，平均缺口 0.64，最大缺口 0.64，失败托盘互借修复成功 0。
  - KPI：near/mid/deep=1/0/0，救回率=0.00%，pair效率=0.00%。
  - 耗时拆解：packing=0.10s，main_topup=0.00s，retry=0.00s，failed_pool=0.00s，repack=0.00s，total=0.10s。
正在处理托盘类型：MH423C，销售订单号：PAID16300FN01S
  - 该分组不适合列式（多非满柱）→ 回退 beam + 配方优先。
  - 配方优先[fast]：规划 0 实例，实装成功 0，配方路径不可用 → 采用基线方案。
  - 指数诊断：箱子 1 个，总指数 0.0191696，目标 0.85，理论最多达标托盘 0 个，剩余指数 0.0191696。
  - 几何诊断：典型整层堆叠单盘参考上限 0.0191696/0.85。 当前目标可能受托盘高度/箱型组合限制。
  - 几何诊断提示：典型整层参考值 0.0191696 < 目标 0.85；该值不是不可达证明，继续执行指数救援。
  - 失败托盘互借诊断：未合并（no_target_or_single_plan）。
托盘类型 MH423C（销售订单号：PAID16300FN01S）处理完成：总托盘 1，指数达标 0，未达标 1，平均缺口 0.83，最大缺口 0.83，失败托盘互借修复成功 0。
  - KPI：near/mid/deep=1/0/0，救回率=0.00%，pair效率=0.00%。
  - 耗时拆解：packing=0.00s，main_topup=0.00s，retry=0.00s，failed_pool=0.00s，repack=0.00s，total=0.00s。
正在处理托盘类型：MH423C，销售订单号：PAID16295BD02S
  - 主算法：全局列式装箱 + 柱级组合优化（GCP）。
  - 失败托盘互借诊断：未合并（no_target_or_single_plan）。
托盘类型 MH423C（销售订单号：PAID16295BD02S）处理完成：总托盘 1，指数达标 0，未达标 1，平均缺口 0.68，最大缺口 0.68，失败托盘互借修复成功 0。
  - KPI：near/mid/deep=1/0/0，救回率=0.00%，pair效率=0.00%。
  - 耗时拆解：packing=0.07s，main_topup=0.00s，retry=0.00s，failed_pool=0.00s，repack=0.00s，total=0.07s。
正在处理托盘类型：MH423C，销售订单号：LAID16285EN01S
  - 主算法：全局列式装箱 + 柱级组合优化（GCP）。
  - GCP 盘数远超理论（CP-SAT 装不满）→ 回退 baseline beam + 配方优先。
  - 配方优先[fast]：规划 0 实例，实装成功 0，配方路径不可用 → 采用基线方案。
  - 指数诊断：箱子 4 个，总指数 0.115017，目标 0.85，理论最多达标托盘 0 个，剩余指数 0.115017。
  - 几何诊断：典型整层堆叠单盘参考上限 0.115017/0.85。 当前目标可能受托盘高度/箱型组合限制。
  - 几何诊断提示：典型整层参考值 0.115017 < 目标 0.85；该值不是不可达证明，继续执行指数救援。
  - 失败托盘互借诊断：未合并（no_target_or_single_plan）。
托盘类型 MH423C（销售订单号：LAID16285EN01S）处理完成：总托盘 1，指数达标 0，未达标 1，平均缺口 0.73，最大缺口 0.73，失败托盘互借修复成功 0。
  - KPI：near/mid/deep=1/0/0，救回率=0.00%，pair效率=0.00%。
  - 耗时拆解：packing=0.00s，main_topup=0.00s，retry=0.00s，failed_pool=0.00s，repack=0.00s，total=0.02s。
正在处理托盘类型：MH423C，销售订单号：PAID16305BN01S
  - 该分组不适合列式（多非满柱）→ 回退 beam + 配方优先。
  - 配方优先[fast]：规划 0 实例，实装成功 0，配方路径不可用 → 采用基线方案。
  - 指数诊断：箱子 2 个，总指数 0.0191696，目标 0.85，理论最多达标托盘 0 个，剩余指数 0.0191696。
  - 几何诊断：典型整层堆叠单盘参考上限 0.0191696/0.85。 当前目标可能受托盘高度/箱型组合限制。
  - 几何诊断提示：典型整层参考值 0.0191696 < 目标 0.85；该值不是不可达证明，继续执行指数救援。
  - 失败托盘互借诊断：未合并（no_target_or_single_plan）。
托盘类型 MH423C（销售订单号：PAID16305BN01S）处理完成：总托盘 1，指数达标 0，未达标 1，平均缺口 0.83，最大缺口 0.83，失败托盘互借修复成功 0。
  - KPI：near/mid/deep=1/0/0，救回率=0.00%，pair效率=0.00%。
  - 耗时拆解：packing=0.00s，main_topup=0.00s，retry=0.00s，failed_pool=0.00s，repack=0.00s，total=0.01s。
  - 失败盘装满压实：合并/吸收 1 次（纯减盘数）。
  - 跨子组装满压实（MH423C / LAID16306DN01S）：合并 1 次（纯减盘数）。
  - 失败盘装满压实：合并/吸收 1 次（纯减盘数）。
  - 跨子组装满压实（MH423C / LAID16296DN01S）：合并 1 次（纯减盘数）。
  - 失败盘装满压实：合并/吸收 1 次（纯减盘数）。
  - 跨子组装满压实（MH423C / LAID16296DN02S）：合并 1 次（纯减盘数）。
  - 失败盘装满压实：合并/吸收 1 次（纯减盘数）。
  - 跨子组装满压实（MH423C / PAIN26286EN01S）：合并 1 次（纯减盘数）。
  - 跨子组条件双路径（MH423C / LFEG16290IN03S）：采用严格更优完整路径。
  - 失败盘装满压实：合并/吸收 1 次（纯减盘数）。
  - 跨子组装满压实（MH423C / LAID16295EN01S）：合并 1 次（纯减盘数）。
  - 失败盘装满压实：合并/吸收 1 次（纯减盘数）。
  - 跨子组装满压实（MH423C / LAMY16315FN01S）：合并 1 次（纯减盘数）。
  - 失败盘装满压实：合并/吸收 1 次（纯减盘数）。
  - 跨子组装满压实（MH423C / PAIN26296EC02S）：合并 1 次（纯减盘数）。
  - 失败盘装满压实：合并/吸收 1 次（纯减盘数）。
  - 跨子组装满压实（MH423C / LAID16306DN03S）：合并 1 次（纯减盘数）。
  - 失败盘装满压实：合并/吸收 1 次（纯减盘数）。
  - 跨子组装满压实（MH423C / LAID16306DN02S）：合并 1 次（纯减盘数）。
  - 外形规整优化：尝试 1 盘，改善 1 盘。
========================================
统计汇总：总托盘 87，指数达标 1，未达标 86，未知 0，平均缺口 136.78，最大缺口 191.50，失败托盘互借修复成功 0
KPI汇总：near/mid/deep=0/0/85，pair尝试=0，pair改进=0，pair效率=0.00%
耗时汇总：packing=62.44s，main_topup=0.05s，retry=0.00s，repack=31.83s，end_to_end=197.46s
========================================
[WCS-装] SUCCESS 产品码 48 个，SUCCESS 盘 1，FAILED 盘 86。
[WCS-装] 本轮计算结束。
[WCS-装] 本轮方案已保存（success）：C:\Users\18252\Desktop\zhuang\packing-workspace\output\success\packing_plan_20261008_145436.json
[执行规划] 产物目录：C:\Users\18252\Desktop\zhuang\packing-workspace\output\success（success）
[执行规划] 开始：D:\anaconda\envs\packing-zhuang\python.exe C:\Users\18252\Desktop\zhuang\packing-system\run_execution_planning.py C:\Users\18252\Desktop\zhuang\packing-workspace\output\success\packing_plan_20261008_145436.json --config C:\Users\18252\Desktop\zhuang\packing-workspace\runtime\packing-realtime\temp\ui_config_api_20261008_145426.yaml --output C:\Users\18252\Desktop\zhuang\packing-workspace\output\success\packing_plan_20261008_145436_execution.json --wcs-output C:\Users\18252\Desktop\zhuang\packing-workspace\output\success\packing_plan_20261008_145436_execution_wcs.json --wcs-map-output C:\Users\18252\Desktop\zhuang\packing-workspace\output\success\packing_plan_20261008_145436_execution_wcs_map.json
[WCS-DB] wcs_success_box：归档旧未下传记录 182 行。
[WCS-DB] wcs_success_box：替换旧托盘 1 个，删除 39 行，写入 48 行
[WCS-DB] wcs_success_box：本批候选 48 行，本批写入 48 行。
[WCS-DB] wcs_box_orientation：本批候选 48 行，写入影响 48（含已存在跳过）。
[现场码垛] 新计算结果已入库，已清空旧码放队列 7663 条
[现场会话] 新计算结果已入库，当前没有未完成托盘
execution plan written: pallets=87 boxes=2040 reordered_pallets=74 path=C:\Users\18252\Desktop\zhuang\packing-workspace\output\success\packing_plan_20261008_145436_execution.json
WCS execution cases written: C:\Users\18252\Desktop\zhuang\packing-workspace\output\success\packing_plan_20261008_145436_execution_wcs.json
WCS execution plan map written: C:\Users\18252\Desktop\zhuang\packing-workspace\output\success\packing_plan_20261008_145436_execution_wcs_map.json
execution scan deviations pallet='MH423C-PAIN26280MN08S-1' count=7: expected='WCS-0027-YBB080-0000' selected='WCS-0117-YZX424-0000' box='WCS-0027-YBB080-0000' after='WCS-0117-YZX424-0000' reason=open_direction lookahead=true; expected='WCS-0032-YBB080-0000' selected='WCS-0123-YZX424-0000' box='WCS-0032-YBB080-0000' after='WCS-0123-YZX424-0000' reason=open_direction lookahead=true; expected='WCS-0029-YBB080-0000' selected='WCS-0121-YZX424-0000' box='WCS-0029-YBB080-0000' after='WCS-0121-YZX424-0000' reason=open_direction lookahead=true; expected='WCS-0030-YBB080-0000' selected='WCS-0124-YZX424-0000' box='WCS-0030-YBB080-0000' after='WCS-0124-YZX424-0000' reason=open_direction lookahead=true; expected='WCS-0028-YBB080-0000' selected='WCS-0004-YZX428-0000' box='WCS-0028-YBB080-0000' after='WCS-0004-YZX428-0000' reason=open_direction lookahead=true; expected='WCS-0031-YBB080-0000' selected='WCS-0122-YZX424-0000' box='WCS-0031-YBB080-0000' after='WCS-0122-YZX424-0000' reason=open_direction lookahead=true; expected='WCS-0026-YBB080-0000' selected='WCS-0125-YZX424-0000' box='WCS-0026-YBB080-0000' after='WCS-0125-YZX424-0000' reason=open_direction lookahead=true
execution scan deviations pallet='MH423C-LAID16306DN01S-1' count=6: expected='WCS-1771-YZX424-0000' selected='WCS-1725-YZX424-0000' box='WCS-1771-YZX424-0000' after='WCS-1725-YZX424-0000' reason=open_direction lookahead=true; expected='WCS-1772-YZX424-0000' selected='WCS-1727-YZX424-0000' box='WCS-1772-YZX424-0000' after='WCS-1727-YZX424-0000' reason=open_direction lookahead=true; expected='WCS-1386-YZX424-0000' selected='WCS-1382-YZX424-0000' box='WCS-1386-YZX424-0000' after='WCS-1382-YZX424-0000' reason=open_direction lookahead=true; expected='WCS-1393-YZX424-0000' selected='WCS-1731-YZX424-0000' box='WCS-1393-YZX424-0000' after='WCS-1731-YZX424-0000' reason=open_direction lookahead=true; expected='WCS-0138-YBB106-0000' selected='WCS-0006-YBB267-0000' box='WCS-0138-YBB106-0000' after='WCS-0006-YBB267-0000' reason=open_direction lookahead=true; expected='WCS-0007-YBB267-0000' selected='WCS-0146-YBB106-0000' box='WCS-0007-YBB267-0000' after='WCS-0146-YBB106-0000' reason=open_direction lookahead=true
execution scan deviations pallet='MH423C-LAID16306DN01S-2' count=2: expected='WCS-1671-YZX444-0000' selected='WCS-1011-YZX428-0000' box='WCS-1671-YZX444-0000' after='WCS-1011-YZX428-0000' reason=open_direction lookahead=true; expected='WCS-1670-YZX444-0000' selected='WCS-1012-YZX428-0000' box='WCS-1670-YZX444-0000' after='WCS-1012-YZX428-0000' reason=open_direction lookahead=true
execution scan deviations pallet='MH423C-LAID16296DN01S-1' count=4: expected='WCS-0009-YBB267-0000' selected='WCS-0208-YZX848-0000' box='WCS-0009-YBB267-0000' after='WCS-0208-YZX848-0000' reason=open_direction lookahead=true; expected='WCS-1738-YZX244-0000' selected='WCS-0038-DZX848-0000' box='WCS-1738-YZX244-0000' after='WCS-0038-DZX848-0000' reason=open_direction lookahead=true; expected='WCS-0011-YBB267-0000' selected='WCS-0336-YZX848-0000' box='WCS-0011-YBB267-0000' after='WCS-0336-YZX848-0000' reason=open_direction lookahead=true; expected='WCS-1319-YZX424-0000' selected='WCS-1324-YZX424-0000' box='WCS-1319-YZX424-0000' after='WCS-1324-YZX424-0000' reason=open_direction lookahead=true
execution scan deviations pallet='MH423C-LAID16296DN02S-1' count=7: expected='WCS-1023-DZX448-0000' selected='WCS-0210-YZX848-0000' box='WCS-1023-DZX448-0000' after='WCS-0210-YZX848-0000' reason=open_direction lookahead=true; expected='WCS-0012-YBB267-0000' selected='WCS-0020-ZX848-0000' box='WCS-0012-YBB267-0000' after='WCS-0020-ZX848-0000' reason=open_direction lookahead=true; expected='WCS-0109-DZX448-0000' selected='WCS-0155-YZX848-0000' box='WCS-0109-DZX448-0000' after='WCS-0155-YZX848-0000' reason=open_direction lookahead=true; expected='WCS-0013-YBB267-0000' selected='WCS-0157-YZX848-0000' box='WCS-0013-YBB267-0000' after='WCS-0157-YZX848-0000' reason=open_direction lookahead=true; expected='WCS-1359-DZX424-0000' selected='WCS-0365-YBB225-0000' box='WCS-1359-DZX424-0000' after='WCS-0365-YBB225-0000' reason=open_direction lookahead=true; expected='WCS-1360-DZX424-0000' selected='WCS-1363-DZX424-0000' box='WCS-1360-DZX424-0000' after='WCS-1363-DZX424-0000' reason=open_direction lookahead=true; expected='WCS-0135-YBB106-0000' selected='WCS-0158-YZX848-0000' box='WCS-0135-YBB106-0000' after='WCS-0158-YZX848-0000' reason=open_direction lookahead=true
execution scan deviations pallet='MH423C-LAID16296DN03S-1' count=3: expected='WCS-0042-DZX448-0000' selected='WCS-1103-YZX428-0000' box='WCS-0042-DZX448-0000' after='WCS-1103-YZX428-0000' reason=open_direction lookahead=true; expected='WCS-1021-DZX448-0000' selected='WCS-0016-YBB267-0000' box='WCS-1021-DZX448-0000' after='WCS-0016-YBB267-0000' reason=open_direction lookahead=true; expected='WCS-1022-DZX448-0000' selected='WCS-0014-YBB267-0000' box='WCS-1022-DZX448-0000' after='WCS-0014-YBB267-0000' reason=open_direction lookahead=true
execution scan deviations pallet='MH423C-PAIN26286EN01S-1' count=3: expected='WCS-0045-YZX244-0000' selected='WCS-0093-YZX507-0000' box='WCS-0045-YZX244-0000' after='WCS-0093-YZX507-0000' reason=open_direction lookahead=true; expected='WCS-0098-YZX507-0000' selected='WCS-0338-YZX428-0000' box='WCS-0098-YZX507-0000' after='WCS-0338-YZX428-0000' reason=open_direction lookahead=true; expected='WCS-0046-YZX244-0000' selected='WCS-0094-YZX507-0000' box='WCS-0046-YZX244-0000' after='WCS-0094-YZX507-0000' reason=open_direction lookahead=true
execution scan deviations pallet='MH423C-LFEG16290IN02S-1' count=5: expected='WCS-0690-YBB125-0000' selected='WCS-0258-YZX848-0000' box='WCS-0690-YBB125-0000' after='WCS-0258-YZX848-0000' reason=open_direction lookahead=true; expected='WCS-0224-YZX448-0000' selected='WCS-0019-YBB135-0000' box='WCS-0224-YZX448-0000' after='WCS-0019-YBB135-0000' reason=open_direction lookahead=true; expected='WCS-0693-YBB125-0000' selected='WCS-0695-YBB125-0000' box='WCS-0693-YBB125-0000' after='WCS-0695-YBB125-0000' reason=open_direction lookahead=true; expected='WCS-0694-YBB125-0000' selected='WCS-1065-YZX444-0000' box='WCS-0694-YBB125-0000' after='WCS-1065-YZX444-0000' reason=open_direction lookahead=true; expected='WCS-0551-DZX422-0000' selected='WCS-0257-YZX848-0000' box='WCS-0551-DZX422-0000' after='WCS-0257-YZX848-0000' reason=open_direction lookahead=true
execution scan deviations pallet='MH423C-LAID16295BN02S-1' count=3: expected='WCS-0110-YZX448-0000' selected='WCS-0661-YBB125-0000' box='WCS-0110-YZX448-0000' after='WCS-0661-YBB125-0000' reason=open_direction lookahead=true; expected='WCS-0111-YZX448-0000' selected='WCS-0660-YBB125-0000' box='WCS-0111-YZX448-0000' after='WCS-0660-YBB125-0000' reason=open_direction lookahead=true; expected='WCS-0113-YZX448-0000' selected='WCS-0663-YBB125-0000' box='WCS-0113-YZX448-0000' after='WCS-0663-YBB125-0000' reason=open_direction lookahead=true
execution scan deviations pallet='MH423C-LFEG16290IN03S-1' count=4: expected='WCS-0131-DZX448-0000' selected='WCS-0754-YBB005-0000' box='WCS-0131-DZX448-0000' after='WCS-0754-YBB005-0000' reason=open_direction lookahead=true; expected='WCS-0742-YBB005-0000' selected='WCS-0259-YZX848-0000' box='WCS-0742-YBB005-0000' after='WCS-0259-YZX848-0000' reason=open_direction lookahead=true; expected='WCS-0743-YBB005-0000' selected='WCS-0673-YBB125-0000' box='WCS-0743-YBB005-0000' after='WCS-0673-YBB125-0000' reason=open_direction lookahead=true; expected='WCS-1227-YZX428-0000' selected='WCS-0752-YBB005-0000' box='WCS-1227-YZX428-0000' after='WCS-0752-YBB005-0000' reason=hard_dependency
execution scan deviations pallet='MH423C-LFEG16290IN03S-2' count=8: expected='WCS-0723-DZX448-0000' selected='WCS-1677-YZX448-0000' box='WCS-0723-DZX448-0000' after='WCS-1677-YZX448-0000' reason=open_direction lookahead=true; expected='WCS-1211-YZX507-0000' selected='WCS-1055-YZX444-0000' box='WCS-1211-YZX507-0000' after='WCS-1055-YZX444-0000' reason=open_direction lookahead=true; expected='WCS-1213-YZX507-0000' selected='WCS-1222-YZX428-0000' box='WCS-1213-YZX507-0000' after='WCS-1222-YZX428-0000' reason=open_direction lookahead=true; expected='WCS-1673-YZX444-0000' selected='WCS-1037-YZX444-0000' box='WCS-1673-YZX444-0000' after='WCS-1037-YZX444-0000' reason=open_direction lookahead=true; expected='WCS-1033-YZX444-0000' selected='WCS-1056-YZX444-0000' box='WCS-1033-YZX444-0000' after='WCS-1056-YZX444-0000' reason=open_direction lookahead=true; expected='WCS-1039-YZX444-0000' selected='WCS-1041-YZX444-0000' box='WCS-1039-YZX444-0000' after='WCS-1041-YZX444-0000' reason=open_direction lookahead=true; expected='WCS-0986-YZX448-0000' selected='WCS-1043-YZX444-0000' box='WCS-0986-YZX448-0000' after='WCS-1043-YZX444-0000' reason=open_direction lookahead=true; expected='WCS-1034-YZX444-0000' selected='WCS-1047-YZX444-0000' box='WCS-1034-YZX444-0000' after='WCS-1047-YZX444-0000' reason=open_direction lookahead=true
execution scan deviations pallet='MH423C-LAMY16295FN01S-1' count=1: expected='WCS-0389-YBB077-0000' selected='WCS-1339-YZX424-0000' box='WCS-0389-YBB077-0000' after='WCS-1339-YZX424-0000' reason=open_direction lookahead=true
execution scan deviations pallet='MH423C-PAIN26290BN01S-1' count=3: expected='WCS-0261-YZX448-0000' selected='WCS-1346-YZX848-0000' box='WCS-0261-YZX448-0000' after='WCS-1346-YZX848-0000' reason=open_direction lookahead=true; expected='WCS-1623-YZX448-0000' selected='WCS-1090-YZX448-0000' box='WCS-1623-YZX448-0000' after='WCS-1090-YZX448-0000' reason=open_direction lookahead=true; expected='WCS-1624-YZX448-0000' selected='WCS-1098-YZX448-0000' box='WCS-1624-YZX448-0000' after='WCS-1098-YZX448-0000' reason=open_direction lookahead=true
execution scan deviations pallet='MH423C-PAIN26290BC02S-1' count=9: expected='WCS-0291-YZX444-0000' selected='WCS-0300-YZX444-0000' box='WCS-0291-YZX444-0000' after='WCS-0300-YZX444-0000' reason=open_direction lookahead=true; expected='WCS-0294-YZX444-0000' selected='WCS-0315-YZX444-0000' box='WCS-0294-YZX444-0000' after='WCS-0315-YZX444-0000' reason=open_direction lookahead=true; expected='WCS-0297-YZX444-0000' selected='WCS-0499-YZX428-0000' box='WCS-0297-YZX444-0000' after='WCS-0499-YZX428-0000' reason=open_direction lookahead=true; expected='WCS-0292-YZX444-0000' selected='WCS-0504-YZX428-0000' box='WCS-0292-YZX444-0000' after='WCS-0504-YZX428-0000' reason=open_direction lookahead=true; expected='WCS-0295-YZX444-0000' selected='WCS-0316-YZX444-0000' box='WCS-0295-YZX444-0000' after='WCS-0316-YZX444-0000' reason=open_direction lookahead=true; expected='WCS-0298-YZX444-0000' selected='WCS-0501-YZX428-0000' box='WCS-0298-YZX444-0000' after='WCS-0501-YZX428-0000' reason=open_direction lookahead=true; expected='WCS-0293-YZX444-0000' selected='WCS-0506-YZX428-0000' box='WCS-0293-YZX444-0000' after='WCS-0506-YZX428-0000' reason=open_direction lookahead=true; expected='WCS-0296-YZX444-0000' selected='WCS-0317-YZX444-0000' box='WCS-0296-YZX444-0000' after='WCS-0317-YZX444-0000' reason=open_direction lookahead=true; ...
execution scan deviations pallet='MH423C-PAIN26290GN01S-1' count=7: expected='WCS-1829-YZX444-0000' selected='WCS-1163-YZX848-0000' box='WCS-1829-YZX444-0000' after='WCS-1163-YZX848-0000' reason=open_direction lookahead=true; expected='WCS-1830-YZX444-0000' selected='WCS-1549-DZX448-0000' box='WCS-1830-YZX444-0000' after='WCS-1549-DZX448-0000' reason=open_direction lookahead=true; expected='WCS-0047-YBB248-0000' selected='WCS-1554-DZX448-0000' box='WCS-0047-YBB248-0000' after='WCS-1554-DZX448-0000' reason=hard_dependency; expected='WCS-1273-YBB096-0000' selected='WCS-1557-DZX448-0000' box='WCS-1273-YBB096-0000' after='WCS-1557-DZX448-0000' reason=open_direction lookahead=true; expected='WCS-0244-YZX424-0000' selected='WCS-1561-DZX448-0000' box='WCS-0244-YZX424-0000' after='WCS-1561-DZX448-0000' reason=open_direction lookahead=true; expected='WCS-1167-YZX428-0000' selected='WCS-1565-DZX448-0000' box='WCS-1167-YZX428-0000' after='WCS-1565-DZX448-0000' reason=open_direction lookahead=true; expected='WCS-0050-YBB106-0000' selected='WCS-0051-YBB106-0000' box='WCS-0050-YBB106-0000' after='WCS-0051-YBB106-0000' reason=open_direction lookahead=true
execution scan deviations pallet='MH423C-LAID16295EN02S-1' count=8: expected='WCS-1687-YZX444-0000' selected='WCS-0152-YZX848-0000' box='WCS-1687-YZX444-0000' after='WCS-0152-YZX848-0000' reason=open_direction lookahead=true; expected='WCS-1688-YZX444-0000' selected='WCS-1277-YZX444-0000' box='WCS-1688-YZX444-0000' after='WCS-1277-YZX444-0000' reason=open_direction lookahead=true; expected='WCS-1275-YZX444-0000' selected='WCS-1406-YZX424-0000' box='WCS-1275-YZX444-0000' after='WCS-1406-YZX424-0000' reason=open_direction lookahead=true; expected='WCS-1276-YZX444-0000' selected='WCS-1410-YZX424-0000' box='WCS-1276-YZX444-0000' after='WCS-1410-YZX424-0000' reason=open_direction lookahead=true; expected='WCS-1416-YZX424-0000' selected='WCS-0566-DZX448-0000' box='WCS-1416-YZX424-0000' after='WCS-0566-DZX448-0000' reason=open_direction lookahead=true; expected='WCS-1413-YZX424-0000' selected='WCS-1423-YZX424-0000' box='WCS-1413-YZX424-0000' after='WCS-1423-YZX424-0000' reason=open_direction lookahead=true; expected='WCS-1429-YZX424-0000' selected='WCS-1421-YZX424-0000' box='WCS-1429-YZX424-0000' after='WCS-1421-YZX424-0000' reason=open_direction lookahead=true; expected='WCS-1426-YZX424-0000' selected='WCS-1108-YZX428-0000' box='WCS-1426-YZX424-0000' after='WCS-1108-YZX428-0000' reason=open_direction lookahead=true
execution scan deviations pallet='MH423C-LAID16295EN02S-2' count=1: expected='WCS-0204-YBB258-0000' selected='WCS-0198-YBB285-0000' box='WCS-0204-YBB258-0000' after='WCS-0198-YBB285-0000' reason=open_direction lookahead=true
execution scan deviations pallet='MH423C-LFEG16290IN01S-1' count=3: expected='WCS-1059-YZX444-0000' selected='WCS-0998-YZX424-0000' box='WCS-1059-YZX444-0000' after='WCS-0998-YZX424-0000' reason=open_direction lookahead=true; expected='WCS-1060-YZX444-0000' selected='WCS-0559-YZX428-0000' box='WCS-1060-YZX444-0000' after='WCS-0559-YZX428-0000' reason=open_direction lookahead=true; expected='WCS-1061-YZX444-0000' selected='WCS-0406-DZX428-0000' box='WCS-1061-YZX444-0000' after='WCS-0406-DZX428-0000' reason=open_direction lookahead=true
execution scan deviations pallet='MH423C-LAID16295EN01S-1' count=5: expected='WCS-1716-DZX448-0000' selected='WCS-0969-YZX848-0000' box='WCS-1716-DZX448-0000' after='WCS-0969-YZX848-0000' reason=open_direction lookahead=true; expected='WCS-1720-DZX448-0000' selected='WCS-0216-YZX448-0000' box='WCS-1720-DZX448-0000' after='WCS-0216-YZX448-0000' reason=open_direction lookahead=true; expected='WCS-1721-DZX448-0000' selected='WCS-0222-DZX448-0000' box='WCS-1721-DZX448-0000' after='WCS-0222-DZX448-0000' reason=open_direction lookahead=true; expected='WCS-0704-YZX428-0000' selected='WCS-1058-YZX448-0000' box='WCS-0704-YZX428-0000' after='WCS-1058-YZX448-0000' reason=open_direction lookahead=true; expected='WCS-1887-YZX424-0000' selected='WCS-0979-YZX448-0000' box='WCS-1887-YZX424-0000' after='WCS-0979-YZX448-0000' reason=open_direction lookahead=true
execution scan deviations pallet='MH423C-LAID16295BN01S-1' count=5: expected='WCS-0803-YZX444-0000' selected='WCS-0330-YZX848-0000' box='WCS-0803-YZX444-0000' after='WCS-0330-YZX848-0000' reason=open_direction lookahead=true; expected='WCS-1027-DZX448-0000' selected='WCS-0681-YBB125-0000' box='WCS-1027-DZX448-0000' after='WCS-0681-YBB125-0000' reason=open_direction lookahead=true; expected='WCS-0804-YZX444-0000' selected='WCS-0540-DZX848-0000' box='WCS-0804-YZX444-0000' after='WCS-0540-DZX848-0000' reason=open_direction lookahead=true; expected='WCS-0801-YZX444-0000' selected='WCS-0686-YBB125-0000' box='WCS-0801-YZX444-0000' after='WCS-0686-YBB125-0000' reason=open_direction lookahead=true; expected='WCS-0802-YZX444-0000' selected='WCS-1799-DZX507-0000' box='WCS-0802-YZX444-0000' after='WCS-1799-DZX507-0000' reason=open_direction lookahead=true
execution scan deviations pallet='MH423C-LAID16296DN03S-2' count=3: expected='WCS-0339-DZX444-0000' selected='WCS-0353-DZX428-0000' box='WCS-0339-DZX444-0000' after='WCS-0353-DZX428-0000' reason=open_direction lookahead=true; expected='WCS-0342-DZX444-0000' selected='WCS-0341-DZX444-0000' box='WCS-0342-DZX444-0000' after='WCS-0341-DZX444-0000' reason=open_direction lookahead=true; expected='WCS-0344-DZX444-0000' selected='WCS-0343-DZX444-0000' box='WCS-0344-DZX444-0000' after='WCS-0343-DZX444-0000' reason=open_direction lookahead=true
execution scan deviations pallet='MH423C-LAMY16315FN01S-1' count=2: expected='WCS-0658-YZX444-0000' selected='WCS-0451-YZX424-0000' box='WCS-0658-YZX444-0000' after='WCS-0451-YZX424-0000' reason=open_direction lookahead=true; expected='WCS-0659-YZX444-0000' selected='WCS-0454-YZX424-0000' box='WCS-0659-YZX444-0000' after='WCS-0454-YZX424-0000' reason=open_direction lookahead=true
execution scan deviations pallet='MH423C-LAID16305BN02S-1' count=3: expected='WCS-1581-YZX444-0000' selected='WCS-0468-YZX428-0000' box='WCS-1581-YZX444-0000' after='WCS-0468-YZX428-0000' reason=open_direction lookahead=true; expected='WCS-1586-YZX444-0000' selected='WCS-1594-YZX444-0000' box='WCS-1586-YZX444-0000' after='WCS-1594-YZX444-0000' reason=open_direction lookahead=true; expected='WCS-1590-YZX444-0000' selected='WCS-0465-YZX424-0000' box='WCS-1590-YZX444-0000' after='WCS-0465-YZX424-0000' reason=open_direction lookahead=true
execution scan deviations pallet='MH423C-LAID16305EN01S-2' count=2: expected='WCS-0497-YZX428-0000' selected='WCS-1733-YZX848-0000' box='WCS-0497-YZX428-0000' after='WCS-1733-YZX848-0000' reason=open_direction lookahead=true; expected='WCS-1145-YBB285-0000' selected='WCS-1149-YBB285-0000' box='WCS-1145-YBB285-0000' after='WCS-1149-YBB285-0000' reason=open_direction lookahead=true
execution scan deviations pallet='MH423C-PAIN26290GC02S-2' count=4: expected='WCS-1282-YZX444-0000' selected='WCS-1765-YZX428-0000' box='WCS-1282-YZX444-0000' after='WCS-1765-YZX428-0000' reason=open_direction lookahead=true; expected='WCS-1169-YZX444-0000' selected='WCS-0818-YZX424-0000' box='WCS-1169-YZX444-0000' after='WCS-0818-YZX424-0000' reason=open_direction lookahead=true; expected='WCS-1170-YZX444-0000' selected='WCS-0819-YZX424-0000' box='WCS-1170-YZX444-0000' after='WCS-0819-YZX424-0000' reason=open_direction lookahead=true; expected='WCS-1171-YZX444-0000' selected='WCS-1134-YZX424-0000' box='WCS-1171-YZX444-0000' after='WCS-1134-YZX424-0000' reason=open_direction lookahead=true
execution scan deviations pallet='MH423C-PAIN26296EN01S-1' count=1: expected='WCS-1961-YZX424-0000' selected='WCS-1968-YZX424-0000' box='WCS-1961-YZX424-0000' after='WCS-1968-YZX424-0000' reason=open_direction lookahead=true
execution scan deviations pallet='MH423C-LAID16294AN01S-1' count=1: expected='WCS-1333-YZX424-0000' selected='WCS-1155-YZX848-0000' box='WCS-1333-YZX424-0000' after='WCS-1155-YZX848-0000' reason=open_direction lookahead=true
execution scan deviations pallet='MH423C-PAID16295BN01S-1' count=4: expected='WCS-1029-DZX448-0000' selected='WCS-1847-YZX848-0000' box='WCS-1029-DZX448-0000' after='WCS-1847-YZX848-0000' reason=open_direction lookahead=true; expected='WCS-1838-YZX444-0000' selected='WCS-1853-YZX848-0000' box='WCS-1838-YZX444-0000' after='WCS-1853-YZX848-0000' reason=open_direction lookahead=true; expected='WCS-1019-DZX448-0000' selected='WCS-1827-DZX248-0000' box='WCS-1019-DZX448-0000' after='WCS-1827-DZX248-0000' reason=open_direction lookahead=true; expected='WCS-1840-YZX444-0000' selected='WCS-2023-YZX848-0000' box='WCS-1840-YZX444-0000' after='WCS-2023-YZX848-0000' reason=open_direction lookahead=true
execution scan deviations pallet='MH423C-PAIN26290MN02S-1' count=4: expected='WCS-1737-YZX448-0000' selected='WCS-1175-YZX848-0000' box='WCS-1737-YZX448-0000' after='WCS-1175-YZX848-0000' reason=open_direction lookahead=true; expected='WCS-1811-YZX444-0000' selected='WCS-1176-YZX848-0000' box='WCS-1811-YZX444-0000' after='WCS-1176-YZX848-0000' reason=open_direction lookahead=true; expected='WCS-1809-YZX444-0000' selected='WCS-1893-YZX444-0000' box='WCS-1809-YZX444-0000' after='WCS-1893-YZX444-0000' reason=open_direction lookahead=true; expected='WCS-1810-YZX444-0000' selected='WCS-1435-YZX512-0000' box='WCS-1810-YZX444-0000' after='WCS-1435-YZX512-0000' reason=open_direction lookahead=true
execution scan deviations pallet='MH423C-PAIN26290MZ07S-2' count=2: expected='WCS-1540-YZX444-0000' selected='WCS-1491-YBB016-0000' box='WCS-1540-YZX444-0000' after='WCS-1491-YBB016-0000' reason=open_direction lookahead=true; expected='WCS-1541-YZX444-0000' selected='WCS-1493-YBB016-0000' box='WCS-1541-YZX444-0000' after='WCS-1493-YBB016-0000' reason=open_direction lookahead=true
execution scan deviations pallet='MH423C-LAID16306DN02S-1' count=2: expected='WCS-1449-YZX424-0000' selected='WCS-1400-YZX424-0000' box='WCS-1449-YZX424-0000' after='WCS-1400-YZX424-0000' reason=open_direction lookahead=true; expected='WCS-1387-YZX424-0000' selected='WCS-1404-YZX424-0000' box='WCS-1387-YZX424-0000' after='WCS-1404-YZX424-0000' reason=open_direction lookahead=true
[执行规划] 已删除原方案（仅保留 execution）：packing_plan_20261008_145436.json
[执行规划] 完成；统一使用：C:\Users\18252\Desktop\zhuang\packing-workspace\output\success\packing_plan_20261008_145436_execution.json
[WCS-装] 接口 2 使用执行顺序方案，发送体已保存：C:\Users\18252\Desktop\zhuang\packing-workspace\output\success\wcs_plan_20261008_145436.json（87 个 case）
[WCS-装] 执行顺序方案执行层映射已保存：C:\Users\18252\Desktop\zhuang\packing-workspace\output\success\wcs_plan_map_20261008_145436.json
[WCS-装] 已跳过接口 2 推送（仅本地保存）。
[UI-RESULT] C:\Users\18252\Desktop\zhuang\packing-workspace\output\success\packing_plan_20261008_145436_execution.json
