[LOG] 后端日志文件：D:\research_code\final\zhuang\packing-workspace\runtime\packing-realtime\logs\backend_20260724_021809.log
[LOG] 本次结果将输出到：D:\research_code\final\zhuang\packing-workspace\runtime\packing-realtime\exports\ui_packing_plan_20260724_021809.json
[CMD] D:\research_code\zhuang-ui-m\.venvs\packing-realtime\python.exe D:\research_code\final\zhuang\packing-system\packing\run_packing.py --config D:\research_code\final\zhuang\packing-workspace\runtime\packing-realtime\temp\ui_config_normal_20260724_021807.yaml --out D:\research_code\final\zhuang\packing-workspace\runtime\packing-realtime\exports\ui_packing_plan_20260724_021809.json
已加载约束配置：D:\research_code\final\zhuang\packing-workspace\runtime\packing-realtime\temp\ui_config_normal_20260724_021807.yaml
load D:\research_code\zhuang-ui-m\.venvs\packing-realtime\Lib\site-packages\ortools\.libs\zlib1.dll...
load D:\research_code\zhuang-ui-m\.venvs\packing-realtime\Lib\site-packages\ortools\.libs\abseil_dll.dll...
load D:\research_code\zhuang-ui-m\.venvs\packing-realtime\Lib\site-packages\ortools\.libs\utf8_validity.dll...
load D:\research_code\zhuang-ui-m\.venvs\packing-realtime\Lib\site-packages\ortools\.libs\re2.dll...
load D:\research_code\zhuang-ui-m\.venvs\packing-realtime\Lib\site-packages\ortools\.libs\libprotobuf.dll...
load D:\research_code\zhuang-ui-m\.venvs\packing-realtime\Lib\site-packages\ortools\.libs\highs.dll...
load D:\research_code\zhuang-ui-m\.venvs\packing-realtime\Lib\site-packages\ortools\.libs\ortools.dll...
已加载配置数据集：D:\research_code\final\zhuang\packing-workspace\data\ui_inputs\20260724_021807_668.xlsx
检测到小箱子体积阈值: 11130000.00 mm^3
小箱子数量: 0，非小箱子数量: 668
数据预处理和箱子分组完成（按托盘类型+销售订单号）。
----------------------------------------
正在处理托盘类型：MH423C，销售订单号：ANALYSIS_001
  - 主算法：全局列式装箱 + 柱级组合优化（GCP）。
  - 失败托盘互借诊断：未合并（less_than_2_consolidatable）。
托盘类型 MH423C（销售订单号：ANALYSIS_001）处理完成：总托盘 11，指数达标 11，未达标 0，平均缺口 0.00，最大缺口 0.00，失败托盘互借修复成功 0。
  - KPI：near/mid/deep=0/0/0，救回率=0.00%，pair效率=0.00%。
  - 耗时拆解：packing=61.11s，main_topup=0.00s，retry=0.00s，failed_pool=0.00s，repack=0.02s，total=61.13s。
========================================
统计汇总：总托盘 11，指数达标 11，未达标 0，未知 0，平均缺口 0.00，最大缺口 0.00，失败托盘互借修复成功 0
KPI汇总：near/mid/deep=0/0/0，pair尝试=0，pair改进=0，pair效率=0.00%
耗时汇总：packing=61.11s，main_topup=0.00s，retry=0.00s，repack=0.02s，end_to_end=69.85s
========================================
========================================
[success] 装箱方案：D:\research_code\final\zhuang\packing-workspace\output\success\packing_plan_20260724_021920.json
[success] 托盘统计：D:\research_code\final\zhuang\packing-workspace\output\success\packing_plan_summary_20260724_021920.xlsx
========================================
算法总运行时间：69.85 秒
========================================
方案另存为: D:\research_code\final\zhuang\packing-workspace\runtime\packing-realtime\exports\ui_packing_plan_20260724_021809.json
[执行规划] 产物目录：D:\research_code\final\zhuang\packing-workspace\output\success（success）
[执行规划] 开始：D:\research_code\zhuang-ui-m\.venvs\packing-realtime\python.exe D:\research_code\final\zhuang\packing-system\run_execution_planning.py D:\research_code\final\zhuang\packing-workspace\runtime\packing-realtime\exports\ui_packing_plan_20260724_021809.json --config D:\research_code\final\zhuang\packing-workspace\runtime\packing-realtime\temp\ui_config_normal_20260724_021807.yaml --output D:\research_code\final\zhuang\packing-workspace\output\success\ui_packing_plan_20260724_021809_execution.json --wcs-output D:\research_code\final\zhuang\packing-workspace\output\success\ui_packing_plan_20260724_021809_execution_wcs.json --wcs-map-output D:\research_code\final\zhuang\packing-workspace\output\success\ui_packing_plan_20260724_021809_execution_wcs_map.json
execution scan deviations pallet='MH423C-ANALYSIS_001-5' count=7: expected=137 selected=510 box=137 after=510 reason=hard_dependency; expected=138 selected=511 box=138 after=511 reason=hard_dependency; expected=517 selected=140 box=517 after=140 reason=hard_dependency; expected=520 selected=141 box=520 after=141 reason=hard_dependency; expected=521 selected=568 box=521 after=568 reason=hard_dependency; expected=238 selected=264 box=238 after=264 reason=hard_dependency; expected=266 selected=272 box=266 after=272 reason=hard_dependency
execution scan deviations pallet='MH423C-ANALYSIS_001-6' count=10: expected=570 selected=333 box=570 after=333 reason=hard_dependency; expected=571 selected=334 box=571 after=334 reason=hard_dependency; expected=573 selected=537 box=573 after=537 reason=hard_dependency; expected=532 selected=534 box=532 after=534 reason=hard_dependency; expected=574 selected=343 box=574 after=343 reason=hard_dependency; expected=533 selected=535 box=533 after=535 reason=hard_dependency; expected=538 selected=12 box=538 after=12 reason=hard_dependency; expected=541 selected=15 box=541 after=15 reason=hard_dependency; ...
execution scan deviations pallet='MH423C-ANALYSIS_001-10' count=2: expected=472 selected=480 box=472 after=480 reason=hard_dependency; expected=473 selected=481 box=473 after=481 reason=hard_dependency
execution planning failed: pallet 'MH423C-ANALYSIS_001-11' has cyclic execution dependencies; blocked boxes=[641, 647, 659, 662, 644, 650, 638, 78, 62, 653, 84, 169]...
[执行规划] 失败，退出码：1；使用原方案。
[WCS-DB] 执行规划失败，已用原方案入库（影响行数 668）：ui_packing_plan_20260724_021809.json
[UI] 执行规划未成功，可视化仍加载原装箱方案。
