[LOG] 后端日志文件：C:\Users\18252\Desktop\zhuang\packing-workspace\runtime\packing-realtime\logs\backend_20261008_162412.log
[LOG] 接口模式：读取所选历史接口 JSON，写入数据库并计算一次。
[CMD] D:\anaconda\envs\packing-zhuang\python.exe C:\Users\18252\Desktop\zhuang\packing-system\packing\run_wcs_service.py --config C:\Users\18252\Desktop\zhuang\packing-workspace\runtime\packing-realtime\temp\ui_config_api_20261008_162412.yaml --run-mode local-once --input-json C:\Users\18252\Desktop\zhuang\packing-workspace\input\raw\20260720_164739.json
[WCS] 已加载 BMS 参考表：C:\Users\18252\Desktop\zhuang\packing-workspace\data\selected_5000_boxes_9_1_concentrated_3orders.xlsx
[WCS-本地] 已剔除 case_type≠MH423C 的品类 67 条（类型：['WR246']），保留 2040 条。
[WCS-DB] wcs_stock_box product_code 集合未变（2040 个），跳过替换
[WCS-DB] wcs_stock_box_all product_code 已存在、跳过 2040 条
[WCS-本地] 已载入历史接口数据：C:\Users\18252\Desktop\zhuang\packing-workspace\input\raw\20260720_164739.json（有效品类 2040）
[WCS] 已加载 BMS 参考表：C:\Users\18252\Desktop\zhuang\packing-workspace\data\selected_5000_boxes_9_1_concentrated_3orders.xlsx
============================================================
[WCS-装] 20261008_162421：库存行 2040 条，开始装箱 …
[WCS-装] 展开为 2040 个箱子。
load D:\anaconda\envs\packing-zhuang\Lib\site-packages\ortools\.libs\zlib1.dll...
load D:\anaconda\envs\packing-zhuang\Lib\site-packages\ortools\.libs\abseil_dll.dll...
load D:\anaconda\envs\packing-zhuang\Lib\site-packages\ortools\.libs\utf8_validity.dll...
load D:\anaconda\envs\packing-zhuang\Lib\site-packages\ortools\.libs\re2.dll...
load D:\anaconda\envs\packing-zhuang\Lib\site-packages\ortools\.libs\libprotobuf.dll...
load D:\anaconda\envs\packing-zhuang\Lib\site-packages\ortools\.libs\highs.dll...
load D:\anaconda\envs\packing-zhuang\Lib\site-packages\ortools\.libs\ortools.dll...
数据预处理和箱子分组完成（按托盘类型+销售订单号）。
----------------------------------------
  - 正常订单（全规则箱）判定：46 个订单须平顶不缺角。
  - 组内子聚类：16 个混合订单拆出规则子集走 GCP、杂箱走 baseline。
正在处理托盘类型：MH423C，销售订单号：LAID16286DN02S
  - 该分组不适合列式（多非满柱）→ 回退 beam + 配方优先。
  - 配方优先[fast]：规划 0 实例，实装成功 0，配方路径不可用 → 采用基线方案。
  - 指数诊断：箱子 1 个，总指数 0.5，目标 192，理论最多达标托盘 0 个，剩余指数 0.5。
  - 几何诊断：典型整层堆叠单盘参考上限 0.5/192。 当前目标可能受托盘高度/箱型组合限制。
  - 几何诊断提示：典型整层参考值 0.5 < 目标 192；该值不是不可达证明，继续执行指数救援。
  - 失败托盘互借诊断：未合并（no_target_or_single_plan）。
托盘类型 MH423C（销售订单号：LAID16286DN02S）处理完成：总托盘 1，指数达标 0，未达标 1，平均缺口 191.50，最大缺口 191.50，失败托盘互借修复成功 0。
  - KPI：near/mid/deep=0/0/1，救回率=0.00%，pair效率=0.00%。
  - 耗时拆解：packing=0.00s，main_topup=0.00s，retry=0.00s，failed_pool=0.00s，repack=0.00s，total=0.00s。
正在处理托盘类型：MH423C，销售订单号：PAIN26280MN08S
  - 主算法：全局列式装箱 + 柱级组合优化（GCP）。
  - 失败托盘互借诊断：未合并（no_target_or_single_plan）。
托盘类型 MH423C（销售订单号：PAIN26280MN08S）处理完成：总托盘 1，指数达标 0，未达标 1，平均缺口 105.00，最大缺口 105.00，失败托盘互借修复成功 0。
  - KPI：near/mid/deep=0/0/1，救回率=0.00%，pair效率=0.00%。
  - 耗时拆解：packing=0.11s，main_topup=0.00s，retry=0.00s，failed_pool=0.00s，repack=0.00s，total=0.11s。
正在处理托盘类型：MH423C，销售订单号：PAIN26280MN01S
  - 该分组不适合列式（多非满柱）→ 回退 beam + 配方优先。
  - 配方优先[fast]：规划 0 实例，实装成功 0，配方路径不可用 → 采用基线方案。
  - 指数诊断：箱子 3 个，总指数 6，目标 192，理论最多达标托盘 0 个，剩余指数 6。
  - 几何诊断：典型整层堆叠单盘参考上限 6/192。 当前目标可能受托盘高度/箱型组合限制。
  - 几何诊断提示：典型整层参考值 6 < 目标 192；该值不是不可达证明，继续执行指数救援。
  - 失败托盘互借诊断：未合并（no_target_or_single_plan）。
托盘类型 MH423C（销售订单号：PAIN26280MN01S）处理完成：总托盘 1，指数达标 0，未达标 1，平均缺口 186.00，最大缺口 186.00，失败托盘互借修复成功 0。
  - KPI：near/mid/deep=0/0/1，救回率=0.00%，pair效率=0.00%。
  - 耗时拆解：packing=0.00s，main_topup=0.00s，retry=0.00s，failed_pool=0.00s，repack=0.00s，total=0.01s。
正在处理托盘类型：MH423C，销售订单号：LAID16306DN01S
  - 主算法：全局列式装箱 + 柱级组合优化（GCP）。
  - 失败托盘互借诊断：未合并（aborted_no_improvement_possible）。
托盘类型 MH423C（销售订单号：LAID16306DN01S）处理完成：总托盘 2，指数达标 0，未达标 2，平均缺口 90.00，最大缺口 168.00，失败托盘互借修复成功 0。
  - KPI：near/mid/deep=0/1/1，救回率=0.00%，pair效率=0.00%。
  - 耗时拆解：packing=46.49s，main_topup=0.00s，retry=0.00s，failed_pool=0.00s，repack=1.17s，total=47.66s。
  - 条件双路径棘轮：替代完整路径未严格改善，保留 GCP。
正在处理托盘类型：MH423C，销售订单号：LAID16306DN01S__SPLITREST__
  - 该分组不适合列式（多非满柱）→ 回退 beam + 配方优先。
  - 托盘 MH423C-LAID16306DN01S__SPLITREST__-1 未找到可行装箱方案，启用剩余箱子守恒兜底。
  - 配方优先[fast]：规划 0 实例，实装成功 0，配方路径不可用 → 采用基线方案。
  - 指数诊断：箱子 5 个，总指数 5.5，目标 192，理论最多达标托盘 0 个，剩余指数 5.5。
  - 几何诊断：典型整层堆叠单盘参考上限 5.5/192。 当前目标可能受托盘高度/箱型组合限制。
  - 几何诊断提示：典型整层参考值 5.5 < 目标 192；该值不是不可达证明，继续执行指数救援。
  - 失败盘装满压实：合并/吸收 1 次（纯减盘数）。
  - 失败托盘互借诊断：未合并（aborted_no_improvement_possible）。
托盘类型 MH423C（销售订单号：LAID16306DN01S__SPLITREST__）处理完成：总托盘 1，指数达标 0，未达标 1，平均缺口 186.50，最大缺口 186.50，失败托盘互借修复成功 0。
  - KPI：near/mid/deep=0/0/1，救回率=0.00%，pair效率=0.00%。
  - 耗时拆解：packing=0.01s，main_topup=0.00s，retry=0.00s，failed_pool=0.00s，repack=0.04s，total=0.07s。
正在处理托盘类型：MH423C，销售订单号：LAID16296DN01S
  - 主算法：全局列式装箱 + 柱级组合优化（GCP）。
  - 失败托盘互借诊断：未合并（aborted_no_improvement_possible）。
托盘类型 MH423C（销售订单号：LAID16296DN01S）处理完成：总托盘 2，指数达标 0，未达标 2，平均缺口 163.75，最大缺口 188.00，失败托盘互借修复成功 0。
  - KPI：near/mid/deep=0/0/2，救回率=0.00%，pair效率=0.00%。
  - 耗时拆解：packing=0.10s，main_topup=0.00s，retry=0.00s，failed_pool=0.00s，repack=0.11s，total=0.21s。
正在处理托盘类型：MH423C，销售订单号：LAID16296DN01S__SPLITREST__
  - 该分组不适合列式（多非满柱）→ 回退 beam + 配方优先。
  - 配方优先[fast]：规划 0 实例，实装成功 0，配方路径不可用 → 采用基线方案。
  - 指数诊断：箱子 4 个，总指数 8，目标 192，理论最多达标托盘 0 个，剩余指数 8。
  - 几何诊断：典型整层堆叠单盘参考上限 8/192。 当前目标可能受托盘高度/箱型组合限制。
  - 几何诊断提示：典型整层参考值 8 < 目标 192；该值不是不可达证明，继续执行指数救援。
  - 失败托盘互借诊断：未合并（no_target_or_single_plan）。
托盘类型 MH423C（销售订单号：LAID16296DN01S__SPLITREST__）处理完成：总托盘 1，指数达标 0，未达标 1，平均缺口 184.00，最大缺口 184.00，失败托盘互借修复成功 0。
  - KPI：near/mid/deep=0/0/1，救回率=0.00%，pair效率=0.00%。
  - 耗时拆解：packing=0.00s，main_topup=0.00s，retry=0.00s，failed_pool=0.00s，repack=0.00s，total=0.02s。
正在处理托盘类型：MH423C，销售订单号：LAID16296DN02S
  - 主算法：全局列式装箱 + 柱级组合优化（GCP）。
  - GCP 盘数远超理论（CP-SAT 装不满）→ 回退 baseline beam + 配方优先。
  - 配方优先[fast]：规划 0 实例，实装成功 0，配方路径不可用 → 采用基线方案。
  - 指数诊断：箱子 34 个，总指数 117.5，目标 192，理论最多达标托盘 0 个，剩余指数 117.5。
  - 几何诊断：典型整层堆叠单盘参考上限 97/192。 当前目标可能受托盘高度/箱型组合限制。
  - 几何诊断提示：典型整层参考值 97 < 目标 192；该值不是不可达证明，继续执行指数救援。
  - 失败托盘互借诊断：未合并（no_target_or_single_plan）。
托盘类型 MH423C（销售订单号：LAID16296DN02S）处理完成：总托盘 1，指数达标 0，未达标 1，平均缺口 74.50，最大缺口 74.50，失败托盘互借修复成功 0。
  - KPI：near/mid/deep=0/0/1，救回率=0.00%，pair效率=0.00%。
  - 耗时拆解：packing=0.43s，main_topup=0.00s，retry=0.00s，failed_pool=0.00s，repack=0.00s，total=0.74s。
正在处理托盘类型：MH423C，销售订单号：LAID16296DN02S__SPLITREST__
  - 该分组不适合列式（多非满柱）→ 回退 beam + 配方优先。
  - 配方优先[fast]：规划 0 实例，实装成功 0，配方路径不可用 → 采用基线方案。
  - 指数诊断：箱子 3 个，总指数 5，目标 192，理论最多达标托盘 0 个，剩余指数 5。
  - 几何诊断：典型整层堆叠单盘参考上限 5/192。 当前目标可能受托盘高度/箱型组合限制。
  - 几何诊断提示：典型整层参考值 5 < 目标 192；该值不是不可达证明，继续执行指数救援。
  - 失败托盘互借诊断：未合并（no_target_or_single_plan）。
托盘类型 MH423C（销售订单号：LAID16296DN02S__SPLITREST__）处理完成：总托盘 1，指数达标 0，未达标 1，平均缺口 187.00，最大缺口 187.00，失败托盘互借修复成功 0。
  - KPI：near/mid/deep=0/0/1，救回率=0.00%，pair效率=0.00%。
  - 耗时拆解：packing=0.00s，main_topup=0.00s，retry=0.00s，failed_pool=0.00s，repack=0.00s，total=0.01s。
正在处理托盘类型：MH423C，销售订单号：LAID16296DN03S
  - 主算法：全局列式装箱 + 柱级组合优化（GCP）。
  - 失败托盘互借诊断：未合并（no_target_or_single_plan）。
托盘类型 MH423C（销售订单号：LAID16296DN03S）处理完成：总托盘 1，指数达标 0，未达标 1，平均缺口 145.00，最大缺口 145.00，失败托盘互借修复成功 0。
  - KPI：near/mid/deep=0/0/1，救回率=0.00%，pair效率=0.00%。
  - 耗时拆解：packing=0.47s，main_topup=0.00s，retry=0.00s，failed_pool=0.00s，repack=0.00s，total=0.47s。
正在处理托盘类型：MH423C，销售订单号：PAIN26286EN01S
  - 主算法：全局列式装箱 + 柱级组合优化（GCP）。
  - 失败托盘互借诊断：未合并（no_target_or_single_plan）。
托盘类型 MH423C（销售订单号：PAIN26286EN01S）处理完成：总托盘 1，指数达标 0，未达标 1，平均缺口 84.00，最大缺口 84.00，失败托盘互借修复成功 0。
  - KPI：near/mid/deep=0/0/1，救回率=0.00%，pair效率=0.00%。
  - 耗时拆解：packing=0.12s，main_topup=0.00s，retry=0.00s，failed_pool=0.00s，repack=0.00s，total=0.12s。
正在处理托盘类型：MH423C，销售订单号：PAIN26286EN01S__SPLITREST__
  - 该分组不适合列式（多非满柱）→ 回退 beam + 配方优先。
  - 配方优先[fast]：规划 0 实例，实装成功 0，配方路径不可用 → 采用基线方案。
  - 指数诊断：箱子 2 个，总指数 8，目标 192，理论最多达标托盘 0 个，剩余指数 8。
  - 几何诊断：典型整层堆叠单盘参考上限 8/192。 当前目标可能受托盘高度/箱型组合限制。
  - 几何诊断提示：典型整层参考值 8 < 目标 192；该值不是不可达证明，继续执行指数救援。
  - 失败托盘互借诊断：未合并（no_target_or_single_plan）。
托盘类型 MH423C（销售订单号：PAIN26286EN01S__SPLITREST__）处理完成：总托盘 1，指数达标 0，未达标 1，平均缺口 184.00，最大缺口 184.00，失败托盘互借修复成功 0。
  - KPI：near/mid/deep=0/0/1，救回率=0.00%，pair效率=0.00%。
  - 耗时拆解：packing=0.00s，main_topup=0.00s，retry=0.00s，failed_pool=0.00s，repack=0.00s，total=0.00s。
正在处理托盘类型：MH423C，销售订单号：LFEG16290IN02S
  - 该分组不适合列式（多非满柱）→ 回退 beam + 配方优先。
  - 配方优先[fast]：规划 0 实例，实装成功 0，配方路径不可用 → 采用基线方案。
  - 指数诊断：箱子 63 个，总指数 109.5，目标 192，理论最多达标托盘 0 个，剩余指数 109.5。
  - 几何诊断：典型整层堆叠单盘参考上限 83/192。 当前目标可能受托盘高度/箱型组合限制。
  - 几何诊断提示：典型整层参考值 83 < 目标 192；该值不是不可达证明，继续执行指数救援。
  - 失败托盘互借诊断：未合并（aborted_no_improvement_possible）。
托盘类型 MH423C（销售订单号：LFEG16290IN02S）处理完成：总托盘 2，指数达标 0，未达标 2，平均缺口 137.25，最大缺口 148.00，失败托盘互借修复成功 0。
  - KPI：near/mid/deep=0/0/2，救回率=0.00%，pair效率=0.00%。
  - 耗时拆解：packing=2.01s，main_topup=0.00s，retry=0.00s，failed_pool=0.00s，repack=0.88s，total=2.89s。
正在处理托盘类型：MH423C，销售订单号：LAID16295BN02S
  - 主算法：全局列式装箱 + 柱级组合优化（GCP）。
  - 失败托盘互借诊断：未合并（aborted_no_improvement_possible）。
托盘类型 MH423C（销售订单号：LAID16295BN02S）处理完成：总托盘 2，指数达标 0，未达标 2，平均缺口 155.75，最大缺口 184.00，失败托盘互借修复成功 0。
  - KPI：near/mid/deep=0/0/2，救回率=0.00%，pair效率=0.00%。
  - 耗时拆解：packing=0.58s，main_topup=0.00s，retry=0.00s，failed_pool=0.00s，repack=0.56s，total=1.14s。
正在处理托盘类型：MH423C，销售订单号：LFEG16290IN03S
  - 主算法：全局列式装箱 + 柱级组合优化（GCP）。
  - 失败托盘互借诊断：未合并（aborted_no_improvement_possible）。
托盘类型 MH423C（销售订单号：LFEG16290IN03S）处理完成：总托盘 2，指数达标 0，未达标 2，平均缺口 113.50，最大缺口 158.00，失败托盘互借修复成功 0。
  - KPI：near/mid/deep=0/0/2，救回率=0.00%，pair效率=0.00%。
  - 耗时拆解：packing=2.11s，main_topup=0.00s，retry=0.00s，failed_pool=0.00s，repack=1.65s，total=3.76s。
正在处理托盘类型：MH423C，销售订单号：LFEG16290IN03S__SPLITREST__
  - 该分组不适合列式（多非满柱）→ 回退 beam + 配方优先。
  - 配方优先[fast]：规划 0 实例，实装成功 0，配方路径不可用 → 采用基线方案。
  - 指数诊断：箱子 19 个，总指数 21，目标 192，理论最多达标托盘 0 个，剩余指数 21。
  - 几何诊断：典型整层堆叠单盘参考上限 21/192。 当前目标可能受托盘高度/箱型组合限制。
  - 几何诊断提示：典型整层参考值 21 < 目标 192；该值不是不可达证明，继续执行指数救援。
  - 失败托盘互借诊断：未合并（no_target_or_single_plan）。
托盘类型 MH423C（销售订单号：LFEG16290IN03S__SPLITREST__）处理完成：总托盘 1，指数达标 0，未达标 1，平均缺口 171.00，最大缺口 171.00，失败托盘互借修复成功 0。
  - KPI：near/mid/deep=0/0/1，救回率=0.00%，pair效率=0.00%。
  - 耗时拆解：packing=0.12s，main_topup=0.00s，retry=0.00s，failed_pool=0.00s，repack=0.00s，total=0.12s。
正在处理托盘类型：MH423C，销售订单号：LAMY16295FN01S
  - 该分组不适合列式（多非满柱）→ 回退 beam + 配方优先。
  - 配方优先[fast]：规划 0 实例，实装成功 0，配方路径不可用 → 采用基线方案。
  - 指数诊断：箱子 26 个，总指数 86.5，目标 192，理论最多达标托盘 0 个，剩余指数 86.5。
  - 几何诊断：典型整层堆叠单盘参考上限 70/192。 当前目标可能受托盘高度/箱型组合限制。
  - 几何诊断提示：典型整层参考值 70 < 目标 192；该值不是不可达证明，继续执行指数救援。
  - 失败托盘互借诊断：未合并（no_target_or_single_plan）。
托盘类型 MH423C（销售订单号：LAMY16295FN01S）处理完成：总托盘 1，指数达标 0，未达标 1，平均缺口 105.50，最大缺口 105.50，失败托盘互借修复成功 0。
  - KPI：near/mid/deep=0/0/1，救回率=0.00%，pair效率=0.00%。
  - 耗时拆解：packing=0.20s，main_topup=0.00s，retry=0.00s，failed_pool=0.00s，repack=0.00s，total=0.20s。
正在处理托盘类型：MH423C，销售订单号：LFEG16300IN02S
  - 该分组不适合列式（多非满柱）→ 回退 beam + 配方优先。
  - 配方优先[fast]：规划 0 实例，实装成功 0，配方路径不可用 → 采用基线方案。
  - 指数诊断：箱子 4 个，总指数 8，目标 192，理论最多达标托盘 0 个，剩余指数 8。
  - 几何诊断：典型整层堆叠单盘参考上限 8/192。 当前目标可能受托盘高度/箱型组合限制。
  - 几何诊断提示：典型整层参考值 8 < 目标 192；该值不是不可达证明，继续执行指数救援。
  - 失败托盘互借诊断：未合并（no_target_or_single_plan）。
托盘类型 MH423C（销售订单号：LFEG16300IN02S）处理完成：总托盘 1，指数达标 0，未达标 1，平均缺口 184.00，最大缺口 184.00，失败托盘互借修复成功 0。
  - KPI：near/mid/deep=0/0/1，救回率=0.00%，pair效率=0.00%。
  - 耗时拆解：packing=0.00s，main_topup=0.00s，retry=0.00s，failed_pool=0.00s，repack=0.00s，total=0.02s。
正在处理托盘类型：MH423C，销售订单号：PAIN26290BN01S
  - 主算法：全局列式装箱 + 柱级组合优化（GCP）。
  - 失败托盘互借诊断：未合并（no_target_or_single_plan）。
托盘类型 MH423C（销售订单号：PAIN26290BN01S）处理完成：总托盘 1，指数达标 0，未达标 1，平均缺口 115.00，最大缺口 115.00，失败托盘互借修复成功 0。
  - KPI：near/mid/deep=0/0/1，救回率=0.00%，pair效率=0.00%。
  - 耗时拆解：packing=2.20s，main_topup=0.00s，retry=0.00s，failed_pool=0.00s，repack=0.00s，total=2.20s。
正在处理托盘类型：MH423C，销售订单号：PAIN26290BN01S__SPLITREST__
  - 该分组不适合列式（多非满柱）→ 回退 beam + 配方优先。
  - 配方优先[fast]：规划 0 实例，实装成功 0，配方路径不可用 → 采用基线方案。
  - 指数诊断：箱子 9 个，总指数 9，目标 192，理论最多达标托盘 0 个，剩余指数 9。
  - 几何诊断：典型整层堆叠单盘参考上限 9/192。 当前目标可能受托盘高度/箱型组合限制。
  - 几何诊断提示：典型整层参考值 9 < 目标 192；该值不是不可达证明，继续执行指数救援。
  - 失败托盘互借诊断：未合并（no_target_or_single_plan）。
托盘类型 MH423C（销售订单号：PAIN26290BN01S__SPLITREST__）处理完成：总托盘 1，指数达标 0，未达标 1，平均缺口 183.00，最大缺口 183.00，失败托盘互借修复成功 0。
  - KPI：near/mid/deep=0/0/1，救回率=0.00%，pair效率=0.00%。
  - 耗时拆解：packing=0.03s，main_topup=0.00s，retry=0.00s，failed_pool=0.00s，repack=0.00s，total=0.03s。
正在处理托盘类型：MH423C，销售订单号：PAIN26290BC02S
  - 主算法：全局列式装箱 + 柱级组合优化（GCP）。
  - 失败盘装满压实：合并/吸收 1 次（纯减盘数）。
  - 失败托盘互借诊断：未合并（aborted_no_improvement_possible）。
托盘类型 MH423C（销售订单号：PAIN26290BC02S）处理完成：总托盘 1，指数达标 0，未达标 1，平均缺口 80.00，最大缺口 80.00，失败托盘互借修复成功 0。
  - KPI：near/mid/deep=0/0/1，救回率=0.00%，pair效率=0.00%。
  - 耗时拆解：packing=0.60s，main_topup=0.00s，retry=0.00s，failed_pool=0.00s，repack=0.23s，total=0.82s。
正在处理托盘类型：MH423C，销售订单号：PAIN26290BC02S__SPLITREST__
  - 该分组不适合列式（多非满柱）→ 回退 beam + 配方优先。
  - 配方优先[fast]：规划 0 实例，实装成功 0，配方路径不可用 → 采用基线方案。
  - 指数诊断：箱子 2 个，总指数 1，目标 192，理论最多达标托盘 0 个，剩余指数 1。
  - 几何诊断：典型整层堆叠单盘参考上限 1/192。 当前目标可能受托盘高度/箱型组合限制。
  - 几何诊断提示：典型整层参考值 1 < 目标 192；该值不是不可达证明，继续执行指数救援。
  - 失败托盘互借诊断：未合并（no_target_or_single_plan）。
托盘类型 MH423C（销售订单号：PAIN26290BC02S__SPLITREST__）处理完成：总托盘 1，指数达标 0，未达标 1，平均缺口 191.00，最大缺口 191.00，失败托盘互借修复成功 0。
  - KPI：near/mid/deep=0/0/1，救回率=0.00%，pair效率=0.00%。
  - 耗时拆解：packing=0.00s，main_topup=0.00s，retry=0.00s，failed_pool=0.00s，repack=0.00s，total=0.00s。
正在处理托盘类型：MH423C，销售订单号：PAIN26290GN01S
  - 该分组不适合列式（多非满柱）→ 回退 beam + 配方优先。
  - 配方优先[fast]：规划 0 实例，实装成功 0，配方路径不可用 → 采用基线方案。
  - 指数诊断：箱子 51 个，总指数 78.5，目标 192，理论最多达标托盘 0 个，剩余指数 78.5。
  - 几何诊断：典型整层堆叠单盘参考上限 58/192。 当前目标可能受托盘高度/箱型组合限制。
  - 几何诊断提示：典型整层参考值 58 < 目标 192；该值不是不可达证明，继续执行指数救援。
  - 失败托盘互借诊断：未合并（aborted_no_improvement_possible）。
托盘类型 MH423C（销售订单号：PAIN26290GN01S）处理完成：总托盘 2，指数达标 0，未达标 2，平均缺口 152.75，最大缺口 189.00，失败托盘互借修复成功 0。
  - KPI：near/mid/deep=0/0/2，救回率=0.00%，pair效率=0.00%。
  - 耗时拆解：packing=0.50s，main_topup=0.01s，retry=0.00s，failed_pool=0.00s，repack=0.84s，total=2.65s。
正在处理托盘类型：MH423C，销售订单号：PEG126290LN01S
  - 主算法：全局列式装箱 + 柱级组合优化（GCP）。
  - 失败托盘互借诊断：未合并（no_target_or_single_plan）。
托盘类型 MH423C（销售订单号：PEG126290LN01S）处理完成：总托盘 1，指数达标 0，未达标 1，平均缺口 128.00，最大缺口 128.00，失败托盘互借修复成功 0。
  - KPI：near/mid/deep=0/0/1，救回率=0.00%，pair效率=0.00%。
  - 耗时拆解：packing=0.79s，main_topup=0.00s，retry=0.00s，failed_pool=0.00s，repack=0.00s，total=0.79s。
正在处理托盘类型：MH423C，销售订单号：PAIN26280GN01S
  - 该分组不适合列式（多非满柱）→ 回退 beam + 配方优先。
  - 配方优先[fast]：规划 0 实例，实装成功 0，配方路径不可用 → 采用基线方案。
  - 指数诊断：箱子 1 个，总指数 4，目标 192，理论最多达标托盘 0 个，剩余指数 4。
  - 几何诊断：典型整层堆叠单盘参考上限 4/192。 当前目标可能受托盘高度/箱型组合限制。
  - 几何诊断提示：典型整层参考值 4 < 目标 192；该值不是不可达证明，继续执行指数救援。
  - 失败托盘互借诊断：未合并（no_target_or_single_plan）。
托盘类型 MH423C（销售订单号：PAIN26280GN01S）处理完成：总托盘 1，指数达标 0，未达标 1，平均缺口 188.00，最大缺口 188.00，失败托盘互借修复成功 0。
  - KPI：near/mid/deep=0/0/1，救回率=0.00%，pair效率=0.00%。
  - 耗时拆解：packing=0.00s，main_topup=0.00s，retry=0.00s，failed_pool=0.00s，repack=0.00s，total=0.00s。
正在处理托盘类型：MH423C，销售订单号：LAID16295EN02S
  - 主算法：全局列式装箱 + 柱级组合优化（GCP）。
  - 失败托盘互借诊断：未合并（aborted_no_improvement_possible）。
托盘类型 MH423C（销售订单号：LAID16295EN02S）处理完成：总托盘 2，指数达标 0，未达标 2，平均缺口 95.50，最大缺口 132.00，失败托盘互借修复成功 0。
  - KPI：near/mid/deep=0/0/2，救回率=0.00%，pair效率=0.00%。
  - 耗时拆解：packing=68.96s，main_topup=0.00s，retry=0.00s，failed_pool=0.00s，repack=6.98s，total=75.94s。
  - 条件双路径棘轮：替代完整路径未严格改善，保留 GCP。
正在处理托盘类型：MH423C，销售订单号：LAID16295EN02S__SPLITREST__
  - 该分组不适合列式（多非满柱）→ 回退 beam + 配方优先。
  - 配方优先[fast]：规划 0 实例，实装成功 0，配方路径不可用 → 采用基线方案。
  - 指数诊断：箱子 2 个，总指数 14，目标 192，理论最多达标托盘 0 个，剩余指数 14。
  - 几何诊断：典型整层堆叠单盘参考上限 14/192。 当前目标可能受托盘高度/箱型组合限制。
  - 几何诊断提示：典型整层参考值 14 < 目标 192；该值不是不可达证明，继续执行指数救援。
  - 失败托盘互借诊断：未合并（no_target_or_single_plan）。
托盘类型 MH423C（销售订单号：LAID16295EN02S__SPLITREST__）处理完成：总托盘 1，指数达标 0，未达标 1，平均缺口 178.00，最大缺口 178.00，失败托盘互借修复成功 0。
  - KPI：near/mid/deep=0/0/1，救回率=0.00%，pair效率=0.00%。
  - 耗时拆解：packing=0.00s，main_topup=0.00s，retry=0.00s，failed_pool=0.00s，repack=0.00s，total=0.00s。
正在处理托盘类型：MH423C，销售订单号：PAIN26280MN07S
  - 主算法：全局列式装箱 + 柱级组合优化（GCP）。
  - 失败托盘互借诊断：未合并（no_target_or_single_plan）。
托盘类型 MH423C（销售订单号：PAIN26280MN07S）处理完成：总托盘 1，指数达标 0，未达标 1，平均缺口 108.00，最大缺口 108.00，失败托盘互借修复成功 0。
  - KPI：near/mid/deep=0/0/1，救回率=0.00%，pair效率=0.00%。
  - 耗时拆解：packing=0.05s，main_topup=0.00s，retry=0.00s，failed_pool=0.00s，repack=0.00s，total=0.05s。
正在处理托盘类型：MH423C，销售订单号：PEG086250LN01S
  - 该分组不适合列式（多非满柱）→ 回退 beam + 配方优先。
  - 配方优先[fast]：规划 0 实例，实装成功 0，配方路径不可用 → 采用基线方案。
  - 指数诊断：箱子 1 个，总指数 4，目标 192，理论最多达标托盘 0 个，剩余指数 4。
  - 几何诊断：典型整层堆叠单盘参考上限 4/192。 当前目标可能受托盘高度/箱型组合限制。
  - 几何诊断提示：典型整层参考值 4 < 目标 192；该值不是不可达证明，继续执行指数救援。
  - 失败托盘互借诊断：未合并（no_target_or_single_plan）。
托盘类型 MH423C（销售订单号：PEG086250LN01S）处理完成：总托盘 1，指数达标 0，未达标 1，平均缺口 188.00，最大缺口 188.00，失败托盘互借修复成功 0。
  - KPI：near/mid/deep=0/0/1，救回率=0.00%，pair效率=0.00%。
  - 耗时拆解：packing=0.00s，main_topup=0.00s，retry=0.00s，failed_pool=0.00s，repack=0.00s，total=0.00s。
正在处理托盘类型：MH423C，销售订单号：LFEG16290IN01S
  - 主算法：全局列式装箱 + 柱级组合优化（GCP）。
  - GCP 盘数远超理论（CP-SAT 装不满）→ 回退 baseline beam + 配方优先。
  - 配方优先[fast]：规划 0 实例，实装成功 0，配方路径不可用 → 采用基线方案。
  - 指数诊断：箱子 41 个，总指数 125，目标 192，理论最多达标托盘 0 个，剩余指数 125。
  - 几何诊断：典型整层堆叠单盘参考上限 69/192。 当前目标可能受托盘高度/箱型组合限制。
  - 几何诊断提示：典型整层参考值 69 < 目标 192；该值不是不可达证明，继续执行指数救援。
  - 失败托盘互借诊断：未合并（no_target_or_single_plan）。
托盘类型 MH423C（销售订单号：LFEG16290IN01S）处理完成：总托盘 1，指数达标 0，未达标 1，平均缺口 67.00，最大缺口 67.00，失败托盘互借修复成功 0。
  - KPI：near/mid/deep=0/0/1，救回率=0.00%，pair效率=0.00%。
  - 耗时拆解：packing=0.64s，main_topup=0.00s，retry=0.00s，failed_pool=0.00s，repack=0.00s，total=1.02s。
正在处理托盘类型：MH423C，销售订单号：LFEG16290IN01S__SPLITREST__
  - 该分组不适合列式（多非满柱）→ 回退 beam + 配方优先。
  - 配方优先[fast]：规划 0 实例，实装成功 0，配方路径不可用 → 采用基线方案。
  - 指数诊断：箱子 3 个，总指数 8.5，目标 192，理论最多达标托盘 0 个，剩余指数 8.5。
  - 几何诊断：典型整层堆叠单盘参考上限 8.5/192。 当前目标可能受托盘高度/箱型组合限制。
  - 几何诊断提示：典型整层参考值 8.5 < 目标 192；该值不是不可达证明，继续执行指数救援。
  - 失败托盘互借诊断：未合并（no_target_or_single_plan）。
托盘类型 MH423C（销售订单号：LFEG16290IN01S__SPLITREST__）处理完成：总托盘 1，指数达标 0，未达标 1，平均缺口 183.50，最大缺口 183.50，失败托盘互借修复成功 0。
  - KPI：near/mid/deep=0/0/1，救回率=0.00%，pair效率=0.00%。
  - 耗时拆解：packing=0.00s，main_topup=0.00s，retry=0.00s，failed_pool=0.00s，repack=0.00s，total=0.01s。
正在处理托盘类型：MH423C，销售订单号：LAID16295EN01S
  - 主算法：全局列式装箱 + 柱级组合优化（GCP）。
  - 失败托盘互借诊断：未合并（aborted_no_improvement_possible）。
托盘类型 MH423C（销售订单号：LAID16295EN01S）处理完成：总托盘 2，指数达标 0，未达标 2，平均缺口 106.75，最大缺口 133.50，失败托盘互借修复成功 0。
  - KPI：near/mid/deep=0/0/2，救回率=0.00%，pair效率=0.00%。
  - 耗时拆解：packing=3.03s，main_topup=0.00s，retry=0.00s，failed_pool=0.00s，repack=1.25s，total=4.28s。
正在处理托盘类型：MH423C，销售订单号：LAID16295BN01S
  - 主算法：全局列式装箱 + 柱级组合优化（GCP）。
  - 失败托盘互借诊断：未合并（no_target_or_single_plan）。
托盘类型 MH423C（销售订单号：LAID16295BN01S）处理完成：总托盘 1，指数达标 0，未达标 1，平均缺口 127.00，最大缺口 127.00，失败托盘互借修复成功 0。
  - KPI：near/mid/deep=0/0/1，救回率=0.00%，pair效率=0.00%。
  - 耗时拆解：packing=0.18s，main_topup=0.00s，retry=0.00s，failed_pool=0.00s，repack=0.00s，total=0.18s。
正在处理托盘类型：MH423C，销售订单号：LFEG16310IN02S
  - 该分组不适合列式（多非满柱）→ 回退 beam + 配方优先。
  - 配方优先[fast]：规划 0 实例，实装成功 0，配方路径不可用 → 采用基线方案。
  - 指数诊断：箱子 1 个，总指数 1，目标 192，理论最多达标托盘 0 个，剩余指数 1。
  - 几何诊断：典型整层堆叠单盘参考上限 1/192。 当前目标可能受托盘高度/箱型组合限制。
  - 几何诊断提示：典型整层参考值 1 < 目标 192；该值不是不可达证明，继续执行指数救援。
  - 失败托盘互借诊断：未合并（no_target_or_single_plan）。
托盘类型 MH423C（销售订单号：LFEG16310IN02S）处理完成：总托盘 1，指数达标 0，未达标 1，平均缺口 191.00，最大缺口 191.00，失败托盘互借修复成功 0。
  - KPI：near/mid/deep=0/0/1，救回率=0.00%，pair效率=0.00%。
  - 耗时拆解：packing=0.00s，main_topup=0.00s，retry=0.00s，failed_pool=0.00s，repack=0.00s，total=0.00s。
正在处理托盘类型：MH423C，销售订单号：LFEG16310IN01S
  - 该分组不适合列式（多非满柱）→ 回退 beam + 配方优先。
  - 配方优先[fast]：规划 0 实例，实装成功 0，配方路径不可用 → 采用基线方案。
  - 指数诊断：箱子 1 个，总指数 1，目标 192，理论最多达标托盘 0 个，剩余指数 1。
  - 几何诊断：典型整层堆叠单盘参考上限 1/192。 当前目标可能受托盘高度/箱型组合限制。
  - 几何诊断提示：典型整层参考值 1 < 目标 192；该值不是不可达证明，继续执行指数救援。
  - 失败托盘互借诊断：未合并（no_target_or_single_plan）。
托盘类型 MH423C（销售订单号：LFEG16310IN01S）处理完成：总托盘 1，指数达标 0，未达标 1，平均缺口 191.00，最大缺口 191.00，失败托盘互借修复成功 0。
  - KPI：near/mid/deep=0/0/1，救回率=0.00%，pair效率=0.00%。
  - 耗时拆解：packing=0.00s，main_topup=0.00s，retry=0.00s，failed_pool=0.00s，repack=0.00s，total=0.00s。
正在处理托盘类型：MH423C，销售订单号：PEG086300LN01S
  - 主算法：全局列式装箱 + 柱级组合优化（GCP）。
  - 失败托盘互借诊断：未合并（no_target_or_single_plan）。
托盘类型 MH423C（销售订单号：PEG086300LN01S）处理完成：总托盘 1，指数达标 0，未达标 1，平均缺口 76.00，最大缺口 76.00，失败托盘互借修复成功 0。
  - KPI：near/mid/deep=0/0/1，救回率=0.00%，pair效率=0.00%。
  - 耗时拆解：packing=0.98s，main_topup=0.00s，retry=0.00s，failed_pool=0.00s，repack=0.00s，total=0.98s。
正在处理托盘类型：MH423C，销售订单号：PAID162808N01S
  - 该分组不适合列式（多非满柱）→ 回退 beam + 配方优先。
  - 配方优先[fast]：规划 0 实例，实装成功 0，配方路径不可用 → 采用基线方案。
  - 指数诊断：箱子 12 个，总指数 20.5，目标 192，理论最多达标托盘 0 个，剩余指数 20.5。
  - 几何诊断：典型整层堆叠单盘参考上限 20.5/192。 当前目标可能受托盘高度/箱型组合限制。
  - 几何诊断提示：典型整层参考值 20.5 < 目标 192；该值不是不可达证明，继续执行指数救援。
  - 失败托盘互借诊断：未合并（no_target_or_single_plan）。
托盘类型 MH423C（销售订单号：PAID162808N01S）处理完成：总托盘 1，指数达标 0，未达标 1，平均缺口 171.50，最大缺口 171.50，失败托盘互借修复成功 0。
  - KPI：near/mid/deep=0/0/1，救回率=0.00%，pair效率=0.00%。
  - 耗时拆解：packing=0.03s，main_topup=0.00s，retry=0.00s，failed_pool=0.00s，repack=0.01s，total=0.10s。
正在处理托盘类型：MH423C，销售订单号：PAID16290FN01S
  - 主算法：全局列式装箱 + 柱级组合优化（GCP）。
  - GCP 盘数远超理论（CP-SAT 装不满）→ 回退 baseline beam + 配方优先。
  - 配方优先[fast]：规划 0 实例，实装成功 0，配方路径不可用 → 采用基线方案。
  - 指数诊断：箱子 7 个，总指数 19，目标 192，理论最多达标托盘 0 个，剩余指数 19。
  - 几何诊断：典型整层堆叠单盘参考上限 18/192。 当前目标可能受托盘高度/箱型组合限制。
  - 几何诊断提示：典型整层参考值 18 < 目标 192；该值不是不可达证明，继续执行指数救援。
  - 失败托盘互借诊断：未合并（no_target_or_single_plan）。
托盘类型 MH423C（销售订单号：PAID16290FN01S）处理完成：总托盘 1，指数达标 0，未达标 1，平均缺口 173.00，最大缺口 173.00，失败托盘互借修复成功 0。
  - KPI：near/mid/deep=0/0/1，救回率=0.00%，pair效率=0.00%。
  - 耗时拆解：packing=0.01s，main_topup=0.00s，retry=0.00s，failed_pool=0.00s，repack=0.00s，total=0.06s。
正在处理托盘类型：MH423C，销售订单号：PAID16290FN01S__SPLITREST__
  - 该分组不适合列式（多非满柱）→ 回退 beam + 配方优先。
  - 配方优先[fast]：规划 0 实例，实装成功 0，配方路径不可用 → 采用基线方案。
  - 指数诊断：箱子 1 个，总指数 0.5，目标 192，理论最多达标托盘 0 个，剩余指数 0.5。
  - 几何诊断：典型整层堆叠单盘参考上限 0.5/192。 当前目标可能受托盘高度/箱型组合限制。
  - 几何诊断提示：典型整层参考值 0.5 < 目标 192；该值不是不可达证明，继续执行指数救援。
  - 失败托盘互借诊断：未合并（no_target_or_single_plan）。
托盘类型 MH423C（销售订单号：PAID16290FN01S__SPLITREST__）处理完成：总托盘 1，指数达标 0，未达标 1，平均缺口 191.50，最大缺口 191.50，失败托盘互借修复成功 0。
  - KPI：near/mid/deep=0/0/1，救回率=0.00%，pair效率=0.00%。
  - 耗时拆解：packing=0.00s，main_topup=0.00s，retry=0.00s，failed_pool=0.00s，repack=0.00s，total=0.00s。
正在处理托盘类型：MH423C，销售订单号：PAIN26290MN10S
  - 主算法：全局列式装箱 + 柱级组合优化（GCP）。
  - 失败托盘互借诊断：未合并（less_than_2_consolidatable）。
托盘类型 MH423C（销售订单号：PAIN26290MN10S）处理完成：总托盘 2，指数达标 1，未达标 1，平均缺口 124.00，最大缺口 124.00，失败托盘互借修复成功 0。
  - KPI：near/mid/deep=0/0/1，救回率=0.00%，pair效率=0.00%。
  - 耗时拆解：packing=6.11s，main_topup=0.00s，retry=0.00s，failed_pool=0.00s，repack=0.00s，total=6.11s。
正在处理托盘类型：MH423C，销售订单号：LAID16296DN03S__CASEGROUP__1
  - 主算法：全局列式装箱 + 柱级组合优化（GCP）。
  - 失败托盘互借诊断：未合并（no_target_or_single_plan）。
托盘类型 MH423C（销售订单号：LAID16296DN03S__CASEGROUP__1）处理完成：总托盘 1，指数达标 0，未达标 1，平均缺口 90.00，最大缺口 90.00，失败托盘互借修复成功 0。
  - KPI：near/mid/deep=0/0/1，救回率=0.00%，pair效率=0.00%。
  - 耗时拆解：packing=0.34s，main_topup=0.00s，retry=0.00s，failed_pool=0.00s，repack=0.00s，total=0.34s。
正在处理托盘类型：MH423C，销售订单号：LAID16296DN03S__CASEGROUP__1__SPLITREST__
  - 该分组不适合列式（多非满柱）→ 回退 beam + 配方优先。
  - 配方优先[fast]：规划 0 实例，实装成功 0，配方路径不可用 → 采用基线方案。
  - 指数诊断：箱子 4 个，总指数 2，目标 192，理论最多达标托盘 0 个，剩余指数 2。
  - 几何诊断：典型整层堆叠单盘参考上限 2/192。 当前目标可能受托盘高度/箱型组合限制。
  - 几何诊断提示：典型整层参考值 2 < 目标 192；该值不是不可达证明，继续执行指数救援。
  - 失败托盘互借诊断：未合并（no_target_or_single_plan）。
托盘类型 MH423C（销售订单号：LAID16296DN03S__CASEGROUP__1__SPLITREST__）处理完成：总托盘 1，指数达标 0，未达标 1，平均缺口 190.00，最大缺口 190.00，失败托盘互借修复成功 0。
  - KPI：near/mid/deep=0/0/1，救回率=0.00%，pair效率=0.00%。
  - 耗时拆解：packing=0.00s，main_topup=0.00s，retry=0.00s，failed_pool=0.00s，repack=0.00s，total=0.02s。
正在处理托盘类型：MH423C，销售订单号：PAID16295EN06S
  - 该分组不适合列式（多非满柱）→ 回退 beam + 配方优先。
  - 配方优先[fast]：规划 0 实例，实装成功 0，配方路径不可用 → 采用基线方案。
  - 指数诊断：箱子 15 个，总指数 20.5，目标 192，理论最多达标托盘 0 个，剩余指数 20.5。
  - 几何诊断：典型整层堆叠单盘参考上限 16/192。 当前目标可能受托盘高度/箱型组合限制。
  - 几何诊断提示：典型整层参考值 16 < 目标 192；该值不是不可达证明，继续执行指数救援。
  - 失败托盘互借诊断：未合并（no_target_or_single_plan）。
托盘类型 MH423C（销售订单号：PAID16295EN06S）处理完成：总托盘 1，指数达标 0，未达标 1，平均缺口 171.50，最大缺口 171.50，失败托盘互借修复成功 0。
  - KPI：near/mid/deep=0/0/1，救回率=0.00%，pair效率=0.00%。
  - 耗时拆解：packing=0.09s，main_topup=0.00s，retry=0.00s，failed_pool=0.00s，repack=0.00s，total=0.09s。
正在处理托盘类型：MH423C，销售订单号：PAID162808C02S
  - 主算法：全局列式装箱 + 柱级组合优化（GCP）。
  - GCP 盘数远超理论（CP-SAT 装不满）→ 回退 baseline beam + 配方优先。
  - 配方优先[fast]：规划 0 实例，实装成功 0，配方路径不可用 → 采用基线方案。
  - 指数诊断：箱子 6 个，总指数 12，目标 192，理论最多达标托盘 0 个，剩余指数 12。
  - 几何诊断：典型整层堆叠单盘参考上限 12/192。 当前目标可能受托盘高度/箱型组合限制。
  - 几何诊断提示：典型整层参考值 12 < 目标 192；该值不是不可达证明，继续执行指数救援。
  - 失败托盘互借诊断：未合并（no_target_or_single_plan）。
托盘类型 MH423C（销售订单号：PAID162808C02S）处理完成：总托盘 1，指数达标 0，未达标 1，平均缺口 180.00，最大缺口 180.00，失败托盘互借修复成功 0。
  - KPI：near/mid/deep=0/0/1，救回率=0.00%，pair效率=0.00%。
  - 耗时拆解：packing=0.01s，main_topup=0.00s，retry=0.00s，failed_pool=0.00s，repack=0.00s，total=0.06s。
正在处理托盘类型：MH423C，销售订单号：LFEG16300IN01S
  - 该分组不适合列式（多非满柱）→ 回退 beam + 配方优先。
  - 配方优先[fast]：规划 0 实例，实装成功 0，配方路径不可用 → 采用基线方案。
  - 指数诊断：箱子 3 个，总指数 10，目标 192，理论最多达标托盘 0 个，剩余指数 10。
  - 几何诊断：典型整层堆叠单盘参考上限 10/192。 当前目标可能受托盘高度/箱型组合限制。
  - 几何诊断提示：典型整层参考值 10 < 目标 192；该值不是不可达证明，继续执行指数救援。
  - 失败托盘互借诊断：未合并（no_target_or_single_plan）。
托盘类型 MH423C（销售订单号：LFEG16300IN01S）处理完成：总托盘 1，指数达标 0，未达标 1，平均缺口 182.00，最大缺口 182.00，失败托盘互借修复成功 0。
  - KPI：near/mid/deep=0/0/1，救回率=0.00%，pair效率=0.00%。
  - 耗时拆解：packing=0.00s，main_topup=0.00s，retry=0.00s，failed_pool=0.00s，repack=0.00s，total=0.01s。
正在处理托盘类型：MH423C，销售订单号：LAMY16315FN01S
  - 主算法：全局列式装箱 + 柱级组合优化（GCP）。
  - 失败托盘互借诊断：未合并（no_target_or_single_plan）。
托盘类型 MH423C（销售订单号：LAMY16315FN01S）处理完成：总托盘 1，指数达标 0，未达标 1，平均缺口 120.00，最大缺口 120.00，失败托盘互借修复成功 0。
  - KPI：near/mid/deep=0/0/1，救回率=0.00%，pair效率=0.00%。
  - 耗时拆解：packing=0.24s，main_topup=0.00s，retry=0.00s，failed_pool=0.00s，repack=0.00s，total=0.24s。
正在处理托盘类型：MH423C，销售订单号：LAMY16315FN01S__SPLITREST__
  - 该分组不适合列式（多非满柱）→ 回退 beam + 配方优先。
  - 配方优先[fast]：规划 0 实例，实装成功 0，配方路径不可用 → 采用基线方案。
  - 指数诊断：箱子 2 个，总指数 4，目标 192，理论最多达标托盘 0 个，剩余指数 4。
  - 几何诊断：典型整层堆叠单盘参考上限 4/192。 当前目标可能受托盘高度/箱型组合限制。
  - 几何诊断提示：典型整层参考值 4 < 目标 192；该值不是不可达证明，继续执行指数救援。
  - 失败托盘互借诊断：未合并（no_target_or_single_plan）。
托盘类型 MH423C（销售订单号：LAMY16315FN01S__SPLITREST__）处理完成：总托盘 1，指数达标 0，未达标 1，平均缺口 188.00，最大缺口 188.00，失败托盘互借修复成功 0。
  - KPI：near/mid/deep=0/0/1，救回率=0.00%，pair效率=0.00%。
  - 耗时拆解：packing=0.00s，main_topup=0.00s，retry=0.00s，failed_pool=0.00s，repack=0.00s，total=0.00s。
正在处理托盘类型：MH423C，销售订单号：LAID16305BN02S
  - 主算法：全局列式装箱 + 柱级组合优化（GCP）。
  - 失败托盘互借诊断：未合并（no_target_or_single_plan）。
托盘类型 MH423C（销售订单号：LAID16305BN02S）处理完成：总托盘 1，指数达标 0，未达标 1，平均缺口 88.00，最大缺口 88.00，失败托盘互借修复成功 0。
  - KPI：near/mid/deep=0/0/1，救回率=0.00%，pair效率=0.00%。
  - 耗时拆解：packing=0.70s，main_topup=0.00s，retry=0.00s，failed_pool=0.00s，repack=0.00s，total=0.70s。
正在处理托盘类型：MH423C，销售订单号：LFEG16300IN03S
  - 该分组不适合列式（多非满柱）→ 回退 beam + 配方优先。
  - 配方优先[fast]：规划 0 实例，实装成功 0，配方路径不可用 → 采用基线方案。
  - 指数诊断：箱子 1 个，总指数 2，目标 192，理论最多达标托盘 0 个，剩余指数 2。
  - 几何诊断：典型整层堆叠单盘参考上限 2/192。 当前目标可能受托盘高度/箱型组合限制。
  - 几何诊断提示：典型整层参考值 2 < 目标 192；该值不是不可达证明，继续执行指数救援。
  - 失败托盘互借诊断：未合并（no_target_or_single_plan）。
托盘类型 MH423C（销售订单号：LFEG16300IN03S）处理完成：总托盘 1，指数达标 0，未达标 1，平均缺口 190.00，最大缺口 190.00，失败托盘互借修复成功 0。
  - KPI：near/mid/deep=0/0/1，救回率=0.00%，pair效率=0.00%。
  - 耗时拆解：packing=0.00s，main_topup=0.00s，retry=0.00s，failed_pool=0.00s，repack=0.00s，total=0.00s。
正在处理托盘类型：MH423C，销售订单号：LAID16305BN01S
  - 主算法：全局列式装箱 + 柱级组合优化（GCP）。
  - 失败托盘互借诊断：未合并（no_target_or_single_plan）。
托盘类型 MH423C（销售订单号：LAID16305BN01S）处理完成：总托盘 1，指数达标 0，未达标 1，平均缺口 158.00，最大缺口 158.00，失败托盘互借修复成功 0。
  - KPI：near/mid/deep=0/0/1，救回率=0.00%，pair效率=0.00%。
  - 耗时拆解：packing=0.11s，main_topup=0.00s，retry=0.00s，failed_pool=0.00s，repack=0.00s，total=0.11s。
正在处理托盘类型：MH423C，销售订单号：LAID16305EN01S
  - 该分组不适合列式（多非满柱）→ 回退 beam + 配方优先。
  - 配方优先[fast]：规划 0 实例，实装成功 0，配方路径不可用 → 采用基线方案。
  - 指数诊断：箱子 29 个，总指数 132.5，目标 192，理论最多达标托盘 0 个，剩余指数 132.5。
  - 几何诊断：典型整层堆叠单盘参考上限 78/192。 当前目标可能受托盘高度/箱型组合限制。
  - 几何诊断提示：典型整层参考值 78 < 目标 192；该值不是不可达证明，继续执行指数救援。
  - 失败托盘互借诊断：未合并（aborted_no_improvement_possible）。
托盘类型 MH423C（销售订单号：LAID16305EN01S）处理完成：总托盘 3，指数达标 0，未达标 3，平均缺口 147.83，最大缺口 188.00，失败托盘互借修复成功 0。
  - KPI：near/mid/deep=0/0/3，救回率=0.00%，pair效率=0.00%。
  - 耗时拆解：packing=0.12s，main_topup=0.00s，retry=0.00s，failed_pool=0.00s，repack=0.44s，total=0.92s。
正在处理托盘类型：MH423C，销售订单号：PAIN26290GC02S
  - 主算法：全局列式装箱 + 柱级组合优化（GCP）。
  - GCP 盘数远超理论（CP-SAT 装不满）→ 回退 baseline beam + 配方优先。
  - 托盘 MH423C-PAIN26290GC02S-2 未找到可行装箱方案，启用剩余箱子守恒兜底。
  - 配方优先[fast]：规划 0 实例，实装成功 0，配方路径不可用 → 采用基线方案。
  - 指数诊断：箱子 41 个，总指数 178，目标 192，理论最多达标托盘 0 个，剩余指数 178。
  - 几何诊断：典型整层堆叠单盘参考上限 136/192。 当前目标可能受托盘高度/箱型组合限制。
  - 几何诊断提示：典型整层参考值 136 < 目标 192；该值不是不可达证明，继续执行指数救援。
  - 失败盘装满压实：合并/吸收 2 次（纯减盘数）。
  - 失败托盘互借诊断：未合并（aborted_no_improvement_possible）。
托盘类型 MH423C（销售订单号：PAIN26290GC02S）处理完成：总托盘 2，指数达标 0，未达标 2，平均缺口 103.00，最大缺口 178.00，失败托盘互借修复成功 0。
  - KPI：near/mid/deep=0/0/2，救回率=0.00%，pair效率=0.00%。
  - 耗时拆解：packing=0.28s，main_topup=0.01s，retry=0.00s，failed_pool=0.00s，repack=0.54s，total=2.03s。
正在处理托盘类型：MH423C，销售订单号：PAID16280FC02S
  - 主算法：全局列式装箱 + 柱级组合优化（GCP）。
  - GCP 盘数远超理论（CP-SAT 装不满）→ 回退 baseline beam + 配方优先。
  - 配方优先[fast]：规划 0 实例，实装成功 0，配方路径不可用 → 采用基线方案。
  - 指数诊断：箱子 4 个，总指数 16，目标 192，理论最多达标托盘 0 个，剩余指数 16。
  - 几何诊断：典型整层堆叠单盘参考上限 16/192。 当前目标可能受托盘高度/箱型组合限制。
  - 几何诊断提示：典型整层参考值 16 < 目标 192；该值不是不可达证明，继续执行指数救援。
  - 失败托盘互借诊断：未合并（no_target_or_single_plan）。
托盘类型 MH423C（销售订单号：PAID16280FC02S）处理完成：总托盘 1，指数达标 0，未达标 1，平均缺口 176.00，最大缺口 176.00，失败托盘互借修复成功 0。
  - KPI：near/mid/deep=0/0/1，救回率=0.00%，pair效率=0.00%。
  - 耗时拆解：packing=0.00s，main_topup=0.00s，retry=0.00s，failed_pool=0.00s，repack=0.00s，total=0.03s。
正在处理托盘类型：MH423C，销售订单号：PAIN26296EC02S
  - 主算法：全局列式装箱 + 柱级组合优化（GCP）。
  - 失败托盘互借诊断：未合并（no_target_or_single_plan）。
托盘类型 MH423C（销售订单号：PAIN26296EC02S）处理完成：总托盘 1，指数达标 0，未达标 1，平均缺口 80.00，最大缺口 80.00，失败托盘互借修复成功 0。
  - KPI：near/mid/deep=0/0/1，救回率=0.00%，pair效率=0.00%。
  - 耗时拆解：packing=1.86s，main_topup=0.00s，retry=0.00s，failed_pool=0.00s，repack=0.00s，total=1.86s。
正在处理托盘类型：MH423C，销售订单号：PAIN26296EC02S__SPLITREST__
  - 该分组不适合列式（多非满柱）→ 回退 beam + 配方优先。
  - 配方优先[fast]：规划 0 实例，实装成功 0，配方路径不可用 → 采用基线方案。
  - 指数诊断：箱子 1 个，总指数 2，目标 192，理论最多达标托盘 0 个，剩余指数 2。
  - 几何诊断：典型整层堆叠单盘参考上限 2/192。 当前目标可能受托盘高度/箱型组合限制。
  - 几何诊断提示：典型整层参考值 2 < 目标 192；该值不是不可达证明，继续执行指数救援。
  - 失败托盘互借诊断：未合并（no_target_or_single_plan）。
托盘类型 MH423C（销售订单号：PAIN26296EC02S__SPLITREST__）处理完成：总托盘 1，指数达标 0，未达标 1，平均缺口 190.00，最大缺口 190.00，失败托盘互借修复成功 0。
  - KPI：near/mid/deep=0/0/1，救回率=0.00%，pair效率=0.00%。
  - 耗时拆解：packing=0.00s，main_topup=0.00s，retry=0.00s，failed_pool=0.00s，repack=0.00s，total=0.00s。
正在处理托盘类型：MH423C，销售订单号：PAID16290FC02S
  - 该分组不适合列式（多非满柱）→ 回退 beam + 配方优先。
  - 配方优先[fast]：规划 0 实例，实装成功 0，配方路径不可用 → 采用基线方案。
  - 指数诊断：箱子 6 个，总指数 14，目标 192，理论最多达标托盘 0 个，剩余指数 14。
  - 几何诊断：典型整层堆叠单盘参考上限 14/192。 当前目标可能受托盘高度/箱型组合限制。
  - 几何诊断提示：典型整层参考值 14 < 目标 192；该值不是不可达证明，继续执行指数救援。
  - 失败托盘互借诊断：未合并（no_target_or_single_plan）。
托盘类型 MH423C（销售订单号：PAID16290FC02S）处理完成：总托盘 1，指数达标 0，未达标 1，平均缺口 178.00，最大缺口 178.00，失败托盘互借修复成功 0。
  - KPI：near/mid/deep=0/0/1，救回率=0.00%，pair效率=0.00%。
  - 耗时拆解：packing=0.01s，main_topup=0.00s，retry=0.00s，failed_pool=0.00s，repack=0.00s，total=0.05s。
正在处理托盘类型：MH423C，销售订单号：LAID16295EN01S__CASEGROUP__1
  - 主算法：全局列式装箱 + 柱级组合优化（GCP）。
  - GCP 盘数远超理论（CP-SAT 装不满）→ 回退 baseline beam + 配方优先。
  - 配方优先[fast]：规划 0 实例，实装成功 0，配方路径不可用 → 采用基线方案。
  - 指数诊断：箱子 78 个，总指数 140，目标 192，理论最多达标托盘 0 个，剩余指数 140。
  - 几何诊断：典型整层堆叠单盘参考上限 128/192。 当前目标可能受托盘高度/箱型组合限制。
  - 几何诊断提示：典型整层参考值 128 < 目标 192；该值不是不可达证明，继续执行指数救援。
  - 失败托盘互借诊断：未合并（no_target_or_single_plan）。
托盘类型 MH423C（销售订单号：LAID16295EN01S__CASEGROUP__1）处理完成：总托盘 1，指数达标 0，未达标 1，平均缺口 52.00，最大缺口 52.00，失败托盘互借修复成功 0。
  - KPI：near/mid/deep=0/0/1，救回率=0.00%，pair效率=0.00%。
  - 耗时拆解：packing=3.11s，main_topup=0.00s，retry=0.00s，failed_pool=0.00s，repack=0.00s，total=5.09s。
正在处理托盘类型：MH423C，销售订单号：LAID16295EN01S__CASEGROUP__1__SPLITREST__
  - 该分组不适合列式（多非满柱）→ 回退 beam + 配方优先。
  - 配方优先[fast]：规划 0 实例，实装成功 0，配方路径不可用 → 采用基线方案。
  - 指数诊断：箱子 5 个，总指数 16，目标 192，理论最多达标托盘 0 个，剩余指数 16。
  - 几何诊断：典型整层堆叠单盘参考上限 16/192。 当前目标可能受托盘高度/箱型组合限制。
  - 几何诊断提示：典型整层参考值 16 < 目标 192；该值不是不可达证明，继续执行指数救援。
  - 失败托盘互借诊断：未合并（no_target_or_single_plan）。
托盘类型 MH423C（销售订单号：LAID16295EN01S__CASEGROUP__1__SPLITREST__）处理完成：总托盘 1，指数达标 0，未达标 1，平均缺口 176.00，最大缺口 176.00，失败托盘互借修复成功 0。
  - KPI：near/mid/deep=0/0/1，救回率=0.00%，pair效率=0.00%。
  - 耗时拆解：packing=0.01s，main_topup=0.00s，retry=0.00s，failed_pool=0.00s，repack=0.00s，total=0.01s。
正在处理托盘类型：MH423C，销售订单号：PAIN26296EN01S
  - 主算法：全局列式装箱 + 柱级组合优化（GCP）。
  - 失败托盘互借诊断：未合并（aborted_no_improvement_possible）。
托盘类型 MH423C（销售订单号：PAIN26296EN01S）处理完成：总托盘 2，指数达标 0，未达标 2，平均缺口 90.00，最大缺口 138.00，失败托盘互借修复成功 0。
  - KPI：near/mid/deep=0/0/2，救回率=0.00%，pair效率=0.00%。
  - 耗时拆解：packing=0.96s，main_topup=0.00s，retry=0.00s，failed_pool=0.00s，repack=1.04s，total=2.00s。
  - 条件双路径棘轮：替代完整路径未严格改善，保留 GCP。
正在处理托盘类型：MH423C，销售订单号：PEG146296CN01S
  - 主算法：全局列式装箱 + 柱级组合优化（GCP）。
  - 失败托盘互借诊断：未合并（no_target_or_single_plan）。
托盘类型 MH423C（销售订单号：PEG146296CN01S）处理完成：总托盘 1，指数达标 0，未达标 1，平均缺口 68.00，最大缺口 68.00，失败托盘互借修复成功 0。
  - KPI：near/mid/deep=0/0/1，救回率=0.00%，pair效率=0.00%。
  - 耗时拆解：packing=0.36s，main_topup=0.00s，retry=0.00s，failed_pool=0.00s，repack=0.00s，total=0.36s。
正在处理托盘类型：MH423C，销售订单号：LAID16284AN02S
  - 主算法：全局列式装箱 + 柱级组合优化（GCP）。
  - GCP 盘数远超理论（CP-SAT 装不满）→ 回退 baseline beam + 配方优先。
  - 配方优先[fast]：规划 0 实例，实装成功 0，配方路径不可用 → 采用基线方案。
  - 指数诊断：箱子 7 个，总指数 22，目标 192，理论最多达标托盘 0 个，剩余指数 22。
  - 几何诊断：典型整层堆叠单盘参考上限 22/192。 当前目标可能受托盘高度/箱型组合限制。
  - 几何诊断提示：典型整层参考值 22 < 目标 192；该值不是不可达证明，继续执行指数救援。
  - 失败托盘互借诊断：未合并（no_target_or_single_plan）。
托盘类型 MH423C（销售订单号：LAID16284AN02S）处理完成：总托盘 1，指数达标 0，未达标 1，平均缺口 170.00，最大缺口 170.00，失败托盘互借修复成功 0。
  - KPI：near/mid/deep=0/0/1，救回率=0.00%，pair效率=0.00%。
  - 耗时拆解：packing=0.01s，main_topup=0.00s，retry=0.00s，failed_pool=0.00s，repack=0.00s，total=0.05s。
正在处理托盘类型：MH423C，销售订单号：PAIN26290MN09S
  - 主算法：全局列式装箱 + 柱级组合优化（GCP）。
  - 失败托盘互借诊断：未合并（aborted_no_improvement_possible）。
托盘类型 MH423C（销售订单号：PAIN26290MN09S）处理完成：总托盘 2，指数达标 0，未达标 2，平均缺口 138.00，最大缺口 163.00，失败托盘互借修复成功 0。
  - KPI：near/mid/deep=0/0/2，救回率=0.00%，pair效率=0.00%。
  - 耗时拆解：packing=4.35s，main_topup=0.00s，retry=0.00s，failed_pool=0.00s，repack=3.30s，total=7.65s。
正在处理托盘类型：MH423C，销售订单号：LAID16294AN01S
  - 该分组不适合列式（多非满柱）→ 回退 beam + 配方优先。
  - 配方优先[fast]：规划 0 实例，实装成功 0，配方路径不可用 → 采用基线方案。
  - 指数诊断：箱子 9 个，总指数 23，目标 192，理论最多达标托盘 0 个，剩余指数 23。
  - 几何诊断：典型整层堆叠单盘参考上限 20/192。 当前目标可能受托盘高度/箱型组合限制。
  - 几何诊断提示：典型整层参考值 20 < 目标 192；该值不是不可达证明，继续执行指数救援。
  - 失败托盘互借诊断：未合并（no_target_or_single_plan）。
托盘类型 MH423C（销售订单号：LAID16294AN01S）处理完成：总托盘 1，指数达标 0，未达标 1，平均缺口 169.00，最大缺口 169.00，失败托盘互借修复成功 0。
  - KPI：near/mid/deep=0/0/1，救回率=0.00%，pair效率=0.00%。
  - 耗时拆解：packing=0.04s，main_topup=0.00s，retry=0.00s，failed_pool=0.00s，repack=0.00s，total=0.04s。
正在处理托盘类型：MH423C，销售订单号：LAMY16305FN01S
  - 主算法：全局列式装箱 + 柱级组合优化（GCP）。
  - 失败托盘互借诊断：未合并（no_target_or_single_plan）。
托盘类型 MH423C（销售订单号：LAMY16305FN01S）处理完成：总托盘 1，指数达标 0，未达标 1，平均缺口 170.00，最大缺口 170.00，失败托盘互借修复成功 0。
  - KPI：near/mid/deep=0/0/1，救回率=0.00%，pair效率=0.00%。
  - 耗时拆解：packing=0.03s，main_topup=0.00s，retry=0.00s，failed_pool=0.00s，repack=0.00s，total=0.03s。
正在处理托盘类型：MH423C，销售订单号：PAID16295BN01S
  - 主算法：全局列式装箱 + 柱级组合优化（GCP）。
  - 失败托盘互借诊断：未合并（no_target_or_single_plan）。
托盘类型 MH423C（销售订单号：PAID16295BN01S）处理完成：总托盘 1，指数达标 0，未达标 1，平均缺口 124.00，最大缺口 124.00，失败托盘互借修复成功 0。
  - KPI：near/mid/deep=0/0/1，救回率=0.00%，pair效率=0.00%。
  - 耗时拆解：packing=0.44s，main_topup=0.00s，retry=0.00s，failed_pool=0.00s，repack=0.00s，total=0.44s。
正在处理托盘类型：MH423C，销售订单号：PAID16296DN01S
  - 主算法：全局列式装箱 + 柱级组合优化（GCP）。
  - GCP 盘数远超理论（CP-SAT 装不满）→ 回退 baseline beam + 配方优先。
  - 配方优先[fast]：规划 0 实例，实装成功 0，配方路径不可用 → 采用基线方案。
  - 指数诊断：箱子 10 个，总指数 20，目标 192，理论最多达标托盘 0 个，剩余指数 20。
  - 几何诊断：典型整层堆叠单盘参考上限 20/192。 当前目标可能受托盘高度/箱型组合限制。
  - 几何诊断提示：典型整层参考值 20 < 目标 192；该值不是不可达证明，继续执行指数救援。
  - 失败托盘互借诊断：未合并（no_target_or_single_plan）。
托盘类型 MH423C（销售订单号：PAID16296DN01S）处理完成：总托盘 1，指数达标 0，未达标 1，平均缺口 172.00，最大缺口 172.00，失败托盘互借修复成功 0。
  - KPI：near/mid/deep=0/0/1，救回率=0.00%，pair效率=0.00%。
  - 耗时拆解：packing=0.01s，main_topup=0.00s，retry=0.00s，failed_pool=0.00s，repack=0.00s，total=0.10s。
正在处理托盘类型：MH423C，销售订单号：PAID16295EL05S
  - 该分组不适合列式（多非满柱）→ 回退 beam + 配方优先。
  - 配方优先[fast]：规划 0 实例，实装成功 0，配方路径不可用 → 采用基线方案。
  - 指数诊断：箱子 1 个，总指数 2，目标 192，理论最多达标托盘 0 个，剩余指数 2。
  - 几何诊断：典型整层堆叠单盘参考上限 2/192。 当前目标可能受托盘高度/箱型组合限制。
  - 几何诊断提示：典型整层参考值 2 < 目标 192；该值不是不可达证明，继续执行指数救援。
  - 失败托盘互借诊断：未合并（no_target_or_single_plan）。
托盘类型 MH423C（销售订单号：PAID16295EL05S）处理完成：总托盘 1，指数达标 0，未达标 1，平均缺口 190.00，最大缺口 190.00，失败托盘互借修复成功 0。
  - KPI：near/mid/deep=0/0/1，救回率=0.00%，pair效率=0.00%。
  - 耗时拆解：packing=0.00s，main_topup=0.00s，retry=0.00s，failed_pool=0.00s，repack=0.00s，total=0.00s。
正在处理托盘类型：MH423C，销售订单号：PAID16290FL03S
  - 该分组不适合列式（多非满柱）→ 回退 beam + 配方优先。
  - 配方优先[fast]：规划 0 实例，实装成功 0，配方路径不可用 → 采用基线方案。
  - 指数诊断：箱子 3 个，总指数 6，目标 192，理论最多达标托盘 0 个，剩余指数 6。
  - 几何诊断：典型整层堆叠单盘参考上限 6/192。 当前目标可能受托盘高度/箱型组合限制。
  - 几何诊断提示：典型整层参考值 6 < 目标 192；该值不是不可达证明，继续执行指数救援。
  - 失败托盘互借诊断：未合并（no_target_or_single_plan）。
托盘类型 MH423C（销售订单号：PAID16290FL03S）处理完成：总托盘 1，指数达标 0，未达标 1，平均缺口 186.00，最大缺口 186.00，失败托盘互借修复成功 0。
  - KPI：near/mid/deep=0/0/1，救回率=0.00%，pair效率=0.00%。
  - 耗时拆解：packing=0.00s，main_topup=0.00s，retry=0.00s，failed_pool=0.00s，repack=0.00s，total=0.01s。
正在处理托盘类型：MH423C，销售订单号：PAIN26290MN02S
  - 该分组不适合列式（多非满柱）→ 回退 beam + 配方优先。
  - 配方优先[fast]：规划 0 实例，实装成功 0，配方路径不可用 → 采用基线方案。
  - 指数诊断：箱子 56 个，总指数 88，目标 192，理论最多达标托盘 0 个，剩余指数 88。
  - 几何诊断：典型整层堆叠单盘参考上限 85/192。 当前目标可能受托盘高度/箱型组合限制。
  - 几何诊断提示：典型整层参考值 85 < 目标 192；该值不是不可达证明，继续执行指数救援。
  - 失败托盘互借诊断：未合并（no_target_or_single_plan）。
托盘类型 MH423C（销售订单号：PAIN26290MN02S）处理完成：总托盘 1，指数达标 0，未达标 1，平均缺口 104.00，最大缺口 104.00，失败托盘互借修复成功 0。
  - KPI：near/mid/deep=0/0/1，救回率=0.00%，pair效率=0.00%。
  - 耗时拆解：packing=1.49s，main_topup=0.00s，retry=0.00s，failed_pool=0.00s，repack=0.00s，total=1.49s。
正在处理托盘类型：MH423C，销售订单号：PAIN26290MZ07S
  - 该分组不适合列式（多非满柱）→ 回退 beam + 配方优先。
  - 配方优先[fast]：规划 0 实例，实装成功 0，配方路径不可用 → 采用基线方案。
  - 指数诊断：箱子 72 个，总指数 210，目标 192，理论最多达标托盘 1 个，剩余指数 18。
  - 几何诊断：典型整层堆叠单盘参考上限 124/192。 当前目标可能受托盘高度/箱型组合限制。
  - 几何诊断提示：典型整层参考值 124 < 目标 192；该值不是不可达证明，继续执行指数救援。
  - 失败托盘互借诊断：未合并（aborted_no_improvement_possible）。
托盘类型 MH423C（销售订单号：PAIN26290MZ07S）处理完成：总托盘 2，指数达标 0，未达标 2，平均缺口 87.00，最大缺口 126.00，失败托盘互借修复成功 0。
  - KPI：near/mid/deep=0/0/2，救回率=0.00%，pair效率=0.00%。
  - 耗时拆解：packing=0.85s，main_topup=0.01s，retry=0.00s，failed_pool=6.73s，repack=8.67s，total=9.53s。
正在处理托盘类型：MH423C，销售订单号：PEG106290LN01S
  - 主算法：全局列式装箱 + 柱级组合优化（GCP）。
  - 失败托盘互借诊断：未合并（no_target_or_single_plan）。
托盘类型 MH423C（销售订单号：PEG106290LN01S）处理完成：总托盘 1，指数达标 0，未达标 1，平均缺口 76.00，最大缺口 76.00，失败托盘互借修复成功 0。
  - KPI：near/mid/deep=0/0/1，救回率=0.00%，pair效率=0.00%。
  - 耗时拆解：packing=0.35s，main_topup=0.00s，retry=0.00s，failed_pool=0.00s，repack=0.00s，total=0.35s。
正在处理托盘类型：MH423C，销售订单号：LAID16306DN03S
  - 主算法：全局列式装箱 + 柱级组合优化（GCP）。
  - 失败托盘互借诊断：未合并（no_target_or_single_plan）。
托盘类型 MH423C（销售订单号：LAID16306DN03S）处理完成：总托盘 1，指数达标 0，未达标 1，平均缺口 132.00，最大缺口 132.00，失败托盘互借修复成功 0。
  - KPI：near/mid/deep=0/0/1，救回率=0.00%，pair效率=0.00%。
  - 耗时拆解：packing=0.06s，main_topup=0.00s，retry=0.00s，failed_pool=0.00s，repack=0.00s，total=0.06s。
正在处理托盘类型：MH423C，销售订单号：LAID16306DN03S__SPLITREST__
  - 该分组不适合列式（多非满柱）→ 回退 beam + 配方优先。
  - 配方优先[fast]：规划 0 实例，实装成功 0，配方路径不可用 → 采用基线方案。
  - 指数诊断：箱子 2 个，总指数 4，目标 192，理论最多达标托盘 0 个，剩余指数 4。
  - 几何诊断：典型整层堆叠单盘参考上限 4/192。 当前目标可能受托盘高度/箱型组合限制。
  - 几何诊断提示：典型整层参考值 4 < 目标 192；该值不是不可达证明，继续执行指数救援。
  - 失败托盘互借诊断：未合并（no_target_or_single_plan）。
托盘类型 MH423C（销售订单号：LAID16306DN03S__SPLITREST__）处理完成：总托盘 1，指数达标 0，未达标 1，平均缺口 188.00，最大缺口 188.00，失败托盘互借修复成功 0。
  - KPI：near/mid/deep=0/0/1，救回率=0.00%，pair效率=0.00%。
  - 耗时拆解：packing=0.00s，main_topup=0.00s，retry=0.00s，failed_pool=0.00s，repack=0.00s，total=0.01s。
正在处理托盘类型：MH423C，销售订单号：LAID16306DN02S
  - 主算法：全局列式装箱 + 柱级组合优化（GCP）。
  - 失败托盘互借诊断：未合并（no_target_or_single_plan）。
托盘类型 MH423C（销售订单号：LAID16306DN02S）处理完成：总托盘 1，指数达标 0，未达标 1，平均缺口 116.00，最大缺口 116.00，失败托盘互借修复成功 0。
  - KPI：near/mid/deep=0/0/1，救回率=0.00%，pair效率=0.00%。
  - 耗时拆解：packing=0.13s，main_topup=0.00s，retry=0.00s，failed_pool=0.00s，repack=0.00s，total=0.13s。
正在处理托盘类型：MH423C，销售订单号：LAID16306DN02S__SPLITREST__
  - 该分组不适合列式（多非满柱）→ 回退 beam + 配方优先。
  - 配方优先[fast]：规划 0 实例，实装成功 0，配方路径不可用 → 采用基线方案。
  - 指数诊断：箱子 2 个，总指数 4，目标 192，理论最多达标托盘 0 个，剩余指数 4。
  - 几何诊断：典型整层堆叠单盘参考上限 4/192。 当前目标可能受托盘高度/箱型组合限制。
  - 几何诊断提示：典型整层参考值 4 < 目标 192；该值不是不可达证明，继续执行指数救援。
  - 失败托盘互借诊断：未合并（no_target_or_single_plan）。
托盘类型 MH423C（销售订单号：LAID16306DN02S__SPLITREST__）处理完成：总托盘 1，指数达标 0，未达标 1，平均缺口 188.00，最大缺口 188.00，失败托盘互借修复成功 0。
  - KPI：near/mid/deep=0/0/1，救回率=0.00%，pair效率=0.00%。
  - 耗时拆解：packing=0.00s，main_topup=0.00s，retry=0.00s，failed_pool=0.00s，repack=0.00s，total=0.01s。
正在处理托盘类型：MH423C，销售订单号：PAIN26280MZ06S
  - 主算法：全局列式装箱 + 柱级组合优化（GCP）。
  - 失败托盘互借诊断：未合并（no_target_or_single_plan）。
托盘类型 MH423C（销售订单号：PAIN26280MZ06S）处理完成：总托盘 1，指数达标 0，未达标 1，平均缺口 76.00，最大缺口 76.00，失败托盘互借修复成功 0。
  - KPI：near/mid/deep=0/0/1，救回率=0.00%，pair效率=0.00%。
  - 耗时拆解：packing=0.52s，main_topup=0.00s，retry=0.00s，failed_pool=0.00s，repack=0.00s，total=0.52s。
正在处理托盘类型：MH423C，销售订单号：PAID16306DN01S
  - 主算法：全局列式装箱 + 柱级组合优化（GCP）。
  - 失败托盘互借诊断：未合并（no_target_or_single_plan）。
托盘类型 MH423C（销售订单号：PAID16306DN01S）处理完成：总托盘 1，指数达标 0，未达标 1，平均缺口 156.00，最大缺口 156.00，失败托盘互借修复成功 0。
  - KPI：near/mid/deep=0/0/1，救回率=0.00%，pair效率=0.00%。
  - 耗时拆解：packing=0.17s，main_topup=0.00s，retry=0.00s，failed_pool=0.00s，repack=0.00s，total=0.17s。
正在处理托盘类型：MH423C，销售订单号：PAIN26280BN01S
  - 主算法：全局列式装箱 + 柱级组合优化（GCP）。
  - 失败托盘互借诊断：未合并（no_target_or_single_plan）。
托盘类型 MH423C（销售订单号：PAIN26280BN01S）处理完成：总托盘 1，指数达标 0，未达标 1，平均缺口 148.00，最大缺口 148.00，失败托盘互借修复成功 0。
  - KPI：near/mid/deep=0/0/1，救回率=0.00%，pair效率=0.00%。
  - 耗时拆解：packing=0.11s，main_topup=0.00s，retry=0.00s，failed_pool=0.00s，repack=0.00s，total=0.11s。
正在处理托盘类型：MH423C，销售订单号：PAID16300FN01S
  - 该分组不适合列式（多非满柱）→ 回退 beam + 配方优先。
  - 配方优先[fast]：规划 0 实例，实装成功 0，配方路径不可用 → 采用基线方案。
  - 指数诊断：箱子 1 个，总指数 4，目标 192，理论最多达标托盘 0 个，剩余指数 4。
  - 几何诊断：典型整层堆叠单盘参考上限 4/192。 当前目标可能受托盘高度/箱型组合限制。
  - 几何诊断提示：典型整层参考值 4 < 目标 192；该值不是不可达证明，继续执行指数救援。
  - 失败托盘互借诊断：未合并（no_target_or_single_plan）。
托盘类型 MH423C（销售订单号：PAID16300FN01S）处理完成：总托盘 1，指数达标 0，未达标 1，平均缺口 188.00，最大缺口 188.00，失败托盘互借修复成功 0。
  - KPI：near/mid/deep=0/0/1，救回率=0.00%，pair效率=0.00%。
  - 耗时拆解：packing=0.00s，main_topup=0.00s，retry=0.00s，failed_pool=0.00s，repack=0.00s，total=0.00s。
正在处理托盘类型：MH423C，销售订单号：PAID16295BD02S
  - 主算法：全局列式装箱 + 柱级组合优化（GCP）。
  - 失败托盘互借诊断：未合并（no_target_or_single_plan）。
托盘类型 MH423C（销售订单号：PAID16295BD02S）处理完成：总托盘 1，指数达标 0，未达标 1，平均缺口 156.00，最大缺口 156.00，失败托盘互借修复成功 0。
  - KPI：near/mid/deep=0/0/1，救回率=0.00%，pair效率=0.00%。
  - 耗时拆解：packing=0.08s，main_topup=0.00s，retry=0.00s，failed_pool=0.00s，repack=0.00s，total=0.08s。
正在处理托盘类型：MH423C，销售订单号：LAID16285EN01S
  - 主算法：全局列式装箱 + 柱级组合优化（GCP）。
  - GCP 盘数远超理论（CP-SAT 装不满）→ 回退 baseline beam + 配方优先。
  - 配方优先[fast]：规划 0 实例，实装成功 0，配方路径不可用 → 采用基线方案。
  - 指数诊断：箱子 4 个，总指数 24，目标 192，理论最多达标托盘 0 个，剩余指数 24。
  - 几何诊断：典型整层堆叠单盘参考上限 24/192。 当前目标可能受托盘高度/箱型组合限制。
  - 几何诊断提示：典型整层参考值 24 < 目标 192；该值不是不可达证明，继续执行指数救援。
  - 失败托盘互借诊断：未合并（no_target_or_single_plan）。
托盘类型 MH423C（销售订单号：LAID16285EN01S）处理完成：总托盘 1，指数达标 0，未达标 1，平均缺口 168.00，最大缺口 168.00，失败托盘互借修复成功 0。
  - KPI：near/mid/deep=0/0/1，救回率=0.00%，pair效率=0.00%。
  - 耗时拆解：packing=0.00s，main_topup=0.00s，retry=0.00s，failed_pool=0.00s，repack=0.00s，total=0.03s。
正在处理托盘类型：MH423C，销售订单号：PAID16305BN01S
  - 该分组不适合列式（多非满柱）→ 回退 beam + 配方优先。
  - 配方优先[fast]：规划 0 实例，实装成功 0，配方路径不可用 → 采用基线方案。
  - 指数诊断：箱子 2 个，总指数 4，目标 192，理论最多达标托盘 0 个，剩余指数 4。
  - 几何诊断：典型整层堆叠单盘参考上限 4/192。 当前目标可能受托盘高度/箱型组合限制。
  - 几何诊断提示：典型整层参考值 4 < 目标 192；该值不是不可达证明，继续执行指数救援。
  - 失败托盘互借诊断：未合并（no_target_or_single_plan）。
托盘类型 MH423C（销售订单号：PAID16305BN01S）处理完成：总托盘 1，指数达标 0，未达标 1，平均缺口 188.00，最大缺口 188.00，失败托盘互借修复成功 0。
  - KPI：near/mid/deep=0/0/1，救回率=0.00%，pair效率=0.00%。
  - 耗时拆解：packing=0.00s，main_topup=0.00s，retry=0.00s，failed_pool=0.00s，repack=0.00s，total=0.01s。
  - 跨子组条件双路径（MH423C / LAID16306DN01S）：采用严格更优完整路径。
  - 失败盘装满压实：合并/吸收 1 次（纯减盘数）。
  - 跨子组装满压实（MH423C / LAID16296DN01S）：合并 1 次（纯减盘数）。
  - 失败盘装满压实：合并/吸收 1 次（纯减盘数）。
  - 跨子组装满压实（MH423C / LAID16296DN02S）：合并 1 次（纯减盘数）。
  - 失败盘装满压实：合并/吸收 1 次（纯减盘数）。
  - 跨子组装满压实（MH423C / PAIN26286EN01S）：合并 1 次（纯减盘数）。
  - 跨子组条件双路径（MH423C / LAID16295EN02S）：采用严格更优完整路径。
  - 失败盘装满压实：合并/吸收 1 次（纯减盘数）。
  - 跨子组装满压实（MH423C / LAMY16315FN01S）：合并 1 次（纯减盘数）。
  - 失败盘装满压实：合并/吸收 1 次（纯减盘数）。
  - 跨子组装满压实（MH423C / PAIN26296EC02S）：合并 1 次（纯减盘数）。
  - 失败盘装满压实：合并/吸收 1 次（纯减盘数）。
  - 跨子组装满压实（MH423C / LAID16306DN03S）：合并 1 次（纯减盘数）。
  - 失败盘装满压实：合并/吸收 1 次（纯减盘数）。
  - 跨子组装满压实（MH423C / LAID16306DN02S）：合并 1 次（纯减盘数）。
  - 外形规整优化：尝试 1 盘，改善 1 盘。
========================================
统计汇总：总托盘 88，指数达标 1，未达标 87，未知 0，平均缺口 137.55，最大缺口 191.50，失败托盘互借修复成功 0
KPI汇总：near/mid/deep=0/1/86，pair尝试=0，pair改进=0，pair效率=0.00%
耗时汇总：packing=153.68s，main_topup=0.04s，retry=0.00s，repack=27.72s，end_to_end=357.26s
========================================
[WCS-装] SUCCESS 产品码 48 个，SUCCESS 盘 1，FAILED 盘 87。
[WCS-装] 本轮计算结束。
[WCS-装] 本轮方案已保存（success）：C:\Users\18252\Desktop\zhuang\packing-workspace\output\success\packing_plan_20261008_162421.json
[执行规划] 产物目录：C:\Users\18252\Desktop\zhuang\packing-workspace\output\success（success）
[执行规划] 开始：D:\anaconda\envs\packing-zhuang\python.exe C:\Users\18252\Desktop\zhuang\packing-system\run_execution_planning.py C:\Users\18252\Desktop\zhuang\packing-workspace\output\success\packing_plan_20261008_162421.json --config C:\Users\18252\Desktop\zhuang\packing-workspace\runtime\packing-realtime\temp\ui_config_api_20261008_162412.yaml --output C:\Users\18252\Desktop\zhuang\packing-workspace\output\success\packing_plan_20261008_162421_execution.json --wcs-output C:\Users\18252\Desktop\zhuang\packing-workspace\output\success\packing_plan_20261008_162421_execution_wcs.json --wcs-map-output C:\Users\18252\Desktop\zhuang\packing-workspace\output\success\packing_plan_20261008_162421_execution_wcs_map.json
[WCS-DB] wcs_success_box：归档旧未下传记录 182 行。
[WCS-DB] wcs_success_box：替换旧托盘 1 个，删除 46 行，写入 48 行
[WCS-DB] wcs_success_box：本批候选 48 行，本批写入 48 行。
[WCS-DB] wcs_box_orientation：本批候选 48 行，写入影响 48（含已存在跳过）。
[现场码垛] 新计算结果已入库，已清空旧码放队列 6427 条
[现场会话] 新计算结果已入库，当前没有未完成托盘
execution plan written: pallets=88 boxes=2040 reordered_pallets=75 path=C:\Users\18252\Desktop\zhuang\packing-workspace\output\success\packing_plan_20261008_162421_execution.json
WCS execution cases written: C:\Users\18252\Desktop\zhuang\packing-workspace\output\success\packing_plan_20261008_162421_execution_wcs.json
WCS execution plan map written: C:\Users\18252\Desktop\zhuang\packing-workspace\output\success\packing_plan_20261008_162421_execution_wcs_map.json
execution scan deviations pallet='MH423C-PAIN26280MN08S-1' count=4: expected='WCS-0116-YZX424-0000' selected='WCS-0002-YZX428-0000' box='WCS-0116-YZX424-0000' after='WCS-0002-YZX428-0000' reason=open_direction lookahead=true; expected='WCS-0117-YZX424-0000' selected='WCS-0120-YZX424-0000' box='WCS-0117-YZX424-0000' after='WCS-0120-YZX424-0000' reason=open_direction lookahead=true; expected='WCS-0118-YZX424-0000' selected='WCS-0125-YZX424-0000' box='WCS-0118-YZX424-0000' after='WCS-0125-YZX424-0000' reason=open_direction lookahead=true; expected='WCS-0119-YZX424-0000' selected='WCS-0028-YBB080-0000' box='WCS-0119-YZX424-0000' after='WCS-0028-YBB080-0000' reason=open_direction lookahead=true
execution scan deviations pallet='MH423C-LAID16306DN01S-2' count=3: expected='WCS-1008-YZX428-0000' selected='WCS-0251-YZX848-0000' box='WCS-1008-YZX428-0000' after='WCS-0251-YZX848-0000' reason=open_direction lookahead=true; expected='WCS-1011-YZX428-0000' selected='WCS-1014-YZX428-0000' box='WCS-1011-YZX428-0000' after='WCS-1014-YZX428-0000' reason=open_direction lookahead=true; expected='WCS-1012-YZX428-0000' selected='WCS-1671-YZX444-0000' box='WCS-1012-YZX428-0000' after='WCS-1671-YZX444-0000' reason=open_direction lookahead=true
execution scan deviations pallet='MH423C-LAID16296DN01S-1' count=4: expected='WCS-0009-YBB267-0000' selected='WCS-0208-YZX848-0000' box='WCS-0009-YBB267-0000' after='WCS-0208-YZX848-0000' reason=open_direction lookahead=true; expected='WCS-1738-YZX244-0000' selected='WCS-0038-DZX848-0000' box='WCS-1738-YZX244-0000' after='WCS-0038-DZX848-0000' reason=open_direction lookahead=true; expected='WCS-0011-YBB267-0000' selected='WCS-0336-YZX848-0000' box='WCS-0011-YBB267-0000' after='WCS-0336-YZX848-0000' reason=open_direction lookahead=true; expected='WCS-1319-YZX424-0000' selected='WCS-1324-YZX424-0000' box='WCS-1319-YZX424-0000' after='WCS-1324-YZX424-0000' reason=open_direction lookahead=true
execution scan deviations pallet='MH423C-LAID16296DN02S-1' count=7: expected='WCS-1023-DZX448-0000' selected='WCS-0210-YZX848-0000' box='WCS-1023-DZX448-0000' after='WCS-0210-YZX848-0000' reason=open_direction lookahead=true; expected='WCS-0012-YBB267-0000' selected='WCS-0020-ZX848-0000' box='WCS-0012-YBB267-0000' after='WCS-0020-ZX848-0000' reason=open_direction lookahead=true; expected='WCS-0109-DZX448-0000' selected='WCS-0155-YZX848-0000' box='WCS-0109-DZX448-0000' after='WCS-0155-YZX848-0000' reason=open_direction lookahead=true; expected='WCS-0013-YBB267-0000' selected='WCS-0157-YZX848-0000' box='WCS-0013-YBB267-0000' after='WCS-0157-YZX848-0000' reason=open_direction lookahead=true; expected='WCS-1359-DZX424-0000' selected='WCS-0365-YBB225-0000' box='WCS-1359-DZX424-0000' after='WCS-0365-YBB225-0000' reason=open_direction lookahead=true; expected='WCS-1360-DZX424-0000' selected='WCS-1363-DZX424-0000' box='WCS-1360-DZX424-0000' after='WCS-1363-DZX424-0000' reason=open_direction lookahead=true; expected='WCS-0135-YBB106-0000' selected='WCS-0158-YZX848-0000' box='WCS-0135-YBB106-0000' after='WCS-0158-YZX848-0000' reason=open_direction lookahead=true
execution scan deviations pallet='MH423C-LAID16296DN03S-1' count=3: expected='WCS-0042-DZX448-0000' selected='WCS-1103-YZX428-0000' box='WCS-0042-DZX448-0000' after='WCS-1103-YZX428-0000' reason=open_direction lookahead=true; expected='WCS-1021-DZX448-0000' selected='WCS-0016-YBB267-0000' box='WCS-1021-DZX448-0000' after='WCS-0016-YBB267-0000' reason=open_direction lookahead=true; expected='WCS-1022-DZX448-0000' selected='WCS-0014-YBB267-0000' box='WCS-1022-DZX448-0000' after='WCS-0014-YBB267-0000' reason=open_direction lookahead=true
execution scan deviations pallet='MH423C-PAIN26286EN01S-1' count=3: expected='WCS-0045-YZX244-0000' selected='WCS-0093-YZX507-0000' box='WCS-0045-YZX244-0000' after='WCS-0093-YZX507-0000' reason=open_direction lookahead=true; expected='WCS-0098-YZX507-0000' selected='WCS-0338-YZX428-0000' box='WCS-0098-YZX507-0000' after='WCS-0338-YZX428-0000' reason=open_direction lookahead=true; expected='WCS-0046-YZX244-0000' selected='WCS-0094-YZX507-0000' box='WCS-0046-YZX244-0000' after='WCS-0094-YZX507-0000' reason=open_direction lookahead=true
execution scan deviations pallet='MH423C-LFEG16290IN02S-1' count=10: expected='WCS-1112-YZX428-0000' selected='WCS-0132-DZX848-0000' box='WCS-1112-YZX428-0000' after='WCS-0132-DZX848-0000' reason=open_direction lookahead=true; expected='WCS-0387-YZX448-0000' selected='WCS-1120-YZX428-0000' box='WCS-0387-YZX448-0000' after='WCS-1120-YZX428-0000' reason=open_direction lookahead=true; expected='WCS-1125-YZX428-0000' selected='WCS-1119-YZX428-0000' box='WCS-1125-YZX428-0000' after='WCS-1119-YZX428-0000' reason=open_direction lookahead=true; expected='WCS-1674-YZX444-0000' selected='WCS-0257-YZX848-0000' box='WCS-1674-YZX444-0000' after='WCS-0257-YZX848-0000' reason=open_direction lookahead=true; expected='WCS-0694-YBB125-0000' selected='WCS-0551-DZX422-0000' box='WCS-0694-YBB125-0000' after='WCS-0551-DZX422-0000' reason=open_direction lookahead=true; expected='WCS-0224-YZX448-0000' selected='WCS-0759-DZX848-0000' box='WCS-0224-YZX448-0000' after='WCS-0759-DZX848-0000' reason=open_direction lookahead=true; expected='WCS-1126-YZX428-0000' selected='WCS-1680-YZX848-0000' box='WCS-1126-YZX428-0000' after='WCS-1680-YZX848-0000' reason=open_direction lookahead=true; expected='WCS-0134-DZX448-0000' selected='WCS-0258-YZX848-0000' box='WCS-0134-DZX448-0000' after='WCS-0258-YZX848-0000' reason=open_direction lookahead=true; ...
execution scan deviations pallet='MH423C-LFEG16290IN02S-2' count=1: expected='WCS-0722-DZX448-0000' selected='WCS-1682-YZX848-0000' box='WCS-0722-DZX448-0000' after='WCS-1682-YZX848-0000' reason=open_direction lookahead=true
execution scan deviations pallet='MH423C-LAID16295BN02S-1' count=3: expected='WCS-0110-YZX448-0000' selected='WCS-0661-YBB125-0000' box='WCS-0110-YZX448-0000' after='WCS-0661-YBB125-0000' reason=open_direction lookahead=true; expected='WCS-0111-YZX448-0000' selected='WCS-0660-YBB125-0000' box='WCS-0111-YZX448-0000' after='WCS-0660-YBB125-0000' reason=open_direction lookahead=true; expected='WCS-0113-YZX448-0000' selected='WCS-0663-YBB125-0000' box='WCS-0113-YZX448-0000' after='WCS-0663-YBB125-0000' reason=open_direction lookahead=true
execution scan deviations pallet='MH423C-LFEG16290IN03S-1' count=6: expected='WCS-1678-YZX448-0000' selected='WCS-1219-YZX428-0000' box='WCS-1678-YZX448-0000' after='WCS-1219-YZX428-0000' reason=open_direction lookahead=true; expected='WCS-0225-YZX448-0000' selected='WCS-1223-YZX428-0000' box='WCS-0225-YZX448-0000' after='WCS-1223-YZX428-0000' reason=open_direction lookahead=true; expected='WCS-0129-DZX448-0000' selected='WCS-1227-YZX428-0000' box='WCS-0129-DZX448-0000' after='WCS-1227-YZX428-0000' reason=open_direction lookahead=true; expected='WCS-1034-YZX444-0000' selected='WCS-1222-YZX428-0000' box='WCS-1034-YZX444-0000' after='WCS-1222-YZX428-0000' reason=open_direction lookahead=true; expected='WCS-1035-YZX444-0000' selected='WCS-1015-YZX424-0000' box='WCS-1035-YZX444-0000' after='WCS-1015-YZX424-0000' reason=open_direction lookahead=true; expected='WCS-1036-YZX444-0000' selected='WCS-1234-YZX428-0000' box='WCS-1036-YZX444-0000' after='WCS-1234-YZX428-0000' reason=open_direction lookahead=true
execution scan deviations pallet='MH423C-LFEG16290IN03S-3' count=1: expected='WCS-0025-YBB135-0000' selected='WCS-0751-YBB005-0000' box='WCS-0025-YBB135-0000' after='WCS-0751-YBB005-0000' reason=open_direction lookahead=true
execution scan deviations pallet='MH423C-LAMY16295FN01S-1' count=5: expected='WCS-1016-DZX448-0000' selected='WCS-0523-DZX848-0000' box='WCS-1016-DZX448-0000' after='WCS-0523-DZX848-0000' reason=open_direction lookahead=true; expected='WCS-1339-YZX424-0000' selected='WCS-0524-DZX848-0000' box='WCS-1339-YZX424-0000' after='WCS-0524-DZX848-0000' reason=open_direction lookahead=true; expected='WCS-0388-YBB077-0000' selected='WCS-0525-DZX848-0000' box='WCS-0388-YBB077-0000' after='WCS-0525-DZX848-0000' reason=open_direction lookahead=true; expected='WCS-0392-YBB077-0000' selected='WCS-1340-YZX424-0000' box='WCS-0392-YBB077-0000' after='WCS-1340-YZX424-0000' reason=open_direction lookahead=true; expected='WCS-0396-YBB077-0000' selected='WCS-1338-YZX424-0000' box='WCS-0396-YBB077-0000' after='WCS-1338-YZX424-0000' reason=open_direction lookahead=true
execution scan deviations pallet='MH423C-PAIN26290BN01S-1' count=3: expected='WCS-0261-YZX448-0000' selected='WCS-1346-YZX848-0000' box='WCS-0261-YZX448-0000' after='WCS-1346-YZX848-0000' reason=open_direction lookahead=true; expected='WCS-1623-YZX448-0000' selected='WCS-1090-YZX448-0000' box='WCS-1623-YZX448-0000' after='WCS-1090-YZX448-0000' reason=open_direction lookahead=true; expected='WCS-1624-YZX448-0000' selected='WCS-1098-YZX448-0000' box='WCS-1624-YZX448-0000' after='WCS-1098-YZX448-0000' reason=open_direction lookahead=true
execution scan deviations pallet='MH423C-PAIN26290BC02S-1' count=9: expected='WCS-0291-YZX444-0000' selected='WCS-0300-YZX444-0000' box='WCS-0291-YZX444-0000' after='WCS-0300-YZX444-0000' reason=open_direction lookahead=true; expected='WCS-0294-YZX444-0000' selected='WCS-0315-YZX444-0000' box='WCS-0294-YZX444-0000' after='WCS-0315-YZX444-0000' reason=open_direction lookahead=true; expected='WCS-0297-YZX444-0000' selected='WCS-0499-YZX428-0000' box='WCS-0297-YZX444-0000' after='WCS-0499-YZX428-0000' reason=open_direction lookahead=true; expected='WCS-0292-YZX444-0000' selected='WCS-0504-YZX428-0000' box='WCS-0292-YZX444-0000' after='WCS-0504-YZX428-0000' reason=open_direction lookahead=true; expected='WCS-0295-YZX444-0000' selected='WCS-0316-YZX444-0000' box='WCS-0295-YZX444-0000' after='WCS-0316-YZX444-0000' reason=open_direction lookahead=true; expected='WCS-0298-YZX444-0000' selected='WCS-0501-YZX428-0000' box='WCS-0298-YZX444-0000' after='WCS-0501-YZX428-0000' reason=open_direction lookahead=true; expected='WCS-0293-YZX444-0000' selected='WCS-0506-YZX428-0000' box='WCS-0293-YZX444-0000' after='WCS-0506-YZX428-0000' reason=open_direction lookahead=true; expected='WCS-0296-YZX444-0000' selected='WCS-0317-YZX444-0000' box='WCS-0296-YZX444-0000' after='WCS-0317-YZX444-0000' reason=open_direction lookahead=true; ...
execution scan deviations pallet='MH423C-PAIN26290GN01S-1' count=5: expected='WCS-1547-DZX448-0000' selected='WCS-1163-YZX848-0000' box='WCS-1547-DZX448-0000' after='WCS-1163-YZX848-0000' reason=open_direction lookahead=true; expected='WCS-1548-DZX448-0000' selected='WCS-0713-YZX828-0000' box='WCS-1548-DZX448-0000' after='WCS-0713-YZX828-0000' reason=open_direction lookahead=true; expected='WCS-1273-YBB096-0000' selected='WCS-0244-YZX424-0000' box='WCS-1273-YBB096-0000' after='WCS-0244-YZX424-0000' reason=hard_dependency; expected='WCS-1273-YBB096-0000' selected='WCS-1561-DZX448-0000' box='WCS-1273-YBB096-0000' after='WCS-1561-DZX448-0000' reason=open_direction lookahead=true; expected='WCS-0047-YBB248-0000' selected='WCS-1567-DZX448-0000' box='WCS-0047-YBB248-0000' after='WCS-1567-DZX448-0000' reason=hard_dependency
execution scan deviations pallet='MH423C-LAID16295EN02S-1' count=1: expected='WCS-1407-YZX424-0000' selected='WCS-0204-YBB258-0000' box='WCS-1407-YZX424-0000' after='WCS-0204-YBB258-0000' reason=open_direction lookahead=true
execution scan deviations pallet='MH423C-LAID16295EN02S-2' count=3: expected='WCS-0565-DZX448-0000' selected='WCS-1328-YZX444-0000' box='WCS-0565-DZX448-0000' after='WCS-1328-YZX444-0000' reason=open_direction lookahead=true; expected='WCS-0566-DZX448-0000' selected='WCS-1329-YZX444-0000' box='WCS-0566-DZX448-0000' after='WCS-1329-YZX444-0000' reason=open_direction lookahead=true; expected='WCS-0254-YZX448-0000' selected='WCS-1330-YZX444-0000' box='WCS-0254-YZX448-0000' after='WCS-1330-YZX444-0000' reason=open_direction lookahead=true
execution scan deviations pallet='MH423C-LFEG16290IN01S-1' count=5: expected='WCS-0995-YZX507-0000' selected='WCS-0405-DZX428-0000' box='WCS-0995-YZX507-0000' after='WCS-0405-DZX428-0000' reason=open_direction lookahead=true; expected='WCS-0406-DZX428-0000' selected='WCS-0559-YZX428-0000' box='WCS-0406-DZX428-0000' after='WCS-0559-YZX428-0000' reason=open_direction lookahead=true; expected='WCS-0720-DZX444-0000' selected='WCS-0998-YZX424-0000' box='WCS-0720-DZX444-0000' after='WCS-0998-YZX424-0000' reason=open_direction lookahead=true; expected='WCS-0211-YZX507-0000' selected='WCS-0727-DZX448-0000' box='WCS-0211-YZX507-0000' after='WCS-0727-DZX448-0000' reason=open_direction lookahead=true; expected='WCS-0996-YZX444-0000' selected='WCS-1672-YZX444-0000' box='WCS-0996-YZX444-0000' after='WCS-1672-YZX444-0000' reason=open_direction lookahead=true
execution scan deviations pallet='MH423C-LAID16295EN01S-2' count=3: expected='WCS-1716-DZX448-0000' selected='WCS-0969-YZX848-0000' box='WCS-1716-DZX448-0000' after='WCS-0969-YZX848-0000' reason=open_direction lookahead=true; expected='WCS-1720-DZX448-0000' selected='WCS-0216-YZX448-0000' box='WCS-1720-DZX448-0000' after='WCS-0216-YZX448-0000' reason=open_direction lookahead=true; expected='WCS-1721-DZX448-0000' selected='WCS-0222-DZX448-0000' box='WCS-1721-DZX448-0000' after='WCS-0222-DZX448-0000' reason=open_direction lookahead=true
execution scan deviations pallet='MH423C-LAID16295BN01S-1' count=5: expected='WCS-0803-YZX444-0000' selected='WCS-0330-YZX848-0000' box='WCS-0803-YZX444-0000' after='WCS-0330-YZX848-0000' reason=open_direction lookahead=true; expected='WCS-1027-DZX448-0000' selected='WCS-0681-YBB125-0000' box='WCS-1027-DZX448-0000' after='WCS-0681-YBB125-0000' reason=open_direction lookahead=true; expected='WCS-0804-YZX444-0000' selected='WCS-0540-DZX848-0000' box='WCS-0804-YZX444-0000' after='WCS-0540-DZX848-0000' reason=open_direction lookahead=true; expected='WCS-0801-YZX444-0000' selected='WCS-0686-YBB125-0000' box='WCS-0801-YZX444-0000' after='WCS-0686-YBB125-0000' reason=open_direction lookahead=true; expected='WCS-0802-YZX444-0000' selected='WCS-1799-DZX507-0000' box='WCS-0802-YZX444-0000' after='WCS-1799-DZX507-0000' reason=open_direction lookahead=true
execution scan deviations pallet='MH423C-LAID16296DN03S-2' count=3: expected='WCS-0339-DZX444-0000' selected='WCS-0353-DZX428-0000' box='WCS-0339-DZX444-0000' after='WCS-0353-DZX428-0000' reason=open_direction lookahead=true; expected='WCS-0342-DZX444-0000' selected='WCS-0341-DZX444-0000' box='WCS-0342-DZX444-0000' after='WCS-0341-DZX444-0000' reason=open_direction lookahead=true; expected='WCS-0344-DZX444-0000' selected='WCS-0343-DZX444-0000' box='WCS-0344-DZX444-0000' after='WCS-0343-DZX444-0000' reason=open_direction lookahead=true
execution scan deviations pallet='MH423C-PAID16295EN06S-1' count=3: expected='WCS-1701-DZX448-0000' selected='WCS-1018-DZX848-0000' box='WCS-1701-DZX448-0000' after='WCS-1018-DZX848-0000' reason=open_direction lookahead=true; expected='WCS-1708-DZX448-0000' selected='WCS-0553-YZX507-0000' box='WCS-1708-DZX448-0000' after='WCS-0553-YZX507-0000' reason=open_direction lookahead=true; expected='WCS-1017-DZX448-0000' selected='WCS-1700-DZX448-0000' box='WCS-1017-DZX448-0000' after='WCS-1700-DZX448-0000' reason=open_direction lookahead=true
execution scan deviations pallet='MH423C-LAMY16315FN01S-1' count=2: expected='WCS-0658-YZX444-0000' selected='WCS-0451-YZX424-0000' box='WCS-0658-YZX444-0000' after='WCS-0451-YZX424-0000' reason=open_direction lookahead=true; expected='WCS-0659-YZX444-0000' selected='WCS-0454-YZX424-0000' box='WCS-0659-YZX444-0000' after='WCS-0454-YZX424-0000' reason=open_direction lookahead=true
execution scan deviations pallet='MH423C-LAID16305BN02S-1' count=3: expected='WCS-1581-YZX444-0000' selected='WCS-0468-YZX428-0000' box='WCS-1581-YZX444-0000' after='WCS-0468-YZX428-0000' reason=open_direction lookahead=true; expected='WCS-1586-YZX444-0000' selected='WCS-1594-YZX444-0000' box='WCS-1586-YZX444-0000' after='WCS-1594-YZX444-0000' reason=open_direction lookahead=true; expected='WCS-1590-YZX444-0000' selected='WCS-0465-YZX424-0000' box='WCS-1590-YZX444-0000' after='WCS-0465-YZX424-0000' reason=open_direction lookahead=true
execution scan deviations pallet='MH423C-LAID16305EN01S-1' count=3: expected='WCS-1153-YBB258-0000' selected='WCS-1143-YBB285-0000' box='WCS-1153-YBB258-0000' after='WCS-1143-YBB285-0000' reason=open_direction lookahead=true; expected='WCS-0990-YZX424-0000' selected='WCS-1148-YBB285-0000' box='WCS-0990-YZX424-0000' after='WCS-1148-YBB285-0000' reason=open_direction lookahead=true; expected='WCS-1780-YZX508-0000' selected='WCS-0993-YZX424-0000' box='WCS-1780-YZX508-0000' after='WCS-0993-YZX424-0000' reason=open_direction lookahead=true
execution scan deviations pallet='MH423C-LAID16305EN01S-2' count=3: expected='WCS-0497-YZX428-0000' selected='WCS-1733-YZX848-0000' box='WCS-0497-YZX428-0000' after='WCS-1733-YZX848-0000' reason=open_direction lookahead=true; expected='WCS-1781-YZX508-0000' selected='WCS-0495-YZX428-0000' box='WCS-1781-YZX508-0000' after='WCS-0495-YZX428-0000' reason=hard_dependency; expected='WCS-1145-YBB285-0000' selected='WCS-1783-YZX424-0000' box='WCS-1145-YBB285-0000' after='WCS-1783-YZX424-0000' reason=open_direction lookahead=true
execution scan deviations pallet='MH423C-PAIN26290GC02S-1' count=4: expected='WCS-0533-YZX422-0000' selected='WCS-1131-YZX424-0000' box='WCS-0533-YZX422-0000' after='WCS-1131-YZX424-0000' reason=open_direction lookahead=true; expected='WCS-0535-YZX422-0000' selected='WCS-0532-YZX422-0000' box='WCS-0535-YZX422-0000' after='WCS-0532-YZX422-0000' reason=open_direction lookahead=true; expected='WCS-1134-YZX424-0000' selected='WCS-0539-YZX422-0000' box='WCS-1134-YZX424-0000' after='WCS-0539-YZX422-0000' reason=open_direction lookahead=true; expected='WCS-1136-YZX424-0000' selected='WCS-0813-YZX424-0000' box='WCS-1136-YZX424-0000' after='WCS-0813-YZX424-0000' reason=open_direction lookahead=true
execution scan deviations pallet='MH423C-PAIN26296EN01S-1' count=1: expected='WCS-1961-YZX424-0000' selected='WCS-1968-YZX424-0000' box='WCS-1961-YZX424-0000' after='WCS-1968-YZX424-0000' reason=open_direction lookahead=true
execution scan deviations pallet='MH423C-LAID16294AN01S-1' count=1: expected='WCS-1333-YZX424-0000' selected='WCS-1155-YZX848-0000' box='WCS-1333-YZX424-0000' after='WCS-1155-YZX848-0000' reason=open_direction lookahead=true
execution scan deviations pallet='MH423C-PAID16295BN01S-1' count=4: expected='WCS-1029-DZX448-0000' selected='WCS-1847-YZX848-0000' box='WCS-1029-DZX448-0000' after='WCS-1847-YZX848-0000' reason=open_direction lookahead=true; expected='WCS-1838-YZX444-0000' selected='WCS-1853-YZX848-0000' box='WCS-1838-YZX444-0000' after='WCS-1853-YZX848-0000' reason=open_direction lookahead=true; expected='WCS-1019-DZX448-0000' selected='WCS-1827-DZX248-0000' box='WCS-1019-DZX448-0000' after='WCS-1827-DZX248-0000' reason=open_direction lookahead=true; expected='WCS-1840-YZX444-0000' selected='WCS-2023-YZX848-0000' box='WCS-1840-YZX444-0000' after='WCS-2023-YZX848-0000' reason=open_direction lookahead=true
execution scan deviations pallet='MH423C-PAIN26290MN02S-1' count=4: expected='WCS-1737-YZX448-0000' selected='WCS-1175-YZX848-0000' box='WCS-1737-YZX448-0000' after='WCS-1175-YZX848-0000' reason=open_direction lookahead=true; expected='WCS-1811-YZX444-0000' selected='WCS-1176-YZX848-0000' box='WCS-1811-YZX444-0000' after='WCS-1176-YZX848-0000' reason=open_direction lookahead=true; expected='WCS-1809-YZX444-0000' selected='WCS-1893-YZX444-0000' box='WCS-1809-YZX444-0000' after='WCS-1893-YZX444-0000' reason=open_direction lookahead=true; expected='WCS-1810-YZX444-0000' selected='WCS-1435-YZX512-0000' box='WCS-1810-YZX444-0000' after='WCS-1435-YZX512-0000' reason=open_direction lookahead=true
execution scan deviations pallet='MH423C-PAIN26290MZ07S-2' count=2: expected='WCS-1487-YBB016-0000' selected='WCS-1539-YZX444-0000' box='WCS-1487-YBB016-0000' after='WCS-1539-YZX444-0000' reason=open_direction lookahead=true; expected='WCS-1488-YBB016-0000' selected='WCS-1491-YBB016-0000' box='WCS-1488-YBB016-0000' after='WCS-1491-YBB016-0000' reason=open_direction lookahead=true
execution scan deviations pallet='MH423C-LAID16306DN02S-1' count=2: expected='WCS-1449-YZX424-0000' selected='WCS-1400-YZX424-0000' box='WCS-1449-YZX424-0000' after='WCS-1400-YZX424-0000' reason=open_direction lookahead=true; expected='WCS-1387-YZX424-0000' selected='WCS-1404-YZX424-0000' box='WCS-1387-YZX424-0000' after='WCS-1404-YZX424-0000' reason=open_direction lookahead=true
[执行规划] 已删除原方案（仅保留 execution）：packing_plan_20261008_162421.json
[执行规划] 完成；统一使用：C:\Users\18252\Desktop\zhuang\packing-workspace\output\success\packing_plan_20261008_162421_execution.json
[WCS-装] 接口 2 使用执行顺序方案，发送体已保存：C:\Users\18252\Desktop\zhuang\packing-workspace\output\success\wcs_plan_20261008_162421.json（88 个 case）
[WCS-装] 执行顺序方案执行层映射已保存：C:\Users\18252\Desktop\zhuang\packing-workspace\output\success\wcs_plan_map_20261008_162421.json
[WCS-装] 已跳过接口 2 推送（仅本地保存）。
[UI-RESULT] C:\Users\18252\Desktop\zhuang\packing-workspace\output\success\packing_plan_20261008_162421_execution.json
