[LOG] 后端日志文件：C:\Users\18252\Desktop\zhuang\packing-workspace\runtime\packing-realtime\logs\backend_20261008_113812.log
[LOG] 接口模式：读取所选历史接口 JSON，写入数据库并计算一次。
[CMD] D:\anaconda\envs\packing-zhuang\python.exe C:\Users\18252\Desktop\zhuang\packing-system\packing\run_wcs_service.py --config C:\Users\18252\Desktop\zhuang\packing-workspace\runtime\packing-realtime\temp\ui_config_api_20261008_113812.yaml --run-mode local-once --input-json C:\Users\18252\Desktop\zhuang\packing-workspace\input\raw\20260720_093129.json
[WCS] 已加载 BMS 参考表：C:\Users\18252\Desktop\zhuang\packing-workspace\data\selected_5000_boxes_9_1_concentrated_3orders.xlsx
[WCS-DB] wcs_stock_box product_code 集合未变（22 个），跳过替换
[WCS-DB] wcs_stock_box_all product_code 已存在、跳过 22 条
[WCS-本地] 已载入历史接口数据：C:\Users\18252\Desktop\zhuang\packing-workspace\input\raw\20260720_093129.json（有效品类 32）
[WCS] 已加载 BMS 参考表：C:\Users\18252\Desktop\zhuang\packing-workspace\data\selected_5000_boxes_9_1_concentrated_3orders.xlsx
============================================================
[WCS-装] 20261008_113820：库存行 22 条，开始装箱 …
[WCS-装] 展开为 466 个箱子。
load D:\anaconda\envs\packing-zhuang\Lib\site-packages\ortools\.libs\zlib1.dll...
load D:\anaconda\envs\packing-zhuang\Lib\site-packages\ortools\.libs\abseil_dll.dll...
load D:\anaconda\envs\packing-zhuang\Lib\site-packages\ortools\.libs\utf8_validity.dll...
load D:\anaconda\envs\packing-zhuang\Lib\site-packages\ortools\.libs\re2.dll...
load D:\anaconda\envs\packing-zhuang\Lib\site-packages\ortools\.libs\libprotobuf.dll...
load D:\anaconda\envs\packing-zhuang\Lib\site-packages\ortools\.libs\highs.dll...
load D:\anaconda\envs\packing-zhuang\Lib\site-packages\ortools\.libs\ortools.dll...
数据预处理和箱子分组完成（按托盘类型+销售订单号）。
----------------------------------------
正在处理托盘类型：MH423C，销售订单号：PAIN25450MN01S
  - 该分组不适合列式（多非满柱）→ 回退 beam + 配方优先。
  - 配方优先[fast]：规划 18 实例，实装成功 4，失败回兜底 14；达标 14，直接采用配方方案（基线未跑，--safe 可审计对比）。
  - 指数诊断：箱子 433 个，总指数 15.6325，目标 0.7，理论最多达标托盘 22 个，剩余指数 0.232503。
  - 几何诊断：典型整层堆叠单盘参考上限 0.920139/0.7。
  - 失败托盘互借诊断：未合并（aborted_no_improvement_possible）。
  - 指数再分配诊断：未接受（extraction_below_baseline）。
托盘类型 MH423C（销售订单号：PAIN25450MN01S）处理完成：总托盘 24，指数达标 15，未达标 9，平均缺口 0.25，最大缺口 0.66，失败托盘互借修复成功 1。
  - KPI：near/mid/deep=9/0/0，救回率=11.11%，pair效率=0.00%。
  - 耗时拆解：packing=6.73s，main_topup=0.17s，retry=4.81s，failed_pool=0.14s，repack=4.32s，total=16.05s。
正在处理托盘类型：MH423C，销售订单号：PAIN25450MZ06S
  - 该分组不适合列式（多非满柱）→ 回退 beam + 配方优先。
  - 配方优先[fast]：规划 0 实例，实装成功 0，配方路径不可用 → 采用基线方案。
  - 指数诊断：箱子 23 个，总指数 1.46639，目标 0.7，理论最多达标托盘 2 个，剩余指数 0.0663938。
  - 几何诊断：典型整层堆叠单盘参考上限 0.595238/0.7。 当前目标可能受托盘高度/箱型组合限制。
  - 几何诊断提示：典型整层参考值 0.595238 < 目标 0.7；该值不是不可达证明，继续执行指数救援。
  - 失败托盘互借诊断：未合并（aborted_no_improvement_possible）。
  - 指数再分配诊断：未接受（no_planned_gain）。
托盘类型 MH423C（销售订单号：PAIN25450MZ06S）处理完成：总托盘 3，指数达标 1，未达标 2，平均缺口 0.33，最大缺口 0.40，失败托盘互借修复成功 1。
  - KPI：near/mid/deep=2/0/0，救回率=50.00%，pair效率=0.00%。
  - 耗时拆解：packing=0.03s，main_topup=0.00s，retry=0.00s，failed_pool=0.11s，repack=0.34s，total=0.38s。
正在处理托盘类型：MH423C，销售订单号：PAIN25460MN01S
  - 该分组不适合列式（多非满柱）→ 回退 beam + 配方优先。
  - 配方优先[fast]：规划 0 实例，实装成功 0，配方路径不可用 → 采用基线方案。
  - 指数诊断：箱子 10 个，总指数 0.404731，目标 0.7，理论最多达标托盘 0 个，剩余指数 0.404731。
  - 几何诊断：典型整层堆叠单盘参考上限 0.206318/0.7。 当前目标可能受托盘高度/箱型组合限制。
  - 几何诊断提示：典型整层参考值 0.206318 < 目标 0.7；该值不是不可达证明，继续执行指数救援。
  - 失败托盘互借诊断：未合并（no_target_or_single_plan）。
托盘类型 MH423C（销售订单号：PAIN25460MN01S）处理完成：总托盘 1，指数达标 0，未达标 1，平均缺口 0.30，最大缺口 0.30，失败托盘互借修复成功 0。
  - KPI：near/mid/deep=1/0/0，救回率=0.00%，pair效率=0.00%。
  - 耗时拆解：packing=0.03s，main_topup=0.00s，retry=0.00s，failed_pool=0.00s，repack=0.00s，total=0.03s。
========================================
统计汇总：总托盘 28，指数达标 16，未达标 12，未知 0，平均缺口 100.09，最大缺口 182.00，失败托盘互借修复成功 2
KPI汇总：near/mid/deep=0/0/12，pair尝试=0，pair改进=0，pair效率=0.00%
耗时汇总：packing=6.80s，main_topup=0.17s，retry=4.81s，repack=4.66s，end_to_end=16.47s
========================================
[WCS-装] SUCCESS 产品码 16 个，SUCCESS 盘 16，FAILED 盘 12。
[WCS-装] 本轮计算结束。
[WCS-装] 本轮方案已保存（success）：C:\Users\18252\Desktop\zhuang\packing-workspace\output\success\packing_plan_20261008_113820.json
[执行规划] 产物目录：C:\Users\18252\Desktop\zhuang\packing-workspace\output\success（success）
[执行规划] 开始：D:\anaconda\envs\packing-zhuang\python.exe C:\Users\18252\Desktop\zhuang\packing-system\run_execution_planning.py C:\Users\18252\Desktop\zhuang\packing-workspace\output\success\packing_plan_20261008_113820.json --config C:\Users\18252\Desktop\zhuang\packing-workspace\runtime\packing-realtime\temp\ui_config_api_20261008_113812.yaml --output C:\Users\18252\Desktop\zhuang\packing-workspace\output\success\packing_plan_20261008_113820_execution.json --wcs-output C:\Users\18252\Desktop\zhuang\packing-workspace\output\success\packing_plan_20261008_113820_execution_wcs.json --wcs-map-output C:\Users\18252\Desktop\zhuang\packing-workspace\output\success\packing_plan_20261008_113820_execution_wcs_map.json
[WCS-DB] wcs_success_box 写入失败（不影响装箱结果）：本批 product_code 重复，无法确定箱子唯一归属：1, 10, 11, 12, 13
[WCS-DB] wcs_box_orientation：本批候选 354 行，写入影响 354（含已存在跳过）。
[现场码垛] 新计算结果已入库，已清空旧码放队列 7168 条
[现场会话] 新计算结果已入库，当前没有未完成托盘
execution plan written: pallets=28 boxes=466 reordered_pallets=26 path=C:\Users\18252\Desktop\zhuang\packing-workspace\output\success\packing_plan_20261008_113820_execution.json
WCS execution cases written: C:\Users\18252\Desktop\zhuang\packing-workspace\output\success\packing_plan_20261008_113820_execution_wcs.json
WCS execution plan map written: C:\Users\18252\Desktop\zhuang\packing-workspace\output\success\packing_plan_20261008_113820_execution_wcs_map.json
execution scan deviations pallet='MH423C-PAIN25450MN01S-1' count=2: expected='WCS-0009-YBB195-0000' selected='WCS-0005-ZX224-0001' box='WCS-0009-YBB195-0000' after='WCS-0005-ZX224-0001' reason=open_direction lookahead=true; expected='WCS-0009-YBB195-0001' selected='WCS-0009-YBB195-0002' box='WCS-0009-YBB195-0001' after='WCS-0009-YBB195-0002' reason=open_direction lookahead=true
execution scan deviations pallet='MH423C-PAIN25450MN01S-2' count=3: expected='WCS-0005-ZX224-0010' selected='WCS-0007-YZX507-0001' box='WCS-0005-ZX224-0010' after='WCS-0007-YZX507-0001' reason=open_direction lookahead=true; expected='WCS-0009-YBB195-0004' selected='WCS-0011-YZX522-0108' box='WCS-0009-YBB195-0004' after='WCS-0011-YZX522-0108' reason=open_direction lookahead=true; expected='WCS-0009-YBB195-0005' selected='WCS-0009-YBB195-0006' box='WCS-0009-YBB195-0005' after='WCS-0009-YBB195-0006' reason=open_direction lookahead=true
execution scan deviations pallet='MH423C-PAIN25450MN01S-3' count=3: expected='WCS-0009-YBB195-0029' selected='WCS-0009-YBB195-0036' box='WCS-0009-YBB195-0029' after='WCS-0009-YBB195-0036' reason=open_direction lookahead=true; expected='WCS-0005-ZX224-0012' selected='WCS-0009-YBB195-0037' box='WCS-0005-ZX224-0012' after='WCS-0009-YBB195-0037' reason=open_direction lookahead=true; expected='WCS-0009-YBB195-0033' selected='WCS-0009-YBB195-0034' box='WCS-0009-YBB195-0033' after='WCS-0009-YBB195-0034' reason=open_direction lookahead=true
execution scan deviations pallet='MH423C-PAIN25450MN01S-4' count=7: expected='WCS-0010-YBB197-0001' selected='WCS-0012-YZX448-0053' box='WCS-0010-YBB197-0001' after='WCS-0012-YZX448-0053' reason=open_direction lookahead=true; expected='WCS-0010-YBB197-0002' selected='WCS-0010-YBB197-0005' box='WCS-0010-YBB197-0002' after='WCS-0010-YBB197-0005' reason=open_direction lookahead=true; expected='WCS-0000-YZX512-0006' selected='WCS-0010-YBB197-0007' box='WCS-0000-YZX512-0006' after='WCS-0010-YBB197-0007' reason=open_direction lookahead=true; expected='WCS-0000-YZX512-0007' selected='WCS-0000-YZX512-0008' box='WCS-0000-YZX512-0007' after='WCS-0000-YZX512-0008' reason=open_direction lookahead=true; expected='WCS-0000-YZX512-0010' selected='WCS-0010-YBB197-0008' box='WCS-0000-YZX512-0010' after='WCS-0010-YBB197-0008' reason=open_direction lookahead=true; expected='WCS-0015-YBB233-0000' selected='WCS-0010-YBB197-0009' box='WCS-0015-YBB233-0000' after='WCS-0010-YBB197-0009' reason=hard_dependency; expected='WCS-0015-YBB233-0000' selected='WCS-0000-YZX512-0014' box='WCS-0015-YBB233-0000' after='WCS-0000-YZX512-0014' reason=open_direction lookahead=true
execution scan deviations pallet='MH423C-PAIN25450MN01S-15' count=2: expected='WCS-0004-ZX222-0016' selected='WCS-0008-YZX424-0001' box='WCS-0004-ZX222-0016' after='WCS-0008-YZX424-0001' reason=open_direction lookahead=true; expected='WCS-0004-ZX222-0017' selected='WCS-0004-ZX222-0020' box='WCS-0004-ZX222-0017' after='WCS-0004-ZX222-0020' reason=open_direction lookahead=true
execution scan deviations pallet='MH423C-PAIN25450MN01S-16' count=6: expected='WCS-0001-DZX444-0005' selected='WCS-0006-DZX848-0005' box='WCS-0001-DZX444-0005' after='WCS-0006-DZX848-0005' reason=open_direction lookahead=true; expected='WCS-0001-DZX444-0006' selected='WCS-0012-YZX448-0035' box='WCS-0001-DZX444-0006' after='WCS-0012-YZX448-0035' reason=open_direction lookahead=true; expected='WCS-0014-YBB141-0000' selected='WCS-0012-YZX448-0044' box='WCS-0014-YBB141-0000' after='WCS-0012-YZX448-0044' reason=open_direction lookahead=true; expected='WCS-0003-YBB165-0000' selected='WCS-0012-YZX448-0047' box='WCS-0003-YBB165-0000' after='WCS-0012-YZX448-0047' reason=open_direction lookahead=true; expected='WCS-0014-YBB141-0004' selected='WCS-0001-DZX444-0004' box='WCS-0014-YBB141-0004' after='WCS-0001-DZX444-0004' reason=open_direction lookahead=true; expected='WCS-0014-YBB141-0002' selected='WCS-0003-YBB165-0004' box='WCS-0014-YBB141-0002' after='WCS-0003-YBB165-0004' reason=open_direction lookahead=true
execution scan deviations pallet='MH423C-PAIN25450MN01S-18' count=2: expected='WCS-0002-YZX422-0009' selected='WCS-0015-YBB233-0003' box='WCS-0002-YZX422-0009' after='WCS-0015-YBB233-0003' reason=open_direction lookahead=true; expected='WCS-0002-YZX422-0010' selected='WCS-0013-YBB072-0006' box='WCS-0002-YZX422-0010' after='WCS-0013-YBB072-0006' reason=open_direction lookahead=true
execution scan deviations pallet='MH423C-PAIN25450MN01S-19' count=1: expected='WCS-0013-YBB072-0009' selected='WCS-0010-YBB197-0011' box='WCS-0013-YBB072-0009' after='WCS-0010-YBB197-0011' reason=open_direction lookahead=true
execution scan deviations pallet='MH423C-PAIN25450MN01S-20' count=1: expected='WCS-0000-YZX512-0017' selected='WCS-0013-YBB072-0014' box='WCS-0000-YZX512-0017' after='WCS-0013-YBB072-0014' reason=open_direction lookahead=true
execution scan deviations pallet='MH423C-PAIN25450MZ06S-2' count=3: expected='WCS-0018-YBB010-0000' selected='WCS-0016-YBB047-0002' box='WCS-0018-YBB010-0000' after='WCS-0016-YBB047-0002' reason=open_direction lookahead=true; expected='WCS-0018-YBB010-0001' selected='WCS-0016-YBB047-0003' box='WCS-0018-YBB010-0001' after='WCS-0016-YBB047-0003' reason=open_direction lookahead=true; expected='WCS-0018-YBB010-0003' selected='WCS-0016-YBB047-0006' box='WCS-0018-YBB010-0003' after='WCS-0016-YBB047-0006' reason=open_direction lookahead=true
[执行规划] 已删除原方案（仅保留 execution）：packing_plan_20261008_113820.json
[执行规划] 完成；统一使用：C:\Users\18252\Desktop\zhuang\packing-workspace\output\success\packing_plan_20261008_113820_execution.json
[WCS-装] 接口 2 使用执行顺序方案，发送体已保存：C:\Users\18252\Desktop\zhuang\packing-workspace\output\success\wcs_plan_20261008_113820.json（28 个 case）
[WCS-装] 执行顺序方案执行层映射已保存：C:\Users\18252\Desktop\zhuang\packing-workspace\output\success\wcs_plan_map_20261008_113820.json
[WCS-装] 已跳过接口 2 推送（仅本地保存）。
[UI-RESULT] C:\Users\18252\Desktop\zhuang\packing-workspace\output\success\packing_plan_20261008_113820_execution.json
