[LOG] 后端日志文件：C:\Users\18252\Desktop\zhuang\packing-workspace\runtime\packing-realtime\logs\backend_20261008_114016.log
[LOG] 接口模式：读取所选历史接口 JSON，写入数据库并计算一次。
[CMD] D:\anaconda\envs\packing-zhuang\python.exe C:\Users\18252\Desktop\zhuang\packing-system\packing\run_wcs_service.py --config C:\Users\18252\Desktop\zhuang\packing-workspace\runtime\packing-realtime\temp\ui_config_api_20261008_114016.yaml --run-mode local-once --input-json C:\Users\18252\Desktop\zhuang\packing-workspace\input\raw\20260724_140121.json
[WCS] 已加载 BMS 参考表：C:\Users\18252\Desktop\zhuang\packing-workspace\data\selected_5000_boxes_9_1_concentrated_3orders.xlsx
[WCS-本地] 已剔除 case_type≠MH423C 的品类 113 条（类型：['MH113', 'WR246']），保留 1310 条。
[WCS-DB] wcs_stock_box 已全量替换：清空 22 → 插入 1310
[WCS-DB] wcs_stock_box_all product_code 已存在、跳过 709 条
[WCS-本地] 已载入历史接口数据：C:\Users\18252\Desktop\zhuang\packing-workspace\input\raw\20260724_140121.json（有效品类 1310）
[WCS] 已加载 BMS 参考表：C:\Users\18252\Desktop\zhuang\packing-workspace\data\selected_5000_boxes_9_1_concentrated_3orders.xlsx
============================================================
[WCS-装] 20261008_114025：库存行 1310 条，开始装箱 …
[WCS-装] 展开为 1310 个箱子。
load D:\anaconda\envs\packing-zhuang\Lib\site-packages\ortools\.libs\zlib1.dll...
load D:\anaconda\envs\packing-zhuang\Lib\site-packages\ortools\.libs\abseil_dll.dll...
load D:\anaconda\envs\packing-zhuang\Lib\site-packages\ortools\.libs\utf8_validity.dll...
load D:\anaconda\envs\packing-zhuang\Lib\site-packages\ortools\.libs\re2.dll...
load D:\anaconda\envs\packing-zhuang\Lib\site-packages\ortools\.libs\libprotobuf.dll...
load D:\anaconda\envs\packing-zhuang\Lib\site-packages\ortools\.libs\highs.dll...
load D:\anaconda\envs\packing-zhuang\Lib\site-packages\ortools\.libs\ortools.dll...
数据预处理和箱子分组完成（按托盘类型+销售订单号）。
----------------------------------------
  - 正常订单（全规则箱）判定：44 个订单须平顶不缺角。
  - 组内子聚类：11 个混合订单拆出规则子集走 GCP、杂箱走 baseline。
正在处理托盘类型：MH423C，销售订单号：PAID16280FN01S
  - 该分组不适合列式（多非满柱）→ 回退 beam + 配方优先。
  - 配方优先[fast]：规划 0 实例，实装成功 0，配方路径不可用 → 采用基线方案。
  - 指数诊断：箱子 1 个，总指数 0.0191696，目标 0.7，理论最多达标托盘 0 个，剩余指数 0.0191696。
  - 几何诊断：典型整层堆叠单盘参考上限 0.0191696/0.7。 当前目标可能受托盘高度/箱型组合限制。
  - 几何诊断提示：典型整层参考值 0.0191696 < 目标 0.7；该值不是不可达证明，继续执行指数救援。
  - 失败托盘互借诊断：未合并（no_target_or_single_plan）。
托盘类型 MH423C（销售订单号：PAID16280FN01S）处理完成：总托盘 1，指数达标 0，未达标 1，平均缺口 0.68，最大缺口 0.68，失败托盘互借修复成功 0。
  - KPI：near/mid/deep=1/0/0，救回率=0.00%，pair效率=0.00%。
  - 耗时拆解：packing=0.00s，main_topup=0.00s，retry=0.00s，failed_pool=0.00s，repack=0.00s，total=0.00s。
正在处理托盘类型：MH423C，销售订单号：LFEG16290IN01S
  - 该分组不适合列式（多非满柱）→ 回退 beam + 配方优先。
  - 配方优先[fast]：规划 0 实例，实装成功 0，配方路径不可用 → 采用基线方案。
  - 指数诊断：箱子 9 个，总指数 0.0814706，目标 0.7，理论最多达标托盘 0 个，剩余指数 0.0814706。
  - 几何诊断：典型整层堆叠单盘参考上限 0.0575087/0.7。 当前目标可能受托盘高度/箱型组合限制。
  - 几何诊断提示：典型整层参考值 0.0575087 < 目标 0.7；该值不是不可达证明，继续执行指数救援。
  - 失败托盘互借诊断：未合并（no_target_or_single_plan）。
托盘类型 MH423C（销售订单号：LFEG16290IN01S）处理完成：总托盘 1，指数达标 0，未达标 1，平均缺口 0.62，最大缺口 0.62，失败托盘互借修复成功 0。
  - KPI：near/mid/deep=1/0/0，救回率=0.00%，pair效率=0.00%。
  - 耗时拆解：packing=0.03s，main_topup=0.00s，retry=0.00s，failed_pool=0.00s，repack=0.00s，total=0.03s。
正在处理托盘类型：MH423C，销售订单号：LFEG16290IN02S
  - 该分组不适合列式（多非满柱）→ 回退 beam + 配方优先。
  - 配方优先[fast]：规划 0 实例，实装成功 0，配方路径不可用 → 采用基线方案。
  - 指数诊断：箱子 33 个，总指数 0.183846，目标 0.7，理论最多达标托盘 0 个，剩余指数 0.183846。
  - 几何诊断：典型整层堆叠单盘参考上限 0.159884/0.7。 当前目标可能受托盘高度/箱型组合限制。
  - 几何诊断提示：典型整层参考值 0.159884 < 目标 0.7；该值不是不可达证明，继续执行指数救援。
  - 失败托盘互借诊断：未合并（no_target_or_single_plan）。
托盘类型 MH423C（销售订单号：LFEG16290IN02S）处理完成：总托盘 1，指数达标 0，未达标 1，平均缺口 0.52，最大缺口 0.52，失败托盘互借修复成功 0。
  - KPI：near/mid/deep=1/0/0，救回率=0.00%，pair效率=0.00%。
  - 耗时拆解：packing=0.34s，main_topup=0.00s，retry=0.00s，failed_pool=0.00s，repack=0.00s，total=0.34s。
正在处理托盘类型：MH423C，销售订单号：LAID16306DN01S
  - 主算法：全局列式装箱 + 柱级组合优化（GCP）。
  - GCP 盘数远超理论（CP-SAT 装不满）→ 回退 baseline beam + 配方优先。
  - 配方优先[fast]：规划 0 实例，实装成功 0，配方路径不可用 → 采用基线方案。
  - 指数诊断：箱子 50 个，总指数 0.41574，目标 0.7，理论最多达标托盘 0 个，剩余指数 0.41574。
  - 几何诊断：典型整层堆叠单盘参考上限 0.305515/0.7。 当前目标可能受托盘高度/箱型组合限制。
  - 几何诊断提示：典型整层参考值 0.305515 < 目标 0.7；该值不是不可达证明，继续执行指数救援。
  - 失败托盘互借诊断：未合并（aborted_no_improvement_possible）。
托盘类型 MH423C（销售订单号：LAID16306DN01S）处理完成：总托盘 2，指数达标 0，未达标 2，平均缺口 0.49，最大缺口 0.65，失败托盘互借修复成功 0。
  - KPI：near/mid/deep=2/0/0，救回率=0.00%，pair效率=0.00%。
  - 耗时拆解：packing=0.32s，main_topup=0.01s，retry=0.00s，failed_pool=0.00s，repack=0.55s，total=2.29s。
正在处理托盘类型：MH423C，销售订单号：LFEG16290IN03S
  - 主算法：全局列式装箱 + 柱级组合优化（GCP）。
  - 失败托盘互借诊断：未合并（aborted_no_improvement_possible）。
托盘类型 MH423C（销售订单号：LFEG16290IN03S）处理完成：总托盘 2，指数达标 0，未达标 2，平均缺口 0.54，最大缺口 0.56，失败托盘互借修复成功 0。
  - KPI：near/mid/deep=2/0/0，救回率=0.00%，pair效率=0.00%。
  - 耗时拆解：packing=0.32s，main_topup=0.00s，retry=0.00s，failed_pool=0.00s，repack=0.27s，total=0.59s。
正在处理托盘类型：MH423C，销售订单号：LFEG16290IN03S__SPLITREST__
  - 该分组不适合列式（多非满柱）→ 回退 beam + 配方优先。
  - 配方优先[fast]：规划 0 实例，实装成功 0，配方路径不可用 → 采用基线方案。
  - 指数诊断：箱子 5 个，总指数 0.0411784，目标 0.7，理论最多达标托盘 0 个，剩余指数 0.0411784。
  - 几何诊断：典型整层堆叠单盘参考上限 0.0411784/0.7。 当前目标可能受托盘高度/箱型组合限制。
  - 几何诊断提示：典型整层参考值 0.0411784 < 目标 0.7；该值不是不可达证明，继续执行指数救援。
  - 失败托盘互借诊断：未合并（no_target_or_single_plan）。
托盘类型 MH423C（销售订单号：LFEG16290IN03S__SPLITREST__）处理完成：总托盘 1，指数达标 0，未达标 1，平均缺口 0.66，最大缺口 0.66，失败托盘互借修复成功 0。
  - KPI：near/mid/deep=1/0/0，救回率=0.00%，pair效率=0.00%。
  - 耗时拆解：packing=0.01s，main_topup=0.00s，retry=0.00s，failed_pool=0.00s，repack=0.00s，total=0.03s。
正在处理托盘类型：MH423C，销售订单号：LFEG16310IN02S
  - 主算法：全局列式装箱 + 柱级组合优化（GCP）。
  - 失败托盘互借诊断：未合并（no_target_or_single_plan）。
托盘类型 MH423C（销售订单号：LFEG16310IN02S）处理完成：总托盘 1，指数达标 0，未达标 1，平均缺口 0.53，最大缺口 0.53，失败托盘互借修复成功 0。
  - KPI：near/mid/deep=1/0/0，救回率=0.00%，pair效率=0.00%。
  - 耗时拆解：packing=0.06s，main_topup=0.00s，retry=0.00s，failed_pool=0.00s，repack=0.00s，total=0.06s。
正在处理托盘类型：MH423C，销售订单号：LFEG16310IN01S
  - 主算法：全局列式装箱 + 柱级组合优化（GCP）。
  - 失败托盘互借诊断：未合并（no_target_or_single_plan）。
托盘类型 MH423C（销售订单号：LFEG16310IN01S）处理完成：总托盘 1，指数达标 0，未达标 1，平均缺口 0.53，最大缺口 0.53，失败托盘互借修复成功 0。
  - KPI：near/mid/deep=1/0/0，救回率=0.00%，pair效率=0.00%。
  - 耗时拆解：packing=0.06s，main_topup=0.00s，retry=0.00s，failed_pool=0.00s，repack=0.00s，total=0.06s。
正在处理托盘类型：MH423C，销售订单号：LFEG16310IN01S__SPLITREST__
  - 该分组不适合列式（多非满柱）→ 回退 beam + 配方优先。
  - 配方优先[fast]：规划 0 实例，实装成功 0，配方路径不可用 → 采用基线方案。
  - 指数诊断：箱子 2 个，总指数 0.00479239，目标 0.7，理论最多达标托盘 0 个，剩余指数 0.00479239。
  - 几何诊断：典型整层堆叠单盘参考上限 0.00479239/0.7。 当前目标可能受托盘高度/箱型组合限制。
  - 几何诊断提示：典型整层参考值 0.00479239 < 目标 0.7；该值不是不可达证明，继续执行指数救援。
  - 失败托盘互借诊断：未合并（no_target_or_single_plan）。
托盘类型 MH423C（销售订单号：LFEG16310IN01S__SPLITREST__）处理完成：总托盘 1，指数达标 0，未达标 1，平均缺口 0.70，最大缺口 0.70，失败托盘互借修复成功 0。
  - KPI：near/mid/deep=1/0/0，救回率=0.00%，pair效率=0.00%。
  - 耗时拆解：packing=0.00s，main_topup=0.00s，retry=0.00s，failed_pool=0.00s，repack=0.00s，total=0.01s。
正在处理托盘类型：MH423C，销售订单号：PAID16290FN01S
  - 主算法：全局列式装箱 + 柱级组合优化（GCP）。
  - 失败托盘互借诊断：未合并（no_target_or_single_plan）。
托盘类型 MH423C（销售订单号：PAID16290FN01S）处理完成：总托盘 1，指数达标 0，未达标 1，平均缺口 0.55，最大缺口 0.55，失败托盘互借修复成功 0。
  - KPI：near/mid/deep=1/0/0，救回率=0.00%，pair效率=0.00%。
  - 耗时拆解：packing=0.03s，main_topup=0.00s，retry=0.00s，failed_pool=0.00s，repack=0.00s，total=0.03s。
正在处理托盘类型：MH423C，销售订单号：PAID16290FN01S__SPLITREST__
  - 该分组不适合列式（多非满柱）→ 回退 beam + 配方优先。
  - 配方优先[fast]：规划 0 实例，实装成功 0，配方路径不可用 → 采用基线方案。
  - 指数诊断：箱子 1 个，总指数 0.0023962，目标 0.7，理论最多达标托盘 0 个，剩余指数 0.0023962。
  - 几何诊断：典型整层堆叠单盘参考上限 0.0023962/0.7。 当前目标可能受托盘高度/箱型组合限制。
  - 几何诊断提示：典型整层参考值 0.0023962 < 目标 0.7；该值不是不可达证明，继续执行指数救援。
  - 失败托盘互借诊断：未合并（no_target_or_single_plan）。
托盘类型 MH423C（销售订单号：PAID16290FN01S__SPLITREST__）处理完成：总托盘 1，指数达标 0，未达标 1，平均缺口 0.70，最大缺口 0.70，失败托盘互借修复成功 0。
  - KPI：near/mid/deep=1/0/0，救回率=0.00%，pair效率=0.00%。
  - 耗时拆解：packing=0.00s，main_topup=0.00s，retry=0.00s，failed_pool=0.00s，repack=0.00s，total=0.00s。
正在处理托盘类型：MH423C，销售订单号：PAIN26290BC02S
  - 主算法：全局列式装箱 + 柱级组合优化（GCP）。
  - 失败托盘互借诊断：未合并（no_target_or_single_plan）。
托盘类型 MH423C（销售订单号：PAIN26290BC02S）处理完成：总托盘 1，指数达标 0，未达标 1，平均缺口 0.18，最大缺口 0.18，失败托盘互借修复成功 0。
  - KPI：near/mid/deep=1/0/0，救回率=0.00%，pair效率=0.00%。
  - 耗时拆解：packing=1.48s，main_topup=0.00s，retry=0.00s，failed_pool=0.00s，repack=0.00s，total=1.48s。
正在处理托盘类型：MH423C，销售订单号：LAMY16315FN01S
  - 主算法：全局列式装箱 + 柱级组合优化（GCP）。
  - 失败托盘互借诊断：未合并（constraint_gate_failed）。
托盘类型 MH423C（销售订单号：LAMY16315FN01S）处理完成：总托盘 2，指数达标 0，未达标 2，平均缺口 0.29，最大缺口 0.58，失败托盘互借修复成功 0。
  - KPI：near/mid/deep=2/0/0，救回率=0.00%，pair效率=0.00%。
  - 耗时拆解：packing=46.34s，main_topup=0.00s，retry=0.00s，failed_pool=0.00s，repack=2.19s，total=48.53s。
  - 条件双路径棘轮：替代完整路径未严格改善，保留 GCP。
正在处理托盘类型：MH423C，销售订单号：LAMY16315FN01S__SPLITREST__
  - 该分组不适合列式（多非满柱）→ 回退 beam + 配方优先。
  - 配方优先[fast]：规划 0 实例，实装成功 0，配方路径不可用 → 采用基线方案。
  - 指数诊断：箱子 1 个，总指数 0.0023962，目标 0.7，理论最多达标托盘 0 个，剩余指数 0.0023962。
  - 几何诊断：典型整层堆叠单盘参考上限 0.0023962/0.7。 当前目标可能受托盘高度/箱型组合限制。
  - 几何诊断提示：典型整层参考值 0.0023962 < 目标 0.7；该值不是不可达证明，继续执行指数救援。
  - 失败托盘互借诊断：未合并（no_target_or_single_plan）。
托盘类型 MH423C（销售订单号：LAMY16315FN01S__SPLITREST__）处理完成：总托盘 1，指数达标 0，未达标 1，平均缺口 0.70，最大缺口 0.70，失败托盘互借修复成功 0。
  - KPI：near/mid/deep=1/0/0，救回率=0.00%，pair效率=0.00%。
  - 耗时拆解：packing=0.00s，main_topup=0.00s，retry=0.00s，failed_pool=0.00s，repack=0.00s，total=0.00s。
正在处理托盘类型：MH423C，销售订单号：LAID16305BN02S
  - 主算法：全局列式装箱 + 柱级组合优化（GCP）。
  - 失败托盘互借诊断：未合并（no_target_or_single_plan）。
托盘类型 MH423C（销售订单号：LAID16305BN02S）处理完成：总托盘 1，指数达标 0，未达标 1，平均缺口 0.40，最大缺口 0.40，失败托盘互借修复成功 0。
  - KPI：near/mid/deep=1/0/0，救回率=0.00%，pair效率=0.00%。
  - 耗时拆解：packing=0.63s，main_topup=0.00s，retry=0.00s，failed_pool=0.00s，repack=0.00s，total=0.63s。
正在处理托盘类型：MH423C，销售订单号：PAID16280FC02S
  - 主算法：全局列式装箱 + 柱级组合优化（GCP）。
  - GCP 盘数远超理论（CP-SAT 装不满）→ 回退 baseline beam + 配方优先。
  - 配方优先[fast]：规划 0 实例，实装成功 0，配方路径不可用 → 采用基线方案。
  - 指数诊断：箱子 4 个，总指数 0.0766782，目标 0.7，理论最多达标托盘 0 个，剩余指数 0.0766782。
  - 几何诊断：典型整层堆叠单盘参考上限 0.0766782/0.7。 当前目标可能受托盘高度/箱型组合限制。
  - 几何诊断提示：典型整层参考值 0.0766782 < 目标 0.7；该值不是不可达证明，继续执行指数救援。
  - 失败托盘互借诊断：未合并（no_target_or_single_plan）。
托盘类型 MH423C（销售订单号：PAID16280FC02S）处理完成：总托盘 1，指数达标 0，未达标 1，平均缺口 0.62，最大缺口 0.62，失败托盘互借修复成功 0。
  - KPI：near/mid/deep=1/0/0，救回率=0.00%，pair效率=0.00%。
  - 耗时拆解：packing=0.00s，main_topup=0.00s，retry=0.00s，failed_pool=0.00s，repack=0.00s，total=0.03s。
正在处理托盘类型：MH423C，销售订单号：PAID16290FC02S
  - 该分组不适合列式（多非满柱）→ 回退 beam + 配方优先。
  - 配方优先[fast]：规划 0 实例，实装成功 0，配方路径不可用 → 采用基线方案。
  - 指数诊断：箱子 6 个，总指数 0.0670935，目标 0.7，理论最多达标托盘 0 个，剩余指数 0.0670935。
  - 几何诊断：典型整层堆叠单盘参考上限 0.0670935/0.7。 当前目标可能受托盘高度/箱型组合限制。
  - 几何诊断提示：典型整层参考值 0.0670935 < 目标 0.7；该值不是不可达证明，继续执行指数救援。
  - 失败托盘互借诊断：未合并（no_target_or_single_plan）。
托盘类型 MH423C（销售订单号：PAID16290FC02S）处理完成：总托盘 1，指数达标 0，未达标 1，平均缺口 0.63，最大缺口 0.63，失败托盘互借修复成功 0。
  - KPI：near/mid/deep=1/0/0，救回率=0.00%，pair效率=0.00%。
  - 耗时拆解：packing=0.01s，main_topup=0.00s，retry=0.00s，failed_pool=0.00s，repack=0.00s，total=0.05s。
正在处理托盘类型：MH423C，销售订单号：PEG146296CN01S
  - 主算法：全局列式装箱 + 柱级组合优化（GCP）。
  - 失败托盘互借诊断：未合并（no_target_or_single_plan）。
托盘类型 MH423C（销售订单号：PEG146296CN01S）处理完成：总托盘 1，指数达标 0，未达标 1，平均缺口 0.11，最大缺口 0.11，失败托盘互借修复成功 0。
  - KPI：near/mid/deep=1/0/0，救回率=0.00%，pair效率=0.00%。
  - 耗时拆解：packing=0.37s，main_topup=0.00s，retry=0.00s，failed_pool=0.00s，repack=0.00s，total=0.38s。
正在处理托盘类型：MH423C，销售订单号：PAID16295BN01S
  - 主算法：全局列式装箱 + 柱级组合优化（GCP）。
  - 失败托盘互借诊断：未合并（aborted_no_improvement_possible）。
托盘类型 MH423C（销售订单号：PAID16295BN01S）处理完成：总托盘 2，指数达标 0，未达标 2，平均缺口 0.24，最大缺口 0.39，失败托盘互借修复成功 0。
  - KPI：near/mid/deep=2/0/0，救回率=0.00%，pair效率=0.00%。
  - 耗时拆解：packing=47.73s，main_topup=0.00s，retry=0.00s，failed_pool=0.00s，repack=2.60s，total=50.33s。
  - 条件双路径棘轮：替代完整路径通过守恒和最终门禁，严格优于 GCP，已采用。
正在处理托盘类型：MH423C，销售订单号：PAID16296DN01S
  - 主算法：全局列式装箱 + 柱级组合优化（GCP）。
  - 失败托盘互借诊断：未合并（no_target_or_single_plan）。
托盘类型 MH423C（销售订单号：PAID16296DN01S）处理完成：总托盘 1，指数达标 0，未达标 1，平均缺口 0.41，最大缺口 0.41，失败托盘互借修复成功 0。
  - KPI：near/mid/deep=1/0/0，救回率=0.00%，pair效率=0.00%。
  - 耗时拆解：packing=1.47s，main_topup=0.00s，retry=0.00s，failed_pool=0.00s，repack=0.00s，total=1.47s。
正在处理托盘类型：MH423C，销售订单号：PAID16296DN01S__SPLITREST__
  - 该分组不适合列式（多非满柱）→ 回退 beam + 配方优先。
  - 配方优先[fast]：规划 0 实例，实装成功 0，配方路径不可用 → 采用基线方案。
  - 指数诊断：箱子 3 个，总指数 0.0287543，目标 0.7，理论最多达标托盘 0 个，剩余指数 0.0287543。
  - 几何诊断：典型整层堆叠单盘参考上限 0.0287543/0.7。 当前目标可能受托盘高度/箱型组合限制。
  - 几何诊断提示：典型整层参考值 0.0287543 < 目标 0.7；该值不是不可达证明，继续执行指数救援。
  - 失败托盘互借诊断：未合并（no_target_or_single_plan）。
托盘类型 MH423C（销售订单号：PAID16296DN01S__SPLITREST__）处理完成：总托盘 1，指数达标 0，未达标 1，平均缺口 0.67，最大缺口 0.67，失败托盘互借修复成功 0。
  - KPI：near/mid/deep=1/0/0，救回率=0.00%，pair效率=0.00%。
  - 耗时拆解：packing=0.00s，main_topup=0.00s，retry=0.00s，failed_pool=0.00s，repack=0.00s，total=0.01s。
正在处理托盘类型：MH423C，销售订单号：LAID16305EN01S
  - 主算法：全局列式装箱 + 柱级组合优化（GCP）。
  - GCP 盘数远超理论（CP-SAT 装不满）→ 回退 baseline beam + 配方优先。
  - 配方优先[fast]：规划 0 实例，实装成功 0，配方路径不可用 → 采用基线方案。
  - 指数诊断：箱子 28 个，总指数 0.281352，目标 0.7，理论最多达标托盘 0 个，剩余指数 0.281352。
  - 几何诊断：典型整层堆叠单盘参考上限 0.269371/0.7。 当前目标可能受托盘高度/箱型组合限制。
  - 几何诊断提示：典型整层参考值 0.269371 < 目标 0.7；该值不是不可达证明，继续执行指数救援。
  - 失败托盘互借诊断：未合并（aborted_no_improvement_possible）。
托盘类型 MH423C（销售订单号：LAID16305EN01S）处理完成：总托盘 2，指数达标 0，未达标 2，平均缺口 0.56，最大缺口 0.65，失败托盘互借修复成功 0。
  - KPI：near/mid/deep=2/0/0，救回率=0.00%，pair效率=0.00%。
  - 耗时拆解：packing=0.10s，main_topup=0.00s，retry=0.00s，failed_pool=0.00s，repack=0.17s，total=0.71s。
正在处理托盘类型：MH423C，销售订单号：LAID16305EN01S__SPLITREST__
  - 该分组不适合列式（多非满柱）→ 回退 beam + 配方优先。
  - 配方优先[fast]：规划 0 实例，实装成功 0，配方路径不可用 → 采用基线方案。
  - 指数诊断：箱子 3 个，总指数 0.0891133，目标 0.7，理论最多达标托盘 0 个，剩余指数 0.0891133。
  - 几何诊断：典型整层堆叠单盘参考上限 0.0891133/0.7。 当前目标可能受托盘高度/箱型组合限制。
  - 几何诊断提示：典型整层参考值 0.0891133 < 目标 0.7；该值不是不可达证明，继续执行指数救援。
  - 失败托盘互借诊断：未合并（no_target_or_single_plan）。
托盘类型 MH423C（销售订单号：LAID16305EN01S__SPLITREST__）处理完成：总托盘 1，指数达标 0，未达标 1，平均缺口 0.61，最大缺口 0.61，失败托盘互借修复成功 0。
  - KPI：near/mid/deep=1/0/0，救回率=0.00%，pair效率=0.00%。
  - 耗时拆解：packing=0.00s，main_topup=0.00s，retry=0.00s，failed_pool=0.00s，repack=0.00s，total=0.01s。
正在处理托盘类型：MH423C，销售订单号：PAID16295EL05S
  - 该分组不适合列式（多非满柱）→ 回退 beam + 配方优先。
  - 配方优先[fast]：规划 0 实例，实装成功 0，配方路径不可用 → 采用基线方案。
  - 指数诊断：箱子 1 个，总指数 0.00958478，目标 0.7，理论最多达标托盘 0 个，剩余指数 0.00958478。
  - 几何诊断：典型整层堆叠单盘参考上限 0.00958478/0.7。 当前目标可能受托盘高度/箱型组合限制。
  - 几何诊断提示：典型整层参考值 0.00958478 < 目标 0.7；该值不是不可达证明，继续执行指数救援。
  - 失败托盘互借诊断：未合并（no_target_or_single_plan）。
托盘类型 MH423C（销售订单号：PAID16295EL05S）处理完成：总托盘 1，指数达标 0，未达标 1，平均缺口 0.69，最大缺口 0.69，失败托盘互借修复成功 0。
  - KPI：near/mid/deep=1/0/0，救回率=0.00%，pair效率=0.00%。
  - 耗时拆解：packing=0.00s，main_topup=0.00s，retry=0.00s，failed_pool=0.00s，repack=0.00s，total=0.00s。
正在处理托盘类型：MH423C，销售订单号：PAID16290FL03S
  - 该分组不适合列式（多非满柱）→ 回退 beam + 配方优先。
  - 配方优先[fast]：规划 0 实例，实装成功 0，配方路径不可用 → 采用基线方案。
  - 指数诊断：箱子 3 个，总指数 0.0287543，目标 0.7，理论最多达标托盘 0 个，剩余指数 0.0287543。
  - 几何诊断：典型整层堆叠单盘参考上限 0.0287543/0.7。 当前目标可能受托盘高度/箱型组合限制。
  - 几何诊断提示：典型整层参考值 0.0287543 < 目标 0.7；该值不是不可达证明，继续执行指数救援。
  - 失败托盘互借诊断：未合并（no_target_or_single_plan）。
托盘类型 MH423C（销售订单号：PAID16290FL03S）处理完成：总托盘 1，指数达标 0，未达标 1，平均缺口 0.67，最大缺口 0.67，失败托盘互借修复成功 0。
  - KPI：near/mid/deep=1/0/0，救回率=0.00%，pair效率=0.00%。
  - 耗时拆解：packing=0.00s，main_topup=0.00s，retry=0.00s，failed_pool=0.00s，repack=0.00s，total=0.02s。
正在处理托盘类型：MH423C，销售订单号：PAID16306DN01S
  - 主算法：全局列式装箱 + 柱级组合优化（GCP）。
  - 失败托盘互借诊断：未合并（no_target_or_single_plan）。
托盘类型 MH423C（销售订单号：PAID16306DN01S）处理完成：总托盘 1，指数达标 0，未达标 1，平均缺口 0.59，最大缺口 0.59，失败托盘互借修复成功 0。
  - KPI：near/mid/deep=1/0/0，救回率=0.00%，pair效率=0.00%。
  - 耗时拆解：packing=0.11s，main_topup=0.00s，retry=0.00s，failed_pool=0.00s，repack=0.00s，total=0.11s。
正在处理托盘类型：MH423C，销售订单号：PAID16306DN01S__SPLITREST__
  - 该分组不适合列式（多非满柱）→ 回退 beam + 配方优先。
  - 配方优先[fast]：规划 0 实例，实装成功 0，配方路径不可用 → 采用基线方案。
  - 指数诊断：箱子 2 个，总指数 0.00479239，目标 0.7，理论最多达标托盘 0 个，剩余指数 0.00479239。
  - 几何诊断：典型整层堆叠单盘参考上限 0.00479239/0.7。 当前目标可能受托盘高度/箱型组合限制。
  - 几何诊断提示：典型整层参考值 0.00479239 < 目标 0.7；该值不是不可达证明，继续执行指数救援。
  - 失败托盘互借诊断：未合并（no_target_or_single_plan）。
托盘类型 MH423C（销售订单号：PAID16306DN01S__SPLITREST__）处理完成：总托盘 1，指数达标 0，未达标 1，平均缺口 0.70，最大缺口 0.70，失败托盘互借修复成功 0。
  - KPI：near/mid/deep=1/0/0，救回率=0.00%，pair效率=0.00%。
  - 耗时拆解：packing=0.00s，main_topup=0.00s，retry=0.00s，failed_pool=0.00s，repack=0.00s，total=0.01s。
正在处理托盘类型：MH423C，销售订单号：LAMY16305FN01S
  - 主算法：全局列式装箱 + 柱级组合优化（GCP）。
  - 失败托盘互借诊断：未合并（aborted_no_improvement_possible）。
托盘类型 MH423C（销售订单号：LAMY16305FN01S）处理完成：总托盘 2，指数达标 0，未达标 2，平均缺口 0.40，最大缺口 0.69，失败托盘互借修复成功 0。
  - KPI：near/mid/deep=2/0/0，救回率=0.00%，pair效率=0.00%。
  - 耗时拆解：packing=1.16s，main_topup=0.00s，retry=0.00s，failed_pool=0.00s，repack=0.92s，total=2.08s。
正在处理托盘类型：MH423C，销售订单号：LAMY16305FN01S__SPLITREST__
  - 该分组不适合列式（多非满柱）→ 回退 beam + 配方优先。
  - 配方优先[fast]：规划 0 实例，实装成功 0，配方路径不可用 → 采用基线方案。
  - 指数诊断：箱子 1 个，总指数 0.0289352，目标 0.7，理论最多达标托盘 0 个，剩余指数 0.0289352。
  - 几何诊断：典型整层堆叠单盘参考上限 0.0289352/0.7。 当前目标可能受托盘高度/箱型组合限制。
  - 几何诊断提示：典型整层参考值 0.0289352 < 目标 0.7；该值不是不可达证明，继续执行指数救援。
  - 失败托盘互借诊断：未合并（no_target_or_single_plan）。
托盘类型 MH423C（销售订单号：LAMY16305FN01S__SPLITREST__）处理完成：总托盘 1，指数达标 0，未达标 1，平均缺口 0.67，最大缺口 0.67，失败托盘互借修复成功 0。
  - KPI：near/mid/deep=1/0/0，救回率=0.00%，pair效率=0.00%。
  - 耗时拆解：packing=0.00s，main_topup=0.00s，retry=0.00s，failed_pool=0.00s，repack=0.00s，total=0.00s。
正在处理托盘类型：MH423C，销售订单号：PAID16300FN01S
  - 该分组不适合列式（多非满柱）→ 回退 beam + 配方优先。
  - 配方优先[fast]：规划 0 实例，实装成功 0，配方路径不可用 → 采用基线方案。
  - 指数诊断：箱子 8 个，总指数 0.0910554，目标 0.7，理论最多达标托盘 0 个，剩余指数 0.0910554。
  - 几何诊断：典型整层堆叠单盘参考上限 0.0910554/0.7。 当前目标可能受托盘高度/箱型组合限制。
  - 几何诊断提示：典型整层参考值 0.0910554 < 目标 0.7；该值不是不可达证明，继续执行指数救援。
  - 失败托盘互借诊断：未合并（no_target_or_single_plan）。
托盘类型 MH423C（销售订单号：PAID16300FN01S）处理完成：总托盘 1，指数达标 0，未达标 1，平均缺口 0.61，最大缺口 0.61，失败托盘互借修复成功 0。
  - KPI：near/mid/deep=1/0/0，救回率=0.00%，pair效率=0.00%。
  - 耗时拆解：packing=0.01s，main_topup=0.00s，retry=0.00s，failed_pool=0.00s，repack=0.00s，total=0.05s。
正在处理托盘类型：MH423C，销售订单号：PAID16295BD02S
  - 主算法：全局列式装箱 + 柱级组合优化（GCP）。
  - 失败托盘互借诊断：未合并（no_target_or_single_plan）。
托盘类型 MH423C（销售订单号：PAID16295BD02S）处理完成：总托盘 1，指数达标 0，未达标 1，平均缺口 0.53，最大缺口 0.53，失败托盘互借修复成功 0。
  - KPI：near/mid/deep=1/0/0，救回率=0.00%，pair效率=0.00%。
  - 耗时拆解：packing=0.08s，main_topup=0.00s，retry=0.00s，failed_pool=0.00s，repack=0.00s，total=0.08s。
正在处理托盘类型：MH423C，销售订单号：LFEG16300IN02S
  - 主算法：全局列式装箱 + 柱级组合优化（GCP）。
  - 失败托盘互借修复（凑标提交）：新增达标 1，受影响 2 盘重排为 3 盘（其余失败盘未动），耗时 0.7s。
  - 失败托盘互借诊断：未合并（aborted_no_improvement_possible）。
  - 指数再分配诊断：未接受（no_planned_gain）。
托盘类型 MH423C（销售订单号：LFEG16300IN02S）处理完成：总托盘 3，指数达标 1，未达标 2，平均缺口 0.59，最大缺口 0.68，失败托盘互借修复成功 1。
  - KPI：near/mid/deep=2/0/0，救回率=50.00%，pair效率=0.00%。
  - 耗时拆解：packing=3.30s，main_topup=0.00s，retry=0.00s，failed_pool=0.00s，repack=1.13s，total=4.43s。
正在处理托盘类型：MH423C，销售订单号：LFEG16300IN02S__SPLITREST__
  - 该分组不适合列式（多非满柱）→ 回退 beam + 配方优先。
  - 配方优先[fast]：规划 0 实例，实装成功 0，配方路径不可用 → 采用基线方案。
  - 指数诊断：箱子 2 个，总指数 0.0172164，目标 0.7，理论最多达标托盘 0 个，剩余指数 0.0172164。
  - 几何诊断：典型整层堆叠单盘参考上限 0.0172164/0.7。 当前目标可能受托盘高度/箱型组合限制。
  - 几何诊断提示：典型整层参考值 0.0172164 < 目标 0.7；该值不是不可达证明，继续执行指数救援。
  - 失败托盘互借诊断：未合并（no_target_or_single_plan）。
托盘类型 MH423C（销售订单号：LFEG16300IN02S__SPLITREST__）处理完成：总托盘 1，指数达标 0，未达标 1，平均缺口 0.68，最大缺口 0.68，失败托盘互借修复成功 0。
  - KPI：near/mid/deep=1/0/0，救回率=0.00%，pair效率=0.00%。
  - 耗时拆解：packing=0.00s，main_topup=0.00s，retry=0.00s，failed_pool=0.00s，repack=0.00s，total=0.01s。
正在处理托盘类型：MH423C，销售订单号：LAID16305BN01S
  - 主算法：全局列式装箱 + 柱级组合优化（GCP）。
  - GCP 盘数远超理论（CP-SAT 装不满）→ 回退 baseline beam + 配方优先。
  - 配方优先[fast]：规划 0 实例，实装成功 0，配方路径不可用 → 采用基线方案。
  - 指数诊断：箱子 54 个，总指数 0.618218，目标 0.7，理论最多达标托盘 0 个，剩余指数 0.618218。
  - 几何诊断：典型整层堆叠单盘参考上限 0.500805/0.7。 当前目标可能受托盘高度/箱型组合限制。
  - 几何诊断提示：典型整层参考值 0.500805 < 目标 0.7；该值不是不可达证明，继续执行指数救援。
  - 失败托盘互借诊断：未合并（no_target_or_single_plan）。
托盘类型 MH423C（销售订单号：LAID16305BN01S）处理完成：总托盘 1，指数达标 0，未达标 1，平均缺口 0.08，最大缺口 0.08，失败托盘互借修复成功 0。
  - KPI：near/mid/deep=1/0/0，救回率=0.00%，pair效率=0.00%。
  - 耗时拆解：packing=0.43s，main_topup=0.01s，retry=0.00s，failed_pool=0.00s，repack=0.00s，total=2.30s。
正在处理托盘类型：MH423C，销售订单号：LFEG16310IN03S
  - 主算法：全局列式装箱 + 柱级组合优化（GCP）。
  - 失败托盘互借诊断：未合并（no_target_or_single_plan）。
托盘类型 MH423C（销售订单号：LFEG16310IN03S）处理完成：总托盘 1，指数达标 0，未达标 1，平均缺口 0.54，最大缺口 0.54，失败托盘互借修复成功 0。
  - KPI：near/mid/deep=1/0/0，救回率=0.00%，pair效率=0.00%。
  - 耗时拆解：packing=0.04s，main_topup=0.00s，retry=0.00s，failed_pool=0.00s，repack=0.00s，total=0.04s。
正在处理托盘类型：MH423C，销售订单号：LFEG16300IN01S
  - 该分组不适合列式（多非满柱）→ 回退 beam + 配方优先。
  - 配方优先[fast]：规划 0 实例，实装成功 0，配方路径不可用 → 采用基线方案。
  - 指数诊断：箱子 18 个，总指数 0.139422，目标 0.7，理论最多达标托盘 0 个，剩余指数 0.139422。
  - 几何诊断：典型整层堆叠单盘参考上限 0.13463/0.7。 当前目标可能受托盘高度/箱型组合限制。
  - 几何诊断提示：典型整层参考值 0.13463 < 目标 0.7；该值不是不可达证明，继续执行指数救援。
  - 失败托盘互借诊断：未合并（no_target_or_single_plan）。
托盘类型 MH423C（销售订单号：LFEG16300IN01S）处理完成：总托盘 1，指数达标 0，未达标 1，平均缺口 0.56，最大缺口 0.56，失败托盘互借修复成功 0。
  - KPI：near/mid/deep=1/0/0，救回率=0.00%，pair效率=0.00%。
  - 耗时拆解：packing=0.04s，main_topup=0.00s，retry=0.00s，failed_pool=0.00s，repack=0.00s，total=0.15s。
正在处理托盘类型：MH423C，销售订单号：LFEG16300IN03S
  - 主算法：全局列式装箱 + 柱级组合优化（GCP）。
  - 失败托盘互借诊断：未合并（no_target_or_single_plan）。
托盘类型 MH423C（销售订单号：LFEG16300IN03S）处理完成：总托盘 1，指数达标 0，未达标 1，平均缺口 0.17，最大缺口 0.17，失败托盘互借修复成功 0。
  - KPI：near/mid/deep=1/0/0，救回率=0.00%，pair效率=0.00%。
  - 耗时拆解：packing=1.08s，main_topup=0.00s，retry=0.00s，failed_pool=0.00s，repack=0.00s，total=1.08s。
正在处理托盘类型：MH423C，销售订单号：LFEG16300IN03S__SPLITREST__
  - 该分组不适合列式（多非满柱）→ 回退 beam + 配方优先。
  - 配方优先[fast]：规划 0 实例，实装成功 0，配方路径不可用 → 采用基线方案。
  - 指数诊断：箱子 2 个，总指数 0.0172164，目标 0.7，理论最多达标托盘 0 个，剩余指数 0.0172164。
  - 几何诊断：典型整层堆叠单盘参考上限 0.0172164/0.7。 当前目标可能受托盘高度/箱型组合限制。
  - 几何诊断提示：典型整层参考值 0.0172164 < 目标 0.7；该值不是不可达证明，继续执行指数救援。
  - 失败托盘互借诊断：未合并（no_target_or_single_plan）。
托盘类型 MH423C（销售订单号：LFEG16300IN03S__SPLITREST__）处理完成：总托盘 1，指数达标 0，未达标 1，平均缺口 0.68，最大缺口 0.68，失败托盘互借修复成功 0。
  - KPI：near/mid/deep=1/0/0，救回率=0.00%，pair效率=0.00%。
  - 耗时拆解：packing=0.00s，main_topup=0.00s，retry=0.00s，failed_pool=0.00s，repack=0.00s，total=0.00s。
正在处理托盘类型：MH423C，销售订单号：LAID16305BN03S
  - 主算法：全局列式装箱 + 柱级组合优化（GCP）。
  - GCP 盘数远超理论（CP-SAT 装不满）→ 回退 baseline beam + 配方优先。
  - 配方优先[fast]：规划 0 实例，实装成功 0，配方路径不可用 → 采用基线方案。
  - 指数诊断：箱子 36 个，总指数 0.376203，目标 0.7，理论最多达标托盘 0 个，剩余指数 0.376203。
  - 几何诊断：典型整层堆叠单盘参考上限 0.376203/0.7。 当前目标可能受托盘高度/箱型组合限制。
  - 几何诊断提示：典型整层参考值 0.376203 < 目标 0.7；该值不是不可达证明，继续执行指数救援。
  - 失败托盘互借诊断：未合并（no_target_or_single_plan）。
托盘类型 MH423C（销售订单号：LAID16305BN03S）处理完成：总托盘 1，指数达标 0，未达标 1，平均缺口 0.32，最大缺口 0.32，失败托盘互借修复成功 0。
  - KPI：near/mid/deep=1/0/0，救回率=0.00%，pair效率=0.00%。
  - 耗时拆解：packing=0.24s，main_topup=0.01s，retry=0.00s，failed_pool=0.00s，repack=0.00s，total=1.37s。
正在处理托盘类型：MH423C，销售订单号：PEG166300LN01S
  - 主算法：全局列式装箱 + 柱级组合优化（GCP）。
  - 失败托盘互借诊断：未合并（no_target_or_single_plan）。
托盘类型 MH423C（销售订单号：PEG166300LN01S）处理完成：总托盘 1，指数达标 0，未达标 1，平均缺口 0.11，最大缺口 0.11，失败托盘互借修复成功 0。
  - KPI：near/mid/deep=1/0/0，救回率=0.00%，pair效率=0.00%。
  - 耗时拆解：packing=0.36s，main_topup=0.00s，retry=0.00s，failed_pool=0.00s，repack=0.00s，total=0.36s。
正在处理托盘类型：MH423C，销售订单号：PAID163008N01S
  - 该分组不适合列式（多非满柱）→ 回退 beam + 配方优先。
  - 配方优先[fast]：规划 0 实例，实装成功 0，配方路径不可用 → 采用基线方案。
  - 指数诊断：箱子 1 个，总指数 0.00479239，目标 0.7，理论最多达标托盘 0 个，剩余指数 0.00479239。
  - 几何诊断：典型整层堆叠单盘参考上限 0.00479239/0.7。 当前目标可能受托盘高度/箱型组合限制。
  - 几何诊断提示：典型整层参考值 0.00479239 < 目标 0.7；该值不是不可达证明，继续执行指数救援。
  - 失败托盘互借诊断：未合并（no_target_or_single_plan）。
托盘类型 MH423C（销售订单号：PAID163008N01S）处理完成：总托盘 1，指数达标 0，未达标 1，平均缺口 0.70，最大缺口 0.70，失败托盘互借修复成功 0。
  - KPI：near/mid/deep=1/0/0，救回率=0.00%，pair效率=0.00%。
  - 耗时拆解：packing=0.00s，main_topup=0.00s，retry=0.00s，failed_pool=0.00s，repack=0.00s，total=0.00s。
正在处理托盘类型：MH423C，销售订单号：PAIN26290BN01S
  - 主算法：全局列式装箱 + 柱级组合优化（GCP）。
  - GCP 盘数远超理论（CP-SAT 装不满）→ 回退 baseline beam + 配方优先。
  - 托盘 MH423C-PAIN26290BN01S-1 未找到可行装箱方案，启用剩余箱子守恒兜底。
  - 配方优先[fast]：规划 0 实例，实装成功 0，配方路径不可用 → 采用基线方案。
  - 指数诊断：箱子 5 个，总指数 0.011981，目标 0.7，理论最多达标托盘 0 个，剩余指数 0.011981。
  - 几何诊断：典型整层堆叠单盘参考上限 0.011981/0.7。 当前目标可能受托盘高度/箱型组合限制。
  - 几何诊断提示：典型整层参考值 0.011981 < 目标 0.7；该值不是不可达证明，继续执行指数救援。
  - 失败盘装满压实：合并/吸收 1 次（纯减盘数）。
  - 失败托盘互借诊断：未合并（aborted_no_improvement_possible）。
托盘类型 MH423C（销售订单号：PAIN26290BN01S）处理完成：总托盘 1，指数达标 0，未达标 1，平均缺口 0.69，最大缺口 0.69，失败托盘互借修复成功 0。
  - KPI：near/mid/deep=1/0/0，救回率=0.00%，pair效率=0.00%。
  - 耗时拆解：packing=0.01s，main_topup=0.00s，retry=0.00s，failed_pool=0.00s，repack=0.04s，total=0.09s。
正在处理托盘类型：MH423C，销售订单号：PAID162308N01S
  - 该分组不适合列式（多非满柱）→ 回退 beam + 配方优先。
  - 配方优先[fast]：规划 0 实例，实装成功 0，配方路径不可用 → 采用基线方案。
  - 指数诊断：箱子 1 个，总指数 0.00958478，目标 0.7，理论最多达标托盘 0 个，剩余指数 0.00958478。
  - 几何诊断：典型整层堆叠单盘参考上限 0.00958478/0.7。 当前目标可能受托盘高度/箱型组合限制。
  - 几何诊断提示：典型整层参考值 0.00958478 < 目标 0.7；该值不是不可达证明，继续执行指数救援。
  - 失败托盘互借诊断：未合并（no_target_or_single_plan）。
托盘类型 MH423C（销售订单号：PAID162308N01S）处理完成：总托盘 1，指数达标 0，未达标 1，平均缺口 0.69，最大缺口 0.69，失败托盘互借修复成功 0。
  - KPI：near/mid/deep=1/0/0，救回率=0.00%，pair效率=0.00%。
  - 耗时拆解：packing=0.00s，main_topup=0.00s，retry=0.00s，failed_pool=0.00s，repack=0.00s，total=0.00s。
正在处理托盘类型：MH423C，销售订单号：PEG106290LN01S
  - 主算法：全局列式装箱 + 柱级组合优化（GCP）。
  - 失败托盘互借诊断：未合并（no_target_or_single_plan）。
托盘类型 MH423C（销售订单号：PEG106290LN01S）处理完成：总托盘 1，指数达标 0，未达标 1，平均缺口 0.64，最大缺口 0.64，失败托盘互借修复成功 0。
  - KPI：near/mid/deep=1/0/0，救回率=0.00%，pair效率=0.00%。
  - 耗时拆解：packing=0.04s，main_topup=0.00s，retry=0.00s，failed_pool=0.00s，repack=0.00s，total=0.04s。
正在处理托盘类型：MH423C，销售订单号：LAID16306DN03S
  - 该分组不适合列式（多非满柱）→ 回退 beam + 配方优先。
  - 配方优先[fast]：规划 0 实例，实装成功 0，配方路径不可用 → 采用基线方案。
  - 指数诊断：箱子 9 个，总指数 0.0431315，目标 0.7，理论最多达标托盘 0 个，剩余指数 0.0431315。
  - 几何诊断：典型整层堆叠单盘参考上限 0.0431315/0.7。 当前目标可能受托盘高度/箱型组合限制。
  - 几何诊断提示：典型整层参考值 0.0431315 < 目标 0.7；该值不是不可达证明，继续执行指数救援。
  - 失败托盘互借诊断：未合并（no_target_or_single_plan）。
托盘类型 MH423C（销售订单号：LAID16306DN03S）处理完成：总托盘 1，指数达标 0，未达标 1，平均缺口 0.66，最大缺口 0.66，失败托盘互借修复成功 0。
  - KPI：near/mid/deep=1/0/0，救回率=0.00%，pair效率=0.00%。
  - 耗时拆解：packing=0.01s，main_topup=0.00s，retry=0.00s，failed_pool=0.00s，repack=0.00s，total=0.06s。
正在处理托盘类型：MH423C，销售订单号：PAID16305EC01S
  - 该分组不适合列式（多非满柱）→ 回退 beam + 配方优先。
  - 配方优先[fast]：规划 0 实例，实装成功 0，配方路径不可用 → 采用基线方案。
  - 指数诊断：箱子 2 个，总指数 0.00958478，目标 0.7，理论最多达标托盘 0 个，剩余指数 0.00958478。
  - 几何诊断：典型整层堆叠单盘参考上限 0.00958478/0.7。 当前目标可能受托盘高度/箱型组合限制。
  - 几何诊断提示：典型整层参考值 0.00958478 < 目标 0.7；该值不是不可达证明，继续执行指数救援。
  - 失败托盘互借诊断：未合并（no_target_or_single_plan）。
托盘类型 MH423C（销售订单号：PAID16305EC01S）处理完成：总托盘 1，指数达标 0，未达标 1，平均缺口 0.69，最大缺口 0.69，失败托盘互借修复成功 0。
  - KPI：near/mid/deep=1/0/0，救回率=0.00%，pair效率=0.00%。
  - 耗时拆解：packing=0.00s，main_topup=0.00s，retry=0.00s，failed_pool=0.00s，repack=0.00s，total=0.01s。
正在处理托盘类型：MH423C，销售订单号：LAID16306DN02S
  - 主算法：全局列式装箱 + 柱级组合优化（GCP）。
  - 失败托盘互借诊断：未合并（aborted_no_improvement_possible）。
托盘类型 MH423C（销售订单号：LAID16306DN02S）处理完成：总托盘 2，指数达标 0，未达标 2，平均缺口 0.59，最大缺口 0.70，失败托盘互借修复成功 0。
  - KPI：near/mid/deep=2/0/0，救回率=0.00%，pair效率=0.00%。
  - 耗时拆解：packing=0.50s，main_topup=0.00s，retry=0.00s，failed_pool=0.00s，repack=0.44s，total=0.94s。
正在处理托盘类型：MH423C，销售订单号：LAID16306DN02S__SPLITREST__
  - 该分组不适合列式（多非满柱）→ 回退 beam + 配方优先。
  - 配方优先[fast]：规划 0 实例，实装成功 0，配方路径不可用 → 采用基线方案。
  - 指数诊断：箱子 2 个，总指数 0.0191696，目标 0.7，理论最多达标托盘 0 个，剩余指数 0.0191696。
  - 几何诊断：典型整层堆叠单盘参考上限 0.0191696/0.7。 当前目标可能受托盘高度/箱型组合限制。
  - 几何诊断提示：典型整层参考值 0.0191696 < 目标 0.7；该值不是不可达证明，继续执行指数救援。
  - 失败托盘互借诊断：未合并（no_target_or_single_plan）。
托盘类型 MH423C（销售订单号：LAID16306DN02S__SPLITREST__）处理完成：总托盘 1，指数达标 0，未达标 1，平均缺口 0.68，最大缺口 0.68，失败托盘互借修复成功 0。
  - KPI：near/mid/deep=1/0/0，救回率=0.00%，pair效率=0.00%。
  - 耗时拆解：packing=0.00s，main_topup=0.00s，retry=0.00s，failed_pool=0.00s，repack=0.00s，total=0.01s。
正在处理托盘类型：MH423C，销售订单号：LFEG16316AN01S
  - 主算法：全局列式装箱 + 柱级组合优化（GCP）。
  - 失败托盘互借诊断：未合并（no_target_or_single_plan）。
托盘类型 MH423C（销售订单号：LFEG16316AN01S）处理完成：总托盘 1，指数达标 0，未达标 1，平均缺口 0.63，最大缺口 0.63，失败托盘互借修复成功 0。
  - KPI：near/mid/deep=1/0/0，救回率=0.00%，pair效率=0.00%。
  - 耗时拆解：packing=0.01s，main_topup=0.00s，retry=0.00s，failed_pool=0.00s，repack=0.00s，total=0.01s。
正在处理托盘类型：MH423C，销售订单号：PAIN26310GN01S
  - 主算法：全局列式装箱 + 柱级组合优化（GCP）。
  - GCP 盘数远超理论（CP-SAT 装不满）→ 回退 baseline beam + 配方优先。
  - 配方优先[fast]：规划 0 实例，实装成功 0，配方路径不可用 → 采用基线方案。
  - 指数诊断：箱子 4 个，总指数 0.0766782，目标 0.7，理论最多达标托盘 0 个，剩余指数 0.0766782。
  - 几何诊断：典型整层堆叠单盘参考上限 0.0766782/0.7。 当前目标可能受托盘高度/箱型组合限制。
  - 几何诊断提示：典型整层参考值 0.0766782 < 目标 0.7；该值不是不可达证明，继续执行指数救援。
  - 失败托盘互借诊断：未合并（no_target_or_single_plan）。
托盘类型 MH423C（销售订单号：PAIN26310GN01S）处理完成：总托盘 1，指数达标 0，未达标 1，平均缺口 0.62，最大缺口 0.62，失败托盘互借修复成功 0。
  - KPI：near/mid/deep=1/0/0，救回率=0.00%，pair效率=0.00%。
  - 耗时拆解：packing=0.00s，main_topup=0.00s，retry=0.00s，failed_pool=0.00s，repack=0.00s，total=0.03s。
正在处理托盘类型：MH423C，销售订单号：PAID16295EN06S
  - 该分组不适合列式（多非满柱）→ 回退 beam + 配方优先。
  - 配方优先[fast]：规划 0 实例，实装成功 0，配方路径不可用 → 采用基线方案。
  - 指数诊断：箱子 1 个，总指数 0.00479239，目标 0.7，理论最多达标托盘 0 个，剩余指数 0.00479239。
  - 几何诊断：典型整层堆叠单盘参考上限 0.00479239/0.7。 当前目标可能受托盘高度/箱型组合限制。
  - 几何诊断提示：典型整层参考值 0.00479239 < 目标 0.7；该值不是不可达证明，继续执行指数救援。
  - 失败托盘互借诊断：未合并（no_target_or_single_plan）。
托盘类型 MH423C（销售订单号：PAID16295EN06S）处理完成：总托盘 1，指数达标 0，未达标 1，平均缺口 0.70，最大缺口 0.70，失败托盘互借修复成功 0。
  - KPI：near/mid/deep=1/0/0，救回率=0.00%，pair效率=0.00%。
  - 耗时拆解：packing=0.00s，main_topup=0.00s，retry=0.00s，failed_pool=0.00s，repack=0.00s，total=0.00s。
正在处理托盘类型：MH423C，销售订单号：PAIN26296EN01S
  - 主算法：全局列式装箱 + 柱级组合优化（GCP）。
  - 失败托盘互借诊断：未合并（aborted_no_improvement_possible）。
托盘类型 MH423C（销售订单号：PAIN26296EN01S）处理完成：总托盘 2，指数达标 0，未达标 2，平均缺口 0.31，最大缺口 0.47，失败托盘互借修复成功 0。
  - KPI：near/mid/deep=2/0/0，救回率=0.00%，pair效率=0.00%。
  - 耗时拆解：packing=0.40s，main_topup=0.00s，retry=0.00s，failed_pool=0.00s，repack=0.40s，total=0.80s。
  - 条件双路径棘轮：替代完整路径通过守恒和最终门禁，严格优于 GCP，已采用。
正在处理托盘类型：MH423C，销售订单号：LFEG16316AN02S
  - 该分组不适合列式（多非满柱）→ 回退 beam + 配方优先。
  - 配方优先[fast]：规划 0 实例，实装成功 0，配方路径不可用 → 采用基线方案。
  - 指数诊断：箱子 3 个，总指数 0.0287543，目标 0.7，理论最多达标托盘 0 个，剩余指数 0.0287543。
  - 几何诊断：典型整层堆叠单盘参考上限 0.0287543/0.7。 当前目标可能受托盘高度/箱型组合限制。
  - 几何诊断提示：典型整层参考值 0.0287543 < 目标 0.7；该值不是不可达证明，继续执行指数救援。
  - 失败托盘互借诊断：未合并（no_target_or_single_plan）。
托盘类型 MH423C（销售订单号：LFEG16316AN02S）处理完成：总托盘 1，指数达标 0，未达标 1，平均缺口 0.67，最大缺口 0.67，失败托盘互借修复成功 0。
  - KPI：near/mid/deep=1/0/0，救回率=0.00%，pair效率=0.00%。
  - 耗时拆解：packing=0.00s，main_topup=0.00s，retry=0.00s，failed_pool=0.00s，repack=0.00s，total=0.01s。
正在处理托盘类型：MH423C，销售订单号：PAIN26310MN01S
  - 主算法：全局列式装箱 + 柱级组合优化（GCP）。
  - 失败托盘互借诊断：未合并（no_target_or_single_plan）。
托盘类型 MH423C（销售订单号：PAIN26310MN01S）处理完成：总托盘 1，指数达标 0，未达标 1，平均缺口 0.34，最大缺口 0.34，失败托盘互借修复成功 0。
  - KPI：near/mid/deep=1/0/0，救回率=0.00%，pair效率=0.00%。
  - 耗时拆解：packing=0.01s，main_topup=0.00s，retry=0.00s，failed_pool=0.00s，repack=0.00s，total=0.01s。
正在处理托盘类型：MH423C，销售订单号：LAID16315EN01S
  - 该分组不适合列式（多非满柱）→ 回退 beam + 配方优先。
  - 配方优先[fast]：规划 0 实例，实装成功 0，配方路径不可用 → 采用基线方案。
  - 指数诊断：箱子 4 个，总指数 0.0958478，目标 0.7，理论最多达标托盘 0 个，剩余指数 0.0958478。
  - 几何诊断：典型整层堆叠单盘参考上限 0.0958478/0.7。 当前目标可能受托盘高度/箱型组合限制。
  - 几何诊断提示：典型整层参考值 0.0958478 < 目标 0.7；该值不是不可达证明，继续执行指数救援。
  - 失败托盘互借诊断：未合并（no_target_or_single_plan）。
托盘类型 MH423C（销售订单号：LAID16315EN01S）处理完成：总托盘 1，指数达标 0，未达标 1，平均缺口 0.60，最大缺口 0.60，失败托盘互借修复成功 0。
  - KPI：near/mid/deep=1/0/0，救回率=0.00%，pair效率=0.00%。
  - 耗时拆解：packing=0.01s，main_topup=0.00s，retry=0.00s，failed_pool=0.00s，repack=0.00s，total=0.01s。
正在处理托盘类型：MH423C，销售订单号：PAIN26316EN01S
  - 主算法：全局列式装箱 + 柱级组合优化（GCP）。
  - 失败托盘互借诊断：未合并（no_target_or_single_plan）。
托盘类型 MH423C（销售订单号：PAIN26316EN01S）处理完成：总托盘 1，指数达标 0，未达标 1，平均缺口 0.45，最大缺口 0.45，失败托盘互借修复成功 0。
  - KPI：near/mid/deep=1/0/0，救回率=0.00%，pair效率=0.00%。
  - 耗时拆解：packing=0.05s，main_topup=0.00s，retry=0.00s，failed_pool=0.00s，repack=0.00s，total=0.05s。
正在处理托盘类型：MH423C，销售订单号：LAID16315EN02S
  - 主算法：全局列式装箱 + 柱级组合优化（GCP）。
  - 失败托盘互借诊断：未合并（no_target_or_single_plan）。
托盘类型 MH423C（销售订单号：LAID16315EN02S）处理完成：总托盘 1，指数达标 0，未达标 1，平均缺口 0.49，最大缺口 0.49，失败托盘互借修复成功 0。
  - KPI：near/mid/deep=1/0/0，救回率=0.00%，pair效率=0.00%。
  - 耗时拆解：packing=0.01s，main_topup=0.00s，retry=0.00s，failed_pool=0.00s，repack=0.00s，total=0.01s。
正在处理托盘类型：MH423C，销售订单号：PAIN26296EC02S
  - 主算法：全局列式装箱 + 柱级组合优化（GCP）。
  - 失败托盘互借诊断：未合并（no_target_or_single_plan）。
托盘类型 MH423C（销售订单号：PAIN26296EC02S）处理完成：总托盘 1，指数达标 0，未达标 1，平均缺口 0.45，最大缺口 0.45，失败托盘互借修复成功 0。
  - KPI：near/mid/deep=1/0/0，救回率=0.00%，pair效率=0.00%。
  - 耗时拆解：packing=0.13s，main_topup=0.00s，retry=0.00s，failed_pool=0.00s，repack=0.00s，total=0.14s。
正在处理托盘类型：MH423C，销售订单号：PAIN26310MZ05S
  - 主算法：全局列式装箱 + 柱级组合优化（GCP）。
  - 失败托盘互借诊断：未合并（no_target_or_single_plan）。
托盘类型 MH423C（销售订单号：PAIN26310MZ05S）处理完成：总托盘 1，指数达标 0，未达标 1，平均缺口 0.19，最大缺口 0.19，失败托盘互借修复成功 0。
  - KPI：near/mid/deep=1/0/0，救回率=0.00%，pair效率=0.00%。
  - 耗时拆解：packing=1.62s，main_topup=0.00s，retry=0.00s，failed_pool=0.00s，repack=0.00s，total=1.62s。
正在处理托盘类型：MH423C，销售订单号：PEG086300LN01S
  - 主算法：全局列式装箱 + 柱级组合优化（GCP）。
  - GCP 盘数远超理论（CP-SAT 装不满）→ 回退 baseline beam + 配方优先。
  - 配方优先[fast]：规划 0 实例，实装成功 0，配方路径不可用 → 采用基线方案。
  - 指数诊断：箱子 40 个，总指数 0.436107，目标 0.7，理论最多达标托盘 0 个，剩余指数 0.436107。
  - 几何诊断：典型整层堆叠单盘参考上限 0.416938/0.7。 当前目标可能受托盘高度/箱型组合限制。
  - 几何诊断提示：典型整层参考值 0.416938 < 目标 0.7；该值不是不可达证明，继续执行指数救援。
  - 失败托盘互借诊断：未合并（aborted_no_improvement_possible）。
托盘类型 MH423C（销售订单号：PEG086300LN01S）处理完成：总托盘 2，指数达标 0，未达标 2，平均缺口 0.48，最大缺口 0.66，失败托盘互借修复成功 0。
  - KPI：near/mid/deep=2/0/0，救回率=0.00%，pair效率=0.00%。
  - 耗时拆解：packing=0.23s，main_topup=0.01s，retry=0.00s，failed_pool=0.00s，repack=0.39s，total=1.63s。
正在处理托盘类型：MH423C，销售订单号：LAID16315EN03S
  - 该分组不适合列式（多非满柱）→ 回退 beam + 配方优先。
  - 配方优先[fast]：规划 0 实例，实装成功 0，配方路径不可用 → 采用基线方案。
  - 指数诊断：箱子 5 个，总指数 0.191696，目标 0.7，理论最多达标托盘 0 个，剩余指数 0.191696。
  - 几何诊断：典型整层堆叠单盘参考上限 0.191696/0.7。 当前目标可能受托盘高度/箱型组合限制。
  - 几何诊断提示：典型整层参考值 0.191696 < 目标 0.7；该值不是不可达证明，继续执行指数救援。
  - 失败托盘互借诊断：未合并（no_target_or_single_plan）。
托盘类型 MH423C（销售订单号：LAID16315EN03S）处理完成：总托盘 1，指数达标 0，未达标 1，平均缺口 0.51，最大缺口 0.51，失败托盘互借修复成功 0。
  - KPI：near/mid/deep=1/0/0，救回率=0.00%，pair效率=0.00%。
  - 耗时拆解：packing=0.01s，main_topup=0.00s，retry=0.00s，failed_pool=0.00s，repack=0.00s，total=0.01s。
正在处理托盘类型：MH423C，销售订单号：LAID16316DN03S
  - 主算法：全局列式装箱 + 柱级组合优化（GCP）。
  - 失败托盘互借诊断：未合并（no_target_or_single_plan）。
托盘类型 MH423C（销售订单号：LAID16316DN03S）处理完成：总托盘 1，指数达标 0，未达标 1，平均缺口 0.47，最大缺口 0.47，失败托盘互借修复成功 0。
  - KPI：near/mid/deep=1/0/0，救回率=0.00%，pair效率=0.00%。
  - 耗时拆解：packing=0.04s，main_topup=0.00s，retry=0.00s，failed_pool=0.00s，repack=0.00s，total=0.04s。
正在处理托盘类型：MH423C，销售订单号：LAID16316DN01S
  - 主算法：全局列式装箱 + 柱级组合优化（GCP）。
  - 失败托盘互借诊断：未合并（no_target_or_single_plan）。
托盘类型 MH423C（销售订单号：LAID16316DN01S）处理完成：总托盘 1，指数达标 0，未达标 1，平均缺口 0.35，最大缺口 0.35，失败托盘互借修复成功 0。
  - KPI：near/mid/deep=1/0/0，救回率=0.00%，pair效率=0.00%。
  - 耗时拆解：packing=0.10s，main_topup=0.00s，retry=0.00s，failed_pool=0.00s，repack=0.00s，total=0.10s。
正在处理托盘类型：MH423C，销售订单号：LAID16316DN02S
  - 主算法：全局列式装箱 + 柱级组合优化（GCP）。
  - 失败托盘互借诊断：未合并（no_target_or_single_plan）。
托盘类型 MH423C（销售订单号：LAID16316DN02S）处理完成：总托盘 1，指数达标 0，未达标 1，平均缺口 0.58，最大缺口 0.58，失败托盘互借修复成功 0。
  - KPI：near/mid/deep=1/0/0，救回率=0.00%，pair效率=0.00%。
  - 耗时拆解：packing=0.01s，main_topup=0.00s，retry=0.00s，failed_pool=0.00s，repack=0.00s，total=0.01s。
正在处理托盘类型：MH423C，销售订单号：PAIN26310GC02S
  - 主算法：全局列式装箱 + 柱级组合优化（GCP）。
  - 失败托盘互借诊断：未合并（no_target_or_single_plan）。
托盘类型 MH423C（销售订单号：PAIN26310GC02S）处理完成：总托盘 1，指数达标 0，未达标 1，平均缺口 0.41，最大缺口 0.41，失败托盘互借修复成功 0。
  - KPI：near/mid/deep=1/0/0，救回率=0.00%，pair效率=0.00%。
  - 耗时拆解：packing=0.17s，main_topup=0.00s，retry=0.00s，failed_pool=0.00s，repack=0.00s，total=0.17s。
  - 失败盘装满压实：合并/吸收 2 次（纯减盘数）。
  - 跨子组装满压实（MH423C / LFEG16290IN03S）：合并 2 次（纯减盘数）。
  - 失败盘装满压实：合并/吸收 1 次（纯减盘数）。
  - 跨子组装满压实（MH423C / PAID16290FN01S）：合并 1 次（纯减盘数）。
  - 失败盘装满压实：合并/吸收 1 次（纯减盘数）。
  - 跨子组装满压实（MH423C / LAMY16315FN01S）：合并 1 次（纯减盘数）。
  - 失败盘装满压实：合并/吸收 1 次（纯减盘数）。
  - 跨子组装满压实（MH423C / PAID16296DN01S）：合并 1 次（纯减盘数）。
  - 失败盘装满压实：合并/吸收 1 次（纯减盘数）。
  - 跨子组装满压实（MH423C / LAID16305EN01S）：合并 1 次（纯减盘数）。
  - 失败盘装满压实：合并/吸收 1 次（纯减盘数）。
  - 跨子组装满压实（MH423C / PAID16306DN01S）：合并 1 次（纯减盘数）。
  - 失败盘装满压实：合并/吸收 1 次（纯减盘数）。
  - 跨子组装满压实（MH423C / LAMY16305FN01S）：合并 1 次（纯减盘数）。
  - 失败盘装满压实：合并/吸收 1 次（纯减盘数）。
  - 跨子组装满压实（MH423C / LFEG16300IN02S）：合并 1 次（纯减盘数）。
  - 失败盘装满压实：合并/吸收 1 次（纯减盘数）。
  - 跨子组装满压实（MH423C / LFEG16300IN03S）：合并 1 次（纯减盘数）。
  - 失败盘装满压实：合并/吸收 2 次（纯减盘数）。
  - 跨子组装满压实（MH423C / LAID16306DN02S）：合并 2 次（纯减盘数）。
========================================
统计汇总：总托盘 64，指数达标 1，未达标 63，未知 0，平均缺口 146.11，最大缺口 191.00，失败托盘互借修复成功 1
KPI汇总：near/mid/deep=0/0/63，pair尝试=0，pair改进=0，pair效率=0.00%
耗时汇总：packing=109.51s，main_topup=0.04s，retry=0.00s，repack=9.11s，end_to_end=155.55s
========================================
[WCS-装] SUCCESS 产品码 64 个，SUCCESS 盘 1，FAILED 盘 63。
[WCS-装] 本轮计算结束。
[WCS-装] 本轮方案已保存（success）：C:\Users\18252\Desktop\zhuang\packing-workspace\output\success\packing_plan_20261008_114025.json
[执行规划] 产物目录：C:\Users\18252\Desktop\zhuang\packing-workspace\output\success（success）
[执行规划] 开始：D:\anaconda\envs\packing-zhuang\python.exe C:\Users\18252\Desktop\zhuang\packing-system\run_execution_planning.py C:\Users\18252\Desktop\zhuang\packing-workspace\output\success\packing_plan_20261008_114025.json --config C:\Users\18252\Desktop\zhuang\packing-workspace\runtime\packing-realtime\temp\ui_config_api_20261008_114016.yaml --output C:\Users\18252\Desktop\zhuang\packing-workspace\output\success\packing_plan_20261008_114025_execution.json --wcs-output C:\Users\18252\Desktop\zhuang\packing-workspace\output\success\packing_plan_20261008_114025_execution_wcs.json --wcs-map-output C:\Users\18252\Desktop\zhuang\packing-workspace\output\success\packing_plan_20261008_114025_execution_wcs_map.json
execution scan deviations pallet='MH423C-LFEG16290IN02S-1' count=3: expected='WCS-0318-YBB005-0000' selected='WCS-0007-YBB135-0000' box='WCS-0318-YBB005-0000' after='WCS-0007-YBB135-0000' reason=open_direction lookahead=true; expected='WCS-0315-YBB005-0000' selected='WCS-0327-YBB005-0000' box='WCS-0315-YBB005-0000' after='WCS-0327-YBB005-0000' reason=open_direction lookahead=true; expected='WCS-0316-YBB005-0000' selected='WCS-0621-DZX448-0000' box='WCS-0316-YBB005-0000' after='WCS-0621-DZX448-0000' reason=open_direction lookahead=true
execution scan deviations pallet='MH423C-LAID16306DN01S-1' count=5: expected='WCS-0014-YBB106-0000' selected='WCS-1105-DZX848-0000' box='WCS-0014-YBB106-0000' after='WCS-1105-DZX848-0000' reason=hard_dependency; expected='WCS-0713-YZX448-0000' selected='WCS-0695-ZX848-0000' box='WCS-0713-YZX448-0000' after='WCS-0695-ZX848-0000' reason=open_direction lookahead=true; expected='WCS-0622-DZX448-0000' selected='WCS-0004-YBB267-0000' box='WCS-0622-DZX448-0000' after='WCS-0004-YBB267-0000' reason=open_direction lookahead=true; expected='WCS-0015-YBB106-0000' selected='WCS-0690-ZX848-0000' box='WCS-0015-YBB106-0000' after='WCS-0690-ZX848-0000' reason=hard_dependency; expected='WCS-0623-DZX448-0000' selected='WCS-0018-YZX848-0000' box='WCS-0623-DZX448-0000' after='WCS-0018-YZX848-0000' reason=open_direction lookahead=true
execution scan deviations pallet='MH423C-LFEG16290IN03S-1' count=3: expected='WCS-0108-YBB005-0000' selected='WCS-0251-ZX848-0000' box='WCS-0108-YBB005-0000' after='WCS-0251-ZX848-0000' reason=open_direction lookahead=true; expected='WCS-0109-YBB005-0000' selected='WCS-0102-YBB125-0000' box='WCS-0109-YBB005-0000' after='WCS-0102-YBB125-0000' reason=open_direction lookahead=true; expected='WCS-0110-YBB005-0000' selected='WCS-0101-YBB125-0000' box='WCS-0110-YBB005-0000' after='WCS-0101-YBB125-0000' reason=open_direction lookahead=true
execution scan deviations pallet='MH423C-PAID16290FN01S-1' count=3: expected='WCS-0160-YZX444-0000' selected='WCS-0159-YZX448-0000' box='WCS-0160-YZX444-0000' after='WCS-0159-YZX448-0000' reason=open_direction lookahead=true; expected='WCS-0021-YZX424-0000' selected='WCS-0188-YZX444-0000' box='WCS-0021-YZX424-0000' after='WCS-0188-YZX444-0000' reason=open_direction lookahead=true; expected='WCS-0798-DZX424-0000' selected='WCS-0189-YZX444-0000' box='WCS-0798-DZX424-0000' after='WCS-0189-YZX444-0000' reason=open_direction lookahead=true
execution scan deviations pallet='MH423C-LAID16305BN02S-1' count=4: expected='WCS-0202-YZX448-0000' selected='WCS-1108-DZX848-0000' box='WCS-0202-YZX448-0000' after='WCS-1108-DZX848-0000' reason=open_direction lookahead=true; expected='WCS-0205-YZX448-0000' selected='WCS-0067-YZX428-0000' box='WCS-0205-YZX448-0000' after='WCS-0067-YZX428-0000' reason=open_direction lookahead=true; expected='WCS-0208-YZX448-0000' selected='WCS-0806-YBB125-0000' box='WCS-0208-YZX448-0000' after='WCS-0806-YBB125-0000' reason=open_direction lookahead=true; expected='WCS-0211-YZX448-0000' selected='WCS-0808-YBB125-0000' box='WCS-0211-YZX448-0000' after='WCS-0808-YBB125-0000' reason=open_direction lookahead=true
execution scan deviations pallet='MH423C-PAID16295BN01S-1' count=7: expected='WCS-0279-YZX444-0000' selected='WCS-0597-DZX848-0000' box='WCS-0279-YZX444-0000' after='WCS-0597-DZX848-0000' reason=open_direction lookahead=true; expected='WCS-0280-YZX444-0000' selected='WCS-0283-YZX444-0000' box='WCS-0280-YZX444-0000' after='WCS-0283-YZX444-0000' reason=open_direction lookahead=true; expected='WCS-0281-YZX444-0000' selected='WCS-0296-YZX444-0000' box='WCS-0281-YZX444-0000' after='WCS-0296-YZX444-0000' reason=open_direction lookahead=true; expected='WCS-0367-YZX244-0000' selected='WCS-0389-YZX444-0000' box='WCS-0367-YZX244-0000' after='WCS-0389-YZX444-0000' reason=open_direction lookahead=true; expected='WCS-0542-DZX424-0000' selected='WCS-0271-DZX248-0000' box='WCS-0542-DZX424-0000' after='WCS-0271-DZX248-0000' reason=open_direction lookahead=true; expected='WCS-0544-DZX424-0000' selected='WCS-0272-DZX248-0000' box='WCS-0544-DZX424-0000' after='WCS-0272-DZX248-0000' reason=open_direction lookahead=true; expected='WCS-0592-DZX424-0000' selected='WCS-0545-DZX424-0000' box='WCS-0592-DZX424-0000' after='WCS-0545-DZX424-0000' reason=open_direction lookahead=true
execution scan deviations pallet='MH423C-PAID16296DN01S-1' count=3: expected='WCS-0511-YZX448-0000' selected='WCS-0534-YZX448-0000' box='WCS-0511-YZX448-0000' after='WCS-0534-YZX448-0000' reason=open_direction lookahead=true; expected='WCS-0512-YZX448-0000' selected='WCS-0541-YZX448-0000' box='WCS-0512-YZX448-0000' after='WCS-0541-YZX448-0000' reason=open_direction lookahead=true; expected='WCS-0513-YZX448-0000' selected='WCS-0401-DZX248-0000' box='WCS-0513-YZX448-0000' after='WCS-0401-DZX248-0000' reason=open_direction lookahead=true
execution scan deviations pallet='MH423C-LAID16305EN01S-1' count=5: expected='WCS-1256-YZX448-0000' selected='WCS-1185-YZX848-0000' box='WCS-1256-YZX448-0000' after='WCS-1185-YZX848-0000' reason=open_direction lookahead=true; expected='WCS-1257-YZX448-0000' selected='WCS-0173-YBB285-0000' box='WCS-1257-YZX448-0000' after='WCS-0173-YBB285-0000' reason=open_direction lookahead=true; expected='WCS-1199-DZX424-0000' selected='WCS-1184-YZX428-0000' box='WCS-1199-DZX424-0000' after='WCS-1184-YZX428-0000' reason=open_direction lookahead=true; expected='WCS-1187-YZX428-0000' selected='WCS-0254-YZX848-0000' box='WCS-1187-YZX428-0000' after='WCS-0254-YZX848-0000' reason=open_direction lookahead=true; expected='WCS-0172-YBB285-0000' selected='WCS-1186-YZX448-0000' box='WCS-0172-YBB285-0000' after='WCS-1186-YZX448-0000' reason=open_direction lookahead=true
execution scan deviations pallet='MH423C-LAID16305EN01S-2' count=2: expected='WCS-0179-YBB258-0000' selected='WCS-0177-YBB285-0000' box='WCS-0179-YBB258-0000' after='WCS-0177-YBB285-0000' reason=open_direction lookahead=true; expected='WCS-0180-YBB258-0000' selected='WCS-0178-YBB285-0000' box='WCS-0180-YBB258-0000' after='WCS-0178-YBB285-0000' reason=open_direction lookahead=true
execution scan deviations pallet='MH423C-LAMY16305FN01S-1' count=6: expected='WCS-0241-YZX448-0000' selected='WCS-1100-DZX848-0000' box='WCS-0241-YZX448-0000' after='WCS-1100-DZX848-0000' reason=open_direction lookahead=true; expected='WCS-1101-DZX448-0000' selected='WCS-0559-YZX444-0000' box='WCS-1101-DZX448-0000' after='WCS-0559-YZX444-0000' reason=open_direction lookahead=true; expected='WCS-0242-YZX448-0000' selected='WCS-0377-YZX444-0000' box='WCS-0242-YZX448-0000' after='WCS-0377-YZX444-0000' reason=open_direction lookahead=true; expected='WCS-0555-YZX444-0000' selected='WCS-0354-YZX444-0000' box='WCS-0555-YZX444-0000' after='WCS-0354-YZX444-0000' reason=open_direction lookahead=true; expected='WCS-0244-YZX448-0000' selected='WCS-0641-YZX444-0000' box='WCS-0244-YZX448-0000' after='WCS-0641-YZX444-0000' reason=open_direction lookahead=true; expected='WCS-1226-DZX507-0000' selected='WCS-0556-YZX444-0000' box='WCS-1226-DZX507-0000' after='WCS-0556-YZX444-0000' reason=open_direction lookahead=true
execution scan deviations pallet='MH423C-LFEG16300IN02S-2' count=2: expected='WCS-1116-DZX448-0000' selected='WCS-1270-YZX428-0000' box='WCS-1116-DZX448-0000' after='WCS-1270-YZX428-0000' reason=open_direction lookahead=true; expected='WCS-1118-DZX448-0000' selected='WCS-1275-YZX428-0000' box='WCS-1118-DZX448-0000' after='WCS-1275-YZX428-0000' reason=open_direction lookahead=true
execution scan deviations pallet='MH423C-LFEG16300IN02S-3' count=1: expected='WCS-1279-DZX424-0000' selected='WCS-0343-YBB135-0000' box='WCS-1279-DZX424-0000' after='WCS-0343-YBB135-0000' reason=open_direction lookahead=true
execution scan deviations pallet='MH423C-LAID16305BN01S-1' count=6: expected='WCS-0698-YZX444-0000' selected='WCS-0344-ZX848-0000' box='WCS-0698-YZX444-0000' after='WCS-0344-ZX848-0000' reason=open_direction lookahead=true; expected='WCS-0699-YZX444-0000' selected='WCS-0782-YZX444-0000' box='WCS-0699-YZX444-0000' after='WCS-0782-YZX444-0000' reason=open_direction lookahead=true; expected='WCS-0548-YZX444-0000' selected='WCS-0870-YZX424-0000' box='WCS-0548-YZX444-0000' after='WCS-0870-YZX424-0000' reason=open_direction lookahead=true; expected='WCS-0874-YZX424-0000' selected='WCS-1110-DZX448-0000' box='WCS-0874-YZX424-0000' after='WCS-1110-DZX448-0000' reason=open_direction lookahead=true; expected='WCS-0697-YZX444-0000' selected='WCS-0867-YZX424-0000' box='WCS-0697-YZX444-0000' after='WCS-0867-YZX424-0000' reason=open_direction lookahead=true; expected='WCS-1202-YZX424-0000' selected='WCS-0876-YZX424-0000' box='WCS-1202-YZX424-0000' after='WCS-0876-YZX424-0000' reason=open_direction lookahead=true
execution scan deviations pallet='MH423C-LFEG16300IN01S-1' count=3: expected='WCS-0820-YBB125-0000' selected='WCS-0348-YBB135-0000' box='WCS-0820-YBB125-0000' after='WCS-0348-YBB135-0000' reason=open_direction lookahead=true; expected='WCS-0814-YZX848-0000' selected='WCS-0819-YBB125-0000' box='WCS-0814-YZX848-0000' after='WCS-0819-YBB125-0000' reason=open_direction lookahead=true; expected='WCS-0816-YZX848-0000' selected='WCS-0810-YZX448-0000' box='WCS-0816-YZX848-0000' after='WCS-0810-YZX448-0000' reason=open_direction lookahead=true
execution scan deviations pallet='MH423C-LFEG16300IN03S-1' count=2: expected='WCS-0350-YBB135-0000' selected='WCS-1119-DZX448-0000' box='WCS-0350-YBB135-0000' after='WCS-1119-DZX448-0000' reason=open_direction lookahead=true; expected='WCS-0800-YBB125-0000' selected='WCS-1099-YZX444-0000' box='WCS-0800-YBB125-0000' after='WCS-1099-YZX444-0000' reason=open_direction lookahead=true
execution scan deviations pallet='MH423C-LAID16305BN03S-1' count=3: expected='WCS-0740-YZX444-0000' selected='WCS-0735-YZX848-0000' box='WCS-0740-YZX444-0000' after='WCS-0735-YZX848-0000' reason=open_direction lookahead=true; expected='WCS-0741-YZX444-0000' selected='WCS-0748-YZX444-0000' box='WCS-0741-YZX444-0000' after='WCS-0748-YZX444-0000' reason=open_direction lookahead=true; expected='WCS-0742-YZX444-0000' selected='WCS-0478-YZX424-0000' box='WCS-0742-YZX444-0000' after='WCS-0478-YZX424-0000' reason=open_direction lookahead=true
execution scan deviations pallet='MH423C-LAID16306DN02S-1' count=1: expected='WCS-0837-DZX248-0000' selected='WCS-1179-YZX428-0000' box='WCS-0837-DZX248-0000' after='WCS-1179-YZX428-0000' reason=open_direction lookahead=true
execution relaxed 15 far-boundary clamp dependencies pallet='MH423C-PAIN26296EN01S-1'
forced execution relaxed 15 boundary/path safety dependencies conflicting with an executable order pallet='MH423C-PAIN26296EN01S-1'
execution planning failed: pallet 'MH423C-PAIN26296EN01S-1' has no forced execution order preserving support, height egress, and a pocket-free approach
[执行规划] 失败，退出码：1；使用原方案。
[WCS-DB] wcs_success_box：归档旧未下传记录 579 行。
[WCS-DB] wcs_success_box：本批候选 64 行，本批写入 64 行。
[WCS-DB] wcs_box_orientation：本批候选 64 行，写入影响 64（含已存在跳过）。
[WCS-DB] 执行规划失败，已用原方案入库（影响行数 64）：packing_plan_20261008_114025.json
[WCS-装] 接口 2 使用原装箱方案，发送体已保存：C:\Users\18252\Desktop\zhuang\packing-workspace\output\success\wcs_plan_20261008_114025.json（64 个 case）
[WCS-装] 原装箱方案执行层映射已保存：C:\Users\18252\Desktop\zhuang\packing-workspace\output\success\wcs_plan_map_20261008_114025.json
[WCS-装] 已跳过接口 2 推送（仅本地保存）。
[UI-RESULT] C:\Users\18252\Desktop\zhuang\packing-workspace\output\success\packing_plan_20261008_114025.json
