[LOG] 后端日志文件：C:\Users\18252\Desktop\zhuang\packing-workspace\runtime\packing-realtime\logs\backend_20261008_131943.log
[LOG] 接口模式：读取所选历史接口 JSON，写入数据库并计算一次。
[CMD] D:\anaconda\envs\packing-zhuang\python.exe C:\Users\18252\Desktop\zhuang\packing-system\packing\run_wcs_service.py --config C:\Users\18252\Desktop\zhuang\packing-workspace\runtime\packing-realtime\temp\ui_config_api_20261008_131943.yaml --run-mode local-once --input-json C:\Users\18252\Desktop\zhuang\packing-workspace\input\raw\20260720_144201.json
[WCS] 已加载 BMS 参考表：C:\Users\18252\Desktop\zhuang\packing-workspace\data\selected_5000_boxes_9_1_concentrated_3orders.xlsx
[WCS-本地] 已剔除 case_type≠MH423C 的品类 66 条（类型：['MH110', 'WR246']），保留 2126 条。
[WCS-DB] wcs_stock_box 已全量替换：清空 2019 → 插入 2126
[WCS-DB] wcs_stock_box_all product_code 已存在、跳过 2112 条
[WCS-本地] 已载入历史接口数据：C:\Users\18252\Desktop\zhuang\packing-workspace\input\raw\20260720_144201.json（有效品类 2126）
[WCS] 已加载 BMS 参考表：C:\Users\18252\Desktop\zhuang\packing-workspace\data\selected_5000_boxes_9_1_concentrated_3orders.xlsx
============================================================
[WCS-装] 20261008_131951：库存行 2126 条，开始装箱 …
[WCS-装] 展开为 2126 个箱子。
load D:\anaconda\envs\packing-zhuang\Lib\site-packages\ortools\.libs\zlib1.dll...
load D:\anaconda\envs\packing-zhuang\Lib\site-packages\ortools\.libs\abseil_dll.dll...
load D:\anaconda\envs\packing-zhuang\Lib\site-packages\ortools\.libs\utf8_validity.dll...
load D:\anaconda\envs\packing-zhuang\Lib\site-packages\ortools\.libs\re2.dll...
load D:\anaconda\envs\packing-zhuang\Lib\site-packages\ortools\.libs\libprotobuf.dll...
load D:\anaconda\envs\packing-zhuang\Lib\site-packages\ortools\.libs\highs.dll...
load D:\anaconda\envs\packing-zhuang\Lib\site-packages\ortools\.libs\ortools.dll...
数据预处理和箱子分组完成（按托盘类型+销售订单号）。
----------------------------------------
  - 正常订单（全规则箱）判定：46 个订单须平顶不缺角。
  - 组内子聚类：18 个混合订单拆出规则子集走 GCP、杂箱走 baseline。
正在处理托盘类型：MH423C，销售订单号：LAID16286DN02S
  - 该分组不适合列式（多非满柱）→ 回退 beam + 配方优先。
  - 配方优先[fast]：规划 0 实例，实装成功 0，配方路径不可用 → 采用基线方案。
  - 指数诊断：箱子 1 个，总指数 0.0023962，目标 0.7，理论最多达标托盘 0 个，剩余指数 0.0023962。
  - 几何诊断：典型整层堆叠单盘参考上限 0.0023962/0.7。 当前目标可能受托盘高度/箱型组合限制。
  - 几何诊断提示：典型整层参考值 0.0023962 < 目标 0.7；该值不是不可达证明，继续执行指数救援。
  - 失败托盘互借诊断：未合并（no_target_or_single_plan）。
托盘类型 MH423C（销售订单号：LAID16286DN02S）处理完成：总托盘 1，指数达标 0，未达标 1，平均缺口 0.70，最大缺口 0.70，失败托盘互借修复成功 0。
  - KPI：near/mid/deep=1/0/0，救回率=0.00%，pair效率=0.00%。
  - 耗时拆解：packing=0.00s，main_topup=0.00s，retry=0.00s，failed_pool=0.00s，repack=0.00s，total=0.00s。
正在处理托盘类型：MH423C，销售订单号：PAIN26280MN08S
  - 主算法：全局列式装箱 + 柱级组合优化（GCP）。
  - 失败托盘互借诊断：未合并（no_target_or_single_plan）。
托盘类型 MH423C（销售订单号：PAIN26280MN08S）处理完成：总托盘 1，指数达标 0，未达标 1，平均缺口 0.32，最大缺口 0.32，失败托盘互借修复成功 0。
  - KPI：near/mid/deep=1/0/0，救回率=0.00%，pair效率=0.00%。
  - 耗时拆解：packing=0.10s，main_topup=0.00s，retry=0.00s，failed_pool=0.00s，repack=0.00s，total=0.11s。
正在处理托盘类型：MH423C，销售订单号：PAIN26280MN01S
  - 该分组不适合列式（多非满柱）→ 回退 beam + 配方优先。
  - 配方优先[fast]：规划 0 实例，实装成功 0，配方路径不可用 → 采用基线方案。
  - 指数诊断：箱子 3 个，总指数 0.0274109，目标 0.7，理论最多达标托盘 0 个，剩余指数 0.0274109。
  - 几何诊断：典型整层堆叠单盘参考上限 0.0274109/0.7。 当前目标可能受托盘高度/箱型组合限制。
  - 几何诊断提示：典型整层参考值 0.0274109 < 目标 0.7；该值不是不可达证明，继续执行指数救援。
  - 失败托盘互借诊断：未合并（no_target_or_single_plan）。
托盘类型 MH423C（销售订单号：PAIN26280MN01S）处理完成：总托盘 1，指数达标 0，未达标 1，平均缺口 0.67，最大缺口 0.67，失败托盘互借修复成功 0。
  - KPI：near/mid/deep=1/0/0，救回率=0.00%，pair效率=0.00%。
  - 耗时拆解：packing=0.00s，main_topup=0.00s，retry=0.00s，failed_pool=0.00s，repack=0.00s，total=0.01s。
正在处理托盘类型：MH423C，销售订单号：LAID16306DN01S
  - 主算法：全局列式装箱 + 柱级组合优化（GCP）。
  - 失败托盘互借诊断：未合并（less_than_2_consolidatable）。
  - 指数再分配诊断：未接受（no_planned_gain）。
托盘类型 MH423C（销售订单号：LAID16306DN01S）处理完成：总托盘 2，指数达标 1，未达标 1，平均缺口 0.44，最大缺口 0.44，失败托盘互借修复成功 0。
  - KPI：near/mid/deep=1/0/0，救回率=0.00%，pair效率=0.00%。
  - 耗时拆解：packing=0.85s，main_topup=0.00s，retry=0.00s，failed_pool=0.00s，repack=0.00s，total=0.86s。
正在处理托盘类型：MH423C，销售订单号：LAID16306DN01S__SPLITREST__
  - 该分组不适合列式（多非满柱）→ 回退 beam + 配方优先。
  - 托盘 MH423C-LAID16306DN01S__SPLITREST__-1 未找到可行装箱方案，启用剩余箱子守恒兜底。
  - 配方优先[fast]：规划 0 实例，实装成功 0，配方路径不可用 → 采用基线方案。
  - 指数诊断：箱子 5 个，总指数 0.0263581，目标 0.7，理论最多达标托盘 0 个，剩余指数 0.0263581。
  - 几何诊断：典型整层堆叠单盘参考上限 0.0263581/0.7。 当前目标可能受托盘高度/箱型组合限制。
  - 几何诊断提示：典型整层参考值 0.0263581 < 目标 0.7；该值不是不可达证明，继续执行指数救援。
  - 失败盘装满压实：合并/吸收 1 次（纯减盘数）。
  - 失败托盘互借诊断：未合并（aborted_no_improvement_possible）。
托盘类型 MH423C（销售订单号：LAID16306DN01S__SPLITREST__）处理完成：总托盘 1，指数达标 0，未达标 1，平均缺口 0.67，最大缺口 0.67，失败托盘互借修复成功 0。
  - KPI：near/mid/deep=1/0/0，救回率=0.00%，pair效率=0.00%。
  - 耗时拆解：packing=0.01s，main_topup=0.00s，retry=0.00s，failed_pool=0.00s，repack=0.04s，total=0.07s。
正在处理托盘类型：MH423C，销售订单号：LAID16296DN01S
  - 主算法：全局列式装箱 + 柱级组合优化（GCP）。
  - 失败托盘互借诊断：未合并（aborted_no_improvement_possible）。
托盘类型 MH423C（销售订单号：LAID16296DN01S）处理完成：总托盘 2，指数达标 0，未达标 2，平均缺口 0.57，最大缺口 0.68，失败托盘互借修复成功 0。
  - KPI：near/mid/deep=2/0/0，救回率=0.00%，pair效率=0.00%。
  - 耗时拆解：packing=0.10s，main_topup=0.00s，retry=0.00s，failed_pool=0.00s，repack=0.11s，total=0.21s。
正在处理托盘类型：MH423C，销售订单号：LAID16296DN01S__SPLITREST__
  - 该分组不适合列式（多非满柱）→ 回退 beam + 配方优先。
  - 配方优先[fast]：规划 0 实例，实装成功 0，配方路径不可用 → 采用基线方案。
  - 指数诊断：箱子 4 个，总指数 0.0373143，目标 0.7，理论最多达标托盘 0 个，剩余指数 0.0373143。
  - 几何诊断：典型整层堆叠单盘参考上限 0.0373143/0.7。 当前目标可能受托盘高度/箱型组合限制。
  - 几何诊断提示：典型整层参考值 0.0373143 < 目标 0.7；该值不是不可达证明，继续执行指数救援。
  - 失败托盘互借诊断：未合并（no_target_or_single_plan）。
托盘类型 MH423C（销售订单号：LAID16296DN01S__SPLITREST__）处理完成：总托盘 1，指数达标 0，未达标 1，平均缺口 0.66，最大缺口 0.66，失败托盘互借修复成功 0。
  - KPI：near/mid/deep=1/0/0，救回率=0.00%，pair效率=0.00%。
  - 耗时拆解：packing=0.00s，main_topup=0.00s，retry=0.00s，failed_pool=0.00s，repack=0.00s，total=0.02s。
正在处理托盘类型：MH423C，销售订单号：LAID16296DN02S
  - 主算法：全局列式装箱 + 柱级组合优化（GCP）。
  - GCP 盘数远超理论（CP-SAT 装不满）→ 回退 baseline beam + 配方优先。
  - 配方优先[fast]：规划 0 实例，实装成功 0，配方路径不可用 → 采用基线方案。
  - 指数诊断：箱子 34 个，总指数 0.559112，目标 0.7，理论最多达标托盘 0 个，剩余指数 0.559112。
  - 几何诊断：典型整层堆叠单盘参考上限 0.464862/0.7。 当前目标可能受托盘高度/箱型组合限制。
  - 几何诊断提示：典型整层参考值 0.464862 < 目标 0.7；该值不是不可达证明，继续执行指数救援。
  - 失败托盘互借诊断：未合并（no_target_or_single_plan）。
托盘类型 MH423C（销售订单号：LAID16296DN02S）处理完成：总托盘 1，指数达标 0，未达标 1，平均缺口 0.14，最大缺口 0.14，失败托盘互借修复成功 0。
  - KPI：near/mid/deep=1/0/0，救回率=0.00%，pair效率=0.00%。
  - 耗时拆解：packing=0.14s，main_topup=0.00s，retry=0.00s，failed_pool=0.00s，repack=0.00s，total=0.82s。
正在处理托盘类型：MH423C，销售订单号：LAID16296DN02S__SPLITREST__
  - 该分组不适合列式（多非满柱）→ 回退 beam + 配方优先。
  - 配方优先[fast]：规划 0 实例，实装成功 0，配方路径不可用 → 采用基线方案。
  - 指数诊断：箱子 3 个，总指数 0.023962，目标 0.7，理论最多达标托盘 0 个，剩余指数 0.023962。
  - 几何诊断：典型整层堆叠单盘参考上限 0.023962/0.7。 当前目标可能受托盘高度/箱型组合限制。
  - 几何诊断提示：典型整层参考值 0.023962 < 目标 0.7；该值不是不可达证明，继续执行指数救援。
  - 失败托盘互借诊断：未合并（no_target_or_single_plan）。
托盘类型 MH423C（销售订单号：LAID16296DN02S__SPLITREST__）处理完成：总托盘 1，指数达标 0，未达标 1，平均缺口 0.68，最大缺口 0.68，失败托盘互借修复成功 0。
  - KPI：near/mid/deep=1/0/0，救回率=0.00%，pair效率=0.00%。
  - 耗时拆解：packing=0.00s，main_topup=0.00s，retry=0.00s，failed_pool=0.00s，repack=0.00s，total=0.01s。
正在处理托盘类型：MH423C，销售订单号：LAID16296DN03S
  - 主算法：全局列式装箱 + 柱级组合优化（GCP）。
  - 失败托盘互借诊断：未合并（no_target_or_single_plan）。
托盘类型 MH423C（销售订单号：LAID16296DN03S）处理完成：总托盘 1，指数达标 0，未达标 1，平均缺口 0.49，最大缺口 0.49，失败托盘互借修复成功 0。
  - KPI：near/mid/deep=1/0/0，救回率=0.00%，pair效率=0.00%。
  - 耗时拆解：packing=0.34s，main_topup=0.00s，retry=0.00s，failed_pool=0.00s，repack=0.00s，total=0.34s。
正在处理托盘类型：MH423C，销售订单号：PAIN26286EN01S
  - 主算法：全局列式装箱 + 柱级组合优化（GCP）。
  - 失败托盘互借诊断：未合并（no_target_or_single_plan）。
托盘类型 MH423C（销售订单号：PAIN26286EN01S）处理完成：总托盘 1，指数达标 0，未达标 1，平均缺口 0.18，最大缺口 0.18，失败托盘互借修复成功 0。
  - KPI：near/mid/deep=1/0/0，救回率=0.00%，pair效率=0.00%。
  - 耗时拆解：packing=0.11s，main_topup=0.00s，retry=0.00s，failed_pool=0.00s，repack=0.00s，total=0.11s。
正在处理托盘类型：MH423C，销售订单号：PAIN26286EN01S__SPLITREST__
  - 该分组不适合列式（多非满柱）→ 回退 beam + 配方优先。
  - 配方优先[fast]：规划 0 实例，实装成功 0，配方路径不可用 → 采用基线方案。
  - 指数诊断：箱子 2 个，总指数 0.0383391，目标 0.7，理论最多达标托盘 0 个，剩余指数 0.0383391。
  - 几何诊断：典型整层堆叠单盘参考上限 0.0383391/0.7。 当前目标可能受托盘高度/箱型组合限制。
  - 几何诊断提示：典型整层参考值 0.0383391 < 目标 0.7；该值不是不可达证明，继续执行指数救援。
  - 失败托盘互借诊断：未合并（no_target_or_single_plan）。
托盘类型 MH423C（销售订单号：PAIN26286EN01S__SPLITREST__）处理完成：总托盘 1，指数达标 0，未达标 1，平均缺口 0.66，最大缺口 0.66，失败托盘互借修复成功 0。
  - KPI：near/mid/deep=1/0/0，救回率=0.00%，pair效率=0.00%。
  - 耗时拆解：packing=0.00s，main_topup=0.00s，retry=0.00s，failed_pool=0.00s，repack=0.00s，total=0.00s。
正在处理托盘类型：MH423C，销售订单号：LFEG16290IN02S
  - 主算法：全局列式装箱 + 柱级组合优化（GCP）。
  - GCP 盘数远超理论（CP-SAT 装不满）→ 回退 baseline beam + 配方优先。
  - 配方优先[fast]：规划 0 实例，实装成功 0，配方路径不可用 → 采用基线方案。
  - 指数诊断：箱子 61 个，总指数 0.505597，目标 0.7，理论最多达标托盘 0 个，剩余指数 0.505597。
  - 几何诊断：典型整层堆叠单盘参考上限 0.397768/0.7。 当前目标可能受托盘高度/箱型组合限制。
  - 几何诊断提示：典型整层参考值 0.397768 < 目标 0.7；该值不是不可达证明，继续执行指数救援。
  - 失败托盘互借诊断：未合并（no_target_or_single_plan）。
托盘类型 MH423C（销售订单号：LFEG16290IN02S）处理完成：总托盘 1，指数达标 0，未达标 1，平均缺口 0.19，最大缺口 0.19，失败托盘互借修复成功 0。
  - KPI：near/mid/deep=1/0/0，救回率=0.00%，pair效率=0.00%。
  - 耗时拆解：packing=1.59s，main_topup=0.00s，retry=0.00s，failed_pool=0.00s，repack=0.00s，total=2.71s。
正在处理托盘类型：MH423C，销售订单号：LFEG16290IN02S__SPLITREST__
  - 该分组不适合列式（多非满柱）→ 回退 beam + 配方优先。
  - 配方优先[fast]：规划 0 实例，实装成功 0，配方路径不可用 → 采用基线方案。
  - 指数诊断：箱子 2 个，总指数 0.0172164，目标 0.7，理论最多达标托盘 0 个，剩余指数 0.0172164。
  - 几何诊断：典型整层堆叠单盘参考上限 0.0172164/0.7。 当前目标可能受托盘高度/箱型组合限制。
  - 几何诊断提示：典型整层参考值 0.0172164 < 目标 0.7；该值不是不可达证明，继续执行指数救援。
  - 失败托盘互借诊断：未合并（no_target_or_single_plan）。
托盘类型 MH423C（销售订单号：LFEG16290IN02S__SPLITREST__）处理完成：总托盘 1，指数达标 0，未达标 1，平均缺口 0.68，最大缺口 0.68，失败托盘互借修复成功 0。
  - KPI：near/mid/deep=1/0/0，救回率=0.00%，pair效率=0.00%。
  - 耗时拆解：packing=0.00s，main_topup=0.00s，retry=0.00s，failed_pool=0.00s，repack=0.00s，total=0.00s。
正在处理托盘类型：MH423C，销售订单号：LAID16295BN02S
  - 主算法：全局列式装箱 + 柱级组合优化（GCP）。
  - 失败托盘互借诊断：未合并（no_target_or_single_plan）。
托盘类型 MH423C（销售订单号：LAID16295BN02S）处理完成：总托盘 1，指数达标 0，未达标 1，平均缺口 0.41，最大缺口 0.41，失败托盘互借修复成功 0。
  - KPI：near/mid/deep=1/0/0，救回率=0.00%，pair效率=0.00%。
  - 耗时拆解：packing=0.39s，main_topup=0.00s，retry=0.00s，failed_pool=0.00s，repack=0.00s，total=0.39s。
正在处理托盘类型：MH423C，销售订单号：LFEG16290IN03S
  - 主算法：全局列式装箱 + 柱级组合优化（GCP）。
  - 失败托盘互借诊断：未合并（aborted_no_improvement_possible）。
托盘类型 MH423C（销售订单号：LFEG16290IN03S）处理完成：总托盘 2，指数达标 0，未达标 2，平均缺口 0.28，最大缺口 0.33，失败托盘互借修复成功 0。
  - KPI：near/mid/deep=2/0/0，救回率=0.00%，pair效率=0.00%。
  - 耗时拆解：packing=3.56s，main_topup=0.00s，retry=0.00s，failed_pool=0.00s，repack=2.98s，total=6.54s。
  - 条件双路径棘轮：替代完整路径未严格改善，保留 GCP。
正在处理托盘类型：MH423C，销售订单号：LFEG16290IN03S__SPLITREST__
  - 该分组不适合列式（多非满柱）→ 回退 beam + 配方优先。
  - 配方优先[fast]：规划 0 实例，实装成功 0，配方路径不可用 → 采用基线方案。
  - 指数诊断：箱子 2 个，总指数 0.0172164，目标 0.7，理论最多达标托盘 0 个，剩余指数 0.0172164。
  - 几何诊断：典型整层堆叠单盘参考上限 0.0172164/0.7。 当前目标可能受托盘高度/箱型组合限制。
  - 几何诊断提示：典型整层参考值 0.0172164 < 目标 0.7；该值不是不可达证明，继续执行指数救援。
  - 失败托盘互借诊断：未合并（no_target_or_single_plan）。
托盘类型 MH423C（销售订单号：LFEG16290IN03S__SPLITREST__）处理完成：总托盘 1，指数达标 0，未达标 1，平均缺口 0.68，最大缺口 0.68，失败托盘互借修复成功 0。
  - KPI：near/mid/deep=1/0/0，救回率=0.00%，pair效率=0.00%。
  - 耗时拆解：packing=0.00s，main_topup=0.00s，retry=0.00s，failed_pool=0.00s，repack=0.00s，total=0.00s。
正在处理托盘类型：MH423C，销售订单号：LAMY16295FN01S
  - 该分组不适合列式（多非满柱）→ 回退 beam + 配方优先。
  - 配方优先[fast]：规划 0 实例，实装成功 0，配方路径不可用 → 采用基线方案。
  - 指数诊断：箱子 26 个，总指数 0.3649，目标 0.7，理论最多达标托盘 0 个，剩余指数 0.3649。
  - 几何诊断：典型整层堆叠单盘参考上限 0.285825/0.7。 当前目标可能受托盘高度/箱型组合限制。
  - 几何诊断提示：典型整层参考值 0.285825 < 目标 0.7；该值不是不可达证明，继续执行指数救援。
  - 失败托盘互借诊断：未合并（aborted_no_improvement_possible）。
托盘类型 MH423C（销售订单号：LAMY16295FN01S）处理完成：总托盘 2，指数达标 0，未达标 2，平均缺口 0.52，最大缺口 0.70，失败托盘互借修复成功 0。
  - KPI：near/mid/deep=2/0/0，救回率=0.00%，pair效率=0.00%。
  - 耗时拆解：packing=0.07s，main_topup=0.00s，retry=0.00s，failed_pool=0.00s，repack=0.13s，total=0.39s。
正在处理托盘类型：MH423C，销售订单号：LFEG16300IN02S
  - 该分组不适合列式（多非满柱）→ 回退 beam + 配方优先。
  - 配方优先[fast]：规划 0 实例，实装成功 0，配方路径不可用 → 采用基线方案。
  - 指数诊断：箱子 4 个，总指数 0.0383391，目标 0.7，理论最多达标托盘 0 个，剩余指数 0.0383391。
  - 几何诊断：典型整层堆叠单盘参考上限 0.0383391/0.7。 当前目标可能受托盘高度/箱型组合限制。
  - 几何诊断提示：典型整层参考值 0.0383391 < 目标 0.7；该值不是不可达证明，继续执行指数救援。
  - 失败托盘互借诊断：未合并（no_target_or_single_plan）。
托盘类型 MH423C（销售订单号：LFEG16300IN02S）处理完成：总托盘 1，指数达标 0，未达标 1，平均缺口 0.66，最大缺口 0.66，失败托盘互借修复成功 0。
  - KPI：near/mid/deep=1/0/0，救回率=0.00%，pair效率=0.00%。
  - 耗时拆解：packing=0.00s，main_topup=0.00s，retry=0.00s，failed_pool=0.00s，repack=0.00s，total=0.02s。
正在处理托盘类型：MH423C，销售订单号：LAID16305BN01S
  - 主算法：全局列式装箱 + 柱级组合优化（GCP）。
  - 失败托盘互借修复：2 盘(平均填充 55%) 合并重装为 2 盘(平均填充 55%)，新增达标 1，耗时 1.4s。
托盘类型 MH423C（销售订单号：LAID16305BN01S）处理完成：总托盘 2，指数达标 1，未达标 1，平均缺口 0.54，最大缺口 0.54，失败托盘互借修复成功 1。
  - KPI：near/mid/deep=1/0/0，救回率=100.00%，pair效率=0.00%。
  - 耗时拆解：packing=79.53s，main_topup=0.00s，retry=0.00s，failed_pool=0.00s，repack=2.15s，total=81.68s。
正在处理托盘类型：MH423C，销售订单号：PAIN26290BN01S
  - 主算法：全局列式装箱 + 柱级组合优化（GCP）。
  - 失败托盘互借诊断：未合并（aborted_no_improvement_possible）。
托盘类型 MH423C（销售订单号：PAIN26290BN01S）处理完成：总托盘 2，指数达标 0，未达标 2，平均缺口 0.49，最大缺口 0.69，失败托盘互借修复成功 0。
  - KPI：near/mid/deep=2/0/0，救回率=0.00%，pair效率=0.00%。
  - 耗时拆解：packing=2.68s，main_topup=0.00s，retry=0.00s，failed_pool=0.00s，repack=2.08s，total=4.76s。
正在处理托盘类型：MH423C，销售订单号：PAIN26290BN01S__SPLITREST__
  - 该分组不适合列式（多非满柱）→ 回退 beam + 配方优先。
  - 配方优先[fast]：规划 0 实例，实装成功 0，配方路径不可用 → 采用基线方案。
  - 指数诊断：箱子 2 个，总指数 0.00985863，目标 0.7，理论最多达标托盘 0 个，剩余指数 0.00985863。
  - 几何诊断：典型整层堆叠单盘参考上限 0.00985863/0.7。 当前目标可能受托盘高度/箱型组合限制。
  - 几何诊断提示：典型整层参考值 0.00985863 < 目标 0.7；该值不是不可达证明，继续执行指数救援。
  - 失败托盘互借诊断：未合并（no_target_or_single_plan）。
托盘类型 MH423C（销售订单号：PAIN26290BN01S__SPLITREST__）处理完成：总托盘 1，指数达标 0，未达标 1，平均缺口 0.69，最大缺口 0.69，失败托盘互借修复成功 0。
  - KPI：near/mid/deep=1/0/0，救回率=0.00%，pair效率=0.00%。
  - 耗时拆解：packing=0.00s，main_topup=0.00s，retry=0.00s，failed_pool=0.00s，repack=0.00s，total=0.01s。
正在处理托盘类型：MH423C，销售订单号：PAIN26290BC02S
  - 主算法：全局列式装箱 + 柱级组合优化（GCP）。
  - 失败盘装满压实：合并/吸收 1 次（纯减盘数）。
  - 失败托盘互借诊断：未合并（aborted_no_improvement_possible）。
托盘类型 MH423C（销售订单号：PAIN26290BC02S）处理完成：总托盘 1，指数达标 0，未达标 1，平均缺口 0.16，最大缺口 0.16，失败托盘互借修复成功 0。
  - KPI：near/mid/deep=1/0/0，救回率=0.00%，pair效率=0.00%。
  - 耗时拆解：packing=0.57s，main_topup=0.00s，retry=0.00s，failed_pool=0.00s，repack=0.22s，total=0.79s。
正在处理托盘类型：MH423C，销售订单号：PAIN26290BC02S__SPLITREST__
  - 该分组不适合列式（多非满柱）→ 回退 beam + 配方优先。
  - 配方优先[fast]：规划 0 实例，实装成功 0，配方路径不可用 → 采用基线方案。
  - 指数诊断：箱子 2 个，总指数 0.00479239，目标 0.7，理论最多达标托盘 0 个，剩余指数 0.00479239。
  - 几何诊断：典型整层堆叠单盘参考上限 0.00479239/0.7。 当前目标可能受托盘高度/箱型组合限制。
  - 几何诊断提示：典型整层参考值 0.00479239 < 目标 0.7；该值不是不可达证明，继续执行指数救援。
  - 失败托盘互借诊断：未合并（no_target_or_single_plan）。
托盘类型 MH423C（销售订单号：PAIN26290BC02S__SPLITREST__）处理完成：总托盘 1，指数达标 0，未达标 1，平均缺口 0.70，最大缺口 0.70，失败托盘互借修复成功 0。
  - KPI：near/mid/deep=1/0/0，救回率=0.00%，pair效率=0.00%。
  - 耗时拆解：packing=0.00s，main_topup=0.00s，retry=0.00s，failed_pool=0.00s，repack=0.00s，total=0.00s。
正在处理托盘类型：MH423C，销售订单号：PAIN26290GN01S
  - 该分组不适合列式（多非满柱）→ 回退 beam + 配方优先。
  - 配方优先[fast]：规划 0 实例，实装成功 0，配方路径不可用 → 采用基线方案。
  - 指数诊断：箱子 51 个，总指数 0.360997，目标 0.7，理论最多达标托盘 0 个，剩余指数 0.360997。
  - 几何诊断：典型整层堆叠单盘参考上限 0.265259/0.7。 当前目标可能受托盘高度/箱型组合限制。
  - 几何诊断提示：典型整层参考值 0.265259 < 目标 0.7；该值不是不可达证明，继续执行指数救援。
  - 失败托盘互借诊断：未合并（aborted_no_improvement_possible）。
托盘类型 MH423C（销售订单号：PAIN26290GN01S）处理完成：总托盘 2，指数达标 0，未达标 2，平均缺口 0.52，最大缺口 0.69，失败托盘互借修复成功 0。
  - KPI：near/mid/deep=2/0/0，救回率=0.00%，pair效率=0.00%。
  - 耗时拆解：packing=0.45s，main_topup=0.01s，retry=0.00s，failed_pool=0.00s，repack=0.77s，total=2.50s。
正在处理托盘类型：MH423C，销售订单号：PEG126290LN01S
  - 主算法：全局列式装箱 + 柱级组合优化（GCP）。
  - 失败托盘互借诊断：未合并（no_target_or_single_plan）。
托盘类型 MH423C（销售订单号：PEG126290LN01S）处理完成：总托盘 1，指数达标 0，未达标 1，平均缺口 0.39，最大缺口 0.39，失败托盘互借修复成功 0。
  - KPI：near/mid/deep=1/0/0，救回率=0.00%，pair效率=0.00%。
  - 耗时拆解：packing=0.76s，main_topup=0.00s，retry=0.00s，failed_pool=0.00s，repack=0.00s，total=0.76s。
正在处理托盘类型：MH423C，销售订单号：PAIN26280GN01S
  - 该分组不适合列式（多非满柱）→ 回退 beam + 配方优先。
  - 配方优先[fast]：规划 0 实例，实装成功 0，配方路径不可用 → 采用基线方案。
  - 指数诊断：箱子 1 个，总指数 0.0191696，目标 0.7，理论最多达标托盘 0 个，剩余指数 0.0191696。
  - 几何诊断：典型整层堆叠单盘参考上限 0.0191696/0.7。 当前目标可能受托盘高度/箱型组合限制。
  - 几何诊断提示：典型整层参考值 0.0191696 < 目标 0.7；该值不是不可达证明，继续执行指数救援。
  - 失败托盘互借诊断：未合并（no_target_or_single_plan）。
托盘类型 MH423C（销售订单号：PAIN26280GN01S）处理完成：总托盘 1，指数达标 0，未达标 1，平均缺口 0.68，最大缺口 0.68，失败托盘互借修复成功 0。
  - KPI：near/mid/deep=1/0/0，救回率=0.00%，pair效率=0.00%。
  - 耗时拆解：packing=0.00s，main_topup=0.00s，retry=0.00s，failed_pool=0.00s，repack=0.00s，total=0.00s。
正在处理托盘类型：MH423C，销售订单号：LAID16295EN02S
  - 主算法：全局列式装箱 + 柱级组合优化（GCP）。
  - 失败托盘互借诊断：未合并（aborted_no_improvement_possible）。
托盘类型 MH423C（销售订单号：LAID16295EN02S）处理完成：总托盘 2，指数达标 0，未达标 2，平均缺口 0.25，最大缺口 0.41，失败托盘互借修复成功 0。
  - KPI：near/mid/deep=2/0/0，救回率=0.00%，pair效率=0.00%。
  - 耗时拆解：packing=3.04s，main_topup=0.00s，retry=0.00s，failed_pool=0.00s，repack=3.99s，total=7.03s。
  - 条件双路径棘轮：替代完整路径未严格改善，保留 GCP。
正在处理托盘类型：MH423C，销售订单号：LAID16295EN02S__SPLITREST__
  - 该分组不适合列式（多非满柱）→ 回退 beam + 配方优先。
  - 配方优先[fast]：规划 0 实例，实装成功 0，配方路径不可用 → 采用基线方案。
  - 指数诊断：箱子 2 个，总指数 0.0594088，目标 0.7，理论最多达标托盘 0 个，剩余指数 0.0594088。
  - 几何诊断：典型整层堆叠单盘参考上限 0.0594088/0.7。 当前目标可能受托盘高度/箱型组合限制。
  - 几何诊断提示：典型整层参考值 0.0594088 < 目标 0.7；该值不是不可达证明，继续执行指数救援。
  - 失败托盘互借诊断：未合并（no_target_or_single_plan）。
托盘类型 MH423C（销售订单号：LAID16295EN02S__SPLITREST__）处理完成：总托盘 1，指数达标 0，未达标 1，平均缺口 0.64，最大缺口 0.64，失败托盘互借修复成功 0。
  - KPI：near/mid/deep=1/0/0，救回率=0.00%，pair效率=0.00%。
  - 耗时拆解：packing=0.00s，main_topup=0.00s，retry=0.00s，failed_pool=0.00s，repack=0.00s，total=0.00s。
正在处理托盘类型：MH423C，销售订单号：PAIN26280MN07S
  - 主算法：全局列式装箱 + 柱级组合优化（GCP）。
  - 失败托盘互借诊断：未合并（no_target_or_single_plan）。
托盘类型 MH423C（销售订单号：PAIN26280MN07S）处理完成：总托盘 1，指数达标 0，未达标 1，平均缺口 0.30，最大缺口 0.30，失败托盘互借修复成功 0。
  - KPI：near/mid/deep=1/0/0，救回率=0.00%，pair效率=0.00%。
  - 耗时拆解：packing=0.04s，main_topup=0.00s，retry=0.00s，failed_pool=0.00s，repack=0.00s，total=0.04s。
正在处理托盘类型：MH423C，销售订单号：PEG086250LN01S
  - 该分组不适合列式（多非满柱）→ 回退 beam + 配方优先。
  - 配方优先[fast]：规划 0 实例，实装成功 0，配方路径不可用 → 采用基线方案。
  - 指数诊断：箱子 1 个，总指数 0.0191696，目标 0.7，理论最多达标托盘 0 个，剩余指数 0.0191696。
  - 几何诊断：典型整层堆叠单盘参考上限 0.0191696/0.7。 当前目标可能受托盘高度/箱型组合限制。
  - 几何诊断提示：典型整层参考值 0.0191696 < 目标 0.7；该值不是不可达证明，继续执行指数救援。
  - 失败托盘互借诊断：未合并（no_target_or_single_plan）。
托盘类型 MH423C（销售订单号：PEG086250LN01S）处理完成：总托盘 1，指数达标 0，未达标 1，平均缺口 0.68，最大缺口 0.68，失败托盘互借修复成功 0。
  - KPI：near/mid/deep=1/0/0，救回率=0.00%，pair效率=0.00%。
  - 耗时拆解：packing=0.00s，main_topup=0.00s，retry=0.00s，failed_pool=0.00s，repack=0.00s，total=0.00s。
正在处理托盘类型：MH423C，销售订单号：LFEG16290IN01S
  - 主算法：全局列式装箱 + 柱级组合优化（GCP）。
  - GCP 盘数远超理论（CP-SAT 装不满）→ 回退 baseline beam + 配方优先。
  - 配方优先[fast]：规划 0 实例，实装成功 0，配方路径不可用 → 采用基线方案。
  - 指数诊断：箱子 41 个，总指数 0.599049，目标 0.7，理论最多达标托盘 0 个，剩余指数 0.599049。
  - 几何诊断：典型整层堆叠单盘参考上限 0.330675/0.7。 当前目标可能受托盘高度/箱型组合限制。
  - 几何诊断提示：典型整层参考值 0.330675 < 目标 0.7；该值不是不可达证明，继续执行指数救援。
  - 失败盘装满压实：合并/吸收 1 次（纯减盘数）。
  - 失败托盘互借诊断：未合并（aborted_no_improvement_possible）。
托盘类型 MH423C（销售订单号：LFEG16290IN01S）处理完成：总托盘 1，指数达标 0，未达标 1，平均缺口 0.10，最大缺口 0.10，失败托盘互借修复成功 0。
  - KPI：near/mid/deep=1/0/0，救回率=0.00%，pair效率=0.00%。
  - 耗时拆解：packing=0.22s，main_topup=0.00s，retry=0.00s，failed_pool=0.00s，repack=0.23s，total=1.38s。
正在处理托盘类型：MH423C，销售订单号：LFEG16290IN01S__SPLITREST__
  - 该分组不适合列式（多非满柱）→ 回退 beam + 配方优先。
  - 配方优先[fast]：规划 0 实例，实装成功 0，配方路径不可用 → 采用基线方案。
  - 指数诊断：箱子 3 个，总指数 0.0407353，目标 0.7，理论最多达标托盘 0 个，剩余指数 0.0407353。
  - 几何诊断：典型整层堆叠单盘参考上限 0.0407353/0.7。 当前目标可能受托盘高度/箱型组合限制。
  - 几何诊断提示：典型整层参考值 0.0407353 < 目标 0.7；该值不是不可达证明，继续执行指数救援。
  - 失败托盘互借诊断：未合并（no_target_or_single_plan）。
托盘类型 MH423C（销售订单号：LFEG16290IN01S__SPLITREST__）处理完成：总托盘 1，指数达标 0，未达标 1，平均缺口 0.66，最大缺口 0.66，失败托盘互借修复成功 0。
  - KPI：near/mid/deep=1/0/0，救回率=0.00%，pair效率=0.00%。
  - 耗时拆解：packing=0.00s，main_topup=0.00s，retry=0.00s，failed_pool=0.00s，repack=0.00s，total=0.01s。
正在处理托盘类型：MH423C，销售订单号：LAID16295EN01S
  - 主算法：全局列式装箱 + 柱级组合优化（GCP）。
  - 失败托盘互借诊断：未合并（aborted_no_improvement_possible）。
托盘类型 MH423C（销售订单号：LAID16295EN01S）处理完成：总托盘 3，指数达标 0，未达标 3，平均缺口 0.45，最大缺口 0.69，失败托盘互借修复成功 0。
  - KPI：near/mid/deep=3/0/0，救回率=0.00%，pair效率=0.00%。
  - 耗时拆解：packing=2.80s，main_topup=0.00s，retry=0.00s，failed_pool=0.00s，repack=2.28s，total=5.08s。
  - 条件双路径棘轮：替代完整路径通过守恒和最终门禁，严格优于 GCP，已采用。
正在处理托盘类型：MH423C，销售订单号：PAID16295EN06S
  - 主算法：全局列式装箱 + 柱级组合优化（GCP）。
  - 失败托盘互借诊断：未合并（aborted_no_improvement_possible）。
托盘类型 MH423C（销售订单号：PAID16295EN06S）处理完成：总托盘 2，指数达标 0，未达标 2，平均缺口 0.24，最大缺口 0.44，失败托盘互借修复成功 0。
  - KPI：near/mid/deep=2/0/0，救回率=0.00%，pair效率=0.00%。
  - 耗时拆解：packing=36.32s，main_topup=0.00s，retry=0.00s，failed_pool=0.00s，repack=1.52s，total=37.84s。
  - 条件双路径棘轮：替代完整路径通过守恒和最终门禁，严格优于 GCP，已采用。
正在处理托盘类型：MH423C，销售订单号：PAID16295EN06S__SPLITREST__
  - 该分组不适合列式（多非满柱）→ 回退 beam + 配方优先。
  - 配方优先[fast]：规划 0 实例，实装成功 0，配方路径不可用 → 采用基线方案。
  - 指数诊断：箱子 1 个，总指数 0.0575087，目标 0.7，理论最多达标托盘 0 个，剩余指数 0.0575087。
  - 几何诊断：典型整层堆叠单盘参考上限 0.0575087/0.7。 当前目标可能受托盘高度/箱型组合限制。
  - 几何诊断提示：典型整层参考值 0.0575087 < 目标 0.7；该值不是不可达证明，继续执行指数救援。
  - 失败托盘互借诊断：未合并（no_target_or_single_plan）。
托盘类型 MH423C（销售订单号：PAID16295EN06S__SPLITREST__）处理完成：总托盘 1，指数达标 0，未达标 1，平均缺口 0.64，最大缺口 0.64，失败托盘互借修复成功 0。
  - KPI：near/mid/deep=1/0/0，救回率=0.00%，pair效率=0.00%。
  - 耗时拆解：packing=0.00s，main_topup=0.00s，retry=0.00s，failed_pool=0.00s，repack=0.00s，total=0.00s。
正在处理托盘类型：MH423C，销售订单号：LAID16295BN01S
  - 主算法：全局列式装箱 + 柱级组合优化（GCP）。
  - 失败托盘互借诊断：未合并（no_target_or_single_plan）。
托盘类型 MH423C（销售订单号：LAID16295BN01S）处理完成：总托盘 1，指数达标 0，未达标 1，平均缺口 0.39，最大缺口 0.39，失败托盘互借修复成功 0。
  - KPI：near/mid/deep=1/0/0，救回率=0.00%，pair效率=0.00%。
  - 耗时拆解：packing=0.16s，main_topup=0.00s，retry=0.00s，failed_pool=0.00s，repack=0.00s，total=0.16s。
正在处理托盘类型：MH423C，销售订单号：LFEG16310IN02S
  - 该分组不适合列式（多非满柱）→ 回退 beam + 配方优先。
  - 配方优先[fast]：规划 0 实例，实装成功 0，配方路径不可用 → 采用基线方案。
  - 指数诊断：箱子 1 个，总指数 0.00479239，目标 0.7，理论最多达标托盘 0 个，剩余指数 0.00479239。
  - 几何诊断：典型整层堆叠单盘参考上限 0.00479239/0.7。 当前目标可能受托盘高度/箱型组合限制。
  - 几何诊断提示：典型整层参考值 0.00479239 < 目标 0.7；该值不是不可达证明，继续执行指数救援。
  - 失败托盘互借诊断：未合并（no_target_or_single_plan）。
托盘类型 MH423C（销售订单号：LFEG16310IN02S）处理完成：总托盘 1，指数达标 0，未达标 1，平均缺口 0.70，最大缺口 0.70，失败托盘互借修复成功 0。
  - KPI：near/mid/deep=1/0/0，救回率=0.00%，pair效率=0.00%。
  - 耗时拆解：packing=0.00s，main_topup=0.00s，retry=0.00s，failed_pool=0.00s，repack=0.00s，total=0.00s。
正在处理托盘类型：MH423C，销售订单号：LFEG16310IN01S
  - 该分组不适合列式（多非满柱）→ 回退 beam + 配方优先。
  - 配方优先[fast]：规划 0 实例，实装成功 0，配方路径不可用 → 采用基线方案。
  - 指数诊断：箱子 1 个，总指数 0.00479239，目标 0.7，理论最多达标托盘 0 个，剩余指数 0.00479239。
  - 几何诊断：典型整层堆叠单盘参考上限 0.00479239/0.7。 当前目标可能受托盘高度/箱型组合限制。
  - 几何诊断提示：典型整层参考值 0.00479239 < 目标 0.7；该值不是不可达证明，继续执行指数救援。
  - 失败托盘互借诊断：未合并（no_target_or_single_plan）。
托盘类型 MH423C（销售订单号：LFEG16310IN01S）处理完成：总托盘 1，指数达标 0，未达标 1，平均缺口 0.70，最大缺口 0.70，失败托盘互借修复成功 0。
  - KPI：near/mid/deep=1/0/0，救回率=0.00%，pair效率=0.00%。
  - 耗时拆解：packing=0.00s，main_topup=0.00s，retry=0.00s，failed_pool=0.00s，repack=0.00s，total=0.00s。
正在处理托盘类型：MH423C，销售订单号：PEG086300LN01S
  - 主算法：全局列式装箱 + 柱级组合优化（GCP）。
  - 失败托盘互借诊断：未合并（no_target_or_single_plan）。
托盘类型 MH423C（销售订单号：PEG086300LN01S）处理完成：总托盘 1，指数达标 0，未达标 1，平均缺口 0.14，最大缺口 0.14，失败托盘互借修复成功 0。
  - KPI：near/mid/deep=1/0/0，救回率=0.00%，pair效率=0.00%。
  - 耗时拆解：packing=0.78s，main_topup=0.00s，retry=0.00s，failed_pool=0.00s，repack=0.00s，total=0.78s。
正在处理托盘类型：MH423C，销售订单号：PAID162808N01S
  - 该分组不适合列式（多非满柱）→ 回退 beam + 配方优先。
  - 配方优先[fast]：规划 0 实例，实装成功 0，配方路径不可用 → 采用基线方案。
  - 指数诊断：箱子 12 个，总指数 0.098244，目标 0.7，理论最多达标托盘 0 个，剩余指数 0.098244。
  - 几何诊断：典型整层堆叠单盘参考上限 0.098244/0.7。 当前目标可能受托盘高度/箱型组合限制。
  - 几何诊断提示：典型整层参考值 0.098244 < 目标 0.7；该值不是不可达证明，继续执行指数救援。
  - 失败托盘互借诊断：未合并（no_target_or_single_plan）。
托盘类型 MH423C（销售订单号：PAID162808N01S）处理完成：总托盘 1，指数达标 0，未达标 1，平均缺口 0.60，最大缺口 0.60，失败托盘互借修复成功 0。
  - KPI：near/mid/deep=1/0/0，救回率=0.00%，pair效率=0.00%。
  - 耗时拆解：packing=0.02s，main_topup=0.00s，retry=0.00s，failed_pool=0.00s，repack=0.01s，total=0.08s。
正在处理托盘类型：MH423C，销售订单号：PAID16290FN01S
  - 主算法：全局列式装箱 + 柱级组合优化（GCP）。
  - GCP 盘数远超理论（CP-SAT 装不满）→ 回退 baseline beam + 配方优先。
  - 配方优先[fast]：规划 0 实例，实装成功 0，配方路径不可用 → 采用基线方案。
  - 指数诊断：箱子 7 个，总指数 0.0910554，目标 0.7，理论最多达标托盘 0 个，剩余指数 0.0910554。
  - 几何诊断：典型整层堆叠单盘参考上限 0.086263/0.7。 当前目标可能受托盘高度/箱型组合限制。
  - 几何诊断提示：典型整层参考值 0.086263 < 目标 0.7；该值不是不可达证明，继续执行指数救援。
  - 失败托盘互借诊断：未合并（no_target_or_single_plan）。
托盘类型 MH423C（销售订单号：PAID16290FN01S）处理完成：总托盘 1，指数达标 0，未达标 1，平均缺口 0.61，最大缺口 0.61，失败托盘互借修复成功 0。
  - KPI：near/mid/deep=1/0/0，救回率=0.00%，pair效率=0.00%。
  - 耗时拆解：packing=0.01s，main_topup=0.00s，retry=0.00s，failed_pool=0.00s，repack=0.00s，total=0.05s。
正在处理托盘类型：MH423C，销售订单号：PAID16290FN01S__SPLITREST__
  - 该分组不适合列式（多非满柱）→ 回退 beam + 配方优先。
  - 配方优先[fast]：规划 0 实例，实装成功 0，配方路径不可用 → 采用基线方案。
  - 指数诊断：箱子 1 个，总指数 0.0023962，目标 0.7，理论最多达标托盘 0 个，剩余指数 0.0023962。
  - 几何诊断：典型整层堆叠单盘参考上限 0.0023962/0.7。 当前目标可能受托盘高度/箱型组合限制。
  - 几何诊断提示：典型整层参考值 0.0023962 < 目标 0.7；该值不是不可达证明，继续执行指数救援。
  - 失败托盘互借诊断：未合并（no_target_or_single_plan）。
托盘类型 MH423C（销售订单号：PAID16290FN01S__SPLITREST__）处理完成：总托盘 1，指数达标 0，未达标 1，平均缺口 0.70，最大缺口 0.70，失败托盘互借修复成功 0。
  - KPI：near/mid/deep=1/0/0，救回率=0.00%，pair效率=0.00%。
  - 耗时拆解：packing=0.00s，main_topup=0.00s，retry=0.00s，failed_pool=0.00s，repack=0.00s，total=0.00s。
正在处理托盘类型：MH423C，销售订单号：PAIN26290MN10S
  - 主算法：全局列式装箱 + 柱级组合优化（GCP）。
  - 失败托盘互借诊断：未合并（less_than_2_consolidatable）。
  - 指数再分配诊断：未接受（no_planned_gain）。
托盘类型 MH423C（销售订单号：PAIN26290MN10S）处理完成：总托盘 2，指数达标 1，未达标 1，平均缺口 0.25，最大缺口 0.25，失败托盘互借修复成功 0。
  - KPI：near/mid/deep=1/0/0，救回率=0.00%，pair效率=0.00%。
  - 耗时拆解：packing=0.50s，main_topup=0.00s，retry=0.00s，failed_pool=0.00s，repack=0.01s，total=0.52s。
正在处理托盘类型：MH423C，销售订单号：LAID16296DN03S__CASEGROUP__1
  - 主算法：全局列式装箱 + 柱级组合优化（GCP）。
  - 失败托盘互借诊断：未合并（no_target_or_single_plan）。
托盘类型 MH423C（销售订单号：LAID16296DN03S__CASEGROUP__1）处理完成：总托盘 1，指数达标 0，未达标 1，平均缺口 0.21，最大缺口 0.21，失败托盘互借修复成功 0。
  - KPI：near/mid/deep=1/0/0，救回率=0.00%，pair效率=0.00%。
  - 耗时拆解：packing=0.31s，main_topup=0.00s，retry=0.00s，failed_pool=0.00s，repack=0.00s，total=0.31s。
正在处理托盘类型：MH423C，销售订单号：LAID16296DN03S__CASEGROUP__1__SPLITREST__
  - 该分组不适合列式（多非满柱）→ 回退 beam + 配方优先。
  - 配方优先[fast]：规划 0 实例，实装成功 0，配方路径不可用 → 采用基线方案。
  - 指数诊断：箱子 4 个，总指数 0.00958478，目标 0.7，理论最多达标托盘 0 个，剩余指数 0.00958478。
  - 几何诊断：典型整层堆叠单盘参考上限 0.00958478/0.7。 当前目标可能受托盘高度/箱型组合限制。
  - 几何诊断提示：典型整层参考值 0.00958478 < 目标 0.7；该值不是不可达证明，继续执行指数救援。
  - 失败托盘互借诊断：未合并（no_target_or_single_plan）。
托盘类型 MH423C（销售订单号：LAID16296DN03S__CASEGROUP__1__SPLITREST__）处理完成：总托盘 1，指数达标 0，未达标 1，平均缺口 0.69，最大缺口 0.69，失败托盘互借修复成功 0。
  - KPI：near/mid/deep=1/0/0，救回率=0.00%，pair效率=0.00%。
  - 耗时拆解：packing=0.00s，main_topup=0.00s，retry=0.00s，failed_pool=0.00s，repack=0.00s，total=0.02s。
正在处理托盘类型：MH423C，销售订单号：PAID162808C02S
  - 主算法：全局列式装箱 + 柱级组合优化（GCP）。
  - GCP 盘数远超理论（CP-SAT 装不满）→ 回退 baseline beam + 配方优先。
  - 配方优先[fast]：规划 0 实例，实装成功 0，配方路径不可用 → 采用基线方案。
  - 指数诊断：箱子 6 个，总指数 0.0575087，目标 0.7，理论最多达标托盘 0 个，剩余指数 0.0575087。
  - 几何诊断：典型整层堆叠单盘参考上限 0.0575087/0.7。 当前目标可能受托盘高度/箱型组合限制。
  - 几何诊断提示：典型整层参考值 0.0575087 < 目标 0.7；该值不是不可达证明，继续执行指数救援。
  - 失败托盘互借诊断：未合并（no_target_or_single_plan）。
托盘类型 MH423C（销售订单号：PAID162808C02S）处理完成：总托盘 1，指数达标 0，未达标 1，平均缺口 0.64，最大缺口 0.64，失败托盘互借修复成功 0。
  - KPI：near/mid/deep=1/0/0，救回率=0.00%，pair效率=0.00%。
  - 耗时拆解：packing=0.01s，main_topup=0.00s，retry=0.00s，failed_pool=0.00s，repack=0.00s，total=0.06s。
正在处理托盘类型：MH423C，销售订单号：LFEG16300IN01S
  - 该分组不适合列式（多非满柱）→ 回退 beam + 配方优先。
  - 配方优先[fast]：规划 0 实例，实装成功 0，配方路径不可用 → 采用基线方案。
  - 指数诊断：箱子 3 个，总指数 0.0479239，目标 0.7，理论最多达标托盘 0 个，剩余指数 0.0479239。
  - 几何诊断：典型整层堆叠单盘参考上限 0.0479239/0.7。 当前目标可能受托盘高度/箱型组合限制。
  - 几何诊断提示：典型整层参考值 0.0479239 < 目标 0.7；该值不是不可达证明，继续执行指数救援。
  - 失败托盘互借诊断：未合并（no_target_or_single_plan）。
托盘类型 MH423C（销售订单号：LFEG16300IN01S）处理完成：总托盘 1，指数达标 0，未达标 1，平均缺口 0.65，最大缺口 0.65，失败托盘互借修复成功 0。
  - KPI：near/mid/deep=1/0/0，救回率=0.00%，pair效率=0.00%。
  - 耗时拆解：packing=0.00s，main_topup=0.00s，retry=0.00s，failed_pool=0.00s，repack=0.00s，total=0.01s。
正在处理托盘类型：MH423C，销售订单号：LAMY16315FN01S
  - 主算法：全局列式装箱 + 柱级组合优化（GCP）。
  - 失败托盘互借诊断：未合并（no_target_or_single_plan）。
托盘类型 MH423C（销售订单号：LAMY16315FN01S）处理完成：总托盘 1，指数达标 0，未达标 1，平均缺口 0.35，最大缺口 0.35，失败托盘互借修复成功 0。
  - KPI：near/mid/deep=1/0/0，救回率=0.00%，pair效率=0.00%。
  - 耗时拆解：packing=0.19s，main_topup=0.00s，retry=0.00s，failed_pool=0.00s，repack=0.00s，total=0.19s。
正在处理托盘类型：MH423C，销售订单号：LAMY16315FN01S__SPLITREST__
  - 该分组不适合列式（多非满柱）→ 回退 beam + 配方优先。
  - 配方优先[fast]：规划 0 实例，实装成功 0，配方路径不可用 → 采用基线方案。
  - 指数诊断：箱子 2 个，总指数 0.0191696，目标 0.7，理论最多达标托盘 0 个，剩余指数 0.0191696。
  - 几何诊断：典型整层堆叠单盘参考上限 0.0191696/0.7。 当前目标可能受托盘高度/箱型组合限制。
  - 几何诊断提示：典型整层参考值 0.0191696 < 目标 0.7；该值不是不可达证明，继续执行指数救援。
  - 失败托盘互借诊断：未合并（no_target_or_single_plan）。
托盘类型 MH423C（销售订单号：LAMY16315FN01S__SPLITREST__）处理完成：总托盘 1，指数达标 0，未达标 1，平均缺口 0.68，最大缺口 0.68，失败托盘互借修复成功 0。
  - KPI：near/mid/deep=1/0/0，救回率=0.00%，pair效率=0.00%。
  - 耗时拆解：packing=0.00s，main_topup=0.00s，retry=0.00s，failed_pool=0.00s，repack=0.00s，total=0.00s。
正在处理托盘类型：MH423C，销售订单号：LAID16305BN02S
  - 主算法：全局列式装箱 + 柱级组合优化（GCP）。
  - 失败托盘互借诊断：未合并（no_target_or_single_plan）。
托盘类型 MH423C（销售订单号：LAID16305BN02S）处理完成：总托盘 1，指数达标 0，未达标 1，平均缺口 0.21，最大缺口 0.21，失败托盘互借修复成功 0。
  - KPI：near/mid/deep=1/0/0，救回率=0.00%，pair效率=0.00%。
  - 耗时拆解：packing=0.59s，main_topup=0.00s，retry=0.00s，failed_pool=0.00s，repack=0.00s，total=0.59s。
正在处理托盘类型：MH423C，销售订单号：LFEG16300IN03S
  - 该分组不适合列式（多非满柱）→ 回退 beam + 配方优先。
  - 配方优先[fast]：规划 0 实例，实装成功 0，配方路径不可用 → 采用基线方案。
  - 指数诊断：箱子 1 个，总指数 0.00958478，目标 0.7，理论最多达标托盘 0 个，剩余指数 0.00958478。
  - 几何诊断：典型整层堆叠单盘参考上限 0.00958478/0.7。 当前目标可能受托盘高度/箱型组合限制。
  - 几何诊断提示：典型整层参考值 0.00958478 < 目标 0.7；该值不是不可达证明，继续执行指数救援。
  - 失败托盘互借诊断：未合并（no_target_or_single_plan）。
托盘类型 MH423C（销售订单号：LFEG16300IN03S）处理完成：总托盘 1，指数达标 0，未达标 1，平均缺口 0.69，最大缺口 0.69，失败托盘互借修复成功 0。
  - KPI：near/mid/deep=1/0/0，救回率=0.00%，pair效率=0.00%。
  - 耗时拆解：packing=0.00s，main_topup=0.00s，retry=0.00s，failed_pool=0.00s，repack=0.00s，total=0.00s。
正在处理托盘类型：MH423C，销售订单号：LAID16305EN01S
  - 该分组不适合列式（多非满柱）→ 回退 beam + 配方优先。
  - 配方优先[fast]：规划 0 实例，实装成功 0，配方路径不可用 → 采用基线方案。
  - 指数诊断：箱子 29 个，总指数 0.586123，目标 0.7，理论最多达标托盘 0 个，剩余指数 0.586123。
  - 几何诊断：典型整层堆叠单盘参考上限 0.336465/0.7。 当前目标可能受托盘高度/箱型组合限制。
  - 几何诊断提示：典型整层参考值 0.336465 < 目标 0.7；该值不是不可达证明，继续执行指数救援。
  - 失败托盘互借修复：3 盘(平均填充 20%) 合并重装为 2 盘(平均填充 30%)，新增达标 0，耗时 0.1s。
托盘类型 MH423C（销售订单号：LAID16305EN01S）处理完成：总托盘 2，指数达标 0，未达标 2，平均缺口 0.41，最大缺口 0.56，失败托盘互借修复成功 0。
  - KPI：near/mid/deep=2/0/0，救回率=0.00%，pair效率=0.00%。
  - 耗时拆解：packing=0.12s，main_topup=0.00s，retry=0.00s，failed_pool=0.00s，repack=0.35s，total=0.77s。
正在处理托盘类型：MH423C，销售订单号：PAIN26290GC02S
  - 主算法：全局列式装箱 + 柱级组合优化（GCP）。
  - 失败托盘互借诊断：未合并（not_better）。
托盘类型 MH423C（销售订单号：PAIN26290GC02S）处理完成：总托盘 2，指数达标 0，未达标 2，平均缺口 0.27，最大缺口 0.55，失败托盘互借修复成功 0。
  - KPI：near/mid/deep=2/0/0，救回率=0.00%，pair效率=0.00%。
  - 耗时拆解：packing=40.28s，main_topup=0.00s，retry=0.00s，failed_pool=0.00s，repack=1.07s，total=41.35s。
  - 条件双路径棘轮：替代完整路径未严格改善，保留 GCP。
正在处理托盘类型：MH423C，销售订单号：PAID16280FC02S
  - 主算法：全局列式装箱 + 柱级组合优化（GCP）。
  - GCP 盘数远超理论（CP-SAT 装不满）→ 回退 baseline beam + 配方优先。
  - 配方优先[fast]：规划 0 实例，实装成功 0，配方路径不可用 → 采用基线方案。
  - 指数诊断：箱子 4 个，总指数 0.0766782，目标 0.7，理论最多达标托盘 0 个，剩余指数 0.0766782。
  - 几何诊断：典型整层堆叠单盘参考上限 0.0766782/0.7。 当前目标可能受托盘高度/箱型组合限制。
  - 几何诊断提示：典型整层参考值 0.0766782 < 目标 0.7；该值不是不可达证明，继续执行指数救援。
  - 失败托盘互借诊断：未合并（no_target_or_single_plan）。
托盘类型 MH423C（销售订单号：PAID16280FC02S）处理完成：总托盘 1，指数达标 0，未达标 1，平均缺口 0.62，最大缺口 0.62，失败托盘互借修复成功 0。
  - KPI：near/mid/deep=1/0/0，救回率=0.00%，pair效率=0.00%。
  - 耗时拆解：packing=0.00s，main_topup=0.00s，retry=0.00s，failed_pool=0.00s，repack=0.00s，total=0.03s。
正在处理托盘类型：MH423C，销售订单号：PAIN26296EC02S
  - 主算法：全局列式装箱 + 柱级组合优化（GCP）。
  - 失败托盘互借诊断：未合并（no_target_or_single_plan）。
托盘类型 MH423C（销售订单号：PAIN26296EC02S）处理完成：总托盘 1，指数达标 0，未达标 1，平均缺口 0.13，最大缺口 0.13，失败托盘互借修复成功 0。
  - KPI：near/mid/deep=1/0/0，救回率=0.00%，pair效率=0.00%。
  - 耗时拆解：packing=0.39s，main_topup=0.00s，retry=0.00s，failed_pool=0.00s，repack=0.00s，total=0.39s。
正在处理托盘类型：MH423C，销售订单号：PAID16290FC02S
  - 该分组不适合列式（多非满柱）→ 回退 beam + 配方优先。
  - 配方优先[fast]：规划 0 实例，实装成功 0，配方路径不可用 → 采用基线方案。
  - 指数诊断：箱子 6 个，总指数 0.0670935，目标 0.7，理论最多达标托盘 0 个，剩余指数 0.0670935。
  - 几何诊断：典型整层堆叠单盘参考上限 0.0670935/0.7。 当前目标可能受托盘高度/箱型组合限制。
  - 几何诊断提示：典型整层参考值 0.0670935 < 目标 0.7；该值不是不可达证明，继续执行指数救援。
  - 失败托盘互借诊断：未合并（no_target_or_single_plan）。
托盘类型 MH423C（销售订单号：PAID16290FC02S）处理完成：总托盘 1，指数达标 0，未达标 1，平均缺口 0.63，最大缺口 0.63，失败托盘互借修复成功 0。
  - KPI：near/mid/deep=1/0/0，救回率=0.00%，pair效率=0.00%。
  - 耗时拆解：packing=0.01s，main_topup=0.00s，retry=0.00s，failed_pool=0.00s，repack=0.00s，total=0.05s。
正在处理托盘类型：MH423C，销售订单号：LAID16295EN01S__CASEGROUP__1
  - 主算法：全局列式装箱 + 柱级组合优化（GCP）。
  - GCP 盘数远超理论（CP-SAT 装不满）→ 回退 baseline beam + 配方优先。
  - 配方优先[fast]：规划 0 实例，实装成功 0，配方路径不可用 → 采用基线方案。
  - 指数诊断：箱子 78 个，总指数 0.670935，目标 0.7，理论最多达标托盘 0 个，剩余指数 0.670935。
  - 几何诊断：典型整层堆叠单盘参考上限 0.613426/0.7。 当前目标可能受托盘高度/箱型组合限制。
  - 几何诊断提示：典型整层参考值 0.613426 < 目标 0.7；该值不是不可达证明，继续执行指数救援。
  - 失败托盘互借诊断：未合并（no_target_or_single_plan）。
托盘类型 MH423C（销售订单号：LAID16295EN01S__CASEGROUP__1）处理完成：总托盘 1，指数达标 0，未达标 1，平均缺口 0.03，最大缺口 0.03，失败托盘互借修复成功 0。
  - KPI：near/mid/deep=1/0/0，救回率=0.00%，pair效率=0.00%。
  - 耗时拆解：packing=3.06s，main_topup=0.00s，retry=0.00s，failed_pool=0.00s，repack=0.00s，total=5.00s。
正在处理托盘类型：MH423C，销售订单号：LAID16295EN01S__CASEGROUP__1__SPLITREST__
  - 该分组不适合列式（多非满柱）→ 回退 beam + 配方优先。
  - 配方优先[fast]：规划 0 实例，实装成功 0，配方路径不可用 → 采用基线方案。
  - 指数诊断：箱子 5 个，总指数 0.0766782，目标 0.7，理论最多达标托盘 0 个，剩余指数 0.0766782。
  - 几何诊断：典型整层堆叠单盘参考上限 0.0766782/0.7。 当前目标可能受托盘高度/箱型组合限制。
  - 几何诊断提示：典型整层参考值 0.0766782 < 目标 0.7；该值不是不可达证明，继续执行指数救援。
  - 失败托盘互借诊断：未合并（no_target_or_single_plan）。
托盘类型 MH423C（销售订单号：LAID16295EN01S__CASEGROUP__1__SPLITREST__）处理完成：总托盘 1，指数达标 0，未达标 1，平均缺口 0.62，最大缺口 0.62，失败托盘互借修复成功 0。
  - KPI：near/mid/deep=1/0/0，救回率=0.00%，pair效率=0.00%。
  - 耗时拆解：packing=0.01s，main_topup=0.00s，retry=0.00s，failed_pool=0.00s，repack=0.00s，total=0.01s。
正在处理托盘类型：MH423C，销售订单号：PAIN26296EN01S
  - 主算法：全局列式装箱 + 柱级组合优化（GCP）。
  - 失败托盘互借诊断：未合并（less_than_2_consolidatable）。
  - 指数再分配诊断：未接受（no_planned_gain）。
托盘类型 MH423C（销售订单号：PAIN26296EN01S）处理完成：总托盘 2，指数达标 1，未达标 1，平均缺口 0.56，最大缺口 0.56，失败托盘互借修复成功 0。
  - KPI：near/mid/deep=1/0/0，救回率=0.00%，pair效率=0.00%。
  - 耗时拆解：packing=0.61s，main_topup=0.00s，retry=0.00s，failed_pool=0.00s，repack=0.03s，total=0.64s。
正在处理托盘类型：MH423C，销售订单号：PEG146296CN01S
  - 主算法：全局列式装箱 + 柱级组合优化（GCP）。
  - 失败托盘互借诊断：未合并（no_target_or_single_plan）。
托盘类型 MH423C（销售订单号：PEG146296CN01S）处理完成：总托盘 1，指数达标 0，未达标 1，平均缺口 0.11，最大缺口 0.11，失败托盘互借修复成功 0。
  - KPI：near/mid/deep=1/0/0，救回率=0.00%，pair效率=0.00%。
  - 耗时拆解：packing=0.33s，main_topup=0.00s，retry=0.00s，failed_pool=0.00s，repack=0.00s，total=0.33s。
正在处理托盘类型：MH423C，销售订单号：LAID16284AN02S
  - 主算法：全局列式装箱 + 柱级组合优化（GCP）。
  - GCP 盘数远超理论（CP-SAT 装不满）→ 回退 baseline beam + 配方优先。
  - 配方优先[fast]：规划 0 实例，实装成功 0，配方路径不可用 → 采用基线方案。
  - 指数诊断：箱子 7 个，总指数 0.105433，目标 0.7，理论最多达标托盘 0 个，剩余指数 0.105433。
  - 几何诊断：典型整层堆叠单盘参考上限 0.105433/0.7。 当前目标可能受托盘高度/箱型组合限制。
  - 几何诊断提示：典型整层参考值 0.105433 < 目标 0.7；该值不是不可达证明，继续执行指数救援。
  - 失败托盘互借诊断：未合并（no_target_or_single_plan）。
托盘类型 MH423C（销售订单号：LAID16284AN02S）处理完成：总托盘 1，指数达标 0，未达标 1，平均缺口 0.59，最大缺口 0.59，失败托盘互借修复成功 0。
  - KPI：near/mid/deep=1/0/0，救回率=0.00%，pair效率=0.00%。
  - 耗时拆解：packing=0.01s，main_topup=0.00s，retry=0.00s，failed_pool=0.00s，repack=0.00s，total=0.05s。
正在处理托盘类型：MH423C，销售订单号：PAIN26290MN09S
  - 主算法：全局列式装箱 + 柱级组合优化（GCP）。
  - 失败托盘互借诊断：未合并（aborted_no_improvement_possible）。
托盘类型 MH423C（销售订单号：PAIN26290MN09S）处理完成：总托盘 2，指数达标 0，未达标 2，平均缺口 0.44，最大缺口 0.56，失败托盘互借修复成功 0。
  - KPI：near/mid/deep=2/0/0，救回率=0.00%，pair效率=0.00%。
  - 耗时拆解：packing=4.09s，main_topup=0.00s，retry=0.00s，failed_pool=0.00s，repack=3.05s，total=7.13s。
正在处理托盘类型：MH423C，销售订单号：LAID16294AN01S
  - 该分组不适合列式（多非满柱）→ 回退 beam + 配方优先。
  - 配方优先[fast]：规划 0 实例，实装成功 0，配方路径不可用 → 采用基线方案。
  - 指数诊断：箱子 9 个，总指数 0.110225，目标 0.7，理论最多达标托盘 0 个，剩余指数 0.110225。
  - 几何诊断：典型整层堆叠单盘参考上限 0.0958478/0.7。 当前目标可能受托盘高度/箱型组合限制。
  - 几何诊断提示：典型整层参考值 0.0958478 < 目标 0.7；该值不是不可达证明，继续执行指数救援。
  - 失败托盘互借诊断：未合并（no_target_or_single_plan）。
托盘类型 MH423C（销售订单号：LAID16294AN01S）处理完成：总托盘 1，指数达标 0，未达标 1，平均缺口 0.59，最大缺口 0.59，失败托盘互借修复成功 0。
  - KPI：near/mid/deep=1/0/0，救回率=0.00%，pair效率=0.00%。
  - 耗时拆解：packing=0.03s，main_topup=0.00s，retry=0.00s，failed_pool=0.00s，repack=0.00s，total=0.03s。
正在处理托盘类型：MH423C，销售订单号：LAMY16305FN01S
  - 主算法：全局列式装箱 + 柱级组合优化（GCP）。
  - 失败托盘互借诊断：未合并（no_target_or_single_plan）。
托盘类型 MH423C（销售订单号：LAMY16305FN01S）处理完成：总托盘 1，指数达标 0，未达标 1，平均缺口 0.59，最大缺口 0.59，失败托盘互借修复成功 0。
  - KPI：near/mid/deep=1/0/0，救回率=0.00%，pair效率=0.00%。
  - 耗时拆解：packing=0.03s，main_topup=0.00s，retry=0.00s，failed_pool=0.00s，repack=0.00s，total=0.03s。
正在处理托盘类型：MH423C，销售订单号：PAID16295BN01S
  - 该分组不适合列式（多非满柱）→ 回退 beam + 配方优先。
  - 配方优先[fast]：规划 0 实例，实装成功 0，配方路径不可用 → 采用基线方案。
  - 指数诊断：箱子 23 个，总指数 0.172526，目标 0.7，理论最多达标托盘 0 个，剩余指数 0.172526。
  - 几何诊断：典型整层堆叠单盘参考上限 0.172526/0.7。 当前目标可能受托盘高度/箱型组合限制。
  - 几何诊断提示：典型整层参考值 0.172526 < 目标 0.7；该值不是不可达证明，继续执行指数救援。
  - 失败托盘互借诊断：未合并（no_target_or_single_plan）。
托盘类型 MH423C（销售订单号：PAID16295BN01S）处理完成：总托盘 1，指数达标 0，未达标 1，平均缺口 0.53，最大缺口 0.53，失败托盘互借修复成功 0。
  - KPI：near/mid/deep=1/0/0，救回率=0.00%，pair效率=0.00%。
  - 耗时拆解：packing=0.15s，main_topup=0.00s，retry=0.00s，failed_pool=0.00s，repack=0.00s，total=0.15s。
正在处理托盘类型：MH423C，销售订单号：PAID16296DN01S
  - 主算法：全局列式装箱 + 柱级组合优化（GCP）。
  - GCP 盘数远超理论（CP-SAT 装不满）→ 回退 baseline beam + 配方优先。
  - 配方优先[fast]：规划 0 实例，实装成功 0，配方路径不可用 → 采用基线方案。
  - 指数诊断：箱子 10 个，总指数 0.0958478，目标 0.7，理论最多达标托盘 0 个，剩余指数 0.0958478。
  - 几何诊断：典型整层堆叠单盘参考上限 0.0958478/0.7。 当前目标可能受托盘高度/箱型组合限制。
  - 几何诊断提示：典型整层参考值 0.0958478 < 目标 0.7；该值不是不可达证明，继续执行指数救援。
  - 失败托盘互借诊断：未合并（no_target_or_single_plan）。
托盘类型 MH423C（销售订单号：PAID16296DN01S）处理完成：总托盘 1，指数达标 0，未达标 1，平均缺口 0.60，最大缺口 0.60，失败托盘互借修复成功 0。
  - KPI：near/mid/deep=1/0/0，救回率=0.00%，pair效率=0.00%。
  - 耗时拆解：packing=0.01s，main_topup=0.00s，retry=0.00s，failed_pool=0.00s，repack=0.00s，total=0.09s。
正在处理托盘类型：MH423C，销售订单号：PAID16295EL05S
  - 该分组不适合列式（多非满柱）→ 回退 beam + 配方优先。
  - 配方优先[fast]：规划 0 实例，实装成功 0，配方路径不可用 → 采用基线方案。
  - 指数诊断：箱子 1 个，总指数 0.00958478，目标 0.7，理论最多达标托盘 0 个，剩余指数 0.00958478。
  - 几何诊断：典型整层堆叠单盘参考上限 0.00958478/0.7。 当前目标可能受托盘高度/箱型组合限制。
  - 几何诊断提示：典型整层参考值 0.00958478 < 目标 0.7；该值不是不可达证明，继续执行指数救援。
  - 失败托盘互借诊断：未合并（no_target_or_single_plan）。
托盘类型 MH423C（销售订单号：PAID16295EL05S）处理完成：总托盘 1，指数达标 0，未达标 1，平均缺口 0.69，最大缺口 0.69，失败托盘互借修复成功 0。
  - KPI：near/mid/deep=1/0/0，救回率=0.00%，pair效率=0.00%。
  - 耗时拆解：packing=0.00s，main_topup=0.00s，retry=0.00s，failed_pool=0.00s，repack=0.00s，total=0.00s。
正在处理托盘类型：MH423C，销售订单号：PAID16290FL03S
  - 该分组不适合列式（多非满柱）→ 回退 beam + 配方优先。
  - 配方优先[fast]：规划 0 实例，实装成功 0，配方路径不可用 → 采用基线方案。
  - 指数诊断：箱子 3 个，总指数 0.0287543，目标 0.7，理论最多达标托盘 0 个，剩余指数 0.0287543。
  - 几何诊断：典型整层堆叠单盘参考上限 0.0287543/0.7。 当前目标可能受托盘高度/箱型组合限制。
  - 几何诊断提示：典型整层参考值 0.0287543 < 目标 0.7；该值不是不可达证明，继续执行指数救援。
  - 失败托盘互借诊断：未合并（no_target_or_single_plan）。
托盘类型 MH423C（销售订单号：PAID16290FL03S）处理完成：总托盘 1，指数达标 0，未达标 1，平均缺口 0.67，最大缺口 0.67，失败托盘互借修复成功 0。
  - KPI：near/mid/deep=1/0/0，救回率=0.00%，pair效率=0.00%。
  - 耗时拆解：packing=0.00s，main_topup=0.00s，retry=0.00s，failed_pool=0.00s，repack=0.00s，total=0.01s。
正在处理托盘类型：MH423C，销售订单号：PAIN26290MN02S
  - 主算法：全局列式装箱 + 柱级组合优化（GCP）。
  - 失败托盘互借诊断：未合并（no_target_or_single_plan）。
托盘类型 MH423C（销售订单号：PAIN26290MN02S）处理完成：总托盘 1，指数达标 0，未达标 1，平均缺口 0.37，最大缺口 0.37，失败托盘互借修复成功 0。
  - KPI：near/mid/deep=1/0/0，救回率=0.00%，pair效率=0.00%。
  - 耗时拆解：packing=0.64s，main_topup=0.00s，retry=0.00s，failed_pool=0.00s，repack=0.00s，total=0.64s。
正在处理托盘类型：MH423C，销售订单号：PAIN26290MN02S__SPLITREST__
  - 该分组不适合列式（多非满柱）→ 回退 beam + 配方优先。
  - 配方优先[fast]：规划 0 实例，实装成功 0，配方路径不可用 → 采用基线方案。
  - 指数诊断：箱子 3 个，总指数 0.0868056，目标 0.7，理论最多达标托盘 0 个，剩余指数 0.0868056。
  - 几何诊断：典型整层堆叠单盘参考上限 0.0868056/0.7。 当前目标可能受托盘高度/箱型组合限制。
  - 几何诊断提示：典型整层参考值 0.0868056 < 目标 0.7；该值不是不可达证明，继续执行指数救援。
  - 失败托盘互借诊断：未合并（no_target_or_single_plan）。
托盘类型 MH423C（销售订单号：PAIN26290MN02S__SPLITREST__）处理完成：总托盘 1，指数达标 0，未达标 1，平均缺口 0.61，最大缺口 0.61，失败托盘互借修复成功 0。
  - KPI：near/mid/deep=1/0/0，救回率=0.00%，pair效率=0.00%。
  - 耗时拆解：packing=0.00s，main_topup=0.00s，retry=0.00s，failed_pool=0.00s，repack=0.00s，total=0.00s。
正在处理托盘类型：MH423C，销售订单号：PAIN26290MZ07S
  - 该分组不适合列式（多非满柱）→ 回退 beam + 配方优先。
  - 配方优先[fast]：规划 0 实例，实装成功 0，配方路径不可用 → 采用基线方案。
  - 指数诊断：箱子 69 个，总指数 1.003，目标 0.7，理论最多达标托盘 1 个，剩余指数 0.303003。
  - 几何诊断：典型整层堆叠单盘参考上限 0.639348/0.7。 当前目标可能受托盘高度/箱型组合限制。
  - 几何诊断提示：典型整层参考值 0.639348 < 目标 0.7；该值不是不可达证明，继续执行指数救援。
  - 失败托盘互借诊断：未合并（less_than_2_consolidatable）。
  - 指数再分配诊断：未接受（no_planned_gain）。
托盘类型 MH423C（销售订单号：PAIN26290MZ07S）处理完成：总托盘 2，指数达标 1，未达标 1，平均缺口 0.40，最大缺口 0.40，失败托盘互借修复成功 0。
  - KPI：near/mid/deep=1/0/0，救回率=0.00%，pair效率=0.00%。
  - 耗时拆解：packing=0.73s，main_topup=0.00s，retry=0.00s，failed_pool=0.00s，repack=0.10s，total=0.84s。
正在处理托盘类型：MH423C，销售订单号：PEG106290LN01S
  - 主算法：全局列式装箱 + 柱级组合优化（GCP）。
  - 失败托盘互借诊断：未合并（no_target_or_single_plan）。
托盘类型 MH423C（销售订单号：PEG106290LN01S）处理完成：总托盘 1，指数达标 0，未达标 1，平均缺口 0.14，最大缺口 0.14，失败托盘互借修复成功 0。
  - KPI：near/mid/deep=1/0/0，救回率=0.00%，pair效率=0.00%。
  - 耗时拆解：packing=0.32s，main_topup=0.00s，retry=0.00s，failed_pool=0.00s，repack=0.00s，total=0.32s。
正在处理托盘类型：MH423C，销售订单号：LAID16306DN03S
  - 主算法：全局列式装箱 + 柱级组合优化（GCP）。
  - 失败托盘互借诊断：未合并（no_target_or_single_plan）。
托盘类型 MH423C（销售订单号：LAID16306DN03S）处理完成：总托盘 1，指数达标 0，未达标 1，平均缺口 0.41，最大缺口 0.41，失败托盘互借修复成功 0。
  - KPI：near/mid/deep=1/0/0，救回率=0.00%，pair效率=0.00%。
  - 耗时拆解：packing=0.05s，main_topup=0.00s，retry=0.00s，failed_pool=0.00s，repack=0.00s，total=0.05s。
正在处理托盘类型：MH423C，销售订单号：LAID16306DN03S__SPLITREST__
  - 该分组不适合列式（多非满柱）→ 回退 beam + 配方优先。
  - 配方优先[fast]：规划 0 实例，实装成功 0，配方路径不可用 → 采用基线方案。
  - 指数诊断：箱子 2 个，总指数 0.0191696，目标 0.7，理论最多达标托盘 0 个，剩余指数 0.0191696。
  - 几何诊断：典型整层堆叠单盘参考上限 0.0191696/0.7。 当前目标可能受托盘高度/箱型组合限制。
  - 几何诊断提示：典型整层参考值 0.0191696 < 目标 0.7；该值不是不可达证明，继续执行指数救援。
  - 失败托盘互借诊断：未合并（no_target_or_single_plan）。
托盘类型 MH423C（销售订单号：LAID16306DN03S__SPLITREST__）处理完成：总托盘 1，指数达标 0，未达标 1，平均缺口 0.68，最大缺口 0.68，失败托盘互借修复成功 0。
  - KPI：near/mid/deep=1/0/0，救回率=0.00%，pair效率=0.00%。
  - 耗时拆解：packing=0.00s，main_topup=0.00s，retry=0.00s，failed_pool=0.00s，repack=0.00s，total=0.00s。
正在处理托盘类型：MH423C，销售订单号：LAID16306DN02S
  - 主算法：全局列式装箱 + 柱级组合优化（GCP）。
  - 失败托盘互借诊断：未合并（no_target_or_single_plan）。
托盘类型 MH423C（销售订单号：LAID16306DN02S）处理完成：总托盘 1，指数达标 0，未达标 1，平均缺口 0.34，最大缺口 0.34，失败托盘互借修复成功 0。
  - KPI：near/mid/deep=1/0/0，救回率=0.00%，pair效率=0.00%。
  - 耗时拆解：packing=0.12s，main_topup=0.00s，retry=0.00s，failed_pool=0.00s，repack=0.00s，total=0.12s。
正在处理托盘类型：MH423C，销售订单号：LAID16306DN02S__SPLITREST__
  - 该分组不适合列式（多非满柱）→ 回退 beam + 配方优先。
  - 配方优先[fast]：规划 0 实例，实装成功 0，配方路径不可用 → 采用基线方案。
  - 指数诊断：箱子 2 个，总指数 0.0191696，目标 0.7，理论最多达标托盘 0 个，剩余指数 0.0191696。
  - 几何诊断：典型整层堆叠单盘参考上限 0.0191696/0.7。 当前目标可能受托盘高度/箱型组合限制。
  - 几何诊断提示：典型整层参考值 0.0191696 < 目标 0.7；该值不是不可达证明，继续执行指数救援。
  - 失败托盘互借诊断：未合并（no_target_or_single_plan）。
托盘类型 MH423C（销售订单号：LAID16306DN02S__SPLITREST__）处理完成：总托盘 1，指数达标 0，未达标 1，平均缺口 0.68，最大缺口 0.68，失败托盘互借修复成功 0。
  - KPI：near/mid/deep=1/0/0，救回率=0.00%，pair效率=0.00%。
  - 耗时拆解：packing=0.00s，main_topup=0.00s，retry=0.00s，failed_pool=0.00s，repack=0.00s，total=0.00s。
正在处理托盘类型：MH423C，销售订单号：PAIN26280MZ06S
  - 主算法：全局列式装箱 + 柱级组合优化（GCP）。
  - 失败托盘互借诊断：未合并（less_than_2_consolidatable）。
  - 指数再分配诊断：未接受（no_planned_gain）。
托盘类型 MH423C（销售订单号：PAIN26280MZ06S）处理完成：总托盘 2，指数达标 1，未达标 1，平均缺口 0.58，最大缺口 0.58，失败托盘互借修复成功 0。
  - KPI：near/mid/deep=1/0/0，救回率=0.00%，pair效率=0.00%。
  - 耗时拆解：packing=5.34s，main_topup=0.00s，retry=0.00s，failed_pool=0.00s，repack=0.02s，total=5.35s。
正在处理托盘类型：MH423C，销售订单号：PAID16306DN01S
  - 主算法：全局列式装箱 + 柱级组合优化（GCP）。
  - 失败托盘互借诊断：未合并（no_target_or_single_plan）。
托盘类型 MH423C（销售订单号：PAID16306DN01S）处理完成：总托盘 1，指数达标 0，未达标 1，平均缺口 0.53，最大缺口 0.53，失败托盘互借修复成功 0。
  - KPI：near/mid/deep=1/0/0，救回率=0.00%，pair效率=0.00%。
  - 耗时拆解：packing=0.15s，main_topup=0.00s，retry=0.00s，failed_pool=0.00s，repack=0.00s，total=0.15s。
正在处理托盘类型：MH423C，销售订单号：PAIN26280BN01S
  - 主算法：全局列式装箱 + 柱级组合优化（GCP）。
  - 失败托盘互借诊断：未合并（no_target_or_single_plan）。
托盘类型 MH423C（销售订单号：PAIN26280BN01S）处理完成：总托盘 1，指数达标 0，未达标 1，平均缺口 0.49，最大缺口 0.49，失败托盘互借修复成功 0。
  - KPI：near/mid/deep=1/0/0，救回率=0.00%，pair效率=0.00%。
  - 耗时拆解：packing=0.10s，main_topup=0.00s，retry=0.00s，failed_pool=0.00s，repack=0.00s，total=0.10s。
正在处理托盘类型：MH423C，销售订单号：PAID16300FN01S
  - 该分组不适合列式（多非满柱）→ 回退 beam + 配方优先。
  - 配方优先[fast]：规划 0 实例，实装成功 0，配方路径不可用 → 采用基线方案。
  - 指数诊断：箱子 1 个，总指数 0.0191696，目标 0.7，理论最多达标托盘 0 个，剩余指数 0.0191696。
  - 几何诊断：典型整层堆叠单盘参考上限 0.0191696/0.7。 当前目标可能受托盘高度/箱型组合限制。
  - 几何诊断提示：典型整层参考值 0.0191696 < 目标 0.7；该值不是不可达证明，继续执行指数救援。
  - 失败托盘互借诊断：未合并（no_target_or_single_plan）。
托盘类型 MH423C（销售订单号：PAID16300FN01S）处理完成：总托盘 1，指数达标 0，未达标 1，平均缺口 0.68，最大缺口 0.68，失败托盘互借修复成功 0。
  - KPI：near/mid/deep=1/0/0，救回率=0.00%，pair效率=0.00%。
  - 耗时拆解：packing=0.00s，main_topup=0.00s，retry=0.00s，failed_pool=0.00s，repack=0.00s，total=0.00s。
正在处理托盘类型：MH423C，销售订单号：PAID16295BD02S
  - 主算法：全局列式装箱 + 柱级组合优化（GCP）。
  - 失败托盘互借诊断：未合并（no_target_or_single_plan）。
托盘类型 MH423C（销售订单号：PAID16295BD02S）处理完成：总托盘 1，指数达标 0，未达标 1，平均缺口 0.58，最大缺口 0.58，失败托盘互借修复成功 0。
  - KPI：near/mid/deep=1/0/0，救回率=0.00%，pair效率=0.00%。
  - 耗时拆解：packing=0.04s，main_topup=0.00s，retry=0.00s，failed_pool=0.00s，repack=0.00s，total=0.04s。
正在处理托盘类型：MH423C，销售订单号：LAID16285EN01S
  - 该分组不适合列式（多非满柱）→ 回退 beam + 配方优先。
  - 配方优先[fast]：规划 0 实例，实装成功 0，配方路径不可用 → 采用基线方案。
  - 指数诊断：箱子 3 个，总指数 0.086263，目标 0.7，理论最多达标托盘 0 个，剩余指数 0.086263。
  - 几何诊断：典型整层堆叠单盘参考上限 0.086263/0.7。 当前目标可能受托盘高度/箱型组合限制。
  - 几何诊断提示：典型整层参考值 0.086263 < 目标 0.7；该值不是不可达证明，继续执行指数救援。
  - 失败托盘互借诊断：未合并（no_target_or_single_plan）。
托盘类型 MH423C（销售订单号：LAID16285EN01S）处理完成：总托盘 1，指数达标 0，未达标 1，平均缺口 0.61，最大缺口 0.61，失败托盘互借修复成功 0。
  - KPI：near/mid/deep=1/0/0，救回率=0.00%，pair效率=0.00%。
  - 耗时拆解：packing=0.00s，main_topup=0.00s，retry=0.00s，failed_pool=0.00s，repack=0.00s，total=0.01s。
正在处理托盘类型：MH423C，销售订单号：PAID16305BN01S
  - 该分组不适合列式（多非满柱）→ 回退 beam + 配方优先。
  - 配方优先[fast]：规划 0 实例，实装成功 0，配方路径不可用 → 采用基线方案。
  - 指数诊断：箱子 2 个，总指数 0.0191696，目标 0.7，理论最多达标托盘 0 个，剩余指数 0.0191696。
  - 几何诊断：典型整层堆叠单盘参考上限 0.0191696/0.7。 当前目标可能受托盘高度/箱型组合限制。
  - 几何诊断提示：典型整层参考值 0.0191696 < 目标 0.7；该值不是不可达证明，继续执行指数救援。
  - 失败托盘互借诊断：未合并（no_target_or_single_plan）。
托盘类型 MH423C（销售订单号：PAID16305BN01S）处理完成：总托盘 1，指数达标 0，未达标 1，平均缺口 0.68，最大缺口 0.68，失败托盘互借修复成功 0。
  - KPI：near/mid/deep=1/0/0，救回率=0.00%，pair效率=0.00%。
  - 耗时拆解：packing=0.00s，main_topup=0.00s，retry=0.00s，failed_pool=0.00s，repack=0.00s，total=0.01s。
  - 失败盘装满压实：合并/吸收 1 次（纯减盘数）。
  - 跨子组装满压实（MH423C / LAID16306DN01S）：合并 1 次（纯减盘数）。
  - 失败盘装满压实：合并/吸收 1 次（纯减盘数）。
  - 跨子组装满压实（MH423C / LAID16296DN01S）：合并 1 次（纯减盘数）。
  - 失败盘装满压实：合并/吸收 1 次（纯减盘数）。
  - 跨子组装满压实（MH423C / LAID16296DN02S）：合并 1 次（纯减盘数）。
  - 失败盘装满压实：合并/吸收 1 次（纯减盘数）。
  - 跨子组装满压实（MH423C / PAIN26286EN01S）：合并 1 次（纯减盘数）。
  - 跨子组条件双路径（MH423C / LFEG16290IN03S）：采用严格更优完整路径。
  - 跨子组条件双路径（MH423C / LAID16295EN02S）：采用严格更优完整路径。
  - 跨子组条件双路径（MH423C / PAID16295EN06S）：采用严格更优完整路径。
  - 失败盘装满压实：合并/吸收 1 次（纯减盘数）。
  - 跨子组装满压实（MH423C / LAMY16315FN01S）：合并 1 次（纯减盘数）。
  - 跨子组定向换箱（MH423C / LAID16295EN01S__CASEGROUP__1）：救回 1 个达标盘。
  - 失败盘装满压实：合并/吸收 1 次（纯减盘数）。
  - 跨子组装满压实（MH423C / LAID16306DN03S）：合并 1 次（纯减盘数）。
  - 失败盘装满压实：合并/吸收 1 次（纯减盘数）。
  - 跨子组装满压实（MH423C / LAID16306DN02S）：合并 1 次（纯减盘数）。
========================================
统计汇总：总托盘 91，指数达标 8，未达标 83，未知 0，平均缺口 143.89，最大缺口 191.50，失败托盘互借修复成功 1
KPI汇总：near/mid/deep=0/0/83，pair尝试=0，pair改进=0，pair效率=0.00%
耗时汇总：packing=192.84s，main_topup=0.03s，retry=0.00s，repack=21.14s，end_to_end=335.48s
========================================
[WCS-装] SUCCESS 产品码 448 个，SUCCESS 盘 8，FAILED 盘 83。
[WCS-装] 本轮计算结束。
[WCS-装] 本轮方案已保存（success）：C:\Users\18252\Desktop\zhuang\packing-workspace\output\success\packing_plan_20261008_131951.json
[执行规划] 产物目录：C:\Users\18252\Desktop\zhuang\packing-workspace\output\success（success）
[执行规划] 开始：D:\anaconda\envs\packing-zhuang\python.exe C:\Users\18252\Desktop\zhuang\packing-system\run_execution_planning.py C:\Users\18252\Desktop\zhuang\packing-workspace\output\success\packing_plan_20261008_131951.json --config C:\Users\18252\Desktop\zhuang\packing-workspace\runtime\packing-realtime\temp\ui_config_api_20261008_131943.yaml --output C:\Users\18252\Desktop\zhuang\packing-workspace\output\success\packing_plan_20261008_131951_execution.json --wcs-output C:\Users\18252\Desktop\zhuang\packing-workspace\output\success\packing_plan_20261008_131951_execution_wcs.json --wcs-map-output C:\Users\18252\Desktop\zhuang\packing-workspace\output\success\packing_plan_20261008_131951_execution_wcs_map.json
[WCS-DB] wcs_success_box：归档旧未下传记录 64 行。
[WCS-DB] wcs_success_box：本批候选 448 行，本批写入 448 行。
[WCS-DB] wcs_box_orientation：本批候选 448 行，写入影响 448（含已存在跳过）。
[现场码垛] 新计算结果已入库，已清空旧码放队列 7232 条
[现场会话] 新计算结果已入库，当前没有未完成托盘
execution plan written: pallets=91 boxes=2126 reordered_pallets=77 path=C:\Users\18252\Desktop\zhuang\packing-workspace\output\success\packing_plan_20261008_131951_execution.json
WCS execution cases written: C:\Users\18252\Desktop\zhuang\packing-workspace\output\success\packing_plan_20261008_131951_execution_wcs.json
WCS execution plan map written: C:\Users\18252\Desktop\zhuang\packing-workspace\output\success\packing_plan_20261008_131951_execution_wcs_map.json
execution scan deviations pallet='MH423C-LAID16306DN01S-2' count=2: expected='WCS-1769-YZX444-0000' selected='WCS-1082-YZX428-0000' box='WCS-1769-YZX444-0000' after='WCS-1082-YZX428-0000' reason=open_direction lookahead=true; expected='WCS-1768-YZX444-0000' selected='WCS-0300-YZX848-0000' box='WCS-1768-YZX444-0000' after='WCS-0300-YZX848-0000' reason=open_direction lookahead=true
execution scan deviations pallet='MH423C-LAID16296DN01S-1' count=4: expected='WCS-0009-YBB267-0000' selected='WCS-0241-YZX848-0000' box='WCS-0009-YBB267-0000' after='WCS-0241-YZX848-0000' reason=open_direction lookahead=true; expected='WCS-1871-YZX244-0000' selected='WCS-0060-DZX848-0000' box='WCS-1871-YZX244-0000' after='WCS-0060-DZX848-0000' reason=open_direction lookahead=true; expected='WCS-0011-YBB267-0000' selected='WCS-0385-YZX848-0000' box='WCS-0011-YBB267-0000' after='WCS-0385-YZX848-0000' reason=open_direction lookahead=true; expected='WCS-1408-YZX424-0000' selected='WCS-1413-YZX424-0000' box='WCS-1408-YZX424-0000' after='WCS-1413-YZX424-0000' reason=open_direction lookahead=true
execution scan deviations pallet='MH423C-LAID16296DN02S-1' count=7: expected='WCS-1107-DZX448-0000' selected='WCS-0243-YZX848-0000' box='WCS-1107-DZX448-0000' after='WCS-0243-YZX848-0000' reason=open_direction lookahead=true; expected='WCS-0012-YBB267-0000' selected='WCS-0020-ZX848-0000' box='WCS-0012-YBB267-0000' after='WCS-0020-ZX848-0000' reason=open_direction lookahead=true; expected='WCS-0131-DZX448-0000' selected='WCS-0175-YZX848-0000' box='WCS-0131-DZX448-0000' after='WCS-0175-YZX848-0000' reason=open_direction lookahead=true; expected='WCS-0013-YBB267-0000' selected='WCS-0177-YZX848-0000' box='WCS-0013-YBB267-0000' after='WCS-0177-YZX848-0000' reason=open_direction lookahead=true; expected='WCS-1455-DZX424-0000' selected='WCS-0414-YBB225-0000' box='WCS-1455-DZX424-0000' after='WCS-0414-YBB225-0000' reason=open_direction lookahead=true; expected='WCS-1456-DZX424-0000' selected='WCS-1459-DZX424-0000' box='WCS-1456-DZX424-0000' after='WCS-1459-DZX424-0000' reason=open_direction lookahead=true; expected='WCS-0156-YBB106-0000' selected='WCS-0178-YZX848-0000' box='WCS-0156-YBB106-0000' after='WCS-0178-YZX848-0000' reason=open_direction lookahead=true
execution scan deviations pallet='MH423C-LAID16296DN03S-1' count=3: expected='WCS-1105-DZX448-0000' selected='WCS-1190-YZX428-0000' box='WCS-1105-DZX448-0000' after='WCS-1190-YZX428-0000' reason=open_direction lookahead=true; expected='WCS-1106-DZX448-0000' selected='WCS-0016-YBB267-0000' box='WCS-1106-DZX448-0000' after='WCS-0016-YBB267-0000' reason=open_direction lookahead=true; expected='WCS-1108-DZX448-0000' selected='WCS-0015-YBB267-0000' box='WCS-1108-DZX448-0000' after='WCS-0015-YBB267-0000' reason=open_direction lookahead=true
execution scan deviations pallet='MH423C-PAIN26286EN01S-1' count=3: expected='WCS-0067-YZX244-0000' selected='WCS-0115-YZX507-0000' box='WCS-0067-YZX244-0000' after='WCS-0115-YZX507-0000' reason=open_direction lookahead=true; expected='WCS-0120-YZX507-0000' selected='WCS-0387-YZX428-0000' box='WCS-0120-YZX507-0000' after='WCS-0387-YZX428-0000' reason=open_direction lookahead=true; expected='WCS-0068-YZX244-0000' selected='WCS-0116-YZX507-0000' box='WCS-0068-YZX244-0000' after='WCS-0116-YZX507-0000' reason=open_direction lookahead=true
execution scan deviations pallet='MH423C-LFEG16290IN02S-1' count=8: expected='WCS-0769-YBB125-0000' selected='WCS-1778-YZX848-0000' box='WCS-0769-YBB125-0000' after='WCS-1778-YZX848-0000' reason=open_direction lookahead=true; expected='WCS-0770-YBB125-0000' selected='WCS-1060-YZX448-0000' box='WCS-0770-YBB125-0000' after='WCS-1060-YZX448-0000' reason=open_direction lookahead=true; expected='WCS-0766-YBB125-0000' selected='WCS-0638-YZX428-0000' box='WCS-0766-YBB125-0000' after='WCS-0638-YZX428-0000' reason=open_direction lookahead=true; expected='WCS-0771-YBB125-0000' selected='WCS-1207-YZX428-0000' box='WCS-0771-YBB125-0000' after='WCS-1207-YZX428-0000' reason=open_direction lookahead=true; expected='WCS-0768-YBB125-0000' selected='WCS-1202-YZX428-0000' box='WCS-0768-YBB125-0000' after='WCS-1202-YZX428-0000' reason=open_direction lookahead=true; expected='WCS-1199-YZX428-0000' selected='WCS-0806-DZX448-0000' box='WCS-1199-YZX428-0000' after='WCS-0806-DZX448-0000' reason=open_direction lookahead=true; expected='WCS-1772-YZX444-0000' selected='WCS-1210-YZX428-0000' box='WCS-1772-YZX444-0000' after='WCS-1210-YZX428-0000' reason=open_direction lookahead=true; expected='WCS-1154-YZX444-0000' selected='WCS-1155-YZX444-0000' box='WCS-1154-YZX444-0000' after='WCS-1155-YZX444-0000' reason=open_direction lookahead=true
execution scan deviations pallet='MH423C-LAID16295BN02S-1' count=3: expected='WCS-0132-YZX448-0000' selected='WCS-0738-YBB125-0000' box='WCS-0132-YZX448-0000' after='WCS-0738-YBB125-0000' reason=open_direction lookahead=true; expected='WCS-0134-YZX448-0000' selected='WCS-0737-YBB125-0000' box='WCS-0134-YZX448-0000' after='WCS-0737-YBB125-0000' reason=open_direction lookahead=true; expected='WCS-0133-YZX448-0000' selected='WCS-0740-YBB125-0000' box='WCS-0133-YZX448-0000' after='WCS-0740-YBB125-0000' reason=open_direction lookahead=true
execution scan deviations pallet='MH423C-LFEG16290IN03S-1' count=5: expected='WCS-1776-YZX448-0000' selected='WCS-0309-YZX848-0000' box='WCS-1776-YZX448-0000' after='WCS-0309-YZX848-0000' reason=open_direction lookahead=true; expected='WCS-0271-YZX448-0000' selected='WCS-0834-YBB005-0000' box='WCS-0271-YZX448-0000' after='WCS-0834-YBB005-0000' reason=open_direction lookahead=true; expected='WCS-0024-YBB135-0000' selected='WCS-1314-YZX428-0000' box='WCS-0024-YBB135-0000' after='WCS-1314-YZX428-0000' reason=open_direction lookahead=true; expected='WCS-1079-YZX444-0000' selected='WCS-0151-DZX448-0000' box='WCS-1079-YZX444-0000' after='WCS-0151-DZX448-0000' reason=open_direction lookahead=true; expected='WCS-1308-YZX428-0000' selected='WCS-1771-YZX444-0000' box='WCS-1308-YZX428-0000' after='WCS-1771-YZX444-0000' reason=open_direction lookahead=true
execution scan deviations pallet='MH423C-LAMY16295FN01S-1' count=1: expected='WCS-0443-YBB077-0000' selected='WCS-1429-YZX424-0000' box='WCS-0443-YBB077-0000' after='WCS-1429-YZX424-0000' reason=open_direction lookahead=true
execution scan deviations pallet='MH423C-PAIN26290BN01S-1' count=4: expected='WCS-0310-YZX448-0000' selected='WCS-1172-YZX448-0000' box='WCS-0310-YZX448-0000' after='WCS-1172-YZX448-0000' reason=open_direction lookahead=true; expected='WCS-1722-YZX448-0000' selected='WCS-1180-YZX448-0000' box='WCS-1722-YZX448-0000' after='WCS-1180-YZX448-0000' reason=open_direction lookahead=true; expected='WCS-1723-YZX448-0000' selected='WCS-1535-YBB005-0000' box='WCS-1723-YZX448-0000' after='WCS-1535-YBB005-0000' reason=open_direction lookahead=true; expected='WCS-1540-YBB005-0000' selected='WCS-1426-YZX424-0000' box='WCS-1540-YBB005-0000' after='WCS-1426-YZX424-0000' reason=open_direction lookahead=true
execution scan deviations pallet='MH423C-PAIN26290BC02S-1' count=9: expected='WCS-0340-YZX444-0000' selected='WCS-0349-YZX444-0000' box='WCS-0340-YZX444-0000' after='WCS-0349-YZX444-0000' reason=open_direction lookahead=true; expected='WCS-0343-YZX444-0000' selected='WCS-0364-YZX444-0000' box='WCS-0343-YZX444-0000' after='WCS-0364-YZX444-0000' reason=open_direction lookahead=true; expected='WCS-0346-YZX444-0000' selected='WCS-0567-YZX428-0000' box='WCS-0346-YZX444-0000' after='WCS-0567-YZX428-0000' reason=open_direction lookahead=true; expected='WCS-0341-YZX444-0000' selected='WCS-0572-YZX428-0000' box='WCS-0341-YZX444-0000' after='WCS-0572-YZX428-0000' reason=open_direction lookahead=true; expected='WCS-0344-YZX444-0000' selected='WCS-0365-YZX444-0000' box='WCS-0344-YZX444-0000' after='WCS-0365-YZX444-0000' reason=open_direction lookahead=true; expected='WCS-0347-YZX444-0000' selected='WCS-0569-YZX428-0000' box='WCS-0347-YZX444-0000' after='WCS-0569-YZX428-0000' reason=open_direction lookahead=true; expected='WCS-0342-YZX444-0000' selected='WCS-0574-YZX428-0000' box='WCS-0342-YZX444-0000' after='WCS-0574-YZX428-0000' reason=open_direction lookahead=true; expected='WCS-0345-YZX444-0000' selected='WCS-0366-YZX444-0000' box='WCS-0345-YZX444-0000' after='WCS-0366-YZX444-0000' reason=open_direction lookahead=true; ...
execution scan deviations pallet='MH423C-PAIN26290GN01S-1' count=7: expected='WCS-1963-YZX444-0000' selected='WCS-1249-YZX848-0000' box='WCS-1963-YZX444-0000' after='WCS-1249-YZX848-0000' reason=open_direction lookahead=true; expected='WCS-1964-YZX444-0000' selected='WCS-1645-DZX448-0000' box='WCS-1964-YZX444-0000' after='WCS-1645-DZX448-0000' reason=open_direction lookahead=true; expected='WCS-0069-YBB248-0000' selected='WCS-1650-DZX448-0000' box='WCS-0069-YBB248-0000' after='WCS-1650-DZX448-0000' reason=hard_dependency; expected='WCS-1361-YBB096-0000' selected='WCS-1653-DZX448-0000' box='WCS-1361-YBB096-0000' after='WCS-1653-DZX448-0000' reason=open_direction lookahead=true; expected='WCS-0290-YZX424-0000' selected='WCS-1657-DZX448-0000' box='WCS-0290-YZX424-0000' after='WCS-1657-DZX448-0000' reason=open_direction lookahead=true; expected='WCS-1253-YZX428-0000' selected='WCS-1661-DZX448-0000' box='WCS-1253-YZX428-0000' after='WCS-1661-DZX448-0000' reason=open_direction lookahead=true; expected='WCS-0072-YBB106-0000' selected='WCS-0073-YBB106-0000' box='WCS-0072-YBB106-0000' after='WCS-0073-YBB106-0000' reason=open_direction lookahead=true
execution scan deviations pallet='MH423C-LAID16295EN02S-1' count=1: expected='WCS-1503-YZX424-0000' selected='WCS-0224-YBB258-0000' box='WCS-1503-YZX424-0000' after='WCS-0224-YBB258-0000' reason=open_direction lookahead=true
execution scan deviations pallet='MH423C-LAID16295EN02S-2' count=3: expected='WCS-1417-YZX444-0000' selected='WCS-1191-YZX448-0000' box='WCS-1417-YZX444-0000' after='WCS-1191-YZX448-0000' reason=open_direction lookahead=true; expected='WCS-1418-YZX444-0000' selected='WCS-1193-YZX448-0000' box='WCS-1418-YZX444-0000' after='WCS-1193-YZX448-0000' reason=open_direction lookahead=true; expected='WCS-1419-YZX444-0000' selected='WCS-0274-DZX448-0000' box='WCS-1419-YZX444-0000' after='WCS-0274-DZX448-0000' reason=open_direction lookahead=true
execution scan deviations pallet='MH423C-LFEG16290IN01S-1' count=3: expected='WCS-1145-YZX444-0000' selected='WCS-1076-YZX424-0000' box='WCS-1145-YZX444-0000' after='WCS-1076-YZX424-0000' reason=open_direction lookahead=true; expected='WCS-1146-YZX444-0000' selected='WCS-0633-YZX428-0000' box='WCS-1146-YZX444-0000' after='WCS-0633-YZX428-0000' reason=open_direction lookahead=true; expected='WCS-1147-YZX444-0000' selected='WCS-0460-DZX428-0000' box='WCS-1147-YZX444-0000' after='WCS-0460-DZX428-0000' reason=open_direction lookahead=true
execution scan deviations pallet='MH423C-LAID16295EN01S-1' count=3: expected='WCS-1501-YZX424-0000' selected='WCS-0213-YBB285-0000' box='WCS-1501-YZX424-0000' after='WCS-0213-YBB285-0000' reason=open_direction lookahead=true; expected='WCS-2016-YZX424-0000' selected='WCS-1822-YZX444-0000' box='WCS-2016-YZX424-0000' after='WCS-1822-YZX444-0000' reason=open_direction lookahead=true; expected='WCS-0780-YZX428-0000' selected='WCS-0259-YZX448-0000' box='WCS-0780-YZX428-0000' after='WCS-0259-YZX448-0000' reason=open_direction lookahead=true
execution scan deviations pallet='MH423C-LAID16295EN01S-2' count=5: expected='WCS-1849-DZX448-0000' selected='WCS-1046-YZX848-0000' box='WCS-1849-DZX448-0000' after='WCS-1046-YZX848-0000' reason=open_direction lookahead=true; expected='WCS-1853-DZX448-0000' selected='WCS-1834-DZX448-0000' box='WCS-1853-DZX448-0000' after='WCS-1834-DZX448-0000' reason=open_direction lookahead=true; expected='WCS-0839-YZX508-0000' selected='WCS-1841-DZX448-0000' box='WCS-0839-YZX508-0000' after='WCS-1841-DZX448-0000' reason=open_direction lookahead=true; expected='WCS-0840-YZX508-0000' selected='WCS-1833-DZX448-0000' box='WCS-0840-YZX508-0000' after='WCS-1833-DZX448-0000' reason=hard_dependency; expected='WCS-0840-YZX508-0000' selected='WCS-0777-YZX448-0000' box='WCS-0840-YZX508-0000' after='WCS-0777-YZX448-0000' reason=open_direction lookahead=true
execution scan deviations pallet='MH423C-PAID16295EN06S-1' count=4: expected='WCS-0531-DZX507-0000' selected='WCS-0255-YZX444-0000' box='WCS-0531-DZX507-0000' after='WCS-0255-YZX444-0000' reason=open_direction lookahead=true; expected='WCS-0296-YZX444-0000' selected='WCS-0250-YZX448-0000' box='WCS-0296-YZX444-0000' after='WCS-0250-YZX448-0000' reason=open_direction lookahead=true; expected='WCS-0249-YZX448-0000' selected='WCS-0251-YZX448-0000' box='WCS-0249-YZX448-0000' after='WCS-0251-YZX448-0000' reason=open_direction lookahead=true; expected='WCS-1414-YZX444-0000' selected='WCS-1102-DZX848-0000' box='WCS-1414-YZX444-0000' after='WCS-1102-DZX848-0000' reason=open_direction lookahead=true
execution scan deviations pallet='MH423C-PAID16295EN06S-2' count=4: expected='WCS-0634-DZX448-0000' selected='WCS-0471-YZX848-0000' box='WCS-0634-DZX448-0000' after='WCS-0471-YZX848-0000' reason=open_direction lookahead=true; expected='WCS-0267-YZX444-0000' selected='WCS-1451-DZX424-0000' box='WCS-0267-YZX444-0000' after='WCS-1451-DZX424-0000' reason=open_direction lookahead=true; expected='WCS-2010-YZX424-0000' selected='WCS-0527-DZX507-0000' box='WCS-2010-YZX424-0000' after='WCS-0527-DZX507-0000' reason=open_direction lookahead=true; expected='WCS-2011-YZX424-0000' selected='WCS-0627-YZX507-0000' box='WCS-2011-YZX424-0000' after='WCS-0627-YZX507-0000' reason=open_direction lookahead=true
execution scan deviations pallet='MH423C-LAID16295BN01S-1' count=5: expected='WCS-0880-YZX444-0000' selected='WCS-0379-YZX848-0000' box='WCS-0880-YZX444-0000' after='WCS-0379-YZX848-0000' reason=open_direction lookahead=true; expected='WCS-1111-DZX448-0000' selected='WCS-0757-YBB125-0000' box='WCS-1111-DZX448-0000' after='WCS-0757-YBB125-0000' reason=open_direction lookahead=true; expected='WCS-0881-YZX444-0000' selected='WCS-0609-DZX848-0000' box='WCS-0881-YZX444-0000' after='WCS-0609-DZX848-0000' reason=open_direction lookahead=true; expected='WCS-0878-YZX444-0000' selected='WCS-0762-YBB125-0000' box='WCS-0878-YZX444-0000' after='WCS-0762-YBB125-0000' reason=open_direction lookahead=true; expected='WCS-0879-YZX444-0000' selected='WCS-1935-DZX507-0000' box='WCS-0879-YZX444-0000' after='WCS-1935-DZX507-0000' reason=open_direction lookahead=true
execution scan deviations pallet='MH423C-LAID16296DN03S-2' count=3: expected='WCS-0388-DZX444-0000' selected='WCS-0402-DZX428-0000' box='WCS-0388-DZX444-0000' after='WCS-0402-DZX428-0000' reason=open_direction lookahead=true; expected='WCS-0391-DZX444-0000' selected='WCS-0390-DZX444-0000' box='WCS-0391-DZX444-0000' after='WCS-0390-DZX444-0000' reason=open_direction lookahead=true; expected='WCS-0393-DZX444-0000' selected='WCS-0392-DZX444-0000' box='WCS-0393-DZX444-0000' after='WCS-0392-DZX444-0000' reason=open_direction lookahead=true
execution scan deviations pallet='MH423C-LAMY16315FN01S-1' count=2: expected='WCS-0735-YZX444-0000' selected='WCS-0505-YZX424-0000' box='WCS-0735-YZX444-0000' after='WCS-0505-YZX424-0000' reason=open_direction lookahead=true; expected='WCS-0736-YZX444-0000' selected='WCS-0508-YZX424-0000' box='WCS-0736-YZX444-0000' after='WCS-0508-YZX424-0000' reason=open_direction lookahead=true
execution scan deviations pallet='MH423C-LAID16305BN02S-1' count=5: expected='WCS-0542-YZX428-0000' selected='WCS-0518-YZX428-0000' box='WCS-0542-YZX428-0000' after='WCS-0518-YZX428-0000' reason=open_direction lookahead=true; expected='WCS-1681-YZX444-0000' selected='WCS-0522-YZX428-0000' box='WCS-1681-YZX444-0000' after='WCS-0522-YZX428-0000' reason=open_direction lookahead=true; expected='WCS-1685-YZX444-0000' selected='WCS-1674-YZX444-0000' box='WCS-1685-YZX444-0000' after='WCS-1674-YZX444-0000' reason=open_direction lookahead=true; expected='WCS-1689-YZX444-0000' selected='WCS-0520-YZX424-0000' box='WCS-1689-YZX444-0000' after='WCS-0520-YZX424-0000' reason=open_direction lookahead=true; expected='WCS-1676-YZX444-0000' selected='WCS-0525-YZX424-0000' box='WCS-1676-YZX444-0000' after='WCS-0525-YZX424-0000' reason=open_direction lookahead=true
execution scan deviations pallet='MH423C-LAID16305EN01S-2' count=2: expected='WCS-0565-YZX428-0000' selected='WCS-1866-YZX848-0000' box='WCS-0565-YZX428-0000' after='WCS-1866-YZX848-0000' reason=open_direction lookahead=true; expected='WCS-1231-YBB285-0000' selected='WCS-1235-YBB285-0000' box='WCS-1231-YBB285-0000' after='WCS-1235-YBB285-0000' reason=open_direction lookahead=true
execution scan deviations pallet='MH423C-PAIN26296EC02S-1' count=4: expected='WCS-2025-YZX444-0000' selected='WCS-1812-YZX424-0000' box='WCS-2025-YZX444-0000' after='WCS-1812-YZX424-0000' reason=open_direction lookahead=true; expected='WCS-1802-YZX424-0000' selected='WCS-1804-YZX424-0000' box='WCS-1802-YZX424-0000' after='WCS-1804-YZX424-0000' reason=open_direction lookahead=true; expected='WCS-1817-YZX424-0000' selected='WCS-1816-YZX424-0000' box='WCS-1817-YZX424-0000' after='WCS-1816-YZX424-0000' reason=open_direction lookahead=true; expected='WCS-1806-YZX424-0000' selected='WCS-1820-YZX424-0000' box='WCS-1806-YZX424-0000' after='WCS-1820-YZX424-0000' reason=open_direction lookahead=true
execution scan deviations pallet='MH423C-LAID16295EN01S-3' count=2: expected='WCS-0664-DZX424-0000' selected='WCS-0704-DZX448-0000' box='WCS-0664-DZX424-0000' after='WCS-0704-DZX448-0000' reason=hard_dependency; expected='WCS-0665-DZX424-0000' selected='WCS-0711-DZX448-0000' box='WCS-0665-DZX424-0000' after='WCS-0711-DZX448-0000' reason=hard_dependency
execution scan deviations pallet='MH423C-PAIN26296EN01S-1' count=7: expected='WCS-2047-YZX424-0000' selected='WCS-2053-YZX444-0000' box='WCS-2047-YZX424-0000' after='WCS-2053-YZX444-0000' reason=open_direction lookahead=true; expected='WCS-2046-YZX424-0000' selected='WCS-2078-YZX444-0000' box='WCS-2046-YZX424-0000' after='WCS-2078-YZX444-0000' reason=open_direction lookahead=true; expected='WCS-2066-YZX424-0000' selected='WCS-2082-YZX444-0000' box='WCS-2066-YZX424-0000' after='WCS-2082-YZX444-0000' reason=open_direction lookahead=true; expected='WCS-2065-YZX424-0000' selected='WCS-1827-DZX448-0000' box='WCS-2065-YZX424-0000' after='WCS-1827-DZX448-0000' reason=open_direction lookahead=true; expected='WCS-2088-YZX444-0000' selected='WCS-2083-YZX444-0000' box='WCS-2088-YZX444-0000' after='WCS-2083-YZX444-0000' reason=open_direction lookahead=true; expected='WCS-2074-YZX424-0000' selected='WCS-2072-YZX424-0000' box='WCS-2074-YZX424-0000' after='WCS-2072-YZX424-0000' reason=open_direction lookahead=true; expected='WCS-2073-YZX424-0000' selected='WCS-1791-DZX448-0000' box='WCS-2073-YZX424-0000' after='WCS-1791-DZX448-0000' reason=open_direction lookahead=true
execution scan deviations pallet='MH423C-LAID16294AN01S-1' count=1: expected='WCS-1423-YZX424-0000' selected='WCS-1241-YZX848-0000' box='WCS-1423-YZX424-0000' after='WCS-1241-YZX848-0000' reason=open_direction lookahead=true
execution scan deviations pallet='MH423C-PAID16295BN01S-1' count=1: expected='WCS-1959-DZX248-0000' selected='WCS-1960-DZX248-0000' box='WCS-1959-DZX248-0000' after='WCS-1960-DZX248-0000' reason=open_direction lookahead=true
execution scan deviations pallet='MH423C-PAIN26290MN02S-1' count=3: expected='WCS-1870-YZX448-0000' selected='WCS-1261-YZX848-0000' box='WCS-1870-YZX448-0000' after='WCS-1261-YZX848-0000' reason=open_direction lookahead=true; expected='WCS-1945-YZX444-0000' selected='WCS-2023-YZX444-0000' box='WCS-1945-YZX444-0000' after='WCS-2023-YZX444-0000' reason=open_direction lookahead=true; expected='WCS-1946-YZX444-0000' selected='WCS-2018-YZX444-0000' box='WCS-1946-YZX444-0000' after='WCS-2018-YZX444-0000' reason=open_direction lookahead=true
execution scan deviations pallet='MH423C-LAID16306DN02S-1' count=2: expected='WCS-1545-YZX424-0000' selected='WCS-1496-YZX424-0000' box='WCS-1545-YZX424-0000' after='WCS-1496-YZX424-0000' reason=open_direction lookahead=true; expected='WCS-1483-YZX424-0000' selected='WCS-1500-YZX424-0000' box='WCS-1483-YZX424-0000' after='WCS-1500-YZX424-0000' reason=open_direction lookahead=true
execution scan deviations pallet='MH423C-PAIN26280MZ06S-1' count=6: expected='WCS-1997-YZX424-0000' selected='WCS-1570-DZX444-0000' box='WCS-1997-YZX424-0000' after='WCS-1570-DZX444-0000' reason=open_direction lookahead=true; expected='WCS-1994-YZX424-0000' selected='WCS-2098-YZX444-0000' box='WCS-1994-YZX424-0000' after='WCS-2098-YZX444-0000' reason=open_direction lookahead=true; expected='WCS-2004-YZX424-0000' selected='WCS-1567-DZX444-0000' box='WCS-2004-YZX424-0000' after='WCS-1567-DZX444-0000' reason=open_direction lookahead=true; expected='WCS-2001-YZX424-0000' selected='WCS-2115-YZX444-0000' box='WCS-2001-YZX424-0000' after='WCS-2115-YZX444-0000' reason=open_direction lookahead=true; expected='WCS-2122-YZX424-0000' selected='WCS-2097-YZX444-0000' box='WCS-2122-YZX424-0000' after='WCS-2097-YZX444-0000' reason=open_direction lookahead=true; expected='WCS-2008-YZX424-0000' selected='WCS-2106-YZX444-0000' box='WCS-2008-YZX424-0000' after='WCS-2106-YZX444-0000' reason=open_direction lookahead=true
[执行规划] 已删除原方案（仅保留 execution）：packing_plan_20261008_131951.json
[执行规划] 完成；统一使用：C:\Users\18252\Desktop\zhuang\packing-workspace\output\success\packing_plan_20261008_131951_execution.json
[WCS-装] 接口 2 使用执行顺序方案，发送体已保存：C:\Users\18252\Desktop\zhuang\packing-workspace\output\success\wcs_plan_20261008_131951.json（91 个 case）
[WCS-装] 执行顺序方案执行层映射已保存：C:\Users\18252\Desktop\zhuang\packing-workspace\output\success\wcs_plan_map_20261008_131951.json
[WCS-装] 已跳过接口 2 推送（仅本地保存）。
[UI-RESULT] C:\Users\18252\Desktop\zhuang\packing-workspace\output\success\packing_plan_20261008_131951_execution.json
