[LOG] 后端日志文件：C:\Users\18252\Desktop\zhuang\packing-workspace\runtime\packing-realtime\logs\backend_20261004_201749.log
[LOG] 本次结果将输出到：C:\Users\18252\Desktop\zhuang\packing-workspace\runtime\packing-realtime\exports\ui_packing_plan_20261004_201749.json
[CMD] D:\anaconda\envs\packing-zhuang\python.exe C:\Users\18252\Desktop\zhuang\packing-system\packing\run_packing.py --config C:\Users\18252\Desktop\zhuang\packing-workspace\runtime\packing-realtime\temp\ui_config_normal_20261004_201749.yaml --out C:\Users\18252\Desktop\zhuang\packing-workspace\runtime\packing-realtime\exports\ui_packing_plan_20261004_201749.json
已加载约束配置：C:\Users\18252\Desktop\zhuang\packing-workspace\runtime\packing-realtime\temp\ui_config_normal_20261004_201749.yaml
load D:\anaconda\envs\packing-zhuang\Lib\site-packages\ortools\.libs\zlib1.dll...
load D:\anaconda\envs\packing-zhuang\Lib\site-packages\ortools\.libs\abseil_dll.dll...
load D:\anaconda\envs\packing-zhuang\Lib\site-packages\ortools\.libs\utf8_validity.dll...
load D:\anaconda\envs\packing-zhuang\Lib\site-packages\ortools\.libs\re2.dll...
load D:\anaconda\envs\packing-zhuang\Lib\site-packages\ortools\.libs\libprotobuf.dll...
load D:\anaconda\envs\packing-zhuang\Lib\site-packages\ortools\.libs\highs.dll...
load D:\anaconda\envs\packing-zhuang\Lib\site-packages\ortools\.libs\ortools.dll...
已加载配置数据集：C:\Users\18252\Desktop\zhuang\packing-workspace\data\ui_inputs\20261004_201746_668.xlsx
数据预处理和箱子分组完成（按托盘类型+销售订单号）。
----------------------------------------
  - 正常订单（全规则箱）判定：1 个订单须平顶不缺角。
正在处理托盘类型：MH423C，销售订单号：ANALYSIS_001
  - 主算法：全局列式装箱 + 柱级组合优化（GCP）。
  - 失败托盘互借诊断：未合并（aborted_no_improvement_possible）。
托盘类型 MH423C（销售订单号：ANALYSIS_001）处理完成：总托盘 12，指数达标 10，未达标 2，平均缺口 96.00，最大缺口 130.00，失败托盘互借修复成功 0。
  - KPI：near/mid/deep=0/0/2，救回率=0.00%，pair效率=0.00%。
  - 耗时拆解：packing=111.66s，main_topup=0.00s，retry=0.00s，failed_pool=0.00s，repack=2.48s，total=114.15s。
  - 条件双路径棘轮：替代完整路径未严格改善，保留 GCP。
========================================
统计汇总：总托盘 12，指数达标 10，未达标 2，未知 0，平均缺口 96.00，最大缺口 130.00，失败托盘互借修复成功 0
KPI汇总：near/mid/deep=0/0/2，pair尝试=0，pair改进=0，pair效率=0.00%
耗时汇总：packing=111.66s，main_topup=0.00s，retry=0.00s，repack=2.48s，end_to_end=145.33s
========================================
========================================
[success] 装箱方案：C:\Users\18252\Desktop\zhuang\packing-workspace\output\success\packing_plan_20261004_202015.json
[success] 托盘统计：C:\Users\18252\Desktop\zhuang\packing-workspace\output\success\packing_plan_summary_20261004_202015.xlsx
========================================
算法总运行时间：145.33 秒
========================================
方案另存为: C:\Users\18252\Desktop\zhuang\packing-workspace\runtime\packing-realtime\exports\ui_packing_plan_20261004_201749.json
[执行规划] 产物目录：C:\Users\18252\Desktop\zhuang\packing-workspace\output\success（success）
[执行规划] 开始：D:\anaconda\envs\packing-zhuang\python.exe C:\Users\18252\Desktop\zhuang\packing-system\run_execution_planning.py C:\Users\18252\Desktop\zhuang\packing-workspace\runtime\packing-realtime\exports\ui_packing_plan_20261004_201749.json --config C:\Users\18252\Desktop\zhuang\packing-workspace\runtime\packing-realtime\temp\ui_config_normal_20261004_201749.yaml --output C:\Users\18252\Desktop\zhuang\packing-workspace\output\success\ui_packing_plan_20261004_201749_execution.json --wcs-output C:\Users\18252\Desktop\zhuang\packing-workspace\output\success\ui_packing_plan_20261004_201749_execution_wcs.json --wcs-map-output C:\Users\18252\Desktop\zhuang\packing-workspace\output\success\ui_packing_plan_20261004_201749_execution_wcs_map.json
[WCS-DB] wcs_success_box：Excel/缺码已随机补 579 个内部 product_code
[WCS-DB] wcs_success_box：归档旧未下传记录 4546 行。
[WCS-DB] wcs_success_box：本批候选 579 行，本批写入 579 行。
[WCS-DB] wcs_box_orientation：本批候选 579 行，写入影响 579（含已存在跳过）。
[现场码垛] 新计算结果已入库，已清空旧码放队列 6589 条
[现场会话] 新计算结果已入库，当前没有未完成托盘
execution plan written: pallets=12 boxes=668 reordered_pallets=12 path=C:\Users\18252\Desktop\zhuang\packing-workspace\output\success\ui_packing_plan_20261004_201749_execution.json
WCS execution cases written: C:\Users\18252\Desktop\zhuang\packing-workspace\output\success\ui_packing_plan_20261004_201749_execution_wcs.json
WCS execution plan map written: C:\Users\18252\Desktop\zhuang\packing-workspace\output\success\ui_packing_plan_20261004_201749_execution_wcs_map.json
execution scan deviations pallet='MH423C-ANALYSIS_001-6' count=3: expected=12 selected=573 box=12 after=573 reason=open_direction lookahead=true; expected=13 selected=574 box=13 after=574 reason=open_direction lookahead=true; expected=14 selected=43 box=14 after=43 reason=open_direction lookahead=true
execution scan deviations pallet='MH423C-ANALYSIS_001-11' count=2: expected=548 selected=607 box=548 after=607 reason=open_direction lookahead=true; expected=83 selected=81 box=83 after=81 reason=open_direction lookahead=true
[执行规划] 已删除原方案（仅保留 execution）：ui_packing_plan_20261004_201749.json
[执行规划] 完成；统一使用：C:\Users\18252\Desktop\zhuang\packing-workspace\output\success\ui_packing_plan_20261004_201749_execution.json
[UI] 可视化将加载执行方案：C:\Users\18252\Desktop\zhuang\packing-workspace\output\success\ui_packing_plan_20261004_201749_execution.json
