[LOG] 后端日志文件：C:\Users\18252\Desktop\zhuang\packing-workspace\runtime\packing-realtime\logs\backend_20261008_164713.log
[LOG] 接口模式：读取所选历史接口 JSON，写入数据库并计算一次。
[CMD] D:\anaconda\envs\packing-zhuang\python.exe C:\Users\18252\Desktop\zhuang\packing-system\packing\run_wcs_service.py --config C:\Users\18252\Desktop\zhuang\packing-workspace\runtime\packing-realtime\temp\ui_config_api_20261008_164713.yaml --run-mode local-once --input-json C:\Users\18252\Desktop\zhuang\packing-workspace\input\raw\20260720_164739.json
[WCS] 已加载 BMS 参考表：C:\Users\18252\Desktop\zhuang\packing-workspace\data\selected_5000_boxes_9_1_concentrated_3orders.xlsx
[WCS-本地] 已剔除 case_type≠MH423C 的品类 67 条（类型：['WR246']），保留 2040 条。
[WCS-DB] wcs_stock_box product_code 集合未变（2040 个），跳过替换
[WCS-DB] wcs_stock_box_all product_code 已存在、跳过 2040 条
[WCS-本地] 已载入历史接口数据：C:\Users\18252\Desktop\zhuang\packing-workspace\input\raw\20260720_164739.json（有效品类 2040）
[WCS] 已加载 BMS 参考表：C:\Users\18252\Desktop\zhuang\packing-workspace\data\selected_5000_boxes_9_1_concentrated_3orders.xlsx
============================================================
[WCS-装] 20261008_164721：库存行 2040 条，开始装箱 …
[WCS-装] 展开为 2040 个箱子。
load D:\anaconda\envs\packing-zhuang\Lib\site-packages\ortools\.libs\zlib1.dll...
load D:\anaconda\envs\packing-zhuang\Lib\site-packages\ortools\.libs\abseil_dll.dll...
load D:\anaconda\envs\packing-zhuang\Lib\site-packages\ortools\.libs\utf8_validity.dll...
load D:\anaconda\envs\packing-zhuang\Lib\site-packages\ortools\.libs\re2.dll...
load D:\anaconda\envs\packing-zhuang\Lib\site-packages\ortools\.libs\libprotobuf.dll...
load D:\anaconda\envs\packing-zhuang\Lib\site-packages\ortools\.libs\highs.dll...
load D:\anaconda\envs\packing-zhuang\Lib\site-packages\ortools\.libs\ortools.dll...
数据预处理和箱子分组完成（按托盘类型+销售订单号）。
----------------------------------------
  - 正常订单（全规则箱）判定：46 个订单须平顶不缺角。
  - 组内子聚类：19 个混合订单拆出规则子集走 GCP、杂箱走 baseline。
正在处理托盘类型：MH423C，销售订单号：LAID16286DN02S
  - 该分组不适合列式（多非满柱）→ 回退 beam + 配方优先。
  - 配方优先[fast]：规划 0 实例，实装成功 0，配方路径不可用 → 采用基线方案。
  - 指数诊断：箱子 1 个，总指数 0.0023962，目标 0.7，理论最多达标托盘 0 个，剩余指数 0.0023962。
  - 几何诊断：典型整层堆叠单盘参考上限 0.0023962/0.7。 当前目标可能受托盘高度/箱型组合限制。
  - 几何诊断提示：典型整层参考值 0.0023962 < 目标 0.7；该值不是不可达证明，继续执行指数救援。
  - 失败托盘互借诊断：未合并（no_target_or_single_plan）。
托盘类型 MH423C（销售订单号：LAID16286DN02S）处理完成：总托盘 1，指数达标 0，未达标 1，平均缺口 0.70，最大缺口 0.70，失败托盘互借修复成功 0。
  - KPI：near/mid/deep=1/0/0，救回率=0.00%，pair效率=0.00%。
  - 耗时拆解：packing=0.00s，main_topup=0.00s，retry=0.00s，failed_pool=0.00s，repack=0.00s，total=0.00s。
正在处理托盘类型：MH423C，销售订单号：PAIN26280MN08S
  - 主算法：全局列式装箱 + 柱级组合优化（GCP）。
  - 失败托盘互借诊断：未合并（no_target_or_single_plan）。
托盘类型 MH423C（销售订单号：PAIN26280MN08S）处理完成：总托盘 1，指数达标 0，未达标 1，平均缺口 0.30，最大缺口 0.30，失败托盘互借修复成功 0。
  - KPI：near/mid/deep=1/0/0，救回率=0.00%，pair效率=0.00%。
  - 耗时拆解：packing=0.11s，main_topup=0.00s，retry=0.00s，failed_pool=0.00s，repack=0.00s，total=0.11s。
正在处理托盘类型：MH423C，销售订单号：PAIN26280MN01S
  - 该分组不适合列式（多非满柱）→ 回退 beam + 配方优先。
  - 配方优先[fast]：规划 0 实例，实装成功 0，配方路径不可用 → 采用基线方案。
  - 指数诊断：箱子 3 个，总指数 0.0274109，目标 0.7，理论最多达标托盘 0 个，剩余指数 0.0274109。
  - 几何诊断：典型整层堆叠单盘参考上限 0.0274109/0.7。 当前目标可能受托盘高度/箱型组合限制。
  - 几何诊断提示：典型整层参考值 0.0274109 < 目标 0.7；该值不是不可达证明，继续执行指数救援。
  - 失败托盘互借诊断：未合并（no_target_or_single_plan）。
托盘类型 MH423C（销售订单号：PAIN26280MN01S）处理完成：总托盘 1，指数达标 0，未达标 1，平均缺口 0.67，最大缺口 0.67，失败托盘互借修复成功 0。
  - KPI：near/mid/deep=1/0/0，救回率=0.00%，pair效率=0.00%。
  - 耗时拆解：packing=0.00s，main_topup=0.00s，retry=0.00s，failed_pool=0.00s，repack=0.00s，total=0.01s。
正在处理托盘类型：MH423C，销售订单号：LAID16306DN01S
  - 主算法：全局列式装箱 + 柱级组合优化（GCP）。
  - 失败托盘互借诊断：未合并（less_than_2_consolidatable）。
  - 指数再分配诊断：未接受（no_planned_gain）。
托盘类型 MH423C（销售订单号：LAID16306DN01S）处理完成：总托盘 2，指数达标 1，未达标 1，平均缺口 0.44，最大缺口 0.44，失败托盘互借修复成功 0。
  - KPI：near/mid/deep=1/0/0，救回率=0.00%，pair效率=0.00%。
  - 耗时拆解：packing=0.84s，main_topup=0.00s，retry=0.00s，failed_pool=0.00s，repack=0.00s，total=0.85s。
正在处理托盘类型：MH423C，销售订单号：LAID16306DN01S__SPLITREST__
  - 该分组不适合列式（多非满柱）→ 回退 beam + 配方优先。
  - 托盘 MH423C-LAID16306DN01S__SPLITREST__-1 未找到可行装箱方案，启用剩余箱子守恒兜底。
  - 配方优先[fast]：规划 0 实例，实装成功 0，配方路径不可用 → 采用基线方案。
  - 指数诊断：箱子 5 个，总指数 0.0263581，目标 0.7，理论最多达标托盘 0 个，剩余指数 0.0263581。
  - 几何诊断：典型整层堆叠单盘参考上限 0.0263581/0.7。 当前目标可能受托盘高度/箱型组合限制。
  - 几何诊断提示：典型整层参考值 0.0263581 < 目标 0.7；该值不是不可达证明，继续执行指数救援。
  - 失败盘装满压实：合并/吸收 1 次（纯减盘数）。
  - 失败托盘互借诊断：未合并（aborted_no_improvement_possible）。
托盘类型 MH423C（销售订单号：LAID16306DN01S__SPLITREST__）处理完成：总托盘 1，指数达标 0，未达标 1，平均缺口 0.67，最大缺口 0.67，失败托盘互借修复成功 0。
  - KPI：near/mid/deep=1/0/0，救回率=0.00%，pair效率=0.00%。
  - 耗时拆解：packing=0.01s，main_topup=0.00s，retry=0.00s，failed_pool=0.00s，repack=0.03s，total=0.07s。
正在处理托盘类型：MH423C，销售订单号：LAID16296DN01S
  - 主算法：全局列式装箱 + 柱级组合优化（GCP）。
  - 失败托盘互借诊断：未合并（aborted_no_improvement_possible）。
托盘类型 MH423C（销售订单号：LAID16296DN01S）处理完成：总托盘 2，指数达标 0，未达标 2，平均缺口 0.57，最大缺口 0.68，失败托盘互借修复成功 0。
  - KPI：near/mid/deep=2/0/0，救回率=0.00%，pair效率=0.00%。
  - 耗时拆解：packing=0.10s，main_topup=0.00s，retry=0.00s，failed_pool=0.00s，repack=0.11s，total=0.21s。
正在处理托盘类型：MH423C，销售订单号：LAID16296DN01S__SPLITREST__
  - 该分组不适合列式（多非满柱）→ 回退 beam + 配方优先。
  - 配方优先[fast]：规划 0 实例，实装成功 0，配方路径不可用 → 采用基线方案。
  - 指数诊断：箱子 4 个，总指数 0.0373143，目标 0.7，理论最多达标托盘 0 个，剩余指数 0.0373143。
  - 几何诊断：典型整层堆叠单盘参考上限 0.0373143/0.7。 当前目标可能受托盘高度/箱型组合限制。
  - 几何诊断提示：典型整层参考值 0.0373143 < 目标 0.7；该值不是不可达证明，继续执行指数救援。
  - 失败托盘互借诊断：未合并（no_target_or_single_plan）。
托盘类型 MH423C（销售订单号：LAID16296DN01S__SPLITREST__）处理完成：总托盘 1，指数达标 0，未达标 1，平均缺口 0.66，最大缺口 0.66，失败托盘互借修复成功 0。
  - KPI：near/mid/deep=1/0/0，救回率=0.00%，pair效率=0.00%。
  - 耗时拆解：packing=0.00s，main_topup=0.00s，retry=0.00s，failed_pool=0.00s，repack=0.00s，total=0.02s。
正在处理托盘类型：MH423C，销售订单号：LAID16296DN02S
  - 主算法：全局列式装箱 + 柱级组合优化（GCP）。
  - GCP 盘数远超理论（CP-SAT 装不满）→ 回退 baseline beam + 配方优先。
  - 配方优先[fast]：规划 0 实例，实装成功 0，配方路径不可用 → 采用基线方案。
  - 指数诊断：箱子 34 个，总指数 0.559112，目标 0.7，理论最多达标托盘 0 个，剩余指数 0.559112。
  - 几何诊断：典型整层堆叠单盘参考上限 0.464862/0.7。 当前目标可能受托盘高度/箱型组合限制。
  - 几何诊断提示：典型整层参考值 0.464862 < 目标 0.7；该值不是不可达证明，继续执行指数救援。
  - 失败托盘互借诊断：未合并（no_target_or_single_plan）。
托盘类型 MH423C（销售订单号：LAID16296DN02S）处理完成：总托盘 1，指数达标 0，未达标 1，平均缺口 0.14，最大缺口 0.14，失败托盘互借修复成功 0。
  - KPI：near/mid/deep=1/0/0，救回率=0.00%，pair效率=0.00%。
  - 耗时拆解：packing=0.14s，main_topup=0.00s，retry=0.00s，failed_pool=0.00s，repack=0.00s，total=0.82s。
正在处理托盘类型：MH423C，销售订单号：LAID16296DN02S__SPLITREST__
  - 该分组不适合列式（多非满柱）→ 回退 beam + 配方优先。
  - 配方优先[fast]：规划 0 实例，实装成功 0，配方路径不可用 → 采用基线方案。
  - 指数诊断：箱子 3 个，总指数 0.023962，目标 0.7，理论最多达标托盘 0 个，剩余指数 0.023962。
  - 几何诊断：典型整层堆叠单盘参考上限 0.023962/0.7。 当前目标可能受托盘高度/箱型组合限制。
  - 几何诊断提示：典型整层参考值 0.023962 < 目标 0.7；该值不是不可达证明，继续执行指数救援。
  - 失败托盘互借诊断：未合并（no_target_or_single_plan）。
托盘类型 MH423C（销售订单号：LAID16296DN02S__SPLITREST__）处理完成：总托盘 1，指数达标 0，未达标 1，平均缺口 0.68，最大缺口 0.68，失败托盘互借修复成功 0。
  - KPI：near/mid/deep=1/0/0，救回率=0.00%，pair效率=0.00%。
  - 耗时拆解：packing=0.00s，main_topup=0.00s，retry=0.00s，failed_pool=0.00s，repack=0.00s，total=0.01s。
正在处理托盘类型：MH423C，销售订单号：LAID16296DN03S
  - 主算法：全局列式装箱 + 柱级组合优化（GCP）。
  - 失败托盘互借诊断：未合并（no_target_or_single_plan）。
托盘类型 MH423C（销售订单号：LAID16296DN03S）处理完成：总托盘 1，指数达标 0，未达标 1，平均缺口 0.48，最大缺口 0.48，失败托盘互借修复成功 0。
  - KPI：near/mid/deep=1/0/0，救回率=0.00%，pair效率=0.00%。
  - 耗时拆解：packing=0.43s，main_topup=0.00s，retry=0.00s，failed_pool=0.00s，repack=0.00s，total=0.43s。
正在处理托盘类型：MH423C，销售订单号：PAIN26286EN01S
  - 主算法：全局列式装箱 + 柱级组合优化（GCP）。
  - 失败托盘互借诊断：未合并（no_target_or_single_plan）。
托盘类型 MH423C（销售订单号：PAIN26286EN01S）处理完成：总托盘 1，指数达标 0，未达标 1，平均缺口 0.18，最大缺口 0.18，失败托盘互借修复成功 0。
  - KPI：near/mid/deep=1/0/0，救回率=0.00%，pair效率=0.00%。
  - 耗时拆解：packing=0.10s，main_topup=0.00s，retry=0.00s，failed_pool=0.00s，repack=0.00s，total=0.10s。
正在处理托盘类型：MH423C，销售订单号：PAIN26286EN01S__SPLITREST__
  - 该分组不适合列式（多非满柱）→ 回退 beam + 配方优先。
  - 配方优先[fast]：规划 0 实例，实装成功 0，配方路径不可用 → 采用基线方案。
  - 指数诊断：箱子 2 个，总指数 0.0383391，目标 0.7，理论最多达标托盘 0 个，剩余指数 0.0383391。
  - 几何诊断：典型整层堆叠单盘参考上限 0.0383391/0.7。 当前目标可能受托盘高度/箱型组合限制。
  - 几何诊断提示：典型整层参考值 0.0383391 < 目标 0.7；该值不是不可达证明，继续执行指数救援。
  - 失败托盘互借诊断：未合并（no_target_or_single_plan）。
托盘类型 MH423C（销售订单号：PAIN26286EN01S__SPLITREST__）处理完成：总托盘 1，指数达标 0，未达标 1，平均缺口 0.66，最大缺口 0.66，失败托盘互借修复成功 0。
  - KPI：near/mid/deep=1/0/0，救回率=0.00%，pair效率=0.00%。
  - 耗时拆解：packing=0.00s，main_topup=0.00s，retry=0.00s，failed_pool=0.00s，repack=0.00s，total=0.00s。
正在处理托盘类型：MH423C，销售订单号：LFEG16290IN02S
  - 主算法：全局列式装箱 + 柱级组合优化（GCP）。
  - GCP 盘数远超理论（CP-SAT 装不满）→ 回退 baseline beam + 配方优先。
  - 配方优先[fast]：规划 0 实例，实装成功 0，配方路径不可用 → 采用基线方案。
  - 指数诊断：箱子 61 个，总指数 0.505597，目标 0.7，理论最多达标托盘 0 个，剩余指数 0.505597。
  - 几何诊断：典型整层堆叠单盘参考上限 0.397768/0.7。 当前目标可能受托盘高度/箱型组合限制。
  - 几何诊断提示：典型整层参考值 0.397768 < 目标 0.7；该值不是不可达证明，继续执行指数救援。
  - 失败托盘互借诊断：未合并（no_target_or_single_plan）。
托盘类型 MH423C（销售订单号：LFEG16290IN02S）处理完成：总托盘 1，指数达标 0，未达标 1，平均缺口 0.19，最大缺口 0.19，失败托盘互借修复成功 0。
  - KPI：near/mid/deep=1/0/0，救回率=0.00%，pair效率=0.00%。
  - 耗时拆解：packing=1.55s，main_topup=0.00s，retry=0.00s，failed_pool=0.00s，repack=0.00s，total=2.65s。
正在处理托盘类型：MH423C，销售订单号：LFEG16290IN02S__SPLITREST__
  - 该分组不适合列式（多非满柱）→ 回退 beam + 配方优先。
  - 配方优先[fast]：规划 0 实例，实装成功 0，配方路径不可用 → 采用基线方案。
  - 指数诊断：箱子 2 个，总指数 0.0172164，目标 0.7，理论最多达标托盘 0 个，剩余指数 0.0172164。
  - 几何诊断：典型整层堆叠单盘参考上限 0.0172164/0.7。 当前目标可能受托盘高度/箱型组合限制。
  - 几何诊断提示：典型整层参考值 0.0172164 < 目标 0.7；该值不是不可达证明，继续执行指数救援。
  - 失败托盘互借诊断：未合并（no_target_or_single_plan）。
托盘类型 MH423C（销售订单号：LFEG16290IN02S__SPLITREST__）处理完成：总托盘 1，指数达标 0，未达标 1，平均缺口 0.68，最大缺口 0.68，失败托盘互借修复成功 0。
  - KPI：near/mid/deep=1/0/0，救回率=0.00%，pair效率=0.00%。
  - 耗时拆解：packing=0.00s，main_topup=0.00s，retry=0.00s，failed_pool=0.00s，repack=0.00s，total=0.01s。
正在处理托盘类型：MH423C，销售订单号：LAID16295BN02S
  - 主算法：全局列式装箱 + 柱级组合优化（GCP）。
  - 失败托盘互借诊断：未合并（aborted_no_improvement_possible）。
托盘类型 MH423C（销售订单号：LAID16295BN02S）处理完成：总托盘 2，指数达标 0，未达标 2，平均缺口 0.53，最大缺口 0.66，失败托盘互借修复成功 0。
  - KPI：near/mid/deep=2/0/0，救回率=0.00%，pair效率=0.00%。
  - 耗时拆解：packing=0.55s，main_topup=0.00s，retry=0.00s，failed_pool=0.00s，repack=0.46s，total=1.00s。
正在处理托盘类型：MH423C，销售订单号：LFEG16290IN03S
  - 主算法：全局列式装箱 + 柱级组合优化（GCP）。
  - GCP 盘数远超理论（CP-SAT 装不满）→ 回退 baseline beam + 配方优先。
  - 配方优先[fast]：规划 0 实例，实装成功 0，配方路径不可用 → 采用基线方案。
  - 指数诊断：箱子 105 个，总指数 0.85913，目标 0.7，理论最多达标托盘 1 个，剩余指数 0.15913。
  - 几何诊断：典型整层堆叠单盘参考上限 0.595548/0.7。 当前目标可能受托盘高度/箱型组合限制。
  - 几何诊断提示：典型整层参考值 0.595548 < 目标 0.7；该值不是不可达证明，继续执行指数救援。
  - 失败托盘互借诊断：未合并（aborted_no_improvement_possible）。
托盘类型 MH423C（销售订单号：LFEG16290IN03S）处理完成：总托盘 2，指数达标 0，未达标 2，平均缺口 0.27，最大缺口 0.43，失败托盘互借修复成功 0。
  - KPI：near/mid/deep=2/0/0，救回率=0.00%，pair效率=0.00%。
  - 耗时拆解：packing=1.29s，main_topup=0.13s，retry=0.00s，failed_pool=12.86s，repack=19.96s，total=25.11s。
正在处理托盘类型：MH423C，销售订单号：LFEG16290IN03S__SPLITREST__
  - 该分组不适合列式（多非满柱）→ 回退 beam + 配方优先。
  - 配方优先[fast]：规划 0 实例，实装成功 0，配方路径不可用 → 采用基线方案。
  - 指数诊断：箱子 2 个，总指数 0.0172164，目标 0.7，理论最多达标托盘 0 个，剩余指数 0.0172164。
  - 几何诊断：典型整层堆叠单盘参考上限 0.0172164/0.7。 当前目标可能受托盘高度/箱型组合限制。
  - 几何诊断提示：典型整层参考值 0.0172164 < 目标 0.7；该值不是不可达证明，继续执行指数救援。
  - 失败托盘互借诊断：未合并（no_target_or_single_plan）。
托盘类型 MH423C（销售订单号：LFEG16290IN03S__SPLITREST__）处理完成：总托盘 1，指数达标 0，未达标 1，平均缺口 0.68，最大缺口 0.68，失败托盘互借修复成功 0。
  - KPI：near/mid/deep=1/0/0，救回率=0.00%，pair效率=0.00%。
  - 耗时拆解：packing=0.00s，main_topup=0.00s，retry=0.00s，failed_pool=0.00s，repack=0.00s，total=0.00s。
正在处理托盘类型：MH423C，销售订单号：LAMY16295FN01S
  - 该分组不适合列式（多非满柱）→ 回退 beam + 配方优先。
  - 配方优先[fast]：规划 0 实例，实装成功 0，配方路径不可用 → 采用基线方案。
  - 指数诊断：箱子 26 个，总指数 0.3649，目标 0.7，理论最多达标托盘 0 个，剩余指数 0.3649。
  - 几何诊断：典型整层堆叠单盘参考上限 0.285825/0.7。 当前目标可能受托盘高度/箱型组合限制。
  - 几何诊断提示：典型整层参考值 0.285825 < 目标 0.7；该值不是不可达证明，继续执行指数救援。
  - 失败托盘互借诊断：未合并（aborted_no_improvement_possible）。
托盘类型 MH423C（销售订单号：LAMY16295FN01S）处理完成：总托盘 2，指数达标 0，未达标 2，平均缺口 0.52，最大缺口 0.70，失败托盘互借修复成功 0。
  - KPI：near/mid/deep=2/0/0，救回率=0.00%，pair效率=0.00%。
  - 耗时拆解：packing=0.07s，main_topup=0.00s，retry=0.00s，failed_pool=0.00s，repack=0.13s，total=0.38s。
正在处理托盘类型：MH423C，销售订单号：LFEG16300IN02S
  - 该分组不适合列式（多非满柱）→ 回退 beam + 配方优先。
  - 配方优先[fast]：规划 0 实例，实装成功 0，配方路径不可用 → 采用基线方案。
  - 指数诊断：箱子 4 个，总指数 0.0383391，目标 0.7，理论最多达标托盘 0 个，剩余指数 0.0383391。
  - 几何诊断：典型整层堆叠单盘参考上限 0.0383391/0.7。 当前目标可能受托盘高度/箱型组合限制。
  - 几何诊断提示：典型整层参考值 0.0383391 < 目标 0.7；该值不是不可达证明，继续执行指数救援。
  - 失败托盘互借诊断：未合并（no_target_or_single_plan）。
托盘类型 MH423C（销售订单号：LFEG16300IN02S）处理完成：总托盘 1，指数达标 0，未达标 1，平均缺口 0.66，最大缺口 0.66，失败托盘互借修复成功 0。
  - KPI：near/mid/deep=1/0/0，救回率=0.00%，pair效率=0.00%。
  - 耗时拆解：packing=0.00s，main_topup=0.00s，retry=0.00s，failed_pool=0.00s，repack=0.00s，total=0.02s。
正在处理托盘类型：MH423C，销售订单号：PAIN26290BN01S
  - 主算法：全局列式装箱 + 柱级组合优化（GCP）。
  - 失败托盘互借诊断：未合并（aborted_no_improvement_possible）。
托盘类型 MH423C（销售订单号：PAIN26290BN01S）处理完成：总托盘 2，指数达标 0，未达标 2，平均缺口 0.49，最大缺口 0.69，失败托盘互借修复成功 0。
  - KPI：near/mid/deep=2/0/0，救回率=0.00%，pair效率=0.00%。
  - 耗时拆解：packing=2.61s，main_topup=0.00s，retry=0.00s，failed_pool=0.00s，repack=2.00s，total=4.61s。
正在处理托盘类型：MH423C，销售订单号：PAIN26290BN01S__SPLITREST__
  - 该分组不适合列式（多非满柱）→ 回退 beam + 配方优先。
  - 配方优先[fast]：规划 0 实例，实装成功 0，配方路径不可用 → 采用基线方案。
  - 指数诊断：箱子 2 个，总指数 0.00985863，目标 0.7，理论最多达标托盘 0 个，剩余指数 0.00985863。
  - 几何诊断：典型整层堆叠单盘参考上限 0.00985863/0.7。 当前目标可能受托盘高度/箱型组合限制。
  - 几何诊断提示：典型整层参考值 0.00985863 < 目标 0.7；该值不是不可达证明，继续执行指数救援。
  - 失败托盘互借诊断：未合并（no_target_or_single_plan）。
托盘类型 MH423C（销售订单号：PAIN26290BN01S__SPLITREST__）处理完成：总托盘 1，指数达标 0，未达标 1，平均缺口 0.69，最大缺口 0.69，失败托盘互借修复成功 0。
  - KPI：near/mid/deep=1/0/0，救回率=0.00%，pair效率=0.00%。
  - 耗时拆解：packing=0.00s，main_topup=0.00s，retry=0.00s，failed_pool=0.00s，repack=0.00s，total=0.00s。
正在处理托盘类型：MH423C，销售订单号：PAIN26290BC02S
  - 主算法：全局列式装箱 + 柱级组合优化（GCP）。
  - 失败盘装满压实：合并/吸收 1 次（纯减盘数）。
  - 失败托盘互借诊断：未合并（aborted_no_improvement_possible）。
托盘类型 MH423C（销售订单号：PAIN26290BC02S）处理完成：总托盘 1，指数达标 0，未达标 1，平均缺口 0.16，最大缺口 0.16，失败托盘互借修复成功 0。
  - KPI：near/mid/deep=1/0/0，救回率=0.00%，pair效率=0.00%。
  - 耗时拆解：packing=0.56s，main_topup=0.00s，retry=0.00s，failed_pool=0.00s，repack=0.21s，total=0.77s。
正在处理托盘类型：MH423C，销售订单号：PAIN26290BC02S__SPLITREST__
  - 该分组不适合列式（多非满柱）→ 回退 beam + 配方优先。
  - 配方优先[fast]：规划 0 实例，实装成功 0，配方路径不可用 → 采用基线方案。
  - 指数诊断：箱子 2 个，总指数 0.00479239，目标 0.7，理论最多达标托盘 0 个，剩余指数 0.00479239。
  - 几何诊断：典型整层堆叠单盘参考上限 0.00479239/0.7。 当前目标可能受托盘高度/箱型组合限制。
  - 几何诊断提示：典型整层参考值 0.00479239 < 目标 0.7；该值不是不可达证明，继续执行指数救援。
  - 失败托盘互借诊断：未合并（no_target_or_single_plan）。
托盘类型 MH423C（销售订单号：PAIN26290BC02S__SPLITREST__）处理完成：总托盘 1，指数达标 0，未达标 1，平均缺口 0.70，最大缺口 0.70，失败托盘互借修复成功 0。
  - KPI：near/mid/deep=1/0/0，救回率=0.00%，pair效率=0.00%。
  - 耗时拆解：packing=0.00s，main_topup=0.00s，retry=0.00s，failed_pool=0.00s，repack=0.00s，total=0.00s。
正在处理托盘类型：MH423C，销售订单号：PAIN26290GN01S
  - 该分组不适合列式（多非满柱）→ 回退 beam + 配方优先。
  - 配方优先[fast]：规划 0 实例，实装成功 0，配方路径不可用 → 采用基线方案。
  - 指数诊断：箱子 51 个，总指数 0.360997，目标 0.7，理论最多达标托盘 0 个，剩余指数 0.360997。
  - 几何诊断：典型整层堆叠单盘参考上限 0.265259/0.7。 当前目标可能受托盘高度/箱型组合限制。
  - 几何诊断提示：典型整层参考值 0.265259 < 目标 0.7；该值不是不可达证明，继续执行指数救援。
  - 失败托盘互借诊断：未合并（aborted_no_improvement_possible）。
托盘类型 MH423C（销售订单号：PAIN26290GN01S）处理完成：总托盘 2，指数达标 0，未达标 2，平均缺口 0.52，最大缺口 0.69，失败托盘互借修复成功 0。
  - KPI：near/mid/deep=2/0/0，救回率=0.00%，pair效率=0.00%。
  - 耗时拆解：packing=0.46s，main_topup=0.01s，retry=0.00s，failed_pool=0.00s，repack=0.76s，total=2.48s。
正在处理托盘类型：MH423C，销售订单号：PEG126290LN01S
  - 主算法：全局列式装箱 + 柱级组合优化（GCP）。
  - 失败托盘互借诊断：未合并（no_target_or_single_plan）。
托盘类型 MH423C（销售订单号：PEG126290LN01S）处理完成：总托盘 1，指数达标 0，未达标 1，平均缺口 0.39，最大缺口 0.39，失败托盘互借修复成功 0。
  - KPI：near/mid/deep=1/0/0，救回率=0.00%，pair效率=0.00%。
  - 耗时拆解：packing=0.74s，main_topup=0.00s，retry=0.00s，failed_pool=0.00s，repack=0.00s，total=0.74s。
正在处理托盘类型：MH423C，销售订单号：PAIN26280GN01S
  - 该分组不适合列式（多非满柱）→ 回退 beam + 配方优先。
  - 配方优先[fast]：规划 0 实例，实装成功 0，配方路径不可用 → 采用基线方案。
  - 指数诊断：箱子 1 个，总指数 0.0191696，目标 0.7，理论最多达标托盘 0 个，剩余指数 0.0191696。
  - 几何诊断：典型整层堆叠单盘参考上限 0.0191696/0.7。 当前目标可能受托盘高度/箱型组合限制。
  - 几何诊断提示：典型整层参考值 0.0191696 < 目标 0.7；该值不是不可达证明，继续执行指数救援。
  - 失败托盘互借诊断：未合并（no_target_or_single_plan）。
托盘类型 MH423C（销售订单号：PAIN26280GN01S）处理完成：总托盘 1，指数达标 0，未达标 1，平均缺口 0.68，最大缺口 0.68，失败托盘互借修复成功 0。
  - KPI：near/mid/deep=1/0/0，救回率=0.00%，pair效率=0.00%。
  - 耗时拆解：packing=0.00s，main_topup=0.00s，retry=0.00s，failed_pool=0.00s，repack=0.00s，total=0.00s。
正在处理托盘类型：MH423C，销售订单号：LAID16295EN02S
  - 主算法：全局列式装箱 + 柱级组合优化（GCP）。
  - 失败托盘互借诊断：未合并（aborted_no_improvement_possible）。
托盘类型 MH423C（销售订单号：LAID16295EN02S）处理完成：总托盘 2，指数达标 0，未达标 2，平均缺口 0.25，最大缺口 0.41，失败托盘互借修复成功 0。
  - KPI：near/mid/deep=2/0/0，救回率=0.00%，pair效率=0.00%。
  - 耗时拆解：packing=3.11s，main_topup=0.00s，retry=0.00s，failed_pool=0.00s，repack=6.20s，total=9.31s。
  - 条件双路径棘轮：替代完整路径通过守恒和最终门禁，严格优于 GCP，已采用。
正在处理托盘类型：MH423C，销售订单号：LAID16295EN02S__SPLITREST__
  - 该分组不适合列式（多非满柱）→ 回退 beam + 配方优先。
  - 配方优先[fast]：规划 0 实例，实装成功 0，配方路径不可用 → 采用基线方案。
  - 指数诊断：箱子 2 个，总指数 0.0594088，目标 0.7，理论最多达标托盘 0 个，剩余指数 0.0594088。
  - 几何诊断：典型整层堆叠单盘参考上限 0.0594088/0.7。 当前目标可能受托盘高度/箱型组合限制。
  - 几何诊断提示：典型整层参考值 0.0594088 < 目标 0.7；该值不是不可达证明，继续执行指数救援。
  - 失败托盘互借诊断：未合并（no_target_or_single_plan）。
托盘类型 MH423C（销售订单号：LAID16295EN02S__SPLITREST__）处理完成：总托盘 1，指数达标 0，未达标 1，平均缺口 0.64，最大缺口 0.64，失败托盘互借修复成功 0。
  - KPI：near/mid/deep=1/0/0，救回率=0.00%，pair效率=0.00%。
  - 耗时拆解：packing=0.00s，main_topup=0.00s，retry=0.00s，failed_pool=0.00s，repack=0.00s，total=0.00s。
正在处理托盘类型：MH423C，销售订单号：PAIN26280MN07S
  - 主算法：全局列式装箱 + 柱级组合优化（GCP）。
  - 失败托盘互借诊断：未合并（no_target_or_single_plan）。
托盘类型 MH423C（销售订单号：PAIN26280MN07S）处理完成：总托盘 1，指数达标 0，未达标 1，平均缺口 0.30，最大缺口 0.30，失败托盘互借修复成功 0。
  - KPI：near/mid/deep=1/0/0，救回率=0.00%，pair效率=0.00%。
  - 耗时拆解：packing=0.04s，main_topup=0.00s，retry=0.00s，failed_pool=0.00s，repack=0.00s，total=0.04s。
正在处理托盘类型：MH423C，销售订单号：PEG086250LN01S
  - 该分组不适合列式（多非满柱）→ 回退 beam + 配方优先。
  - 配方优先[fast]：规划 0 实例，实装成功 0，配方路径不可用 → 采用基线方案。
  - 指数诊断：箱子 1 个，总指数 0.0191696，目标 0.7，理论最多达标托盘 0 个，剩余指数 0.0191696。
  - 几何诊断：典型整层堆叠单盘参考上限 0.0191696/0.7。 当前目标可能受托盘高度/箱型组合限制。
  - 几何诊断提示：典型整层参考值 0.0191696 < 目标 0.7；该值不是不可达证明，继续执行指数救援。
  - 失败托盘互借诊断：未合并（no_target_or_single_plan）。
托盘类型 MH423C（销售订单号：PEG086250LN01S）处理完成：总托盘 1，指数达标 0，未达标 1，平均缺口 0.68，最大缺口 0.68，失败托盘互借修复成功 0。
  - KPI：near/mid/deep=1/0/0，救回率=0.00%，pair效率=0.00%。
  - 耗时拆解：packing=0.00s，main_topup=0.00s，retry=0.00s，failed_pool=0.00s，repack=0.00s，total=0.00s。
正在处理托盘类型：MH423C，销售订单号：LFEG16290IN01S
  - 主算法：全局列式装箱 + 柱级组合优化（GCP）。
  - GCP 盘数远超理论（CP-SAT 装不满）→ 回退 baseline beam + 配方优先。
  - 配方优先[fast]：规划 0 实例，实装成功 0，配方路径不可用 → 采用基线方案。
  - 指数诊断：箱子 41 个，总指数 0.599049，目标 0.7，理论最多达标托盘 0 个，剩余指数 0.599049。
  - 几何诊断：典型整层堆叠单盘参考上限 0.330675/0.7。 当前目标可能受托盘高度/箱型组合限制。
  - 几何诊断提示：典型整层参考值 0.330675 < 目标 0.7；该值不是不可达证明，继续执行指数救援。
  - 失败盘装满压实：合并/吸收 1 次（纯减盘数）。
  - 失败托盘互借诊断：未合并（aborted_no_improvement_possible）。
托盘类型 MH423C（销售订单号：LFEG16290IN01S）处理完成：总托盘 1，指数达标 0，未达标 1，平均缺口 0.10，最大缺口 0.10，失败托盘互借修复成功 0。
  - KPI：near/mid/deep=1/0/0，救回率=0.00%，pair效率=0.00%。
  - 耗时拆解：packing=0.22s，main_topup=0.00s，retry=0.00s，failed_pool=0.00s，repack=0.22s，total=1.37s。
正在处理托盘类型：MH423C，销售订单号：LFEG16290IN01S__SPLITREST__
  - 该分组不适合列式（多非满柱）→ 回退 beam + 配方优先。
  - 配方优先[fast]：规划 0 实例，实装成功 0，配方路径不可用 → 采用基线方案。
  - 指数诊断：箱子 3 个，总指数 0.0407353，目标 0.7，理论最多达标托盘 0 个，剩余指数 0.0407353。
  - 几何诊断：典型整层堆叠单盘参考上限 0.0407353/0.7。 当前目标可能受托盘高度/箱型组合限制。
  - 几何诊断提示：典型整层参考值 0.0407353 < 目标 0.7；该值不是不可达证明，继续执行指数救援。
  - 失败托盘互借诊断：未合并（no_target_or_single_plan）。
托盘类型 MH423C（销售订单号：LFEG16290IN01S__SPLITREST__）处理完成：总托盘 1，指数达标 0，未达标 1，平均缺口 0.66，最大缺口 0.66，失败托盘互借修复成功 0。
  - KPI：near/mid/deep=1/0/0，救回率=0.00%，pair效率=0.00%。
  - 耗时拆解：packing=0.00s，main_topup=0.00s，retry=0.00s，failed_pool=0.00s，repack=0.00s，total=0.01s。
正在处理托盘类型：MH423C，销售订单号：LAID16295EN01S
  - 主算法：全局列式装箱 + 柱级组合优化（GCP）。
  - 失败托盘互借诊断：未合并（aborted_no_improvement_possible）。
托盘类型 MH423C（销售订单号：LAID16295EN01S）处理完成：总托盘 2，指数达标 0，未达标 2，平均缺口 0.31，最大缺口 0.42，失败托盘互借修复成功 0。
  - KPI：near/mid/deep=2/0/0，救回率=0.00%，pair效率=0.00%。
  - 耗时拆解：packing=3.21s，main_topup=0.00s，retry=0.00s，failed_pool=0.00s，repack=1.52s，total=4.73s。
  - 条件双路径棘轮：替代完整路径通过守恒和最终门禁，严格优于 GCP，已采用。
正在处理托盘类型：MH423C，销售订单号：LAID16295BN01S
  - 主算法：全局列式装箱 + 柱级组合优化（GCP）。
  - 失败托盘互借诊断：未合并（no_target_or_single_plan）。
托盘类型 MH423C（销售订单号：LAID16295BN01S）处理完成：总托盘 1，指数达标 0，未达标 1，平均缺口 0.39，最大缺口 0.39，失败托盘互借修复成功 0。
  - KPI：near/mid/deep=1/0/0，救回率=0.00%，pair效率=0.00%。
  - 耗时拆解：packing=0.15s，main_topup=0.00s，retry=0.00s，failed_pool=0.00s，repack=0.00s，total=0.15s。
正在处理托盘类型：MH423C，销售订单号：LFEG16310IN02S
  - 该分组不适合列式（多非满柱）→ 回退 beam + 配方优先。
  - 配方优先[fast]：规划 0 实例，实装成功 0，配方路径不可用 → 采用基线方案。
  - 指数诊断：箱子 1 个，总指数 0.00479239，目标 0.7，理论最多达标托盘 0 个，剩余指数 0.00479239。
  - 几何诊断：典型整层堆叠单盘参考上限 0.00479239/0.7。 当前目标可能受托盘高度/箱型组合限制。
  - 几何诊断提示：典型整层参考值 0.00479239 < 目标 0.7；该值不是不可达证明，继续执行指数救援。
  - 失败托盘互借诊断：未合并（no_target_or_single_plan）。
托盘类型 MH423C（销售订单号：LFEG16310IN02S）处理完成：总托盘 1，指数达标 0，未达标 1，平均缺口 0.70，最大缺口 0.70，失败托盘互借修复成功 0。
  - KPI：near/mid/deep=1/0/0，救回率=0.00%，pair效率=0.00%。
  - 耗时拆解：packing=0.00s，main_topup=0.00s，retry=0.00s，failed_pool=0.00s，repack=0.00s，total=0.00s。
正在处理托盘类型：MH423C，销售订单号：LFEG16310IN01S
  - 该分组不适合列式（多非满柱）→ 回退 beam + 配方优先。
  - 配方优先[fast]：规划 0 实例，实装成功 0，配方路径不可用 → 采用基线方案。
  - 指数诊断：箱子 1 个，总指数 0.00479239，目标 0.7，理论最多达标托盘 0 个，剩余指数 0.00479239。
  - 几何诊断：典型整层堆叠单盘参考上限 0.00479239/0.7。 当前目标可能受托盘高度/箱型组合限制。
  - 几何诊断提示：典型整层参考值 0.00479239 < 目标 0.7；该值不是不可达证明，继续执行指数救援。
  - 失败托盘互借诊断：未合并（no_target_or_single_plan）。
托盘类型 MH423C（销售订单号：LFEG16310IN01S）处理完成：总托盘 1，指数达标 0，未达标 1，平均缺口 0.70，最大缺口 0.70，失败托盘互借修复成功 0。
  - KPI：near/mid/deep=1/0/0，救回率=0.00%，pair效率=0.00%。
  - 耗时拆解：packing=0.00s，main_topup=0.00s，retry=0.00s，failed_pool=0.00s，repack=0.00s，total=0.00s。
正在处理托盘类型：MH423C，销售订单号：PEG086300LN01S
  - 主算法：全局列式装箱 + 柱级组合优化（GCP）。
  - 失败托盘互借诊断：未合并（no_target_or_single_plan）。
托盘类型 MH423C（销售订单号：PEG086300LN01S）处理完成：总托盘 1，指数达标 0，未达标 1，平均缺口 0.14，最大缺口 0.14，失败托盘互借修复成功 0。
  - KPI：near/mid/deep=1/0/0，救回率=0.00%，pair效率=0.00%。
  - 耗时拆解：packing=0.77s，main_topup=0.00s，retry=0.00s，failed_pool=0.00s，repack=0.00s，total=0.77s。
正在处理托盘类型：MH423C，销售订单号：PAID162808N01S
  - 该分组不适合列式（多非满柱）→ 回退 beam + 配方优先。
  - 配方优先[fast]：规划 0 实例，实装成功 0，配方路径不可用 → 采用基线方案。
  - 指数诊断：箱子 12 个，总指数 0.098244，目标 0.7，理论最多达标托盘 0 个，剩余指数 0.098244。
  - 几何诊断：典型整层堆叠单盘参考上限 0.098244/0.7。 当前目标可能受托盘高度/箱型组合限制。
  - 几何诊断提示：典型整层参考值 0.098244 < 目标 0.7；该值不是不可达证明，继续执行指数救援。
  - 失败托盘互借诊断：未合并（no_target_or_single_plan）。
托盘类型 MH423C（销售订单号：PAID162808N01S）处理完成：总托盘 1，指数达标 0，未达标 1，平均缺口 0.60，最大缺口 0.60，失败托盘互借修复成功 0。
  - KPI：near/mid/deep=1/0/0，救回率=0.00%，pair效率=0.00%。
  - 耗时拆解：packing=0.02s，main_topup=0.00s，retry=0.00s，failed_pool=0.00s，repack=0.01s，total=0.08s。
正在处理托盘类型：MH423C，销售订单号：PAID16290FN01S
  - 主算法：全局列式装箱 + 柱级组合优化（GCP）。
  - GCP 盘数远超理论（CP-SAT 装不满）→ 回退 baseline beam + 配方优先。
  - 配方优先[fast]：规划 0 实例，实装成功 0，配方路径不可用 → 采用基线方案。
  - 指数诊断：箱子 7 个，总指数 0.0910554，目标 0.7，理论最多达标托盘 0 个，剩余指数 0.0910554。
  - 几何诊断：典型整层堆叠单盘参考上限 0.086263/0.7。 当前目标可能受托盘高度/箱型组合限制。
  - 几何诊断提示：典型整层参考值 0.086263 < 目标 0.7；该值不是不可达证明，继续执行指数救援。
  - 失败托盘互借诊断：未合并（no_target_or_single_plan）。
托盘类型 MH423C（销售订单号：PAID16290FN01S）处理完成：总托盘 1，指数达标 0，未达标 1，平均缺口 0.61，最大缺口 0.61，失败托盘互借修复成功 0。
  - KPI：near/mid/deep=1/0/0，救回率=0.00%，pair效率=0.00%。
  - 耗时拆解：packing=0.01s，main_topup=0.00s，retry=0.00s，failed_pool=0.00s，repack=0.00s，total=0.05s。
正在处理托盘类型：MH423C，销售订单号：PAID16290FN01S__SPLITREST__
  - 该分组不适合列式（多非满柱）→ 回退 beam + 配方优先。
  - 配方优先[fast]：规划 0 实例，实装成功 0，配方路径不可用 → 采用基线方案。
  - 指数诊断：箱子 1 个，总指数 0.0023962，目标 0.7，理论最多达标托盘 0 个，剩余指数 0.0023962。
  - 几何诊断：典型整层堆叠单盘参考上限 0.0023962/0.7。 当前目标可能受托盘高度/箱型组合限制。
  - 几何诊断提示：典型整层参考值 0.0023962 < 目标 0.7；该值不是不可达证明，继续执行指数救援。
  - 失败托盘互借诊断：未合并（no_target_or_single_plan）。
托盘类型 MH423C（销售订单号：PAID16290FN01S__SPLITREST__）处理完成：总托盘 1，指数达标 0，未达标 1，平均缺口 0.70，最大缺口 0.70，失败托盘互借修复成功 0。
  - KPI：near/mid/deep=1/0/0，救回率=0.00%，pair效率=0.00%。
  - 耗时拆解：packing=0.00s，main_topup=0.00s，retry=0.00s，failed_pool=0.00s，repack=0.00s，total=0.00s。
正在处理托盘类型：MH423C，销售订单号：PAIN26290MN10S
  - 主算法：全局列式装箱 + 柱级组合优化（GCP）。
  - 失败托盘互借诊断：未合并（less_than_2_consolidatable）。
  - 指数再分配诊断：未接受（no_planned_gain）。
托盘类型 MH423C（销售订单号：PAIN26290MN10S）处理完成：总托盘 2，指数达标 1，未达标 1，平均缺口 0.25，最大缺口 0.25，失败托盘互借修复成功 0。
  - KPI：near/mid/deep=1/0/0，救回率=0.00%，pair效率=0.00%。
  - 耗时拆解：packing=0.49s，main_topup=0.00s，retry=0.00s，failed_pool=0.00s，repack=0.01s，total=0.50s。
正在处理托盘类型：MH423C，销售订单号：LAID16296DN03S__CASEGROUP__1
  - 主算法：全局列式装箱 + 柱级组合优化（GCP）。
  - 失败托盘互借诊断：未合并（no_target_or_single_plan）。
托盘类型 MH423C（销售订单号：LAID16296DN03S__CASEGROUP__1）处理完成：总托盘 1，指数达标 0，未达标 1，平均缺口 0.21，最大缺口 0.21，失败托盘互借修复成功 0。
  - KPI：near/mid/deep=1/0/0，救回率=0.00%，pair效率=0.00%。
  - 耗时拆解：packing=0.31s，main_topup=0.00s，retry=0.00s，failed_pool=0.00s，repack=0.00s，total=0.31s。
正在处理托盘类型：MH423C，销售订单号：LAID16296DN03S__CASEGROUP__1__SPLITREST__
  - 该分组不适合列式（多非满柱）→ 回退 beam + 配方优先。
  - 配方优先[fast]：规划 0 实例，实装成功 0，配方路径不可用 → 采用基线方案。
  - 指数诊断：箱子 4 个，总指数 0.00958478，目标 0.7，理论最多达标托盘 0 个，剩余指数 0.00958478。
  - 几何诊断：典型整层堆叠单盘参考上限 0.00958478/0.7。 当前目标可能受托盘高度/箱型组合限制。
  - 几何诊断提示：典型整层参考值 0.00958478 < 目标 0.7；该值不是不可达证明，继续执行指数救援。
  - 失败托盘互借诊断：未合并（no_target_or_single_plan）。
托盘类型 MH423C（销售订单号：LAID16296DN03S__CASEGROUP__1__SPLITREST__）处理完成：总托盘 1，指数达标 0，未达标 1，平均缺口 0.69，最大缺口 0.69，失败托盘互借修复成功 0。
  - KPI：near/mid/deep=1/0/0，救回率=0.00%，pair效率=0.00%。
  - 耗时拆解：packing=0.00s，main_topup=0.00s，retry=0.00s，failed_pool=0.00s，repack=0.00s，total=0.02s。
正在处理托盘类型：MH423C，销售订单号：PAID16295EN06S
  - 主算法：全局列式装箱 + 柱级组合优化（GCP）。
  - 失败托盘互借诊断：未合并（no_target_or_single_plan）。
托盘类型 MH423C（销售订单号：PAID16295EN06S）处理完成：总托盘 1，指数达标 0，未达标 1，平均缺口 0.63，最大缺口 0.63，失败托盘互借修复成功 0。
  - KPI：near/mid/deep=1/0/0，救回率=0.00%，pair效率=0.00%。
  - 耗时拆解：packing=0.05s，main_topup=0.00s，retry=0.00s，failed_pool=0.00s，repack=0.00s，total=0.05s。
正在处理托盘类型：MH423C，销售订单号：PAID16295EN06S__SPLITREST__
  - 该分组不适合列式（多非满柱）→ 回退 beam + 配方优先。
  - 配方优先[fast]：规划 0 实例，实装成功 0，配方路径不可用 → 采用基线方案。
  - 指数诊断：箱子 1 个，总指数 0.0287543，目标 0.7，理论最多达标托盘 0 个，剩余指数 0.0287543。
  - 几何诊断：典型整层堆叠单盘参考上限 0.0287543/0.7。 当前目标可能受托盘高度/箱型组合限制。
  - 几何诊断提示：典型整层参考值 0.0287543 < 目标 0.7；该值不是不可达证明，继续执行指数救援。
  - 失败托盘互借诊断：未合并（no_target_or_single_plan）。
托盘类型 MH423C（销售订单号：PAID16295EN06S__SPLITREST__）处理完成：总托盘 1，指数达标 0，未达标 1，平均缺口 0.67，最大缺口 0.67，失败托盘互借修复成功 0。
  - KPI：near/mid/deep=1/0/0，救回率=0.00%，pair效率=0.00%。
  - 耗时拆解：packing=0.00s，main_topup=0.00s，retry=0.00s，failed_pool=0.00s，repack=0.00s，total=0.00s。
正在处理托盘类型：MH423C，销售订单号：PAID162808C02S
  - 主算法：全局列式装箱 + 柱级组合优化（GCP）。
  - GCP 盘数远超理论（CP-SAT 装不满）→ 回退 baseline beam + 配方优先。
  - 配方优先[fast]：规划 0 实例，实装成功 0，配方路径不可用 → 采用基线方案。
  - 指数诊断：箱子 6 个，总指数 0.0575087，目标 0.7，理论最多达标托盘 0 个，剩余指数 0.0575087。
  - 几何诊断：典型整层堆叠单盘参考上限 0.0575087/0.7。 当前目标可能受托盘高度/箱型组合限制。
  - 几何诊断提示：典型整层参考值 0.0575087 < 目标 0.7；该值不是不可达证明，继续执行指数救援。
  - 失败托盘互借诊断：未合并（no_target_or_single_plan）。
托盘类型 MH423C（销售订单号：PAID162808C02S）处理完成：总托盘 1，指数达标 0，未达标 1，平均缺口 0.64，最大缺口 0.64，失败托盘互借修复成功 0。
  - KPI：near/mid/deep=1/0/0，救回率=0.00%，pair效率=0.00%。
  - 耗时拆解：packing=0.01s，main_topup=0.00s，retry=0.00s，failed_pool=0.00s，repack=0.00s，total=0.05s。
正在处理托盘类型：MH423C，销售订单号：LFEG16300IN01S
  - 该分组不适合列式（多非满柱）→ 回退 beam + 配方优先。
  - 配方优先[fast]：规划 0 实例，实装成功 0，配方路径不可用 → 采用基线方案。
  - 指数诊断：箱子 3 个，总指数 0.0479239，目标 0.7，理论最多达标托盘 0 个，剩余指数 0.0479239。
  - 几何诊断：典型整层堆叠单盘参考上限 0.0479239/0.7。 当前目标可能受托盘高度/箱型组合限制。
  - 几何诊断提示：典型整层参考值 0.0479239 < 目标 0.7；该值不是不可达证明，继续执行指数救援。
  - 失败托盘互借诊断：未合并（no_target_or_single_plan）。
托盘类型 MH423C（销售订单号：LFEG16300IN01S）处理完成：总托盘 1，指数达标 0，未达标 1，平均缺口 0.65，最大缺口 0.65，失败托盘互借修复成功 0。
  - KPI：near/mid/deep=1/0/0，救回率=0.00%，pair效率=0.00%。
  - 耗时拆解：packing=0.00s，main_topup=0.00s，retry=0.00s，failed_pool=0.00s，repack=0.00s，total=0.01s。
正在处理托盘类型：MH423C，销售订单号：LAMY16315FN01S
  - 主算法：全局列式装箱 + 柱级组合优化（GCP）。
  - 失败托盘互借诊断：未合并（no_target_or_single_plan）。
托盘类型 MH423C（销售订单号：LAMY16315FN01S）处理完成：总托盘 1，指数达标 0，未达标 1，平均缺口 0.35，最大缺口 0.35，失败托盘互借修复成功 0。
  - KPI：near/mid/deep=1/0/0，救回率=0.00%，pair效率=0.00%。
  - 耗时拆解：packing=0.19s，main_topup=0.00s，retry=0.00s，failed_pool=0.00s，repack=0.00s，total=0.19s。
正在处理托盘类型：MH423C，销售订单号：LAMY16315FN01S__SPLITREST__
  - 该分组不适合列式（多非满柱）→ 回退 beam + 配方优先。
  - 配方优先[fast]：规划 0 实例，实装成功 0，配方路径不可用 → 采用基线方案。
  - 指数诊断：箱子 2 个，总指数 0.0191696，目标 0.7，理论最多达标托盘 0 个，剩余指数 0.0191696。
  - 几何诊断：典型整层堆叠单盘参考上限 0.0191696/0.7。 当前目标可能受托盘高度/箱型组合限制。
  - 几何诊断提示：典型整层参考值 0.0191696 < 目标 0.7；该值不是不可达证明，继续执行指数救援。
  - 失败托盘互借诊断：未合并（no_target_or_single_plan）。
托盘类型 MH423C（销售订单号：LAMY16315FN01S__SPLITREST__）处理完成：总托盘 1，指数达标 0，未达标 1，平均缺口 0.68，最大缺口 0.68，失败托盘互借修复成功 0。
  - KPI：near/mid/deep=1/0/0，救回率=0.00%，pair效率=0.00%。
  - 耗时拆解：packing=0.00s，main_topup=0.00s，retry=0.00s，failed_pool=0.00s，repack=0.00s，total=0.01s。
正在处理托盘类型：MH423C，销售订单号：LAID16305BN02S
  - 主算法：全局列式装箱 + 柱级组合优化（GCP）。
  - 失败托盘互借诊断：未合并（no_target_or_single_plan）。
托盘类型 MH423C（销售订单号：LAID16305BN02S）处理完成：总托盘 1，指数达标 0，未达标 1，平均缺口 0.20，最大缺口 0.20，失败托盘互借修复成功 0。
  - KPI：near/mid/deep=1/0/0，救回率=0.00%，pair效率=0.00%。
  - 耗时拆解：packing=0.61s，main_topup=0.00s，retry=0.00s，failed_pool=0.00s，repack=0.00s，total=0.61s。
正在处理托盘类型：MH423C，销售订单号：LFEG16300IN03S
  - 该分组不适合列式（多非满柱）→ 回退 beam + 配方优先。
  - 配方优先[fast]：规划 0 实例，实装成功 0，配方路径不可用 → 采用基线方案。
  - 指数诊断：箱子 1 个，总指数 0.00958478，目标 0.7，理论最多达标托盘 0 个，剩余指数 0.00958478。
  - 几何诊断：典型整层堆叠单盘参考上限 0.00958478/0.7。 当前目标可能受托盘高度/箱型组合限制。
  - 几何诊断提示：典型整层参考值 0.00958478 < 目标 0.7；该值不是不可达证明，继续执行指数救援。
  - 失败托盘互借诊断：未合并（no_target_or_single_plan）。
托盘类型 MH423C（销售订单号：LFEG16300IN03S）处理完成：总托盘 1，指数达标 0，未达标 1，平均缺口 0.69，最大缺口 0.69，失败托盘互借修复成功 0。
  - KPI：near/mid/deep=1/0/0，救回率=0.00%，pair效率=0.00%。
  - 耗时拆解：packing=0.00s，main_topup=0.00s，retry=0.00s，failed_pool=0.00s，repack=0.00s，total=0.00s。
正在处理托盘类型：MH423C，销售订单号：LAID16305BN01S
  - 主算法：全局列式装箱 + 柱级组合优化（GCP）。
  - 失败托盘互借诊断：未合并（no_target_or_single_plan）。
托盘类型 MH423C（销售订单号：LAID16305BN01S）处理完成：总托盘 1，指数达标 0，未达标 1，平均缺口 0.54，最大缺口 0.54，失败托盘互借修复成功 0。
  - KPI：near/mid/deep=1/0/0，救回率=0.00%，pair效率=0.00%。
  - 耗时拆解：packing=0.10s，main_topup=0.00s，retry=0.00s，failed_pool=0.00s，repack=0.00s，total=0.10s。
正在处理托盘类型：MH423C，销售订单号：LAID16305EN01S
  - 该分组不适合列式（多非满柱）→ 回退 beam + 配方优先。
  - 配方优先[fast]：规划 0 实例，实装成功 0，配方路径不可用 → 采用基线方案。
  - 指数诊断：箱子 29 个，总指数 0.586123，目标 0.7，理论最多达标托盘 0 个，剩余指数 0.586123。
  - 几何诊断：典型整层堆叠单盘参考上限 0.336465/0.7。 当前目标可能受托盘高度/箱型组合限制。
  - 几何诊断提示：典型整层参考值 0.336465 < 目标 0.7；该值不是不可达证明，继续执行指数救援。
  - 失败托盘互借修复：3 盘(平均填充 20%) 合并重装为 2 盘(平均填充 30%)，新增达标 0，耗时 0.1s。
托盘类型 MH423C（销售订单号：LAID16305EN01S）处理完成：总托盘 2，指数达标 0，未达标 2，平均缺口 0.41，最大缺口 0.56，失败托盘互借修复成功 0。
  - KPI：near/mid/deep=2/0/0，救回率=0.00%，pair效率=0.00%。
  - 耗时拆解：packing=0.11s，main_topup=0.00s，retry=0.00s，failed_pool=0.00s，repack=0.36s，total=0.76s。
正在处理托盘类型：MH423C，销售订单号：PAIN26290GC02S
  - 主算法：全局列式装箱 + 柱级组合优化（GCP）。
  - 失败托盘互借诊断：未合并（not_better）。
托盘类型 MH423C（销售订单号：PAIN26290GC02S）处理完成：总托盘 2，指数达标 0，未达标 2，平均缺口 0.27，最大缺口 0.55，失败托盘互借修复成功 0。
  - KPI：near/mid/deep=2/0/0，救回率=0.00%，pair效率=0.00%。
  - 耗时拆解：packing=40.45s，main_topup=0.00s，retry=0.00s，failed_pool=0.00s，repack=1.07s，total=41.53s。
  - 条件双路径棘轮：替代完整路径未严格改善，保留 GCP。
正在处理托盘类型：MH423C，销售订单号：PAID16280FC02S
  - 主算法：全局列式装箱 + 柱级组合优化（GCP）。
  - GCP 盘数远超理论（CP-SAT 装不满）→ 回退 baseline beam + 配方优先。
  - 配方优先[fast]：规划 0 实例，实装成功 0，配方路径不可用 → 采用基线方案。
  - 指数诊断：箱子 4 个，总指数 0.0766782，目标 0.7，理论最多达标托盘 0 个，剩余指数 0.0766782。
  - 几何诊断：典型整层堆叠单盘参考上限 0.0766782/0.7。 当前目标可能受托盘高度/箱型组合限制。
  - 几何诊断提示：典型整层参考值 0.0766782 < 目标 0.7；该值不是不可达证明，继续执行指数救援。
  - 失败托盘互借诊断：未合并（no_target_or_single_plan）。
托盘类型 MH423C（销售订单号：PAID16280FC02S）处理完成：总托盘 1，指数达标 0，未达标 1，平均缺口 0.62，最大缺口 0.62，失败托盘互借修复成功 0。
  - KPI：near/mid/deep=1/0/0，救回率=0.00%，pair效率=0.00%。
  - 耗时拆解：packing=0.00s，main_topup=0.00s，retry=0.00s，failed_pool=0.00s，repack=0.00s，total=0.02s。
正在处理托盘类型：MH423C，销售订单号：PAIN26296EC02S
  - 主算法：全局列式装箱 + 柱级组合优化（GCP）。
  - 失败托盘互借诊断：未合并（no_target_or_single_plan）。
托盘类型 MH423C（销售订单号：PAIN26296EC02S）处理完成：总托盘 1，指数达标 0，未达标 1，平均缺口 0.16，最大缺口 0.16，失败托盘互借修复成功 0。
  - KPI：near/mid/deep=1/0/0，救回率=0.00%，pair效率=0.00%。
  - 耗时拆解：packing=1.68s，main_topup=0.00s，retry=0.00s，failed_pool=0.00s，repack=0.00s，total=1.68s。
正在处理托盘类型：MH423C，销售订单号：PAIN26296EC02S__SPLITREST__
  - 该分组不适合列式（多非满柱）→ 回退 beam + 配方优先。
  - 配方优先[fast]：规划 0 实例，实装成功 0，配方路径不可用 → 采用基线方案。
  - 指数诊断：箱子 1 个，总指数 0.00958478，目标 0.7，理论最多达标托盘 0 个，剩余指数 0.00958478。
  - 几何诊断：典型整层堆叠单盘参考上限 0.00958478/0.7。 当前目标可能受托盘高度/箱型组合限制。
  - 几何诊断提示：典型整层参考值 0.00958478 < 目标 0.7；该值不是不可达证明，继续执行指数救援。
  - 失败托盘互借诊断：未合并（no_target_or_single_plan）。
托盘类型 MH423C（销售订单号：PAIN26296EC02S__SPLITREST__）处理完成：总托盘 1，指数达标 0，未达标 1，平均缺口 0.69，最大缺口 0.69，失败托盘互借修复成功 0。
  - KPI：near/mid/deep=1/0/0，救回率=0.00%，pair效率=0.00%。
  - 耗时拆解：packing=0.00s，main_topup=0.00s，retry=0.00s，failed_pool=0.00s，repack=0.00s，total=0.00s。
正在处理托盘类型：MH423C，销售订单号：PAID16290FC02S
  - 该分组不适合列式（多非满柱）→ 回退 beam + 配方优先。
  - 配方优先[fast]：规划 0 实例，实装成功 0，配方路径不可用 → 采用基线方案。
  - 指数诊断：箱子 6 个，总指数 0.0670935，目标 0.7，理论最多达标托盘 0 个，剩余指数 0.0670935。
  - 几何诊断：典型整层堆叠单盘参考上限 0.0670935/0.7。 当前目标可能受托盘高度/箱型组合限制。
  - 几何诊断提示：典型整层参考值 0.0670935 < 目标 0.7；该值不是不可达证明，继续执行指数救援。
  - 失败托盘互借诊断：未合并（no_target_or_single_plan）。
托盘类型 MH423C（销售订单号：PAID16290FC02S）处理完成：总托盘 1，指数达标 0，未达标 1，平均缺口 0.63，最大缺口 0.63，失败托盘互借修复成功 0。
  - KPI：near/mid/deep=1/0/0，救回率=0.00%，pair效率=0.00%。
  - 耗时拆解：packing=0.01s，main_topup=0.00s，retry=0.00s，failed_pool=0.00s，repack=0.00s，total=0.04s。
正在处理托盘类型：MH423C，销售订单号：LAID16295EN01S__CASEGROUP__1
  - 主算法：全局列式装箱 + 柱级组合优化（GCP）。
  - GCP 盘数远超理论（CP-SAT 装不满）→ 回退 baseline beam + 配方优先。
  - 配方优先[fast]：规划 0 实例，实装成功 0，配方路径不可用 → 采用基线方案。
  - 指数诊断：箱子 78 个，总指数 0.670935，目标 0.7，理论最多达标托盘 0 个，剩余指数 0.670935。
  - 几何诊断：典型整层堆叠单盘参考上限 0.613426/0.7。 当前目标可能受托盘高度/箱型组合限制。
  - 几何诊断提示：典型整层参考值 0.613426 < 目标 0.7；该值不是不可达证明，继续执行指数救援。
  - 失败托盘互借诊断：未合并（no_target_or_single_plan）。
托盘类型 MH423C（销售订单号：LAID16295EN01S__CASEGROUP__1）处理完成：总托盘 1，指数达标 0，未达标 1，平均缺口 0.03，最大缺口 0.03，失败托盘互借修复成功 0。
  - KPI：near/mid/deep=1/0/0，救回率=0.00%，pair效率=0.00%。
  - 耗时拆解：packing=3.01s，main_topup=0.00s，retry=0.00s，failed_pool=0.00s，repack=0.00s，total=4.95s。
正在处理托盘类型：MH423C，销售订单号：LAID16295EN01S__CASEGROUP__1__SPLITREST__
  - 该分组不适合列式（多非满柱）→ 回退 beam + 配方优先。
  - 配方优先[fast]：规划 0 实例，实装成功 0，配方路径不可用 → 采用基线方案。
  - 指数诊断：箱子 5 个，总指数 0.0766782，目标 0.7，理论最多达标托盘 0 个，剩余指数 0.0766782。
  - 几何诊断：典型整层堆叠单盘参考上限 0.0766782/0.7。 当前目标可能受托盘高度/箱型组合限制。
  - 几何诊断提示：典型整层参考值 0.0766782 < 目标 0.7；该值不是不可达证明，继续执行指数救援。
  - 失败托盘互借诊断：未合并（no_target_or_single_plan）。
托盘类型 MH423C（销售订单号：LAID16295EN01S__CASEGROUP__1__SPLITREST__）处理完成：总托盘 1，指数达标 0，未达标 1，平均缺口 0.62，最大缺口 0.62，失败托盘互借修复成功 0。
  - KPI：near/mid/deep=1/0/0，救回率=0.00%，pair效率=0.00%。
  - 耗时拆解：packing=0.01s，main_topup=0.00s，retry=0.00s，failed_pool=0.00s，repack=0.00s，total=0.01s。
正在处理托盘类型：MH423C，销售订单号：PAIN26296EN01S
  - 主算法：全局列式装箱 + 柱级组合优化（GCP）。
  - 失败托盘互借诊断：未合并（less_than_2_consolidatable）。
托盘类型 MH423C（销售订单号：PAIN26296EN01S）处理完成：总托盘 2，指数达标 1，未达标 1，平均缺口 0.53，最大缺口 0.53，失败托盘互借修复成功 0。
  - KPI：near/mid/deep=1/0/0，救回率=0.00%，pair效率=0.00%。
  - 耗时拆解：packing=73.87s，main_topup=0.00s，retry=0.00s，failed_pool=0.00s，repack=0.00s，total=73.87s。
正在处理托盘类型：MH423C，销售订单号：PEG146296CN01S
  - 主算法：全局列式装箱 + 柱级组合优化（GCP）。
  - 失败托盘互借诊断：未合并（no_target_or_single_plan）。
托盘类型 MH423C（销售订单号：PEG146296CN01S）处理完成：总托盘 1，指数达标 0，未达标 1，平均缺口 0.11，最大缺口 0.11，失败托盘互借修复成功 0。
  - KPI：near/mid/deep=1/0/0，救回率=0.00%，pair效率=0.00%。
  - 耗时拆解：packing=0.33s，main_topup=0.00s，retry=0.00s，failed_pool=0.00s，repack=0.00s，total=0.33s。
正在处理托盘类型：MH423C，销售订单号：LAID16284AN02S
  - 主算法：全局列式装箱 + 柱级组合优化（GCP）。
  - GCP 盘数远超理论（CP-SAT 装不满）→ 回退 baseline beam + 配方优先。
  - 配方优先[fast]：规划 0 实例，实装成功 0，配方路径不可用 → 采用基线方案。
  - 指数诊断：箱子 7 个，总指数 0.105433，目标 0.7，理论最多达标托盘 0 个，剩余指数 0.105433。
  - 几何诊断：典型整层堆叠单盘参考上限 0.105433/0.7。 当前目标可能受托盘高度/箱型组合限制。
  - 几何诊断提示：典型整层参考值 0.105433 < 目标 0.7；该值不是不可达证明，继续执行指数救援。
  - 失败托盘互借诊断：未合并（no_target_or_single_plan）。
托盘类型 MH423C（销售订单号：LAID16284AN02S）处理完成：总托盘 1，指数达标 0，未达标 1，平均缺口 0.59，最大缺口 0.59，失败托盘互借修复成功 0。
  - KPI：near/mid/deep=1/0/0，救回率=0.00%，pair效率=0.00%。
  - 耗时拆解：packing=0.01s，main_topup=0.00s，retry=0.00s，failed_pool=0.00s，repack=0.00s，total=0.05s。
正在处理托盘类型：MH423C，销售订单号：PAIN26290MN09S
  - 主算法：全局列式装箱 + 柱级组合优化（GCP）。
  - 失败托盘互借诊断：未合并（aborted_no_improvement_possible）。
托盘类型 MH423C（销售订单号：PAIN26290MN09S）处理完成：总托盘 2，指数达标 0，未达标 2，平均缺口 0.44，最大缺口 0.56，失败托盘互借修复成功 0。
  - KPI：near/mid/deep=2/0/0，救回率=0.00%，pair效率=0.00%。
  - 耗时拆解：packing=4.04s，main_topup=0.00s，retry=0.00s，failed_pool=0.00s，repack=3.00s，total=7.04s。
正在处理托盘类型：MH423C，销售订单号：LAID16294AN01S
  - 该分组不适合列式（多非满柱）→ 回退 beam + 配方优先。
  - 配方优先[fast]：规划 0 实例，实装成功 0，配方路径不可用 → 采用基线方案。
  - 指数诊断：箱子 9 个，总指数 0.110225，目标 0.7，理论最多达标托盘 0 个，剩余指数 0.110225。
  - 几何诊断：典型整层堆叠单盘参考上限 0.0958478/0.7。 当前目标可能受托盘高度/箱型组合限制。
  - 几何诊断提示：典型整层参考值 0.0958478 < 目标 0.7；该值不是不可达证明，继续执行指数救援。
  - 失败托盘互借诊断：未合并（no_target_or_single_plan）。
托盘类型 MH423C（销售订单号：LAID16294AN01S）处理完成：总托盘 1，指数达标 0，未达标 1，平均缺口 0.59，最大缺口 0.59，失败托盘互借修复成功 0。
  - KPI：near/mid/deep=1/0/0，救回率=0.00%，pair效率=0.00%。
  - 耗时拆解：packing=0.03s，main_topup=0.00s，retry=0.00s，failed_pool=0.00s，repack=0.00s，total=0.03s。
正在处理托盘类型：MH423C，销售订单号：LAMY16305FN01S
  - 主算法：全局列式装箱 + 柱级组合优化（GCP）。
  - 失败托盘互借诊断：未合并（no_target_or_single_plan）。
托盘类型 MH423C（销售订单号：LAMY16305FN01S）处理完成：总托盘 1，指数达标 0，未达标 1，平均缺口 0.59，最大缺口 0.59，失败托盘互借修复成功 0。
  - KPI：near/mid/deep=1/0/0，救回率=0.00%，pair效率=0.00%。
  - 耗时拆解：packing=0.03s，main_topup=0.00s，retry=0.00s，failed_pool=0.00s，repack=0.00s，total=0.03s。
正在处理托盘类型：MH423C，销售订单号：PAID16295BN01S
  - 主算法：全局列式装箱 + 柱级组合优化（GCP）。
  - 失败托盘互借诊断：未合并（no_target_or_single_plan）。
托盘类型 MH423C（销售订单号：PAID16295BN01S）处理完成：总托盘 1，指数达标 0，未达标 1，平均缺口 0.37，最大缺口 0.37，失败托盘互借修复成功 0。
  - KPI：near/mid/deep=1/0/0，救回率=0.00%，pair效率=0.00%。
  - 耗时拆解：packing=0.42s，main_topup=0.00s，retry=0.00s，failed_pool=0.00s，repack=0.00s，total=0.42s。
正在处理托盘类型：MH423C，销售订单号：PAID16296DN01S
  - 主算法：全局列式装箱 + 柱级组合优化（GCP）。
  - GCP 盘数远超理论（CP-SAT 装不满）→ 回退 baseline beam + 配方优先。
  - 配方优先[fast]：规划 0 实例，实装成功 0，配方路径不可用 → 采用基线方案。
  - 指数诊断：箱子 10 个，总指数 0.0958478，目标 0.7，理论最多达标托盘 0 个，剩余指数 0.0958478。
  - 几何诊断：典型整层堆叠单盘参考上限 0.0958478/0.7。 当前目标可能受托盘高度/箱型组合限制。
  - 几何诊断提示：典型整层参考值 0.0958478 < 目标 0.7；该值不是不可达证明，继续执行指数救援。
  - 失败托盘互借诊断：未合并（no_target_or_single_plan）。
托盘类型 MH423C（销售订单号：PAID16296DN01S）处理完成：总托盘 1，指数达标 0，未达标 1，平均缺口 0.60，最大缺口 0.60，失败托盘互借修复成功 0。
  - KPI：near/mid/deep=1/0/0，救回率=0.00%，pair效率=0.00%。
  - 耗时拆解：packing=0.01s，main_topup=0.00s，retry=0.00s，failed_pool=0.00s，repack=0.00s，total=0.09s。
正在处理托盘类型：MH423C，销售订单号：PAID16295EL05S
  - 该分组不适合列式（多非满柱）→ 回退 beam + 配方优先。
  - 配方优先[fast]：规划 0 实例，实装成功 0，配方路径不可用 → 采用基线方案。
  - 指数诊断：箱子 1 个，总指数 0.00958478，目标 0.7，理论最多达标托盘 0 个，剩余指数 0.00958478。
  - 几何诊断：典型整层堆叠单盘参考上限 0.00958478/0.7。 当前目标可能受托盘高度/箱型组合限制。
  - 几何诊断提示：典型整层参考值 0.00958478 < 目标 0.7；该值不是不可达证明，继续执行指数救援。
  - 失败托盘互借诊断：未合并（no_target_or_single_plan）。
托盘类型 MH423C（销售订单号：PAID16295EL05S）处理完成：总托盘 1，指数达标 0，未达标 1，平均缺口 0.69，最大缺口 0.69，失败托盘互借修复成功 0。
  - KPI：near/mid/deep=1/0/0，救回率=0.00%，pair效率=0.00%。
  - 耗时拆解：packing=0.00s，main_topup=0.00s，retry=0.00s，failed_pool=0.00s，repack=0.00s，total=0.00s。
正在处理托盘类型：MH423C，销售订单号：PAID16290FL03S
  - 该分组不适合列式（多非满柱）→ 回退 beam + 配方优先。
  - 配方优先[fast]：规划 0 实例，实装成功 0，配方路径不可用 → 采用基线方案。
  - 指数诊断：箱子 3 个，总指数 0.0287543，目标 0.7，理论最多达标托盘 0 个，剩余指数 0.0287543。
  - 几何诊断：典型整层堆叠单盘参考上限 0.0287543/0.7。 当前目标可能受托盘高度/箱型组合限制。
  - 几何诊断提示：典型整层参考值 0.0287543 < 目标 0.7；该值不是不可达证明，继续执行指数救援。
  - 失败托盘互借诊断：未合并（no_target_or_single_plan）。
托盘类型 MH423C（销售订单号：PAID16290FL03S）处理完成：总托盘 1，指数达标 0，未达标 1，平均缺口 0.67，最大缺口 0.67，失败托盘互借修复成功 0。
  - KPI：near/mid/deep=1/0/0，救回率=0.00%，pair效率=0.00%。
  - 耗时拆解：packing=0.00s，main_topup=0.00s，retry=0.00s，failed_pool=0.00s，repack=0.00s，total=0.01s。
正在处理托盘类型：MH423C，销售订单号：PAIN26290MN02S
  - 主算法：全局列式装箱 + 柱级组合优化（GCP）。
  - 失败托盘互借诊断：未合并（no_target_or_single_plan）。
托盘类型 MH423C（销售订单号：PAIN26290MN02S）处理完成：总托盘 1，指数达标 0，未达标 1，平均缺口 0.36，最大缺口 0.36，失败托盘互借修复成功 0。
  - KPI：near/mid/deep=1/0/0，救回率=0.00%，pair效率=0.00%。
  - 耗时拆解：packing=0.69s，main_topup=0.00s，retry=0.00s，failed_pool=0.00s，repack=0.00s，total=0.69s。
正在处理托盘类型：MH423C，销售订单号：PAIN26290MN02S__SPLITREST__
  - 该分组不适合列式（多非满柱）→ 回退 beam + 配方优先。
  - 配方优先[fast]：规划 0 实例，实装成功 0，配方路径不可用 → 采用基线方案。
  - 指数诊断：箱子 3 个，总指数 0.0868056，目标 0.7，理论最多达标托盘 0 个，剩余指数 0.0868056。
  - 几何诊断：典型整层堆叠单盘参考上限 0.0868056/0.7。 当前目标可能受托盘高度/箱型组合限制。
  - 几何诊断提示：典型整层参考值 0.0868056 < 目标 0.7；该值不是不可达证明，继续执行指数救援。
  - 失败托盘互借诊断：未合并（no_target_or_single_plan）。
托盘类型 MH423C（销售订单号：PAIN26290MN02S__SPLITREST__）处理完成：总托盘 1，指数达标 0，未达标 1，平均缺口 0.61，最大缺口 0.61，失败托盘互借修复成功 0。
  - KPI：near/mid/deep=1/0/0，救回率=0.00%，pair效率=0.00%。
  - 耗时拆解：packing=0.00s，main_topup=0.00s，retry=0.00s，failed_pool=0.00s，repack=0.00s，total=0.00s。
正在处理托盘类型：MH423C，销售订单号：PAIN26290MZ07S
  - 该分组不适合列式（多非满柱）→ 回退 beam + 配方优先。
  - 配方优先[fast]：规划 0 实例，实装成功 0，配方路径不可用 → 采用基线方案。
  - 指数诊断：箱子 72 个，总指数 1.06051，目标 0.7，理论最多达标托盘 1 个，剩余指数 0.360512。
  - 几何诊断：典型整层堆叠单盘参考上限 0.639348/0.7。 当前目标可能受托盘高度/箱型组合限制。
  - 几何诊断提示：典型整层参考值 0.639348 < 目标 0.7；该值不是不可达证明，继续执行指数救援。
  - 失败托盘互借诊断：未合并（less_than_2_consolidatable）。
  - 指数再分配诊断：未接受（no_planned_gain）。
托盘类型 MH423C（销售订单号：PAIN26290MZ07S）处理完成：总托盘 2，指数达标 1，未达标 1，平均缺口 0.35，最大缺口 0.35，失败托盘互借修复成功 0。
  - KPI：near/mid/deep=1/0/0，救回率=0.00%，pair效率=0.00%。
  - 耗时拆解：packing=0.80s，main_topup=0.01s，retry=0.00s，failed_pool=0.00s，repack=0.10s，total=0.91s。
正在处理托盘类型：MH423C，销售订单号：PEG106290LN01S
  - 主算法：全局列式装箱 + 柱级组合优化（GCP）。
  - 失败托盘互借诊断：未合并（no_target_or_single_plan）。
托盘类型 MH423C（销售订单号：PEG106290LN01S）处理完成：总托盘 1，指数达标 0，未达标 1，平均缺口 0.14，最大缺口 0.14，失败托盘互借修复成功 0。
  - KPI：near/mid/deep=1/0/0，救回率=0.00%，pair效率=0.00%。
  - 耗时拆解：packing=0.33s，main_topup=0.00s，retry=0.00s，failed_pool=0.00s，repack=0.00s，total=0.33s。
正在处理托盘类型：MH423C，销售订单号：LAID16306DN03S
  - 主算法：全局列式装箱 + 柱级组合优化（GCP）。
  - 失败托盘互借诊断：未合并（no_target_or_single_plan）。
托盘类型 MH423C（销售订单号：LAID16306DN03S）处理完成：总托盘 1，指数达标 0，未达标 1，平均缺口 0.41，最大缺口 0.41，失败托盘互借修复成功 0。
  - KPI：near/mid/deep=1/0/0，救回率=0.00%，pair效率=0.00%。
  - 耗时拆解：packing=0.05s，main_topup=0.00s，retry=0.00s，failed_pool=0.00s，repack=0.00s，total=0.05s。
正在处理托盘类型：MH423C，销售订单号：LAID16306DN03S__SPLITREST__
  - 该分组不适合列式（多非满柱）→ 回退 beam + 配方优先。
  - 配方优先[fast]：规划 0 实例，实装成功 0，配方路径不可用 → 采用基线方案。
  - 指数诊断：箱子 2 个，总指数 0.0191696，目标 0.7，理论最多达标托盘 0 个，剩余指数 0.0191696。
  - 几何诊断：典型整层堆叠单盘参考上限 0.0191696/0.7。 当前目标可能受托盘高度/箱型组合限制。
  - 几何诊断提示：典型整层参考值 0.0191696 < 目标 0.7；该值不是不可达证明，继续执行指数救援。
  - 失败托盘互借诊断：未合并（no_target_or_single_plan）。
托盘类型 MH423C（销售订单号：LAID16306DN03S__SPLITREST__）处理完成：总托盘 1，指数达标 0，未达标 1，平均缺口 0.68，最大缺口 0.68，失败托盘互借修复成功 0。
  - KPI：near/mid/deep=1/0/0，救回率=0.00%，pair效率=0.00%。
  - 耗时拆解：packing=0.00s，main_topup=0.00s，retry=0.00s，failed_pool=0.00s，repack=0.00s，total=0.01s。
正在处理托盘类型：MH423C，销售订单号：LAID16306DN02S
  - 主算法：全局列式装箱 + 柱级组合优化（GCP）。
  - 失败托盘互借诊断：未合并（no_target_or_single_plan）。
托盘类型 MH423C（销售订单号：LAID16306DN02S）处理完成：总托盘 1，指数达标 0，未达标 1，平均缺口 0.34，最大缺口 0.34，失败托盘互借修复成功 0。
  - KPI：near/mid/deep=1/0/0，救回率=0.00%，pair效率=0.00%。
  - 耗时拆解：packing=0.13s，main_topup=0.00s，retry=0.00s，failed_pool=0.00s，repack=0.00s，total=0.13s。
正在处理托盘类型：MH423C，销售订单号：LAID16306DN02S__SPLITREST__
  - 该分组不适合列式（多非满柱）→ 回退 beam + 配方优先。
  - 配方优先[fast]：规划 0 实例，实装成功 0，配方路径不可用 → 采用基线方案。
  - 指数诊断：箱子 2 个，总指数 0.0191696，目标 0.7，理论最多达标托盘 0 个，剩余指数 0.0191696。
  - 几何诊断：典型整层堆叠单盘参考上限 0.0191696/0.7。 当前目标可能受托盘高度/箱型组合限制。
  - 几何诊断提示：典型整层参考值 0.0191696 < 目标 0.7；该值不是不可达证明，继续执行指数救援。
  - 失败托盘互借诊断：未合并（no_target_or_single_plan）。
托盘类型 MH423C（销售订单号：LAID16306DN02S__SPLITREST__）处理完成：总托盘 1，指数达标 0，未达标 1，平均缺口 0.68，最大缺口 0.68，失败托盘互借修复成功 0。
  - KPI：near/mid/deep=1/0/0，救回率=0.00%，pair效率=0.00%。
  - 耗时拆解：packing=0.00s，main_topup=0.00s，retry=0.00s，failed_pool=0.00s，repack=0.00s，total=0.00s。
正在处理托盘类型：MH423C，销售订单号：PAIN26280MZ06S
  - 主算法：全局列式装箱 + 柱级组合优化（GCP）。
  - 失败托盘互借诊断：未合并（no_target_or_single_plan）。
托盘类型 MH423C（销售订单号：PAIN26280MZ06S）处理完成：总托盘 1，指数达标 0，未达标 1，平均缺口 0.14，最大缺口 0.14，失败托盘互借修复成功 0。
  - KPI：near/mid/deep=1/0/0，救回率=0.00%，pair效率=0.00%。
  - 耗时拆解：packing=0.47s，main_topup=0.00s，retry=0.00s，failed_pool=0.00s，repack=0.00s，total=0.47s。
正在处理托盘类型：MH423C，销售订单号：PAID16306DN01S
  - 主算法：全局列式装箱 + 柱级组合优化（GCP）。
  - 失败托盘互借诊断：未合并（no_target_or_single_plan）。
托盘类型 MH423C（销售订单号：PAID16306DN01S）处理完成：总托盘 1，指数达标 0，未达标 1，平均缺口 0.53，最大缺口 0.53，失败托盘互借修复成功 0。
  - KPI：near/mid/deep=1/0/0，救回率=0.00%，pair效率=0.00%。
  - 耗时拆解：packing=0.16s，main_topup=0.00s，retry=0.00s，failed_pool=0.00s，repack=0.00s，total=0.16s。
正在处理托盘类型：MH423C，销售订单号：PAIN26280BN01S
  - 主算法：全局列式装箱 + 柱级组合优化（GCP）。
  - 失败托盘互借诊断：未合并（no_target_or_single_plan）。
托盘类型 MH423C（销售订单号：PAIN26280BN01S）处理完成：总托盘 1，指数达标 0，未达标 1，平均缺口 0.49，最大缺口 0.49，失败托盘互借修复成功 0。
  - KPI：near/mid/deep=1/0/0，救回率=0.00%，pair效率=0.00%。
  - 耗时拆解：packing=0.10s，main_topup=0.00s，retry=0.00s，failed_pool=0.00s，repack=0.00s，total=0.10s。
正在处理托盘类型：MH423C，销售订单号：PAID16300FN01S
  - 该分组不适合列式（多非满柱）→ 回退 beam + 配方优先。
  - 配方优先[fast]：规划 0 实例，实装成功 0，配方路径不可用 → 采用基线方案。
  - 指数诊断：箱子 1 个，总指数 0.0191696，目标 0.7，理论最多达标托盘 0 个，剩余指数 0.0191696。
  - 几何诊断：典型整层堆叠单盘参考上限 0.0191696/0.7。 当前目标可能受托盘高度/箱型组合限制。
  - 几何诊断提示：典型整层参考值 0.0191696 < 目标 0.7；该值不是不可达证明，继续执行指数救援。
  - 失败托盘互借诊断：未合并（no_target_or_single_plan）。
托盘类型 MH423C（销售订单号：PAID16300FN01S）处理完成：总托盘 1，指数达标 0，未达标 1，平均缺口 0.68，最大缺口 0.68，失败托盘互借修复成功 0。
  - KPI：near/mid/deep=1/0/0，救回率=0.00%，pair效率=0.00%。
  - 耗时拆解：packing=0.00s，main_topup=0.00s，retry=0.00s，failed_pool=0.00s，repack=0.00s，total=0.00s。
正在处理托盘类型：MH423C，销售订单号：PAID16295BD02S
  - 主算法：全局列式装箱 + 柱级组合优化（GCP）。
  - 失败托盘互借诊断：未合并（no_target_or_single_plan）。
托盘类型 MH423C（销售订单号：PAID16295BD02S）处理完成：总托盘 1，指数达标 0，未达标 1，平均缺口 0.53，最大缺口 0.53，失败托盘互借修复成功 0。
  - KPI：near/mid/deep=1/0/0，救回率=0.00%，pair效率=0.00%。
  - 耗时拆解：packing=0.07s，main_topup=0.00s，retry=0.00s，failed_pool=0.00s，repack=0.00s，total=0.07s。
正在处理托盘类型：MH423C，销售订单号：LAID16285EN01S
  - 主算法：全局列式装箱 + 柱级组合优化（GCP）。
  - GCP 盘数远超理论（CP-SAT 装不满）→ 回退 baseline beam + 配方优先。
  - 配方优先[fast]：规划 0 实例，实装成功 0，配方路径不可用 → 采用基线方案。
  - 指数诊断：箱子 4 个，总指数 0.115017，目标 0.7，理论最多达标托盘 0 个，剩余指数 0.115017。
  - 几何诊断：典型整层堆叠单盘参考上限 0.115017/0.7。 当前目标可能受托盘高度/箱型组合限制。
  - 几何诊断提示：典型整层参考值 0.115017 < 目标 0.7；该值不是不可达证明，继续执行指数救援。
  - 失败托盘互借诊断：未合并（no_target_or_single_plan）。
托盘类型 MH423C（销售订单号：LAID16285EN01S）处理完成：总托盘 1，指数达标 0，未达标 1，平均缺口 0.58，最大缺口 0.58，失败托盘互借修复成功 0。
  - KPI：near/mid/deep=1/0/0，救回率=0.00%，pair效率=0.00%。
  - 耗时拆解：packing=0.00s，main_topup=0.00s，retry=0.00s，failed_pool=0.00s，repack=0.00s，total=0.02s。
正在处理托盘类型：MH423C，销售订单号：PAID16305BN01S
  - 该分组不适合列式（多非满柱）→ 回退 beam + 配方优先。
  - 配方优先[fast]：规划 0 实例，实装成功 0，配方路径不可用 → 采用基线方案。
  - 指数诊断：箱子 2 个，总指数 0.0191696，目标 0.7，理论最多达标托盘 0 个，剩余指数 0.0191696。
  - 几何诊断：典型整层堆叠单盘参考上限 0.0191696/0.7。 当前目标可能受托盘高度/箱型组合限制。
  - 几何诊断提示：典型整层参考值 0.0191696 < 目标 0.7；该值不是不可达证明，继续执行指数救援。
  - 失败托盘互借诊断：未合并（no_target_or_single_plan）。
托盘类型 MH423C（销售订单号：PAID16305BN01S）处理完成：总托盘 1，指数达标 0，未达标 1，平均缺口 0.68，最大缺口 0.68，失败托盘互借修复成功 0。
  - KPI：near/mid/deep=1/0/0，救回率=0.00%，pair效率=0.00%。
  - 耗时拆解：packing=0.00s，main_topup=0.00s，retry=0.00s，failed_pool=0.00s，repack=0.00s，total=0.00s。
  - 失败盘装满压实：合并/吸收 1 次（纯减盘数）。
  - 跨子组装满压实（MH423C / LAID16306DN01S）：合并 1 次（纯减盘数）。
  - 失败盘装满压实：合并/吸收 1 次（纯减盘数）。
  - 跨子组装满压实（MH423C / LAID16296DN01S）：合并 1 次（纯减盘数）。
  - 失败盘装满压实：合并/吸收 1 次（纯减盘数）。
  - 跨子组装满压实（MH423C / LAID16296DN02S）：合并 1 次（纯减盘数）。
  - 失败盘装满压实：合并/吸收 1 次（纯减盘数）。
  - 跨子组装满压实（MH423C / PAIN26286EN01S）：合并 1 次（纯减盘数）。
  - 跨子组条件双路径（MH423C / LFEG16290IN03S）：采用严格更优完整路径。
  - 失败盘装满压实：合并/吸收 1 次（纯减盘数）。
  - 跨子组装满压实（MH423C / PAIN26290BN01S）：合并 1 次（纯减盘数）。
  - 失败盘装满压实：合并/吸收 1 次（纯减盘数）。
  - 跨子组装满压实（MH423C / LAID16295EN02S）：合并 1 次（纯减盘数）。
  - 失败盘装满压实：合并/吸收 1 次（纯减盘数）。
  - 跨子组装满压实（MH423C / PAID16295EN06S）：合并 1 次（纯减盘数）。
  - 失败盘装满压实：合并/吸收 1 次（纯减盘数）。
  - 跨子组装满压实（MH423C / LAMY16315FN01S）：合并 1 次（纯减盘数）。
  - 失败盘装满压实：合并/吸收 1 次（纯减盘数）。
  - 跨子组装满压实（MH423C / PAIN26296EC02S）：合并 1 次（纯减盘数）。
  - 跨子组定向换箱（MH423C / LAID16295EN01S__CASEGROUP__1）：救回 1 个达标盘。
  - 失败盘装满压实：合并/吸收 1 次（纯减盘数）。
  - 跨子组装满压实（MH423C / PAIN26290MN02S）：合并 1 次（纯减盘数）。
  - 失败盘装满压实：合并/吸收 1 次（纯减盘数）。
  - 跨子组装满压实（MH423C / LAID16306DN03S）：合并 1 次（纯减盘数）。
  - 失败盘装满压实：合并/吸收 1 次（纯减盘数）。
  - 跨子组装满压实（MH423C / LAID16306DN02S）：合并 1 次（纯减盘数）。
  - 外形规整优化：尝试 6 盘，改善 0 盘。
========================================
统计汇总：总托盘 87，指数达标 6，未达标 81，未知 0，平均缺口 142.43，最大缺口 191.50，失败托盘互借修复成功 1
KPI汇总：near/mid/deep=0/0/81，pair尝试=0，pair改进=0，pair效率=0.00%
耗时汇总：packing=145.71s，main_topup=0.16s，retry=0.00s，repack=36.15s，end_to_end=260.89s
========================================
[WCS-装] SUCCESS 产品码 343 个，SUCCESS 盘 6，FAILED 盘 81。
[WCS-装] 本轮计算结束。
[WCS-装] 本轮方案已保存（success）：C:\Users\18252\Desktop\zhuang\packing-workspace\output\success\packing_plan_20261008_164721.json
[执行规划] 产物目录：C:\Users\18252\Desktop\zhuang\packing-workspace\output\success（success）
[执行规划] 开始：D:\anaconda\envs\packing-zhuang\python.exe C:\Users\18252\Desktop\zhuang\packing-system\run_execution_planning.py C:\Users\18252\Desktop\zhuang\packing-workspace\output\success\packing_plan_20261008_164721.json --config C:\Users\18252\Desktop\zhuang\packing-workspace\runtime\packing-realtime\temp\ui_config_api_20261008_164713.yaml --output C:\Users\18252\Desktop\zhuang\packing-workspace\output\success\packing_plan_20261008_164721_execution.json --wcs-output C:\Users\18252\Desktop\zhuang\packing-workspace\output\success\packing_plan_20261008_164721_execution_wcs.json --wcs-map-output C:\Users\18252\Desktop\zhuang\packing-workspace\output\success\packing_plan_20261008_164721_execution_wcs_map.json
[WCS-DB] wcs_success_box：归档旧未下传记录 48 行。
[WCS-DB] wcs_success_box：替换旧托盘 6 个，删除 321 行，写入 343 行
[WCS-DB] wcs_success_box：本批候选 343 行，本批写入 343 行。
[WCS-DB] wcs_box_orientation：本批候选 343 行，写入影响 343（含已存在跳过）。
[现场码垛] 新计算结果已入库，已清空旧码放队列 7665 条
[现场会话] 新计算结果已入库，当前没有未完成托盘
execution plan written: pallets=87 boxes=2040 reordered_pallets=73 path=C:\Users\18252\Desktop\zhuang\packing-workspace\output\success\packing_plan_20261008_164721_execution.json
WCS execution cases written: C:\Users\18252\Desktop\zhuang\packing-workspace\output\success\packing_plan_20261008_164721_execution_wcs.json
WCS execution plan map written: C:\Users\18252\Desktop\zhuang\packing-workspace\output\success\packing_plan_20261008_164721_execution_wcs_map.json
execution scan deviations pallet='MH423C-LAID16306DN01S-2' count=2: expected='WCS-1671-YZX444-0000' selected='WCS-1004-YZX428-0000' box='WCS-1671-YZX444-0000' after='WCS-1004-YZX428-0000' reason=open_direction lookahead=true; expected='WCS-1670-YZX444-0000' selected='WCS-0251-YZX848-0000' box='WCS-1670-YZX444-0000' after='WCS-0251-YZX848-0000' reason=open_direction lookahead=true
execution scan deviations pallet='MH423C-LAID16296DN01S-1' count=4: expected='WCS-0009-YBB267-0000' selected='WCS-0208-YZX848-0000' box='WCS-0009-YBB267-0000' after='WCS-0208-YZX848-0000' reason=open_direction lookahead=true; expected='WCS-1738-YZX244-0000' selected='WCS-0038-DZX848-0000' box='WCS-1738-YZX244-0000' after='WCS-0038-DZX848-0000' reason=open_direction lookahead=true; expected='WCS-0011-YBB267-0000' selected='WCS-0336-YZX848-0000' box='WCS-0011-YBB267-0000' after='WCS-0336-YZX848-0000' reason=open_direction lookahead=true; expected='WCS-1319-YZX424-0000' selected='WCS-1324-YZX424-0000' box='WCS-1319-YZX424-0000' after='WCS-1324-YZX424-0000' reason=open_direction lookahead=true
execution scan deviations pallet='MH423C-LAID16296DN02S-1' count=7: expected='WCS-1023-DZX448-0000' selected='WCS-0210-YZX848-0000' box='WCS-1023-DZX448-0000' after='WCS-0210-YZX848-0000' reason=open_direction lookahead=true; expected='WCS-0012-YBB267-0000' selected='WCS-0020-ZX848-0000' box='WCS-0012-YBB267-0000' after='WCS-0020-ZX848-0000' reason=open_direction lookahead=true; expected='WCS-0109-DZX448-0000' selected='WCS-0155-YZX848-0000' box='WCS-0109-DZX448-0000' after='WCS-0155-YZX848-0000' reason=open_direction lookahead=true; expected='WCS-0013-YBB267-0000' selected='WCS-0157-YZX848-0000' box='WCS-0013-YBB267-0000' after='WCS-0157-YZX848-0000' reason=open_direction lookahead=true; expected='WCS-1359-DZX424-0000' selected='WCS-0365-YBB225-0000' box='WCS-1359-DZX424-0000' after='WCS-0365-YBB225-0000' reason=open_direction lookahead=true; expected='WCS-1360-DZX424-0000' selected='WCS-1363-DZX424-0000' box='WCS-1360-DZX424-0000' after='WCS-1363-DZX424-0000' reason=open_direction lookahead=true; expected='WCS-0135-YBB106-0000' selected='WCS-0158-YZX848-0000' box='WCS-0135-YBB106-0000' after='WCS-0158-YZX848-0000' reason=open_direction lookahead=true
execution scan deviations pallet='MH423C-LAID16296DN03S-1' count=3: expected='WCS-0042-DZX448-0000' selected='WCS-1103-YZX428-0000' box='WCS-0042-DZX448-0000' after='WCS-1103-YZX428-0000' reason=open_direction lookahead=true; expected='WCS-1021-DZX448-0000' selected='WCS-0016-YBB267-0000' box='WCS-1021-DZX448-0000' after='WCS-0016-YBB267-0000' reason=open_direction lookahead=true; expected='WCS-1022-DZX448-0000' selected='WCS-0014-YBB267-0000' box='WCS-1022-DZX448-0000' after='WCS-0014-YBB267-0000' reason=open_direction lookahead=true
execution scan deviations pallet='MH423C-PAIN26286EN01S-1' count=3: expected='WCS-0045-YZX244-0000' selected='WCS-0093-YZX507-0000' box='WCS-0045-YZX244-0000' after='WCS-0093-YZX507-0000' reason=open_direction lookahead=true; expected='WCS-0098-YZX507-0000' selected='WCS-0338-YZX428-0000' box='WCS-0098-YZX507-0000' after='WCS-0338-YZX428-0000' reason=open_direction lookahead=true; expected='WCS-0046-YZX244-0000' selected='WCS-0094-YZX507-0000' box='WCS-0046-YZX244-0000' after='WCS-0094-YZX507-0000' reason=open_direction lookahead=true
execution scan deviations pallet='MH423C-LFEG16290IN02S-1' count=8: expected='WCS-0693-YBB125-0000' selected='WCS-1680-YZX848-0000' box='WCS-0693-YBB125-0000' after='WCS-1680-YZX848-0000' reason=open_direction lookahead=true; expected='WCS-0694-YBB125-0000' selected='WCS-0982-YZX448-0000' box='WCS-0694-YBB125-0000' after='WCS-0982-YZX448-0000' reason=open_direction lookahead=true; expected='WCS-0690-YBB125-0000' selected='WCS-0563-YZX428-0000' box='WCS-0690-YBB125-0000' after='WCS-0563-YZX428-0000' reason=open_direction lookahead=true; expected='WCS-0695-YBB125-0000' selected='WCS-1121-YZX428-0000' box='WCS-0695-YBB125-0000' after='WCS-1121-YZX428-0000' reason=open_direction lookahead=true; expected='WCS-0692-YBB125-0000' selected='WCS-1116-YZX428-0000' box='WCS-0692-YBB125-0000' after='WCS-1116-YZX428-0000' reason=open_direction lookahead=true; expected='WCS-1113-YZX428-0000' selected='WCS-0728-DZX448-0000' box='WCS-1113-YZX428-0000' after='WCS-0728-DZX448-0000' reason=open_direction lookahead=true; expected='WCS-1674-YZX444-0000' selected='WCS-1124-YZX428-0000' box='WCS-1674-YZX444-0000' after='WCS-1124-YZX428-0000' reason=open_direction lookahead=true; expected='WCS-1068-YZX444-0000' selected='WCS-1069-YZX444-0000' box='WCS-1068-YZX444-0000' after='WCS-1069-YZX444-0000' reason=open_direction lookahead=true
execution scan deviations pallet='MH423C-LAID16295BN02S-1' count=3: expected='WCS-0110-YZX448-0000' selected='WCS-0661-YBB125-0000' box='WCS-0110-YZX448-0000' after='WCS-0661-YBB125-0000' reason=open_direction lookahead=true; expected='WCS-0111-YZX448-0000' selected='WCS-0660-YBB125-0000' box='WCS-0111-YZX448-0000' after='WCS-0660-YBB125-0000' reason=open_direction lookahead=true; expected='WCS-0113-YZX448-0000' selected='WCS-0663-YBB125-0000' box='WCS-0113-YZX448-0000' after='WCS-0663-YBB125-0000' reason=open_direction lookahead=true
execution scan deviations pallet='MH423C-LFEG16290IN03S-1' count=4: expected='WCS-1678-YZX448-0000' selected='WCS-0260-YZX848-0000' box='WCS-1678-YZX448-0000' after='WCS-0260-YZX848-0000' reason=open_direction lookahead=true; expected='WCS-0225-YZX448-0000' selected='WCS-0756-YBB005-0000' box='WCS-0225-YZX448-0000' after='WCS-0756-YBB005-0000' reason=open_direction lookahead=true; expected='WCS-0129-DZX448-0000' selected='WCS-1218-YZX428-0000' box='WCS-0129-DZX448-0000' after='WCS-1218-YZX428-0000' reason=open_direction lookahead=true; expected='WCS-0024-YBB135-0000' selected='WCS-1225-YZX428-0000' box='WCS-0024-YBB135-0000' after='WCS-1225-YZX428-0000' reason=open_direction lookahead=true
execution scan deviations pallet='MH423C-LAMY16295FN01S-1' count=1: expected='WCS-0389-YBB077-0000' selected='WCS-1339-YZX424-0000' box='WCS-0389-YBB077-0000' after='WCS-1339-YZX424-0000' reason=open_direction lookahead=true
execution scan deviations pallet='MH423C-PAIN26290BN01S-1' count=4: expected='WCS-0261-YZX448-0000' selected='WCS-1086-YZX448-0000' box='WCS-0261-YZX448-0000' after='WCS-1086-YZX448-0000' reason=open_direction lookahead=true; expected='WCS-1623-YZX448-0000' selected='WCS-1094-YZX448-0000' box='WCS-1623-YZX448-0000' after='WCS-1094-YZX448-0000' reason=open_direction lookahead=true; expected='WCS-1624-YZX448-0000' selected='WCS-1439-YBB005-0000' box='WCS-1624-YZX448-0000' after='WCS-1439-YBB005-0000' reason=open_direction lookahead=true; expected='WCS-1444-YBB005-0000' selected='WCS-1336-YZX424-0000' box='WCS-1444-YBB005-0000' after='WCS-1336-YZX424-0000' reason=open_direction lookahead=true
execution scan deviations pallet='MH423C-PAIN26290BC02S-1' count=9: expected='WCS-0291-YZX444-0000' selected='WCS-0300-YZX444-0000' box='WCS-0291-YZX444-0000' after='WCS-0300-YZX444-0000' reason=open_direction lookahead=true; expected='WCS-0294-YZX444-0000' selected='WCS-0315-YZX444-0000' box='WCS-0294-YZX444-0000' after='WCS-0315-YZX444-0000' reason=open_direction lookahead=true; expected='WCS-0297-YZX444-0000' selected='WCS-0499-YZX428-0000' box='WCS-0297-YZX444-0000' after='WCS-0499-YZX428-0000' reason=open_direction lookahead=true; expected='WCS-0292-YZX444-0000' selected='WCS-0504-YZX428-0000' box='WCS-0292-YZX444-0000' after='WCS-0504-YZX428-0000' reason=open_direction lookahead=true; expected='WCS-0295-YZX444-0000' selected='WCS-0316-YZX444-0000' box='WCS-0295-YZX444-0000' after='WCS-0316-YZX444-0000' reason=open_direction lookahead=true; expected='WCS-0298-YZX444-0000' selected='WCS-0501-YZX428-0000' box='WCS-0298-YZX444-0000' after='WCS-0501-YZX428-0000' reason=open_direction lookahead=true; expected='WCS-0293-YZX444-0000' selected='WCS-0506-YZX428-0000' box='WCS-0293-YZX444-0000' after='WCS-0506-YZX428-0000' reason=open_direction lookahead=true; expected='WCS-0296-YZX444-0000' selected='WCS-0317-YZX444-0000' box='WCS-0296-YZX444-0000' after='WCS-0317-YZX444-0000' reason=open_direction lookahead=true; ...
execution scan deviations pallet='MH423C-PAIN26290GN01S-1' count=7: expected='WCS-1829-YZX444-0000' selected='WCS-1163-YZX848-0000' box='WCS-1829-YZX444-0000' after='WCS-1163-YZX848-0000' reason=open_direction lookahead=true; expected='WCS-1830-YZX444-0000' selected='WCS-1549-DZX448-0000' box='WCS-1830-YZX444-0000' after='WCS-1549-DZX448-0000' reason=open_direction lookahead=true; expected='WCS-0047-YBB248-0000' selected='WCS-1554-DZX448-0000' box='WCS-0047-YBB248-0000' after='WCS-1554-DZX448-0000' reason=hard_dependency; expected='WCS-1273-YBB096-0000' selected='WCS-1557-DZX448-0000' box='WCS-1273-YBB096-0000' after='WCS-1557-DZX448-0000' reason=open_direction lookahead=true; expected='WCS-0244-YZX424-0000' selected='WCS-1561-DZX448-0000' box='WCS-0244-YZX424-0000' after='WCS-1561-DZX448-0000' reason=open_direction lookahead=true; expected='WCS-1167-YZX428-0000' selected='WCS-1565-DZX448-0000' box='WCS-1167-YZX428-0000' after='WCS-1565-DZX448-0000' reason=open_direction lookahead=true; expected='WCS-0050-YBB106-0000' selected='WCS-0051-YBB106-0000' box='WCS-0050-YBB106-0000' after='WCS-0051-YBB106-0000' reason=open_direction lookahead=true
execution scan deviations pallet='MH423C-LAID16295EN02S-1' count=7: expected='WCS-1687-YZX444-0000' selected='WCS-0152-YZX848-0000' box='WCS-1687-YZX444-0000' after='WCS-0152-YZX848-0000' reason=open_direction lookahead=true; expected='WCS-1688-YZX444-0000' selected='WCS-1277-YZX444-0000' box='WCS-1688-YZX444-0000' after='WCS-1277-YZX444-0000' reason=open_direction lookahead=true; expected='WCS-1275-YZX444-0000' selected='WCS-1406-YZX424-0000' box='WCS-1275-YZX444-0000' after='WCS-1406-YZX424-0000' reason=open_direction lookahead=true; expected='WCS-1276-YZX444-0000' selected='WCS-1410-YZX424-0000' box='WCS-1276-YZX444-0000' after='WCS-1410-YZX424-0000' reason=open_direction lookahead=true; expected='WCS-1416-YZX424-0000' selected='WCS-0566-DZX448-0000' box='WCS-1416-YZX424-0000' after='WCS-0566-DZX448-0000' reason=open_direction lookahead=true; expected='WCS-1413-YZX424-0000' selected='WCS-1423-YZX424-0000' box='WCS-1413-YZX424-0000' after='WCS-1423-YZX424-0000' reason=open_direction lookahead=true; expected='WCS-1426-YZX424-0000' selected='WCS-1421-YZX424-0000' box='WCS-1426-YZX424-0000' after='WCS-1421-YZX424-0000' reason=open_direction lookahead=true
execution scan deviations pallet='MH423C-LAID16295EN02S-2' count=3: expected='WCS-0203-YBB258-0000' selected='WCS-0196-YBB285-0000' box='WCS-0203-YBB258-0000' after='WCS-0196-YBB285-0000' reason=open_direction lookahead=true; expected='WCS-0204-YBB258-0000' selected='WCS-0202-YBB285-0000' box='WCS-0204-YBB258-0000' after='WCS-0202-YBB285-0000' reason=open_direction lookahead=true; expected='WCS-0199-YBB285-0000' selected='WCS-0965-YZX428-0000' box='WCS-0199-YBB285-0000' after='WCS-0965-YZX428-0000' reason=open_direction lookahead=true
execution scan deviations pallet='MH423C-LFEG16290IN01S-1' count=3: expected='WCS-1059-YZX444-0000' selected='WCS-0998-YZX424-0000' box='WCS-1059-YZX444-0000' after='WCS-0998-YZX424-0000' reason=open_direction lookahead=true; expected='WCS-1060-YZX444-0000' selected='WCS-0559-YZX428-0000' box='WCS-1060-YZX444-0000' after='WCS-0559-YZX428-0000' reason=open_direction lookahead=true; expected='WCS-1061-YZX444-0000' selected='WCS-0406-DZX428-0000' box='WCS-1061-YZX444-0000' after='WCS-0406-DZX428-0000' reason=open_direction lookahead=true
execution scan deviations pallet='MH423C-LAID16295EN01S-1' count=1: expected='WCS-1698-YZX444-0000' selected='WCS-0191-YBB285-0000' box='WCS-1698-YZX444-0000' after='WCS-0191-YBB285-0000' reason=open_direction lookahead=true
execution scan deviations pallet='MH423C-LAID16295EN01S-2' count=3: expected='WCS-1405-YZX424-0000' selected='WCS-0193-YBB285-0000' box='WCS-1405-YZX424-0000' after='WCS-0193-YBB285-0000' reason=open_direction lookahead=true; expected='WCS-1887-YZX424-0000' selected='WCS-0967-YZX848-0000' box='WCS-1887-YZX424-0000' after='WCS-0967-YZX848-0000' reason=open_direction lookahead=true; expected='WCS-0704-YZX428-0000' selected='WCS-0705-YZX428-0000' box='WCS-0704-YZX428-0000' after='WCS-0705-YZX428-0000' reason=open_direction lookahead=true
execution scan deviations pallet='MH423C-LAID16295BN01S-1' count=5: expected='WCS-0803-YZX444-0000' selected='WCS-0330-YZX848-0000' box='WCS-0803-YZX444-0000' after='WCS-0330-YZX848-0000' reason=open_direction lookahead=true; expected='WCS-1027-DZX448-0000' selected='WCS-0681-YBB125-0000' box='WCS-1027-DZX448-0000' after='WCS-0681-YBB125-0000' reason=open_direction lookahead=true; expected='WCS-0804-YZX444-0000' selected='WCS-0540-DZX848-0000' box='WCS-0804-YZX444-0000' after='WCS-0540-DZX848-0000' reason=open_direction lookahead=true; expected='WCS-0801-YZX444-0000' selected='WCS-0686-YBB125-0000' box='WCS-0801-YZX444-0000' after='WCS-0686-YBB125-0000' reason=open_direction lookahead=true; expected='WCS-0802-YZX444-0000' selected='WCS-1799-DZX507-0000' box='WCS-0802-YZX444-0000' after='WCS-1799-DZX507-0000' reason=open_direction lookahead=true
execution scan deviations pallet='MH423C-LAID16296DN03S-2' count=3: expected='WCS-0339-DZX444-0000' selected='WCS-0353-DZX428-0000' box='WCS-0339-DZX444-0000' after='WCS-0353-DZX428-0000' reason=open_direction lookahead=true; expected='WCS-0342-DZX444-0000' selected='WCS-0341-DZX444-0000' box='WCS-0342-DZX444-0000' after='WCS-0341-DZX444-0000' reason=open_direction lookahead=true; expected='WCS-0344-DZX444-0000' selected='WCS-0343-DZX444-0000' box='WCS-0344-DZX444-0000' after='WCS-0343-DZX444-0000' reason=open_direction lookahead=true
execution scan deviations pallet='MH423C-LAMY16315FN01S-1' count=2: expected='WCS-0658-YZX444-0000' selected='WCS-0451-YZX424-0000' box='WCS-0658-YZX444-0000' after='WCS-0451-YZX424-0000' reason=open_direction lookahead=true; expected='WCS-0659-YZX444-0000' selected='WCS-0454-YZX424-0000' box='WCS-0659-YZX444-0000' after='WCS-0454-YZX424-0000' reason=open_direction lookahead=true
execution scan deviations pallet='MH423C-LAID16305BN02S-1' count=3: expected='WCS-1581-YZX444-0000' selected='WCS-0468-YZX428-0000' box='WCS-1581-YZX444-0000' after='WCS-0468-YZX428-0000' reason=open_direction lookahead=true; expected='WCS-1586-YZX444-0000' selected='WCS-1594-YZX444-0000' box='WCS-1586-YZX444-0000' after='WCS-1594-YZX444-0000' reason=open_direction lookahead=true; expected='WCS-1590-YZX444-0000' selected='WCS-0465-YZX424-0000' box='WCS-1590-YZX444-0000' after='WCS-0465-YZX424-0000' reason=open_direction lookahead=true
execution scan deviations pallet='MH423C-LAID16305EN01S-2' count=2: expected='WCS-0497-YZX428-0000' selected='WCS-1733-YZX848-0000' box='WCS-0497-YZX428-0000' after='WCS-1733-YZX848-0000' reason=open_direction lookahead=true; expected='WCS-1145-YBB285-0000' selected='WCS-1149-YBB285-0000' box='WCS-1145-YBB285-0000' after='WCS-1149-YBB285-0000' reason=open_direction lookahead=true
execution scan deviations pallet='MH423C-LAID16295EN01S-3' count=2: expected='WCS-0589-DZX424-0000' selected='WCS-0629-DZX448-0000' box='WCS-0589-DZX424-0000' after='WCS-0629-DZX448-0000' reason=hard_dependency; expected='WCS-0590-DZX424-0000' selected='WCS-0636-DZX448-0000' box='WCS-0590-DZX424-0000' after='WCS-0636-DZX448-0000' reason=hard_dependency
execution scan deviations pallet='MH423C-LAID16294AN01S-1' count=1: expected='WCS-1333-YZX424-0000' selected='WCS-1155-YZX848-0000' box='WCS-1333-YZX424-0000' after='WCS-1155-YZX848-0000' reason=open_direction lookahead=true
execution scan deviations pallet='MH423C-PAID16295BN01S-1' count=4: expected='WCS-1029-DZX448-0000' selected='WCS-1847-YZX848-0000' box='WCS-1029-DZX448-0000' after='WCS-1847-YZX848-0000' reason=open_direction lookahead=true; expected='WCS-1838-YZX444-0000' selected='WCS-1853-YZX848-0000' box='WCS-1838-YZX444-0000' after='WCS-1853-YZX848-0000' reason=open_direction lookahead=true; expected='WCS-1019-DZX448-0000' selected='WCS-1827-DZX248-0000' box='WCS-1019-DZX448-0000' after='WCS-1827-DZX248-0000' reason=open_direction lookahead=true; expected='WCS-1840-YZX444-0000' selected='WCS-2023-YZX848-0000' box='WCS-1840-YZX444-0000' after='WCS-2023-YZX848-0000' reason=open_direction lookahead=true
execution scan deviations pallet='MH423C-PAIN26290MN02S-1' count=4: expected='WCS-1737-YZX448-0000' selected='WCS-1175-YZX848-0000' box='WCS-1737-YZX448-0000' after='WCS-1175-YZX848-0000' reason=open_direction lookahead=true; expected='WCS-1811-YZX444-0000' selected='WCS-1176-YZX848-0000' box='WCS-1811-YZX444-0000' after='WCS-1176-YZX848-0000' reason=open_direction lookahead=true; expected='WCS-1809-YZX444-0000' selected='WCS-1893-YZX444-0000' box='WCS-1809-YZX444-0000' after='WCS-1893-YZX444-0000' reason=open_direction lookahead=true; expected='WCS-1810-YZX444-0000' selected='WCS-1435-YZX512-0000' box='WCS-1810-YZX444-0000' after='WCS-1435-YZX512-0000' reason=open_direction lookahead=true
execution scan deviations pallet='MH423C-PAIN26290MZ07S-2' count=2: expected='WCS-1540-YZX444-0000' selected='WCS-1491-YBB016-0000' box='WCS-1540-YZX444-0000' after='WCS-1491-YBB016-0000' reason=open_direction lookahead=true; expected='WCS-1541-YZX444-0000' selected='WCS-1493-YBB016-0000' box='WCS-1541-YZX444-0000' after='WCS-1493-YBB016-0000' reason=open_direction lookahead=true
execution scan deviations pallet='MH423C-LAID16306DN02S-1' count=2: expected='WCS-1449-YZX424-0000' selected='WCS-1400-YZX424-0000' box='WCS-1449-YZX424-0000' after='WCS-1400-YZX424-0000' reason=open_direction lookahead=true; expected='WCS-1387-YZX424-0000' selected='WCS-1404-YZX424-0000' box='WCS-1387-YZX424-0000' after='WCS-1404-YZX424-0000' reason=open_direction lookahead=true
[执行规划] 已删除原方案（仅保留 execution）：packing_plan_20261008_164721.json
[执行规划] 完成；统一使用：C:\Users\18252\Desktop\zhuang\packing-workspace\output\success\packing_plan_20261008_164721_execution.json
[WCS-装] 接口 2 使用执行顺序方案，发送体已保存：C:\Users\18252\Desktop\zhuang\packing-workspace\output\success\wcs_plan_20261008_164721.json（87 个 case）
[WCS-装] 执行顺序方案执行层映射已保存：C:\Users\18252\Desktop\zhuang\packing-workspace\output\success\wcs_plan_map_20261008_164721.json
[WCS-装] 已跳过接口 2 推送（仅本地保存）。
[UI-RESULT] C:\Users\18252\Desktop\zhuang\packing-workspace\output\success\packing_plan_20261008_164721_execution.json
