[LOG] 后端日志文件：C:\Users\18252\Desktop\zhuang\packing-workspace\runtime\packing-realtime\logs\backend_20260904_131921.log
[LOG] 本次结果将输出到：C:\Users\18252\Desktop\zhuang\packing-workspace\runtime\packing-realtime\exports\ui_packing_plan_20260904_131921.json
[CMD] D:\anaconda\envs\packing-zhuang\python.exe C:\Users\18252\Desktop\zhuang\packing-system\packing\run_packing.py --config C:\Users\18252\Desktop\zhuang\packing-workspace\runtime\packing-realtime\temp\ui_config_normal_20260904_131919.yaml --out C:\Users\18252\Desktop\zhuang\packing-workspace\runtime\packing-realtime\exports\ui_packing_plan_20260904_131921.json
已加载约束配置：C:\Users\18252\Desktop\zhuang\packing-workspace\runtime\packing-realtime\temp\ui_config_normal_20260904_131919.yaml
load D:\anaconda\envs\packing-zhuang\Lib\site-packages\ortools\.libs\zlib1.dll...
load D:\anaconda\envs\packing-zhuang\Lib\site-packages\ortools\.libs\abseil_dll.dll...
load D:\anaconda\envs\packing-zhuang\Lib\site-packages\ortools\.libs\utf8_validity.dll...
load D:\anaconda\envs\packing-zhuang\Lib\site-packages\ortools\.libs\re2.dll...
load D:\anaconda\envs\packing-zhuang\Lib\site-packages\ortools\.libs\libprotobuf.dll...
load D:\anaconda\envs\packing-zhuang\Lib\site-packages\ortools\.libs\highs.dll...
load D:\anaconda\envs\packing-zhuang\Lib\site-packages\ortools\.libs\ortools.dll...
已加载配置数据集：C:\Users\18252\Desktop\zhuang\packing-workspace\data\ui_inputs\20260904_131919_selected_5000_boxes_9_1_concentrated_3orders.xlsx
数据预处理和箱子分组完成（按托盘类型+销售订单号）。
----------------------------------------
正在处理托盘类型：MH423C，销售订单号：PAIN25450MN01S
  - 该分组不适合列式（多非满柱）→ 回退 beam + 配方优先。
  - 配方优先[fast]：规划 83 实例，实装成功 75，失败回兜底 8；达标 77，直接采用配方方案（基线未跑，--safe 可审计对比）。
  - 指数诊断：箱子 3040 个，总指数 18184.5，目标 192，理论最多达标托盘 94 个，剩余指数 136.5。
  - 几何诊断：典型整层堆叠单盘参考上限 238/192。
  - 失败托盘互借诊断：未合并（aborted_no_improvement_possible）。
  - 指数再分配诊断：未接受（extraction_below_baseline）。
托盘类型 MH423C（销售订单号：PAIN25450MN01S）处理完成：总托盘 99，指数达标 77，未达标 22，平均缺口 42.07，最大缺口 152.00，失败托盘互借修复成功 0。
  - KPI：near/mid/deep=1/4/17，救回率=0.00%，pair效率=0.00%。
  - 耗时拆解：packing=35.28s，main_topup=2.77s，retry=5.77s，failed_pool=0.85s，repack=75.69s，total=119.59s。
正在处理托盘类型：MH423C，销售订单号：PAIN25450MZ06S
  - 该分组不适合列式（多非满柱）→ 回退 beam + 配方优先。
  - 配方优先[fast]：规划 13 实例，实装成功 13，失败回兜底 0；达标 13，直接采用配方方案（基线未跑，--safe 可审计对比）。
  - 指数诊断：箱子 640 个，总指数 4062，目标 192，理论最多达标托盘 21 个，剩余指数 30。
  - 几何诊断：典型整层堆叠单盘参考上限 192/192。
  - 失败托盘互借诊断：未合并（aborted_no_improvement_possible）。
托盘类型 MH423C（销售订单号：PAIN25450MZ06S）处理完成：总托盘 28，指数达标 13，未达标 15，平均缺口 87.60，最大缺口 150.00，失败托盘互借修复成功 0。
  - KPI：near/mid/deep=0/0/15，救回率=0.00%，pair效率=0.00%。
  - 耗时拆解：packing=2.49s，main_topup=0.05s，retry=0.00s，failed_pool=0.34s，repack=22.41s，total=24.96s。
正在处理托盘类型：MH423C，销售订单号：PAIN25460MN01S
  - 该分组不适合列式（多非满柱）→ 回退 beam + 配方优先。
  - 配方优先[fast]：规划 48 实例，实装成功 47，失败回兜底 1；达标 48，直接采用配方方案（基线未跑，--safe 可审计对比）。
  - 指数诊断：箱子 1320 个，总指数 9771，目标 192，理论最多达标托盘 50 个，剩余指数 171。
  - 几何诊断：典型整层堆叠单盘参考上限 192/192。
  - 失败托盘互借诊断：未合并（aborted_no_improvement_possible）。
  - 指数再分配诊断：未接受（no_planned_gain）。
托盘类型 MH423C（销售订单号：PAIN25460MN01S）处理完成：总托盘 52，指数达标 48，未达标 4，平均缺口 53.50，最大缺口 114.00，失败托盘互借修复成功 0。
  - KPI：near/mid/deep=0/2/2，救回率=0.00%，pair效率=0.00%。
  - 耗时拆解：packing=5.04s，main_topup=0.01s，retry=0.00s，failed_pool=3.49s，repack=9.79s，total=14.86s。
========================================
统计汇总：总托盘 179，指数达标 138，未达标 41，未知 0，平均缺口 59.84，最大缺口 152.00，失败托盘互借修复成功 0
KPI汇总：near/mid/deep=1/6/34，pair尝试=0，pair改进=0，pair效率=0.00%
耗时汇总：packing=42.82s，main_topup=2.83s，retry=5.77s，repack=107.89s，end_to_end=165.14s
========================================
========================================
[success] 装箱方案：C:\Users\18252\Desktop\zhuang\packing-workspace\output\success\packing_plan_20260904_132207.json
[success] 托盘统计：C:\Users\18252\Desktop\zhuang\packing-workspace\output\success\packing_plan_summary_20260904_132207.xlsx
========================================
算法总运行时间：165.14 秒
========================================
方案另存为: C:\Users\18252\Desktop\zhuang\packing-workspace\runtime\packing-realtime\exports\ui_packing_plan_20260904_131921.json
[执行规划] 产物目录：C:\Users\18252\Desktop\zhuang\packing-workspace\output\success（success）
[执行规划] 开始：D:\anaconda\envs\packing-zhuang\python.exe C:\Users\18252\Desktop\zhuang\packing-system\run_execution_planning.py C:\Users\18252\Desktop\zhuang\packing-workspace\runtime\packing-realtime\exports\ui_packing_plan_20260904_131921.json --config C:\Users\18252\Desktop\zhuang\packing-workspace\runtime\packing-realtime\temp\ui_config_normal_20260904_131919.yaml --output C:\Users\18252\Desktop\zhuang\packing-workspace\output\success\ui_packing_plan_20260904_131921_execution.json --wcs-output C:\Users\18252\Desktop\zhuang\packing-workspace\output\success\ui_packing_plan_20260904_131921_execution_wcs.json --wcs-map-output C:\Users\18252\Desktop\zhuang\packing-workspace\output\success\ui_packing_plan_20260904_131921_execution_wcs_map.json
[WCS-DB] wcs_success_box 写入失败（不影响装箱结果）：(2003, "Can't connect to MySQL server on 'localhost' ([WinError 10061] 由于目标计算机积极拒绝，无法连接。)")
[WCS-DB] wcs_box_orientation 写入失败（不影响装箱结果）：(2003, "Can't connect to MySQL server on 'localhost' ([WinError 10061] 由于目标计算机积极拒绝，无法连接。)")
[现场会话] 新计算结果已入库，当前没有未完成托盘
execution plan written: pallets=179 boxes=5000 reordered_pallets=178 path=C:\Users\18252\Desktop\zhuang\packing-workspace\output\success\ui_packing_plan_20260904_131921_execution.json
WCS execution cases written: C:\Users\18252\Desktop\zhuang\packing-workspace\output\success\ui_packing_plan_20260904_131921_execution_wcs.json
WCS execution plan map written: C:\Users\18252\Desktop\zhuang\packing-workspace\output\success\ui_packing_plan_20260904_131921_execution_wcs_map.json
execution scan deviations pallet='MH423C-PAIN25450MN01S-74' count=2: expected=1135 selected=826 box=1135 after=826 reason=open_direction lookahead=true; expected=1401 selected=305 box=1401 after=305 reason=open_direction lookahead=true
execution scan deviations pallet='MH423C-PAIN25450MN01S-77' count=5: expected=1043 selected=1469 box=1043 after=1469 reason=open_direction lookahead=true; expected=110 selected=950 box=110 after=950 reason=open_direction lookahead=true; expected=1108 selected=3919 box=1108 after=3919 reason=open_direction lookahead=true; expected=1266 selected=967 box=1266 after=967 reason=hard_dependency; expected=1266 selected=2940 box=1266 after=2940 reason=open_direction lookahead=true
execution scan deviations pallet='MH423C-PAIN25450MN01S-80' count=2: expected=408 selected=1824 box=408 after=1824 reason=open_direction lookahead=true; expected=532 selected=2200 box=532 after=2200 reason=open_direction lookahead=true
execution scan deviations pallet='MH423C-PAIN25450MN01S-81' count=1: expected=4770 selected=3222 box=4770 after=3222 reason=open_direction lookahead=true
execution scan deviations pallet='MH423C-PAIN25450MN01S-82' count=3: expected=2965 selected=1925 box=2965 after=1925 reason=open_direction lookahead=true; expected=3070 selected=1606 box=3070 after=1606 reason=open_direction lookahead=true; expected=3246 selected=1368 box=3246 after=1368 reason=open_direction lookahead=true
execution scan deviations pallet='MH423C-PAIN25450MN01S-83' count=3: expected=3316 selected=3720 box=3316 after=3720 reason=open_direction lookahead=true; expected=3441 selected=2920 box=3441 after=2920 reason=open_direction lookahead=true; expected=3569 selected=4167 box=3569 after=4167 reason=open_direction lookahead=true
execution scan deviations pallet='MH423C-PAIN25450MN01S-85' count=2: expected=1371 selected=751 box=1371 after=751 reason=open_direction lookahead=true; expected=1570 selected=2938 box=1570 after=2938 reason=open_direction lookahead=true
execution scan deviations pallet='MH423C-PAIN25450MN01S-86' count=2: expected=1373 selected=975 box=1373 after=975 reason=open_direction lookahead=true; expected=1405 selected=3022 box=1405 after=3022 reason=open_direction lookahead=true
execution scan deviations pallet='MH423C-PAIN25450MN01S-87' count=5: expected=1104 selected=2390 box=1104 after=2390 reason=open_direction lookahead=true; expected=1711 selected=2889 box=1711 after=2889 reason=open_direction lookahead=true; expected=3348 selected=1787 box=3348 after=1787 reason=open_direction lookahead=true; expected=1483 selected=2910 box=1483 after=2910 reason=open_direction lookahead=true; expected=2150 selected=4083 box=2150 after=4083 reason=open_direction lookahead=true
execution scan deviations pallet='MH423C-PAIN25450MN01S-88' count=3: expected=4750 selected=423 box=4750 after=423 reason=hard_dependency; expected=4381 selected=4248 box=4381 after=4248 reason=hard_dependency; expected=4973 selected=491 box=4973 after=491 reason=open_direction lookahead=true
execution scan deviations pallet='MH423C-PAIN25450MN01S-89' count=1: expected=1760 selected=1823 box=1760 after=1823 reason=open_direction lookahead=true
execution scan deviations pallet='MH423C-PAIN25450MN01S-90' count=1: expected=228 selected=297 box=228 after=297 reason=open_direction lookahead=true
execution scan deviations pallet='MH423C-PAIN25450MN01S-91' count=1: expected=2782 selected=514 box=2782 after=514 reason=open_direction lookahead=true
execution scan deviations pallet='MH423C-PAIN25450MN01S-92' count=1: expected=3071 selected=4900 box=3071 after=4900 reason=open_direction lookahead=true
execution scan deviations pallet='MH423C-PAIN25450MN01S-93' count=4: expected=350 selected=2105 box=350 after=2105 reason=open_direction lookahead=true; expected=3545 selected=3544 box=3545 after=3544 reason=open_direction lookahead=true; expected=3563 selected=747 box=3563 after=747 reason=open_direction lookahead=true; expected=3757 selected=5 box=3757 after=5 reason=open_direction lookahead=true
execution scan deviations pallet='MH423C-PAIN25450MN01S-95' count=3: expected=1962 selected=1921 box=1962 after=1921 reason=open_direction lookahead=true; expected=4190 selected=4182 box=4190 after=4182 reason=open_direction lookahead=true; expected=2577 selected=3114 box=2577 after=3114 reason=open_direction lookahead=true
execution scan deviations pallet='MH423C-PAIN25450MN01S-96' count=5: expected=478 selected=2958 box=478 after=2958 reason=open_direction lookahead=true; expected=4893 selected=1863 box=4893 after=1863 reason=open_direction lookahead=true; expected=643 selected=2180 box=643 after=2180 reason=open_direction lookahead=true; expected=960 selected=2972 box=960 after=2972 reason=open_direction lookahead=true; expected=723 selected=3191 box=723 after=3191 reason=open_direction lookahead=true
execution scan deviations pallet='MH423C-PAIN25450MN01S-98' count=6: expected=832 selected=3838 box=832 after=3838 reason=open_direction lookahead=true; expected=1932 selected=961 box=1932 after=961 reason=open_direction lookahead=true; expected=3040 selected=741 box=3040 after=741 reason=open_direction lookahead=true; expected=1087 selected=4800 box=1087 after=4800 reason=open_direction lookahead=true; expected=2632 selected=413 box=2632 after=413 reason=open_direction lookahead=true; expected=4241 selected=3906 box=4241 after=3906 reason=open_direction lookahead=true
execution scan deviations pallet='MH423C-PAIN25450MN01S-99' count=1: expected=3599 selected=3521 box=3599 after=3521 reason=open_direction lookahead=true
execution scan deviations pallet='MH423C-PAIN25450MZ06S-23' count=3: expected=1174 selected=1267 box=1174 after=1267 reason=hard_dependency; expected=1216 selected=2425 box=1216 after=2425 reason=hard_dependency; expected=1034 selected=1911 box=1034 after=1911 reason=open_direction lookahead=true
execution scan deviations pallet='MH423C-PAIN25450MZ06S-24' count=3: expected=4172 selected=4688 box=4172 after=4688 reason=hard_dependency; expected=441 selected=586 box=441 after=586 reason=hard_dependency; expected=1162 selected=67 box=1162 after=67 reason=open_direction lookahead=true
[现场码垛] 清空旧队列失败：(2003, "Can't connect to MySQL server on 'localhost' ([WinError 10061] 由于目标计算机积极拒绝，无法连接。)")
[执行规划] 已删除原方案（仅保留 execution）：ui_packing_plan_20260904_131921.json
[执行规划] 完成；统一使用：C:\Users\18252\Desktop\zhuang\packing-workspace\output\success\ui_packing_plan_20260904_131921_execution.json
[UI] 可视化将加载执行方案：C:\Users\18252\Desktop\zhuang\packing-workspace\output\success\ui_packing_plan_20260904_131921_execution.json
