[LOG] 后端日志文件：C:\Users\18252\Desktop\zhuang\packing-workspace\runtime\packing-realtime\logs\backend_20261008_113609.log
[LOG] 接口模式：读取所选历史接口 JSON，写入数据库并计算一次。
[CMD] D:\anaconda\envs\packing-zhuang\python.exe C:\Users\18252\Desktop\zhuang\packing-system\packing\run_wcs_service.py --config C:\Users\18252\Desktop\zhuang\packing-workspace\runtime\packing-realtime\temp\ui_config_api_20261008_113608.yaml --run-mode local-once --input-json C:\Users\18252\Desktop\zhuang\packing-workspace\input\raw\20260720_093129.json
[WCS] 已加载 BMS 参考表：C:\Users\18252\Desktop\zhuang\packing-workspace\data\selected_5000_boxes_9_1_concentrated_3orders.xlsx
Traceback (most recent call last):
  File "D:\anaconda\envs\packing-zhuang\Lib\site-packages\pymysql\connections.py", line 613, in connect
    sock = socket.create_connection(
           ^^^^^^^^^^^^^^^^^^^^^^^^^
  File "D:\anaconda\envs\packing-zhuang\Lib\socket.py", line 863, in create_connection
    raise exceptions[0]
  File "D:\anaconda\envs\packing-zhuang\Lib\socket.py", line 848, in create_connection
    sock.connect(sa)
ConnectionRefusedError: [WinError 10061] 由于目标计算机积极拒绝，无法连接。
During handling of the above exception, another exception occurred:
Traceback (most recent call last):
  File "C:\Users\18252\Desktop\zhuang\packing-system\packing\run_wcs_service.py", line 81, in <module>
    raise SystemExit(main())
                     ^^^^^^
  File "C:\Users\18252\Desktop\zhuang\packing-system\packing\run_wcs_service.py", line 64, in main
    return 0 if service.run_local_once(Path(input_json)) else 1
                ^^^^^^^^^^^^^^^^^^^^^^^^^^^^^^^^^^^^^^^^
  File "C:\Users\18252\Desktop\zhuang\packing-system\packing\src\service\wcs_service.py", line 803, in run_local_once
    self._repo.sync_stock_entries(kept)
  File "C:\Users\18252\Desktop\zhuang\packing-system\packing\src\service\stock_db.py", line 221, in sync_stock_entries
    old_codes = self.load_product_code_set()
                ^^^^^^^^^^^^^^^^^^^^^^^^^^^^
  File "C:\Users\18252\Desktop\zhuang\packing-system\packing\src\service\stock_db.py", line 194, in load_product_code_set
    return self._all_product_codes(self.TABLE)
           ^^^^^^^^^^^^^^^^^^^^^^^^^^^^^^^^^^^
  File "C:\Users\18252\Desktop\zhuang\packing-system\packing\src\service\stock_db.py", line 183, in _all_product_codes
    with self._cursor() as (_conn, cur):
  File "D:\anaconda\envs\packing-zhuang\Lib\contextlib.py", line 137, in __enter__
    return next(self.gen)
           ^^^^^^^^^^^^^^
  File "C:\Users\18252\Desktop\zhuang\packing-system\packing\src\service\stock_db.py", line 152, in _cursor
    conn = self._connect()
           ^^^^^^^^^^^^^^^
  File "C:\Users\18252\Desktop\zhuang\packing-system\packing\src\service\stock_db.py", line 139, in _connect
    return pymysql.connect(
           ^^^^^^^^^^^^^^^^
  File "D:\anaconda\envs\packing-zhuang\Lib\site-packages\pymysql\connections.py", line 353, in __init__
    self.connect()
  File "D:\anaconda\envs\packing-zhuang\Lib\site-packages\pymysql\connections.py", line 664, in connect
    raise exc
pymysql.err.OperationalError: (2003, "Can't connect to MySQL server on 'localhost' ([WinError 10061] 由于目标计算机积极拒绝，无法连接。)")
